 
****************************************
Report : area
Design : is_core_top_4x4
Version: O-2018.06-SP1
Date   : Mon Apr 20 20:28:49 2026
****************************************

Library(s) Used:

    slow (File: /home/ic_libs/TSMC.90/aci/sc-x/synopsys/slow.db)

Number of ports:                         6492
Number of nets:                         27889
Number of cells:                        17902
Number of combinational cells:          15326
Number of sequential cells:              2511
Number of macros/black boxes:               0
Number of buf/inv:                       1630
Number of references:                       1

Combinational area:             174039.064967
Buf/Inv area:                     4807.958511
Noncombinational area:           38952.648538
Macro/Black Box area:                0.000000
Net Interconnect area:      undefined  (No wire load specified)

Total cell area:                212991.713504
Total area:                 undefined
1
