Warning: Design 'is_core_top_4x4' has '1' unresolved references. For more detailed information, use the "link" command. (UID-341)
 
****************************************
check_design summary:
Version:     O-2018.06-SP1
Date:        Mon Apr 20 23:35:08 2026
****************************************

                   Name                                            Total
--------------------------------------------------------------------------------
Inputs/Outputs                                                     24
    Multiply driven inputs (LINT-6)                                24

Cells                                                             140
    Connected to power or ground (LINT-32)                        132
    Nets connected to multiple pins on same cell (LINT-33)          8

Nets                                                               72
    Unloaded nets (LINT-2)                                         72

Tristate                                                          140
    A tristate bus has a non tri-state driver (LINT-34)           140
--------------------------------------------------------------------------------

Warning: In design 'is_core_top_4x4', net 'u_is_array/partial_ready_mesh[0]' driven by pin 'u_is_array/gen_row[0].gen_col[0].pe_inst/partial_in_ready' has no loads. (LINT-2)
Warning: In design 'is_core_top_4x4', net 'u_is_array/partial_ready_mesh[1]' driven by pin 'u_is_array/gen_row[0].gen_col[1].pe_inst/partial_in_ready' has no loads. (LINT-2)
Warning: In design 'is_core_top_4x4', net 'u_is_array/partial_ready_mesh[2]' driven by pin 'u_is_array/gen_row[0].gen_col[2].pe_inst/partial_in_ready' has no loads. (LINT-2)
Warning: In design 'is_core_top_4x4', net 'u_is_array/partial_ready_mesh[3]' driven by pin 'u_is_array/gen_row[0].gen_col[3].pe_inst/partial_in_ready' has no loads. (LINT-2)
Warning: In design 'is_core_top_4x4', net 'u_is_array/weight_out_valid_mesh[3]' driven by pin 'u_is_array/gen_row[0].gen_col[3].pe_inst/weight_out_valid' has no loads. (LINT-2)
Warning: In design 'is_core_top_4x4', net 'u_is_array/weight_out_valid_mesh[7]' driven by pin 'u_is_array/gen_row[1].gen_col[3].pe_inst/weight_out_valid' has no loads. (LINT-2)
Warning: In design 'is_core_top_4x4', net 'u_is_array/weight_out_valid_mesh[11]' driven by pin 'u_is_array/gen_row[2].gen_col[3].pe_inst/weight_out_valid' has no loads. (LINT-2)
Warning: In design 'is_core_top_4x4', net 'u_is_array/weight_out_valid_mesh[15]' driven by pin 'u_is_array/gen_row[3].gen_col[3].pe_inst/weight_out_valid' has no loads. (LINT-2)
Warning: In design 'is_core_top_4x4', net 'u_is_array/weight_out_mesh[48]' driven by pin 'u_is_array/gen_row[0].gen_col[3].pe_inst/weight_out[0]' has no loads. (LINT-2)
Warning: In design 'is_core_top_4x4', net 'u_is_array/weight_out_mesh[49]' driven by pin 'u_is_array/gen_row[0].gen_col[3].pe_inst/weight_out[1]' has no loads. (LINT-2)
Warning: In design 'is_core_top_4x4', net 'u_is_array/weight_out_mesh[50]' driven by pin 'u_is_array/gen_row[0].gen_col[3].pe_inst/weight_out[2]' has no loads. (LINT-2)
Warning: In design 'is_core_top_4x4', net 'u_is_array/weight_out_mesh[51]' driven by pin 'u_is_array/gen_row[0].gen_col[3].pe_inst/weight_out[3]' has no loads. (LINT-2)
Warning: In design 'is_core_top_4x4', net 'u_is_array/weight_out_mesh[52]' driven by pin 'u_is_array/gen_row[0].gen_col[3].pe_inst/weight_out[4]' has no loads. (LINT-2)
Warning: In design 'is_core_top_4x4', net 'u_is_array/weight_out_mesh[53]' driven by pin 'u_is_array/gen_row[0].gen_col[3].pe_inst/weight_out[5]' has no loads. (LINT-2)
Warning: In design 'is_core_top_4x4', net 'u_is_array/weight_out_mesh[54]' driven by pin 'u_is_array/gen_row[0].gen_col[3].pe_inst/weight_out[6]' has no loads. (LINT-2)
Warning: In design 'is_core_top_4x4', net 'u_is_array/weight_out_mesh[55]' driven by pin 'u_is_array/gen_row[0].gen_col[3].pe_inst/weight_out[7]' has no loads. (LINT-2)
Warning: In design 'is_core_top_4x4', net 'u_is_array/weight_out_mesh[56]' driven by pin 'u_is_array/gen_row[0].gen_col[3].pe_inst/weight_out[8]' has no loads. (LINT-2)
Warning: In design 'is_core_top_4x4', net 'u_is_array/weight_out_mesh[57]' driven by pin 'u_is_array/gen_row[0].gen_col[3].pe_inst/weight_out[9]' has no loads. (LINT-2)
Warning: In design 'is_core_top_4x4', net 'u_is_array/weight_out_mesh[58]' driven by pin 'u_is_array/gen_row[0].gen_col[3].pe_inst/weight_out[10]' has no loads. (LINT-2)
Warning: In design 'is_core_top_4x4', net 'u_is_array/weight_out_mesh[59]' driven by pin 'u_is_array/gen_row[0].gen_col[3].pe_inst/weight_out[11]' has no loads. (LINT-2)
Warning: In design 'is_core_top_4x4', net 'u_is_array/weight_out_mesh[60]' driven by pin 'u_is_array/gen_row[0].gen_col[3].pe_inst/weight_out[12]' has no loads. (LINT-2)
Warning: In design 'is_core_top_4x4', net 'u_is_array/weight_out_mesh[61]' driven by pin 'u_is_array/gen_row[0].gen_col[3].pe_inst/weight_out[13]' has no loads. (LINT-2)
Warning: In design 'is_core_top_4x4', net 'u_is_array/weight_out_mesh[62]' driven by pin 'u_is_array/gen_row[0].gen_col[3].pe_inst/weight_out[14]' has no loads. (LINT-2)
Warning: In design 'is_core_top_4x4', net 'u_is_array/weight_out_mesh[63]' driven by pin 'u_is_array/gen_row[0].gen_col[3].pe_inst/weight_out[15]' has no loads. (LINT-2)
Warning: In design 'is_core_top_4x4', net 'u_is_array/weight_out_mesh[112]' driven by pin 'u_is_array/gen_row[1].gen_col[3].pe_inst/weight_out[0]' has no loads. (LINT-2)
Warning: In design 'is_core_top_4x4', net 'u_is_array/weight_out_mesh[113]' driven by pin 'u_is_array/gen_row[1].gen_col[3].pe_inst/weight_out[1]' has no loads. (LINT-2)
Warning: In design 'is_core_top_4x4', net 'u_is_array/weight_out_mesh[114]' driven by pin 'u_is_array/gen_row[1].gen_col[3].pe_inst/weight_out[2]' has no loads. (LINT-2)
Warning: In design 'is_core_top_4x4', net 'u_is_array/weight_out_mesh[115]' driven by pin 'u_is_array/gen_row[1].gen_col[3].pe_inst/weight_out[3]' has no loads. (LINT-2)
Warning: In design 'is_core_top_4x4', net 'u_is_array/weight_out_mesh[116]' driven by pin 'u_is_array/gen_row[1].gen_col[3].pe_inst/weight_out[4]' has no loads. (LINT-2)
Warning: In design 'is_core_top_4x4', net 'u_is_array/weight_out_mesh[117]' driven by pin 'u_is_array/gen_row[1].gen_col[3].pe_inst/weight_out[5]' has no loads. (LINT-2)
Warning: In design 'is_core_top_4x4', net 'u_is_array/weight_out_mesh[118]' driven by pin 'u_is_array/gen_row[1].gen_col[3].pe_inst/weight_out[6]' has no loads. (LINT-2)
Warning: In design 'is_core_top_4x4', net 'u_is_array/weight_out_mesh[119]' driven by pin 'u_is_array/gen_row[1].gen_col[3].pe_inst/weight_out[7]' has no loads. (LINT-2)
Warning: In design 'is_core_top_4x4', net 'u_is_array/weight_out_mesh[120]' driven by pin 'u_is_array/gen_row[1].gen_col[3].pe_inst/weight_out[8]' has no loads. (LINT-2)
Warning: In design 'is_core_top_4x4', net 'u_is_array/weight_out_mesh[121]' driven by pin 'u_is_array/gen_row[1].gen_col[3].pe_inst/weight_out[9]' has no loads. (LINT-2)
Warning: In design 'is_core_top_4x4', net 'u_is_array/weight_out_mesh[122]' driven by pin 'u_is_array/gen_row[1].gen_col[3].pe_inst/weight_out[10]' has no loads. (LINT-2)
Warning: In design 'is_core_top_4x4', net 'u_is_array/weight_out_mesh[123]' driven by pin 'u_is_array/gen_row[1].gen_col[3].pe_inst/weight_out[11]' has no loads. (LINT-2)
Warning: In design 'is_core_top_4x4', net 'u_is_array/weight_out_mesh[124]' driven by pin 'u_is_array/gen_row[1].gen_col[3].pe_inst/weight_out[12]' has no loads. (LINT-2)
Warning: In design 'is_core_top_4x4', net 'u_is_array/weight_out_mesh[125]' driven by pin 'u_is_array/gen_row[1].gen_col[3].pe_inst/weight_out[13]' has no loads. (LINT-2)
Warning: In design 'is_core_top_4x4', net 'u_is_array/weight_out_mesh[126]' driven by pin 'u_is_array/gen_row[1].gen_col[3].pe_inst/weight_out[14]' has no loads. (LINT-2)
Warning: In design 'is_core_top_4x4', net 'u_is_array/weight_out_mesh[127]' driven by pin 'u_is_array/gen_row[1].gen_col[3].pe_inst/weight_out[15]' has no loads. (LINT-2)
Warning: In design 'is_core_top_4x4', net 'u_is_array/weight_out_mesh[176]' driven by pin 'u_is_array/gen_row[2].gen_col[3].pe_inst/weight_out[0]' has no loads. (LINT-2)
Warning: In design 'is_core_top_4x4', net 'u_is_array/weight_out_mesh[177]' driven by pin 'u_is_array/gen_row[2].gen_col[3].pe_inst/weight_out[1]' has no loads. (LINT-2)
Warning: In design 'is_core_top_4x4', net 'u_is_array/weight_out_mesh[178]' driven by pin 'u_is_array/gen_row[2].gen_col[3].pe_inst/weight_out[2]' has no loads. (LINT-2)
Warning: In design 'is_core_top_4x4', net 'u_is_array/weight_out_mesh[179]' driven by pin 'u_is_array/gen_row[2].gen_col[3].pe_inst/weight_out[3]' has no loads. (LINT-2)
Warning: In design 'is_core_top_4x4', net 'u_is_array/weight_out_mesh[180]' driven by pin 'u_is_array/gen_row[2].gen_col[3].pe_inst/weight_out[4]' has no loads. (LINT-2)
Warning: In design 'is_core_top_4x4', net 'u_is_array/weight_out_mesh[181]' driven by pin 'u_is_array/gen_row[2].gen_col[3].pe_inst/weight_out[5]' has no loads. (LINT-2)
Warning: In design 'is_core_top_4x4', net 'u_is_array/weight_out_mesh[182]' driven by pin 'u_is_array/gen_row[2].gen_col[3].pe_inst/weight_out[6]' has no loads. (LINT-2)
Warning: In design 'is_core_top_4x4', net 'u_is_array/weight_out_mesh[183]' driven by pin 'u_is_array/gen_row[2].gen_col[3].pe_inst/weight_out[7]' has no loads. (LINT-2)
Warning: In design 'is_core_top_4x4', net 'u_is_array/weight_out_mesh[184]' driven by pin 'u_is_array/gen_row[2].gen_col[3].pe_inst/weight_out[8]' has no loads. (LINT-2)
Warning: In design 'is_core_top_4x4', net 'u_is_array/weight_out_mesh[185]' driven by pin 'u_is_array/gen_row[2].gen_col[3].pe_inst/weight_out[9]' has no loads. (LINT-2)
Warning: In design 'is_core_top_4x4', net 'u_is_array/weight_out_mesh[186]' driven by pin 'u_is_array/gen_row[2].gen_col[3].pe_inst/weight_out[10]' has no loads. (LINT-2)
Warning: In design 'is_core_top_4x4', net 'u_is_array/weight_out_mesh[187]' driven by pin 'u_is_array/gen_row[2].gen_col[3].pe_inst/weight_out[11]' has no loads. (LINT-2)
Warning: In design 'is_core_top_4x4', net 'u_is_array/weight_out_mesh[188]' driven by pin 'u_is_array/gen_row[2].gen_col[3].pe_inst/weight_out[12]' has no loads. (LINT-2)
Warning: In design 'is_core_top_4x4', net 'u_is_array/weight_out_mesh[189]' driven by pin 'u_is_array/gen_row[2].gen_col[3].pe_inst/weight_out[13]' has no loads. (LINT-2)
Warning: In design 'is_core_top_4x4', net 'u_is_array/weight_out_mesh[190]' driven by pin 'u_is_array/gen_row[2].gen_col[3].pe_inst/weight_out[14]' has no loads. (LINT-2)
Warning: In design 'is_core_top_4x4', net 'u_is_array/weight_out_mesh[191]' driven by pin 'u_is_array/gen_row[2].gen_col[3].pe_inst/weight_out[15]' has no loads. (LINT-2)
Warning: In design 'is_core_top_4x4', net 'u_is_array/weight_out_mesh[240]' driven by pin 'u_is_array/gen_row[3].gen_col[3].pe_inst/weight_out[0]' has no loads. (LINT-2)
Warning: In design 'is_core_top_4x4', net 'u_is_array/weight_out_mesh[241]' driven by pin 'u_is_array/gen_row[3].gen_col[3].pe_inst/weight_out[1]' has no loads. (LINT-2)
Warning: In design 'is_core_top_4x4', net 'u_is_array/weight_out_mesh[242]' driven by pin 'u_is_array/gen_row[3].gen_col[3].pe_inst/weight_out[2]' has no loads. (LINT-2)
Warning: In design 'is_core_top_4x4', net 'u_is_array/weight_out_mesh[243]' driven by pin 'u_is_array/gen_row[3].gen_col[3].pe_inst/weight_out[3]' has no loads. (LINT-2)
Warning: In design 'is_core_top_4x4', net 'u_is_array/weight_out_mesh[244]' driven by pin 'u_is_array/gen_row[3].gen_col[3].pe_inst/weight_out[4]' has no loads. (LINT-2)
Warning: In design 'is_core_top_4x4', net 'u_is_array/weight_out_mesh[245]' driven by pin 'u_is_array/gen_row[3].gen_col[3].pe_inst/weight_out[5]' has no loads. (LINT-2)
Warning: In design 'is_core_top_4x4', net 'u_is_array/weight_out_mesh[246]' driven by pin 'u_is_array/gen_row[3].gen_col[3].pe_inst/weight_out[6]' has no loads. (LINT-2)
Warning: In design 'is_core_top_4x4', net 'u_is_array/weight_out_mesh[247]' driven by pin 'u_is_array/gen_row[3].gen_col[3].pe_inst/weight_out[7]' has no loads. (LINT-2)
Warning: In design 'is_core_top_4x4', net 'u_is_array/weight_out_mesh[248]' driven by pin 'u_is_array/gen_row[3].gen_col[3].pe_inst/weight_out[8]' has no loads. (LINT-2)
Warning: In design 'is_core_top_4x4', net 'u_is_array/weight_out_mesh[249]' driven by pin 'u_is_array/gen_row[3].gen_col[3].pe_inst/weight_out[9]' has no loads. (LINT-2)
Warning: In design 'is_core_top_4x4', net 'u_is_array/weight_out_mesh[250]' driven by pin 'u_is_array/gen_row[3].gen_col[3].pe_inst/weight_out[10]' has no loads. (LINT-2)
Warning: In design 'is_core_top_4x4', net 'u_is_array/weight_out_mesh[251]' driven by pin 'u_is_array/gen_row[3].gen_col[3].pe_inst/weight_out[11]' has no loads. (LINT-2)
Warning: In design 'is_core_top_4x4', net 'u_is_array/weight_out_mesh[252]' driven by pin 'u_is_array/gen_row[3].gen_col[3].pe_inst/weight_out[12]' has no loads. (LINT-2)
Warning: In design 'is_core_top_4x4', net 'u_is_array/weight_out_mesh[253]' driven by pin 'u_is_array/gen_row[3].gen_col[3].pe_inst/weight_out[13]' has no loads. (LINT-2)
Warning: In design 'is_core_top_4x4', net 'u_is_array/weight_out_mesh[254]' driven by pin 'u_is_array/gen_row[3].gen_col[3].pe_inst/weight_out[14]' has no loads. (LINT-2)
Warning: In design 'is_core_top_4x4', net 'u_is_array/weight_out_mesh[255]' driven by pin 'u_is_array/gen_row[3].gen_col[3].pe_inst/weight_out[15]' has no loads. (LINT-2)
Warning: In design 'systolic_array_is_4x4_DATA_WIDTH16_WEIGHT_WIDTH16_ACC_WIDTH32_ARRAY_SIZE4', input port 'clk' drives wired logic; the port direction may have been specified incorrectly. (LINT-6)
Warning: In design 'systolic_array_is_4x4_DATA_WIDTH16_WEIGHT_WIDTH16_ACC_WIDTH32_ARRAY_SIZE4', input port 'rst_n' drives wired logic; the port direction may have been specified incorrectly. (LINT-6)
Warning: In design 'systolic_array_is_4x4_DATA_WIDTH16_WEIGHT_WIDTH16_ACC_WIDTH32_ARRAY_SIZE4', input port 'weight_in[15]' drives wired logic; the port direction may have been specified incorrectly. (LINT-6)
Warning: In design 'systolic_array_is_4x4_DATA_WIDTH16_WEIGHT_WIDTH16_ACC_WIDTH32_ARRAY_SIZE4', input port 'weight_in[14]' drives wired logic; the port direction may have been specified incorrectly. (LINT-6)
Warning: In design 'systolic_array_is_4x4_DATA_WIDTH16_WEIGHT_WIDTH16_ACC_WIDTH32_ARRAY_SIZE4', input port 'weight_in[13]' drives wired logic; the port direction may have been specified incorrectly. (LINT-6)
Warning: In design 'systolic_array_is_4x4_DATA_WIDTH16_WEIGHT_WIDTH16_ACC_WIDTH32_ARRAY_SIZE4', input port 'weight_in[12]' drives wired logic; the port direction may have been specified incorrectly. (LINT-6)
Warning: In design 'systolic_array_is_4x4_DATA_WIDTH16_WEIGHT_WIDTH16_ACC_WIDTH32_ARRAY_SIZE4', input port 'weight_in[11]' drives wired logic; the port direction may have been specified incorrectly. (LINT-6)
Warning: In design 'systolic_array_is_4x4_DATA_WIDTH16_WEIGHT_WIDTH16_ACC_WIDTH32_ARRAY_SIZE4', input port 'weight_in[10]' drives wired logic; the port direction may have been specified incorrectly. (LINT-6)
Warning: In design 'systolic_array_is_4x4_DATA_WIDTH16_WEIGHT_WIDTH16_ACC_WIDTH32_ARRAY_SIZE4', input port 'weight_in[9]' drives wired logic; the port direction may have been specified incorrectly. (LINT-6)
Warning: In design 'systolic_array_is_4x4_DATA_WIDTH16_WEIGHT_WIDTH16_ACC_WIDTH32_ARRAY_SIZE4', input port 'weight_in[8]' drives wired logic; the port direction may have been specified incorrectly. (LINT-6)
Warning: In design 'systolic_array_is_4x4_DATA_WIDTH16_WEIGHT_WIDTH16_ACC_WIDTH32_ARRAY_SIZE4', input port 'weight_in[7]' drives wired logic; the port direction may have been specified incorrectly. (LINT-6)
Warning: In design 'systolic_array_is_4x4_DATA_WIDTH16_WEIGHT_WIDTH16_ACC_WIDTH32_ARRAY_SIZE4', input port 'weight_in[6]' drives wired logic; the port direction may have been specified incorrectly. (LINT-6)
Warning: In design 'systolic_array_is_4x4_DATA_WIDTH16_WEIGHT_WIDTH16_ACC_WIDTH32_ARRAY_SIZE4', input port 'weight_in[5]' drives wired logic; the port direction may have been specified incorrectly. (LINT-6)
Warning: In design 'systolic_array_is_4x4_DATA_WIDTH16_WEIGHT_WIDTH16_ACC_WIDTH32_ARRAY_SIZE4', input port 'weight_in[4]' drives wired logic; the port direction may have been specified incorrectly. (LINT-6)
Warning: In design 'systolic_array_is_4x4_DATA_WIDTH16_WEIGHT_WIDTH16_ACC_WIDTH32_ARRAY_SIZE4', input port 'weight_in[3]' drives wired logic; the port direction may have been specified incorrectly. (LINT-6)
Warning: In design 'systolic_array_is_4x4_DATA_WIDTH16_WEIGHT_WIDTH16_ACC_WIDTH32_ARRAY_SIZE4', input port 'weight_in[2]' drives wired logic; the port direction may have been specified incorrectly. (LINT-6)
Warning: In design 'systolic_array_is_4x4_DATA_WIDTH16_WEIGHT_WIDTH16_ACC_WIDTH32_ARRAY_SIZE4', input port 'weight_in[1]' drives wired logic; the port direction may have been specified incorrectly. (LINT-6)
Warning: In design 'systolic_array_is_4x4_DATA_WIDTH16_WEIGHT_WIDTH16_ACC_WIDTH32_ARRAY_SIZE4', input port 'weight_in[0]' drives wired logic; the port direction may have been specified incorrectly. (LINT-6)
Warning: In design 'systolic_array_is_4x4_DATA_WIDTH16_WEIGHT_WIDTH16_ACC_WIDTH32_ARRAY_SIZE4', input port 'output_ready[3]' drives wired logic; the port direction may have been specified incorrectly. (LINT-6)
Warning: In design 'systolic_array_is_4x4_DATA_WIDTH16_WEIGHT_WIDTH16_ACC_WIDTH32_ARRAY_SIZE4', input port 'output_ready[2]' drives wired logic; the port direction may have been specified incorrectly. (LINT-6)
Warning: In design 'systolic_array_is_4x4_DATA_WIDTH16_WEIGHT_WIDTH16_ACC_WIDTH32_ARRAY_SIZE4', input port 'output_ready[1]' drives wired logic; the port direction may have been specified incorrectly. (LINT-6)
Warning: In design 'systolic_array_is_4x4_DATA_WIDTH16_WEIGHT_WIDTH16_ACC_WIDTH32_ARRAY_SIZE4', input port 'output_ready[0]' drives wired logic; the port direction may have been specified incorrectly. (LINT-6)
Warning: In design 'systolic_array_is_4x4_DATA_WIDTH16_WEIGHT_WIDTH16_ACC_WIDTH32_ARRAY_SIZE4', input port 'flush' drives wired logic; the port direction may have been specified incorrectly. (LINT-6)
Warning: In design 'systolic_array_is_4x4_DATA_WIDTH16_WEIGHT_WIDTH16_ACC_WIDTH32_ARRAY_SIZE4', input port 'clk_enable' drives wired logic; the port direction may have been specified incorrectly. (LINT-6)
Warning: In design 'systolic_array_is_4x4_DATA_WIDTH16_WEIGHT_WIDTH16_ACC_WIDTH32_ARRAY_SIZE4', a pin on submodule 'gen_row[0].gen_col[0].pe_inst' is connected to logic 1 or logic 0. (LINT-32)
   Pin 'partial_in[31]' is connected to logic 0. 
Warning: In design 'systolic_array_is_4x4_DATA_WIDTH16_WEIGHT_WIDTH16_ACC_WIDTH32_ARRAY_SIZE4', a pin on submodule 'gen_row[0].gen_col[0].pe_inst' is connected to logic 1 or logic 0. (LINT-32)
   Pin 'partial_in[30]' is connected to logic 0. 
Warning: In design 'systolic_array_is_4x4_DATA_WIDTH16_WEIGHT_WIDTH16_ACC_WIDTH32_ARRAY_SIZE4', a pin on submodule 'gen_row[0].gen_col[0].pe_inst' is connected to logic 1 or logic 0. (LINT-32)
   Pin 'partial_in[29]' is connected to logic 0. 
Warning: In design 'systolic_array_is_4x4_DATA_WIDTH16_WEIGHT_WIDTH16_ACC_WIDTH32_ARRAY_SIZE4', a pin on submodule 'gen_row[0].gen_col[0].pe_inst' is connected to logic 1 or logic 0. (LINT-32)
   Pin 'partial_in[28]' is connected to logic 0. 
Warning: In design 'systolic_array_is_4x4_DATA_WIDTH16_WEIGHT_WIDTH16_ACC_WIDTH32_ARRAY_SIZE4', a pin on submodule 'gen_row[0].gen_col[0].pe_inst' is connected to logic 1 or logic 0. (LINT-32)
   Pin 'partial_in[27]' is connected to logic 0. 
Warning: In design 'systolic_array_is_4x4_DATA_WIDTH16_WEIGHT_WIDTH16_ACC_WIDTH32_ARRAY_SIZE4', a pin on submodule 'gen_row[0].gen_col[0].pe_inst' is connected to logic 1 or logic 0. (LINT-32)
   Pin 'partial_in[26]' is connected to logic 0. 
Warning: In design 'systolic_array_is_4x4_DATA_WIDTH16_WEIGHT_WIDTH16_ACC_WIDTH32_ARRAY_SIZE4', a pin on submodule 'gen_row[0].gen_col[0].pe_inst' is connected to logic 1 or logic 0. (LINT-32)
   Pin 'partial_in[25]' is connected to logic 0. 
Warning: In design 'systolic_array_is_4x4_DATA_WIDTH16_WEIGHT_WIDTH16_ACC_WIDTH32_ARRAY_SIZE4', a pin on submodule 'gen_row[0].gen_col[0].pe_inst' is connected to logic 1 or logic 0. (LINT-32)
   Pin 'partial_in[24]' is connected to logic 0. 
Warning: In design 'systolic_array_is_4x4_DATA_WIDTH16_WEIGHT_WIDTH16_ACC_WIDTH32_ARRAY_SIZE4', a pin on submodule 'gen_row[0].gen_col[0].pe_inst' is connected to logic 1 or logic 0. (LINT-32)
   Pin 'partial_in[23]' is connected to logic 0. 
Warning: In design 'systolic_array_is_4x4_DATA_WIDTH16_WEIGHT_WIDTH16_ACC_WIDTH32_ARRAY_SIZE4', a pin on submodule 'gen_row[0].gen_col[0].pe_inst' is connected to logic 1 or logic 0. (LINT-32)
   Pin 'partial_in[22]' is connected to logic 0. 
Warning: In design 'systolic_array_is_4x4_DATA_WIDTH16_WEIGHT_WIDTH16_ACC_WIDTH32_ARRAY_SIZE4', a pin on submodule 'gen_row[0].gen_col[0].pe_inst' is connected to logic 1 or logic 0. (LINT-32)
   Pin 'partial_in[21]' is connected to logic 0. 
Warning: In design 'systolic_array_is_4x4_DATA_WIDTH16_WEIGHT_WIDTH16_ACC_WIDTH32_ARRAY_SIZE4', a pin on submodule 'gen_row[0].gen_col[0].pe_inst' is connected to logic 1 or logic 0. (LINT-32)
   Pin 'partial_in[20]' is connected to logic 0. 
Warning: In design 'systolic_array_is_4x4_DATA_WIDTH16_WEIGHT_WIDTH16_ACC_WIDTH32_ARRAY_SIZE4', a pin on submodule 'gen_row[0].gen_col[0].pe_inst' is connected to logic 1 or logic 0. (LINT-32)
   Pin 'partial_in[19]' is connected to logic 0. 
Warning: In design 'systolic_array_is_4x4_DATA_WIDTH16_WEIGHT_WIDTH16_ACC_WIDTH32_ARRAY_SIZE4', a pin on submodule 'gen_row[0].gen_col[0].pe_inst' is connected to logic 1 or logic 0. (LINT-32)
   Pin 'partial_in[18]' is connected to logic 0. 
Warning: In design 'systolic_array_is_4x4_DATA_WIDTH16_WEIGHT_WIDTH16_ACC_WIDTH32_ARRAY_SIZE4', a pin on submodule 'gen_row[0].gen_col[0].pe_inst' is connected to logic 1 or logic 0. (LINT-32)
   Pin 'partial_in[17]' is connected to logic 0. 
Warning: In design 'systolic_array_is_4x4_DATA_WIDTH16_WEIGHT_WIDTH16_ACC_WIDTH32_ARRAY_SIZE4', a pin on submodule 'gen_row[0].gen_col[0].pe_inst' is connected to logic 1 or logic 0. (LINT-32)
   Pin 'partial_in[16]' is connected to logic 0. 
Warning: In design 'systolic_array_is_4x4_DATA_WIDTH16_WEIGHT_WIDTH16_ACC_WIDTH32_ARRAY_SIZE4', a pin on submodule 'gen_row[0].gen_col[0].pe_inst' is connected to logic 1 or logic 0. (LINT-32)
   Pin 'partial_in[15]' is connected to logic 0. 
Warning: In design 'systolic_array_is_4x4_DATA_WIDTH16_WEIGHT_WIDTH16_ACC_WIDTH32_ARRAY_SIZE4', a pin on submodule 'gen_row[0].gen_col[0].pe_inst' is connected to logic 1 or logic 0. (LINT-32)
   Pin 'partial_in[14]' is connected to logic 0. 
Warning: In design 'systolic_array_is_4x4_DATA_WIDTH16_WEIGHT_WIDTH16_ACC_WIDTH32_ARRAY_SIZE4', a pin on submodule 'gen_row[0].gen_col[0].pe_inst' is connected to logic 1 or logic 0. (LINT-32)
   Pin 'partial_in[13]' is connected to logic 0. 
Warning: In design 'systolic_array_is_4x4_DATA_WIDTH16_WEIGHT_WIDTH16_ACC_WIDTH32_ARRAY_SIZE4', a pin on submodule 'gen_row[0].gen_col[0].pe_inst' is connected to logic 1 or logic 0. (LINT-32)
   Pin 'partial_in[12]' is connected to logic 0. 
Warning: In design 'systolic_array_is_4x4_DATA_WIDTH16_WEIGHT_WIDTH16_ACC_WIDTH32_ARRAY_SIZE4', a pin on submodule 'gen_row[0].gen_col[0].pe_inst' is connected to logic 1 or logic 0. (LINT-32)
   Pin 'partial_in[11]' is connected to logic 0. 
Warning: In design 'systolic_array_is_4x4_DATA_WIDTH16_WEIGHT_WIDTH16_ACC_WIDTH32_ARRAY_SIZE4', a pin on submodule 'gen_row[0].gen_col[0].pe_inst' is connected to logic 1 or logic 0. (LINT-32)
   Pin 'partial_in[10]' is connected to logic 0. 
Warning: In design 'systolic_array_is_4x4_DATA_WIDTH16_WEIGHT_WIDTH16_ACC_WIDTH32_ARRAY_SIZE4', a pin on submodule 'gen_row[0].gen_col[0].pe_inst' is connected to logic 1 or logic 0. (LINT-32)
   Pin 'partial_in[9]' is connected to logic 0. 
Warning: In design 'systolic_array_is_4x4_DATA_WIDTH16_WEIGHT_WIDTH16_ACC_WIDTH32_ARRAY_SIZE4', a pin on submodule 'gen_row[0].gen_col[0].pe_inst' is connected to logic 1 or logic 0. (LINT-32)
   Pin 'partial_in[8]' is connected to logic 0. 
Warning: In design 'systolic_array_is_4x4_DATA_WIDTH16_WEIGHT_WIDTH16_ACC_WIDTH32_ARRAY_SIZE4', a pin on submodule 'gen_row[0].gen_col[0].pe_inst' is connected to logic 1 or logic 0. (LINT-32)
   Pin 'partial_in[7]' is connected to logic 0. 
Warning: In design 'systolic_array_is_4x4_DATA_WIDTH16_WEIGHT_WIDTH16_ACC_WIDTH32_ARRAY_SIZE4', a pin on submodule 'gen_row[0].gen_col[0].pe_inst' is connected to logic 1 or logic 0. (LINT-32)
   Pin 'partial_in[6]' is connected to logic 0. 
Warning: In design 'systolic_array_is_4x4_DATA_WIDTH16_WEIGHT_WIDTH16_ACC_WIDTH32_ARRAY_SIZE4', a pin on submodule 'gen_row[0].gen_col[0].pe_inst' is connected to logic 1 or logic 0. (LINT-32)
   Pin 'partial_in[5]' is connected to logic 0. 
Warning: In design 'systolic_array_is_4x4_DATA_WIDTH16_WEIGHT_WIDTH16_ACC_WIDTH32_ARRAY_SIZE4', a pin on submodule 'gen_row[0].gen_col[0].pe_inst' is connected to logic 1 or logic 0. (LINT-32)
   Pin 'partial_in[4]' is connected to logic 0. 
Warning: In design 'systolic_array_is_4x4_DATA_WIDTH16_WEIGHT_WIDTH16_ACC_WIDTH32_ARRAY_SIZE4', a pin on submodule 'gen_row[0].gen_col[0].pe_inst' is connected to logic 1 or logic 0. (LINT-32)
   Pin 'partial_in[3]' is connected to logic 0. 
Warning: In design 'systolic_array_is_4x4_DATA_WIDTH16_WEIGHT_WIDTH16_ACC_WIDTH32_ARRAY_SIZE4', a pin on submodule 'gen_row[0].gen_col[0].pe_inst' is connected to logic 1 or logic 0. (LINT-32)
   Pin 'partial_in[2]' is connected to logic 0. 
Warning: In design 'systolic_array_is_4x4_DATA_WIDTH16_WEIGHT_WIDTH16_ACC_WIDTH32_ARRAY_SIZE4', a pin on submodule 'gen_row[0].gen_col[0].pe_inst' is connected to logic 1 or logic 0. (LINT-32)
   Pin 'partial_in[1]' is connected to logic 0. 
Warning: In design 'systolic_array_is_4x4_DATA_WIDTH16_WEIGHT_WIDTH16_ACC_WIDTH32_ARRAY_SIZE4', a pin on submodule 'gen_row[0].gen_col[0].pe_inst' is connected to logic 1 or logic 0. (LINT-32)
   Pin 'partial_in[0]' is connected to logic 0. 
Warning: In design 'systolic_array_is_4x4_DATA_WIDTH16_WEIGHT_WIDTH16_ACC_WIDTH32_ARRAY_SIZE4', a pin on submodule 'gen_row[0].gen_col[1].pe_inst' is connected to logic 1 or logic 0. (LINT-32)
   Pin 'partial_in[31]' is connected to logic 0. 
Warning: In design 'systolic_array_is_4x4_DATA_WIDTH16_WEIGHT_WIDTH16_ACC_WIDTH32_ARRAY_SIZE4', a pin on submodule 'gen_row[0].gen_col[1].pe_inst' is connected to logic 1 or logic 0. (LINT-32)
   Pin 'partial_in[30]' is connected to logic 0. 
Warning: In design 'systolic_array_is_4x4_DATA_WIDTH16_WEIGHT_WIDTH16_ACC_WIDTH32_ARRAY_SIZE4', a pin on submodule 'gen_row[0].gen_col[1].pe_inst' is connected to logic 1 or logic 0. (LINT-32)
   Pin 'partial_in[29]' is connected to logic 0. 
Warning: In design 'systolic_array_is_4x4_DATA_WIDTH16_WEIGHT_WIDTH16_ACC_WIDTH32_ARRAY_SIZE4', a pin on submodule 'gen_row[0].gen_col[1].pe_inst' is connected to logic 1 or logic 0. (LINT-32)
   Pin 'partial_in[28]' is connected to logic 0. 
Warning: In design 'systolic_array_is_4x4_DATA_WIDTH16_WEIGHT_WIDTH16_ACC_WIDTH32_ARRAY_SIZE4', a pin on submodule 'gen_row[0].gen_col[1].pe_inst' is connected to logic 1 or logic 0. (LINT-32)
   Pin 'partial_in[27]' is connected to logic 0. 
Warning: In design 'systolic_array_is_4x4_DATA_WIDTH16_WEIGHT_WIDTH16_ACC_WIDTH32_ARRAY_SIZE4', a pin on submodule 'gen_row[0].gen_col[1].pe_inst' is connected to logic 1 or logic 0. (LINT-32)
   Pin 'partial_in[26]' is connected to logic 0. 
Warning: In design 'systolic_array_is_4x4_DATA_WIDTH16_WEIGHT_WIDTH16_ACC_WIDTH32_ARRAY_SIZE4', a pin on submodule 'gen_row[0].gen_col[1].pe_inst' is connected to logic 1 or logic 0. (LINT-32)
   Pin 'partial_in[25]' is connected to logic 0. 
Warning: In design 'systolic_array_is_4x4_DATA_WIDTH16_WEIGHT_WIDTH16_ACC_WIDTH32_ARRAY_SIZE4', a pin on submodule 'gen_row[0].gen_col[1].pe_inst' is connected to logic 1 or logic 0. (LINT-32)
   Pin 'partial_in[24]' is connected to logic 0. 
Warning: In design 'systolic_array_is_4x4_DATA_WIDTH16_WEIGHT_WIDTH16_ACC_WIDTH32_ARRAY_SIZE4', a pin on submodule 'gen_row[0].gen_col[1].pe_inst' is connected to logic 1 or logic 0. (LINT-32)
   Pin 'partial_in[23]' is connected to logic 0. 
Warning: In design 'systolic_array_is_4x4_DATA_WIDTH16_WEIGHT_WIDTH16_ACC_WIDTH32_ARRAY_SIZE4', a pin on submodule 'gen_row[0].gen_col[1].pe_inst' is connected to logic 1 or logic 0. (LINT-32)
   Pin 'partial_in[22]' is connected to logic 0. 
Warning: In design 'systolic_array_is_4x4_DATA_WIDTH16_WEIGHT_WIDTH16_ACC_WIDTH32_ARRAY_SIZE4', a pin on submodule 'gen_row[0].gen_col[1].pe_inst' is connected to logic 1 or logic 0. (LINT-32)
   Pin 'partial_in[21]' is connected to logic 0. 
Warning: In design 'systolic_array_is_4x4_DATA_WIDTH16_WEIGHT_WIDTH16_ACC_WIDTH32_ARRAY_SIZE4', a pin on submodule 'gen_row[0].gen_col[1].pe_inst' is connected to logic 1 or logic 0. (LINT-32)
   Pin 'partial_in[20]' is connected to logic 0. 
Warning: In design 'systolic_array_is_4x4_DATA_WIDTH16_WEIGHT_WIDTH16_ACC_WIDTH32_ARRAY_SIZE4', a pin on submodule 'gen_row[0].gen_col[1].pe_inst' is connected to logic 1 or logic 0. (LINT-32)
   Pin 'partial_in[19]' is connected to logic 0. 
Warning: In design 'systolic_array_is_4x4_DATA_WIDTH16_WEIGHT_WIDTH16_ACC_WIDTH32_ARRAY_SIZE4', a pin on submodule 'gen_row[0].gen_col[1].pe_inst' is connected to logic 1 or logic 0. (LINT-32)
   Pin 'partial_in[18]' is connected to logic 0. 
Warning: In design 'systolic_array_is_4x4_DATA_WIDTH16_WEIGHT_WIDTH16_ACC_WIDTH32_ARRAY_SIZE4', a pin on submodule 'gen_row[0].gen_col[1].pe_inst' is connected to logic 1 or logic 0. (LINT-32)
   Pin 'partial_in[17]' is connected to logic 0. 
Warning: In design 'systolic_array_is_4x4_DATA_WIDTH16_WEIGHT_WIDTH16_ACC_WIDTH32_ARRAY_SIZE4', a pin on submodule 'gen_row[0].gen_col[1].pe_inst' is connected to logic 1 or logic 0. (LINT-32)
   Pin 'partial_in[16]' is connected to logic 0. 
Warning: In design 'systolic_array_is_4x4_DATA_WIDTH16_WEIGHT_WIDTH16_ACC_WIDTH32_ARRAY_SIZE4', a pin on submodule 'gen_row[0].gen_col[1].pe_inst' is connected to logic 1 or logic 0. (LINT-32)
   Pin 'partial_in[15]' is connected to logic 0. 
Warning: In design 'systolic_array_is_4x4_DATA_WIDTH16_WEIGHT_WIDTH16_ACC_WIDTH32_ARRAY_SIZE4', a pin on submodule 'gen_row[0].gen_col[1].pe_inst' is connected to logic 1 or logic 0. (LINT-32)
   Pin 'partial_in[14]' is connected to logic 0. 
Warning: In design 'systolic_array_is_4x4_DATA_WIDTH16_WEIGHT_WIDTH16_ACC_WIDTH32_ARRAY_SIZE4', a pin on submodule 'gen_row[0].gen_col[1].pe_inst' is connected to logic 1 or logic 0. (LINT-32)
   Pin 'partial_in[13]' is connected to logic 0. 
Warning: In design 'systolic_array_is_4x4_DATA_WIDTH16_WEIGHT_WIDTH16_ACC_WIDTH32_ARRAY_SIZE4', a pin on submodule 'gen_row[0].gen_col[1].pe_inst' is connected to logic 1 or logic 0. (LINT-32)
   Pin 'partial_in[12]' is connected to logic 0. 
Warning: In design 'systolic_array_is_4x4_DATA_WIDTH16_WEIGHT_WIDTH16_ACC_WIDTH32_ARRAY_SIZE4', a pin on submodule 'gen_row[0].gen_col[1].pe_inst' is connected to logic 1 or logic 0. (LINT-32)
   Pin 'partial_in[11]' is connected to logic 0. 
Warning: In design 'systolic_array_is_4x4_DATA_WIDTH16_WEIGHT_WIDTH16_ACC_WIDTH32_ARRAY_SIZE4', a pin on submodule 'gen_row[0].gen_col[1].pe_inst' is connected to logic 1 or logic 0. (LINT-32)
   Pin 'partial_in[10]' is connected to logic 0. 
Warning: In design 'systolic_array_is_4x4_DATA_WIDTH16_WEIGHT_WIDTH16_ACC_WIDTH32_ARRAY_SIZE4', a pin on submodule 'gen_row[0].gen_col[1].pe_inst' is connected to logic 1 or logic 0. (LINT-32)
   Pin 'partial_in[9]' is connected to logic 0. 
Warning: In design 'systolic_array_is_4x4_DATA_WIDTH16_WEIGHT_WIDTH16_ACC_WIDTH32_ARRAY_SIZE4', a pin on submodule 'gen_row[0].gen_col[1].pe_inst' is connected to logic 1 or logic 0. (LINT-32)
   Pin 'partial_in[8]' is connected to logic 0. 
Warning: In design 'systolic_array_is_4x4_DATA_WIDTH16_WEIGHT_WIDTH16_ACC_WIDTH32_ARRAY_SIZE4', a pin on submodule 'gen_row[0].gen_col[1].pe_inst' is connected to logic 1 or logic 0. (LINT-32)
   Pin 'partial_in[7]' is connected to logic 0. 
Warning: In design 'systolic_array_is_4x4_DATA_WIDTH16_WEIGHT_WIDTH16_ACC_WIDTH32_ARRAY_SIZE4', a pin on submodule 'gen_row[0].gen_col[1].pe_inst' is connected to logic 1 or logic 0. (LINT-32)
   Pin 'partial_in[6]' is connected to logic 0. 
Warning: In design 'systolic_array_is_4x4_DATA_WIDTH16_WEIGHT_WIDTH16_ACC_WIDTH32_ARRAY_SIZE4', a pin on submodule 'gen_row[0].gen_col[1].pe_inst' is connected to logic 1 or logic 0. (LINT-32)
   Pin 'partial_in[5]' is connected to logic 0. 
Warning: In design 'systolic_array_is_4x4_DATA_WIDTH16_WEIGHT_WIDTH16_ACC_WIDTH32_ARRAY_SIZE4', a pin on submodule 'gen_row[0].gen_col[1].pe_inst' is connected to logic 1 or logic 0. (LINT-32)
   Pin 'partial_in[4]' is connected to logic 0. 
Warning: In design 'systolic_array_is_4x4_DATA_WIDTH16_WEIGHT_WIDTH16_ACC_WIDTH32_ARRAY_SIZE4', a pin on submodule 'gen_row[0].gen_col[1].pe_inst' is connected to logic 1 or logic 0. (LINT-32)
   Pin 'partial_in[3]' is connected to logic 0. 
Warning: In design 'systolic_array_is_4x4_DATA_WIDTH16_WEIGHT_WIDTH16_ACC_WIDTH32_ARRAY_SIZE4', a pin on submodule 'gen_row[0].gen_col[1].pe_inst' is connected to logic 1 or logic 0. (LINT-32)
   Pin 'partial_in[2]' is connected to logic 0. 
Warning: In design 'systolic_array_is_4x4_DATA_WIDTH16_WEIGHT_WIDTH16_ACC_WIDTH32_ARRAY_SIZE4', a pin on submodule 'gen_row[0].gen_col[1].pe_inst' is connected to logic 1 or logic 0. (LINT-32)
   Pin 'partial_in[1]' is connected to logic 0. 
Warning: In design 'systolic_array_is_4x4_DATA_WIDTH16_WEIGHT_WIDTH16_ACC_WIDTH32_ARRAY_SIZE4', a pin on submodule 'gen_row[0].gen_col[1].pe_inst' is connected to logic 1 or logic 0. (LINT-32)
   Pin 'partial_in[0]' is connected to logic 0. 
Warning: In design 'systolic_array_is_4x4_DATA_WIDTH16_WEIGHT_WIDTH16_ACC_WIDTH32_ARRAY_SIZE4', a pin on submodule 'gen_row[0].gen_col[2].pe_inst' is connected to logic 1 or logic 0. (LINT-32)
   Pin 'partial_in[31]' is connected to logic 0. 
Warning: In design 'systolic_array_is_4x4_DATA_WIDTH16_WEIGHT_WIDTH16_ACC_WIDTH32_ARRAY_SIZE4', a pin on submodule 'gen_row[0].gen_col[2].pe_inst' is connected to logic 1 or logic 0. (LINT-32)
   Pin 'partial_in[30]' is connected to logic 0. 
Warning: In design 'systolic_array_is_4x4_DATA_WIDTH16_WEIGHT_WIDTH16_ACC_WIDTH32_ARRAY_SIZE4', a pin on submodule 'gen_row[0].gen_col[2].pe_inst' is connected to logic 1 or logic 0. (LINT-32)
   Pin 'partial_in[29]' is connected to logic 0. 
Warning: In design 'systolic_array_is_4x4_DATA_WIDTH16_WEIGHT_WIDTH16_ACC_WIDTH32_ARRAY_SIZE4', a pin on submodule 'gen_row[0].gen_col[2].pe_inst' is connected to logic 1 or logic 0. (LINT-32)
   Pin 'partial_in[28]' is connected to logic 0. 
Warning: In design 'systolic_array_is_4x4_DATA_WIDTH16_WEIGHT_WIDTH16_ACC_WIDTH32_ARRAY_SIZE4', a pin on submodule 'gen_row[0].gen_col[2].pe_inst' is connected to logic 1 or logic 0. (LINT-32)
   Pin 'partial_in[27]' is connected to logic 0. 
Warning: In design 'systolic_array_is_4x4_DATA_WIDTH16_WEIGHT_WIDTH16_ACC_WIDTH32_ARRAY_SIZE4', a pin on submodule 'gen_row[0].gen_col[2].pe_inst' is connected to logic 1 or logic 0. (LINT-32)
   Pin 'partial_in[26]' is connected to logic 0. 
Warning: In design 'systolic_array_is_4x4_DATA_WIDTH16_WEIGHT_WIDTH16_ACC_WIDTH32_ARRAY_SIZE4', a pin on submodule 'gen_row[0].gen_col[2].pe_inst' is connected to logic 1 or logic 0. (LINT-32)
   Pin 'partial_in[25]' is connected to logic 0. 
Warning: In design 'systolic_array_is_4x4_DATA_WIDTH16_WEIGHT_WIDTH16_ACC_WIDTH32_ARRAY_SIZE4', a pin on submodule 'gen_row[0].gen_col[2].pe_inst' is connected to logic 1 or logic 0. (LINT-32)
   Pin 'partial_in[24]' is connected to logic 0. 
Warning: In design 'systolic_array_is_4x4_DATA_WIDTH16_WEIGHT_WIDTH16_ACC_WIDTH32_ARRAY_SIZE4', a pin on submodule 'gen_row[0].gen_col[2].pe_inst' is connected to logic 1 or logic 0. (LINT-32)
   Pin 'partial_in[23]' is connected to logic 0. 
Warning: In design 'systolic_array_is_4x4_DATA_WIDTH16_WEIGHT_WIDTH16_ACC_WIDTH32_ARRAY_SIZE4', a pin on submodule 'gen_row[0].gen_col[2].pe_inst' is connected to logic 1 or logic 0. (LINT-32)
   Pin 'partial_in[22]' is connected to logic 0. 
Warning: In design 'systolic_array_is_4x4_DATA_WIDTH16_WEIGHT_WIDTH16_ACC_WIDTH32_ARRAY_SIZE4', a pin on submodule 'gen_row[0].gen_col[2].pe_inst' is connected to logic 1 or logic 0. (LINT-32)
   Pin 'partial_in[21]' is connected to logic 0. 
Warning: In design 'systolic_array_is_4x4_DATA_WIDTH16_WEIGHT_WIDTH16_ACC_WIDTH32_ARRAY_SIZE4', a pin on submodule 'gen_row[0].gen_col[2].pe_inst' is connected to logic 1 or logic 0. (LINT-32)
   Pin 'partial_in[20]' is connected to logic 0. 
Warning: In design 'systolic_array_is_4x4_DATA_WIDTH16_WEIGHT_WIDTH16_ACC_WIDTH32_ARRAY_SIZE4', a pin on submodule 'gen_row[0].gen_col[2].pe_inst' is connected to logic 1 or logic 0. (LINT-32)
   Pin 'partial_in[19]' is connected to logic 0. 
Warning: In design 'systolic_array_is_4x4_DATA_WIDTH16_WEIGHT_WIDTH16_ACC_WIDTH32_ARRAY_SIZE4', a pin on submodule 'gen_row[0].gen_col[2].pe_inst' is connected to logic 1 or logic 0. (LINT-32)
   Pin 'partial_in[18]' is connected to logic 0. 
Warning: In design 'systolic_array_is_4x4_DATA_WIDTH16_WEIGHT_WIDTH16_ACC_WIDTH32_ARRAY_SIZE4', a pin on submodule 'gen_row[0].gen_col[2].pe_inst' is connected to logic 1 or logic 0. (LINT-32)
   Pin 'partial_in[17]' is connected to logic 0. 
Warning: In design 'systolic_array_is_4x4_DATA_WIDTH16_WEIGHT_WIDTH16_ACC_WIDTH32_ARRAY_SIZE4', a pin on submodule 'gen_row[0].gen_col[2].pe_inst' is connected to logic 1 or logic 0. (LINT-32)
   Pin 'partial_in[16]' is connected to logic 0. 
Warning: In design 'systolic_array_is_4x4_DATA_WIDTH16_WEIGHT_WIDTH16_ACC_WIDTH32_ARRAY_SIZE4', a pin on submodule 'gen_row[0].gen_col[2].pe_inst' is connected to logic 1 or logic 0. (LINT-32)
   Pin 'partial_in[15]' is connected to logic 0. 
Warning: In design 'systolic_array_is_4x4_DATA_WIDTH16_WEIGHT_WIDTH16_ACC_WIDTH32_ARRAY_SIZE4', a pin on submodule 'gen_row[0].gen_col[2].pe_inst' is connected to logic 1 or logic 0. (LINT-32)
   Pin 'partial_in[14]' is connected to logic 0. 
Warning: In design 'systolic_array_is_4x4_DATA_WIDTH16_WEIGHT_WIDTH16_ACC_WIDTH32_ARRAY_SIZE4', a pin on submodule 'gen_row[0].gen_col[2].pe_inst' is connected to logic 1 or logic 0. (LINT-32)
   Pin 'partial_in[13]' is connected to logic 0. 
Warning: In design 'systolic_array_is_4x4_DATA_WIDTH16_WEIGHT_WIDTH16_ACC_WIDTH32_ARRAY_SIZE4', a pin on submodule 'gen_row[0].gen_col[2].pe_inst' is connected to logic 1 or logic 0. (LINT-32)
   Pin 'partial_in[12]' is connected to logic 0. 
Warning: In design 'systolic_array_is_4x4_DATA_WIDTH16_WEIGHT_WIDTH16_ACC_WIDTH32_ARRAY_SIZE4', a pin on submodule 'gen_row[0].gen_col[2].pe_inst' is connected to logic 1 or logic 0. (LINT-32)
   Pin 'partial_in[11]' is connected to logic 0. 
Warning: In design 'systolic_array_is_4x4_DATA_WIDTH16_WEIGHT_WIDTH16_ACC_WIDTH32_ARRAY_SIZE4', a pin on submodule 'gen_row[0].gen_col[2].pe_inst' is connected to logic 1 or logic 0. (LINT-32)
   Pin 'partial_in[10]' is connected to logic 0. 
Warning: In design 'systolic_array_is_4x4_DATA_WIDTH16_WEIGHT_WIDTH16_ACC_WIDTH32_ARRAY_SIZE4', a pin on submodule 'gen_row[0].gen_col[2].pe_inst' is connected to logic 1 or logic 0. (LINT-32)
   Pin 'partial_in[9]' is connected to logic 0. 
Warning: In design 'systolic_array_is_4x4_DATA_WIDTH16_WEIGHT_WIDTH16_ACC_WIDTH32_ARRAY_SIZE4', a pin on submodule 'gen_row[0].gen_col[2].pe_inst' is connected to logic 1 or logic 0. (LINT-32)
   Pin 'partial_in[8]' is connected to logic 0. 
Warning: In design 'systolic_array_is_4x4_DATA_WIDTH16_WEIGHT_WIDTH16_ACC_WIDTH32_ARRAY_SIZE4', a pin on submodule 'gen_row[0].gen_col[2].pe_inst' is connected to logic 1 or logic 0. (LINT-32)
   Pin 'partial_in[7]' is connected to logic 0. 
Warning: In design 'systolic_array_is_4x4_DATA_WIDTH16_WEIGHT_WIDTH16_ACC_WIDTH32_ARRAY_SIZE4', a pin on submodule 'gen_row[0].gen_col[2].pe_inst' is connected to logic 1 or logic 0. (LINT-32)
   Pin 'partial_in[6]' is connected to logic 0. 
Warning: In design 'systolic_array_is_4x4_DATA_WIDTH16_WEIGHT_WIDTH16_ACC_WIDTH32_ARRAY_SIZE4', a pin on submodule 'gen_row[0].gen_col[2].pe_inst' is connected to logic 1 or logic 0. (LINT-32)
   Pin 'partial_in[5]' is connected to logic 0. 
Warning: In design 'systolic_array_is_4x4_DATA_WIDTH16_WEIGHT_WIDTH16_ACC_WIDTH32_ARRAY_SIZE4', a pin on submodule 'gen_row[0].gen_col[2].pe_inst' is connected to logic 1 or logic 0. (LINT-32)
   Pin 'partial_in[4]' is connected to logic 0. 
Warning: In design 'systolic_array_is_4x4_DATA_WIDTH16_WEIGHT_WIDTH16_ACC_WIDTH32_ARRAY_SIZE4', a pin on submodule 'gen_row[0].gen_col[2].pe_inst' is connected to logic 1 or logic 0. (LINT-32)
   Pin 'partial_in[3]' is connected to logic 0. 
Warning: In design 'systolic_array_is_4x4_DATA_WIDTH16_WEIGHT_WIDTH16_ACC_WIDTH32_ARRAY_SIZE4', a pin on submodule 'gen_row[0].gen_col[2].pe_inst' is connected to logic 1 or logic 0. (LINT-32)
   Pin 'partial_in[2]' is connected to logic 0. 
Warning: In design 'systolic_array_is_4x4_DATA_WIDTH16_WEIGHT_WIDTH16_ACC_WIDTH32_ARRAY_SIZE4', a pin on submodule 'gen_row[0].gen_col[2].pe_inst' is connected to logic 1 or logic 0. (LINT-32)
   Pin 'partial_in[1]' is connected to logic 0. 
Warning: In design 'systolic_array_is_4x4_DATA_WIDTH16_WEIGHT_WIDTH16_ACC_WIDTH32_ARRAY_SIZE4', a pin on submodule 'gen_row[0].gen_col[2].pe_inst' is connected to logic 1 or logic 0. (LINT-32)
   Pin 'partial_in[0]' is connected to logic 0. 
Warning: In design 'systolic_array_is_4x4_DATA_WIDTH16_WEIGHT_WIDTH16_ACC_WIDTH32_ARRAY_SIZE4', a pin on submodule 'gen_row[0].gen_col[3].pe_inst' is connected to logic 1 or logic 0. (LINT-32)
   Pin 'weight_out_ready' is connected to logic 1. 
Warning: In design 'systolic_array_is_4x4_DATA_WIDTH16_WEIGHT_WIDTH16_ACC_WIDTH32_ARRAY_SIZE4', a pin on submodule 'gen_row[0].gen_col[3].pe_inst' is connected to logic 1 or logic 0. (LINT-32)
   Pin 'partial_in[31]' is connected to logic 0. 
Warning: In design 'systolic_array_is_4x4_DATA_WIDTH16_WEIGHT_WIDTH16_ACC_WIDTH32_ARRAY_SIZE4', a pin on submodule 'gen_row[0].gen_col[3].pe_inst' is connected to logic 1 or logic 0. (LINT-32)
   Pin 'partial_in[30]' is connected to logic 0. 
Warning: In design 'systolic_array_is_4x4_DATA_WIDTH16_WEIGHT_WIDTH16_ACC_WIDTH32_ARRAY_SIZE4', a pin on submodule 'gen_row[0].gen_col[3].pe_inst' is connected to logic 1 or logic 0. (LINT-32)
   Pin 'partial_in[29]' is connected to logic 0. 
Warning: In design 'systolic_array_is_4x4_DATA_WIDTH16_WEIGHT_WIDTH16_ACC_WIDTH32_ARRAY_SIZE4', a pin on submodule 'gen_row[0].gen_col[3].pe_inst' is connected to logic 1 or logic 0. (LINT-32)
   Pin 'partial_in[28]' is connected to logic 0. 
Warning: In design 'systolic_array_is_4x4_DATA_WIDTH16_WEIGHT_WIDTH16_ACC_WIDTH32_ARRAY_SIZE4', a pin on submodule 'gen_row[0].gen_col[3].pe_inst' is connected to logic 1 or logic 0. (LINT-32)
   Pin 'partial_in[27]' is connected to logic 0. 
Warning: In design 'systolic_array_is_4x4_DATA_WIDTH16_WEIGHT_WIDTH16_ACC_WIDTH32_ARRAY_SIZE4', a pin on submodule 'gen_row[0].gen_col[3].pe_inst' is connected to logic 1 or logic 0. (LINT-32)
   Pin 'partial_in[26]' is connected to logic 0. 
Warning: In design 'systolic_array_is_4x4_DATA_WIDTH16_WEIGHT_WIDTH16_ACC_WIDTH32_ARRAY_SIZE4', a pin on submodule 'gen_row[0].gen_col[3].pe_inst' is connected to logic 1 or logic 0. (LINT-32)
   Pin 'partial_in[25]' is connected to logic 0. 
Warning: In design 'systolic_array_is_4x4_DATA_WIDTH16_WEIGHT_WIDTH16_ACC_WIDTH32_ARRAY_SIZE4', a pin on submodule 'gen_row[0].gen_col[3].pe_inst' is connected to logic 1 or logic 0. (LINT-32)
   Pin 'partial_in[24]' is connected to logic 0. 
Warning: In design 'systolic_array_is_4x4_DATA_WIDTH16_WEIGHT_WIDTH16_ACC_WIDTH32_ARRAY_SIZE4', a pin on submodule 'gen_row[0].gen_col[3].pe_inst' is connected to logic 1 or logic 0. (LINT-32)
   Pin 'partial_in[23]' is connected to logic 0. 
Warning: In design 'systolic_array_is_4x4_DATA_WIDTH16_WEIGHT_WIDTH16_ACC_WIDTH32_ARRAY_SIZE4', a pin on submodule 'gen_row[0].gen_col[3].pe_inst' is connected to logic 1 or logic 0. (LINT-32)
   Pin 'partial_in[22]' is connected to logic 0. 
Warning: In design 'systolic_array_is_4x4_DATA_WIDTH16_WEIGHT_WIDTH16_ACC_WIDTH32_ARRAY_SIZE4', a pin on submodule 'gen_row[0].gen_col[3].pe_inst' is connected to logic 1 or logic 0. (LINT-32)
   Pin 'partial_in[21]' is connected to logic 0. 
Warning: In design 'systolic_array_is_4x4_DATA_WIDTH16_WEIGHT_WIDTH16_ACC_WIDTH32_ARRAY_SIZE4', a pin on submodule 'gen_row[0].gen_col[3].pe_inst' is connected to logic 1 or logic 0. (LINT-32)
   Pin 'partial_in[20]' is connected to logic 0. 
Warning: In design 'systolic_array_is_4x4_DATA_WIDTH16_WEIGHT_WIDTH16_ACC_WIDTH32_ARRAY_SIZE4', a pin on submodule 'gen_row[0].gen_col[3].pe_inst' is connected to logic 1 or logic 0. (LINT-32)
   Pin 'partial_in[19]' is connected to logic 0. 
Warning: In design 'systolic_array_is_4x4_DATA_WIDTH16_WEIGHT_WIDTH16_ACC_WIDTH32_ARRAY_SIZE4', a pin on submodule 'gen_row[0].gen_col[3].pe_inst' is connected to logic 1 or logic 0. (LINT-32)
   Pin 'partial_in[18]' is connected to logic 0. 
Warning: In design 'systolic_array_is_4x4_DATA_WIDTH16_WEIGHT_WIDTH16_ACC_WIDTH32_ARRAY_SIZE4', a pin on submodule 'gen_row[0].gen_col[3].pe_inst' is connected to logic 1 or logic 0. (LINT-32)
   Pin 'partial_in[17]' is connected to logic 0. 
Warning: In design 'systolic_array_is_4x4_DATA_WIDTH16_WEIGHT_WIDTH16_ACC_WIDTH32_ARRAY_SIZE4', a pin on submodule 'gen_row[0].gen_col[3].pe_inst' is connected to logic 1 or logic 0. (LINT-32)
   Pin 'partial_in[16]' is connected to logic 0. 
Warning: In design 'systolic_array_is_4x4_DATA_WIDTH16_WEIGHT_WIDTH16_ACC_WIDTH32_ARRAY_SIZE4', a pin on submodule 'gen_row[0].gen_col[3].pe_inst' is connected to logic 1 or logic 0. (LINT-32)
   Pin 'partial_in[15]' is connected to logic 0. 
Warning: In design 'systolic_array_is_4x4_DATA_WIDTH16_WEIGHT_WIDTH16_ACC_WIDTH32_ARRAY_SIZE4', a pin on submodule 'gen_row[0].gen_col[3].pe_inst' is connected to logic 1 or logic 0. (LINT-32)
   Pin 'partial_in[14]' is connected to logic 0. 
Warning: In design 'systolic_array_is_4x4_DATA_WIDTH16_WEIGHT_WIDTH16_ACC_WIDTH32_ARRAY_SIZE4', a pin on submodule 'gen_row[0].gen_col[3].pe_inst' is connected to logic 1 or logic 0. (LINT-32)
   Pin 'partial_in[13]' is connected to logic 0. 
Warning: In design 'systolic_array_is_4x4_DATA_WIDTH16_WEIGHT_WIDTH16_ACC_WIDTH32_ARRAY_SIZE4', a pin on submodule 'gen_row[0].gen_col[3].pe_inst' is connected to logic 1 or logic 0. (LINT-32)
   Pin 'partial_in[12]' is connected to logic 0. 
Warning: In design 'systolic_array_is_4x4_DATA_WIDTH16_WEIGHT_WIDTH16_ACC_WIDTH32_ARRAY_SIZE4', a pin on submodule 'gen_row[0].gen_col[3].pe_inst' is connected to logic 1 or logic 0. (LINT-32)
   Pin 'partial_in[11]' is connected to logic 0. 
Warning: In design 'systolic_array_is_4x4_DATA_WIDTH16_WEIGHT_WIDTH16_ACC_WIDTH32_ARRAY_SIZE4', a pin on submodule 'gen_row[0].gen_col[3].pe_inst' is connected to logic 1 or logic 0. (LINT-32)
   Pin 'partial_in[10]' is connected to logic 0. 
Warning: In design 'systolic_array_is_4x4_DATA_WIDTH16_WEIGHT_WIDTH16_ACC_WIDTH32_ARRAY_SIZE4', a pin on submodule 'gen_row[0].gen_col[3].pe_inst' is connected to logic 1 or logic 0. (LINT-32)
   Pin 'partial_in[9]' is connected to logic 0. 
Warning: In design 'systolic_array_is_4x4_DATA_WIDTH16_WEIGHT_WIDTH16_ACC_WIDTH32_ARRAY_SIZE4', a pin on submodule 'gen_row[0].gen_col[3].pe_inst' is connected to logic 1 or logic 0. (LINT-32)
   Pin 'partial_in[8]' is connected to logic 0. 
Warning: In design 'systolic_array_is_4x4_DATA_WIDTH16_WEIGHT_WIDTH16_ACC_WIDTH32_ARRAY_SIZE4', a pin on submodule 'gen_row[0].gen_col[3].pe_inst' is connected to logic 1 or logic 0. (LINT-32)
   Pin 'partial_in[7]' is connected to logic 0. 
Warning: In design 'systolic_array_is_4x4_DATA_WIDTH16_WEIGHT_WIDTH16_ACC_WIDTH32_ARRAY_SIZE4', a pin on submodule 'gen_row[0].gen_col[3].pe_inst' is connected to logic 1 or logic 0. (LINT-32)
   Pin 'partial_in[6]' is connected to logic 0. 
Warning: In design 'systolic_array_is_4x4_DATA_WIDTH16_WEIGHT_WIDTH16_ACC_WIDTH32_ARRAY_SIZE4', a pin on submodule 'gen_row[0].gen_col[3].pe_inst' is connected to logic 1 or logic 0. (LINT-32)
   Pin 'partial_in[5]' is connected to logic 0. 
Warning: In design 'systolic_array_is_4x4_DATA_WIDTH16_WEIGHT_WIDTH16_ACC_WIDTH32_ARRAY_SIZE4', a pin on submodule 'gen_row[0].gen_col[3].pe_inst' is connected to logic 1 or logic 0. (LINT-32)
   Pin 'partial_in[4]' is connected to logic 0. 
Warning: In design 'systolic_array_is_4x4_DATA_WIDTH16_WEIGHT_WIDTH16_ACC_WIDTH32_ARRAY_SIZE4', a pin on submodule 'gen_row[0].gen_col[3].pe_inst' is connected to logic 1 or logic 0. (LINT-32)
   Pin 'partial_in[3]' is connected to logic 0. 
Warning: In design 'systolic_array_is_4x4_DATA_WIDTH16_WEIGHT_WIDTH16_ACC_WIDTH32_ARRAY_SIZE4', a pin on submodule 'gen_row[0].gen_col[3].pe_inst' is connected to logic 1 or logic 0. (LINT-32)
   Pin 'partial_in[2]' is connected to logic 0. 
Warning: In design 'systolic_array_is_4x4_DATA_WIDTH16_WEIGHT_WIDTH16_ACC_WIDTH32_ARRAY_SIZE4', a pin on submodule 'gen_row[0].gen_col[3].pe_inst' is connected to logic 1 or logic 0. (LINT-32)
   Pin 'partial_in[1]' is connected to logic 0. 
Warning: In design 'systolic_array_is_4x4_DATA_WIDTH16_WEIGHT_WIDTH16_ACC_WIDTH32_ARRAY_SIZE4', a pin on submodule 'gen_row[0].gen_col[3].pe_inst' is connected to logic 1 or logic 0. (LINT-32)
   Pin 'partial_in[0]' is connected to logic 0. 
Warning: In design 'systolic_array_is_4x4_DATA_WIDTH16_WEIGHT_WIDTH16_ACC_WIDTH32_ARRAY_SIZE4', a pin on submodule 'gen_row[1].gen_col[3].pe_inst' is connected to logic 1 or logic 0. (LINT-32)
   Pin 'weight_out_ready' is connected to logic 1. 
Warning: In design 'systolic_array_is_4x4_DATA_WIDTH16_WEIGHT_WIDTH16_ACC_WIDTH32_ARRAY_SIZE4', a pin on submodule 'gen_row[2].gen_col[3].pe_inst' is connected to logic 1 or logic 0. (LINT-32)
   Pin 'weight_out_ready' is connected to logic 1. 
Warning: In design 'systolic_array_is_4x4_DATA_WIDTH16_WEIGHT_WIDTH16_ACC_WIDTH32_ARRAY_SIZE4', a pin on submodule 'gen_row[3].gen_col[3].pe_inst' is connected to logic 1 or logic 0. (LINT-32)
   Pin 'weight_out_ready' is connected to logic 1. 
Warning: In design 'systolic_array_is_4x4_DATA_WIDTH16_WEIGHT_WIDTH16_ACC_WIDTH32_ARRAY_SIZE4', the same net is connected to more than one pin on submodule 'gen_row[0].gen_col[0].pe_inst'. (LINT-33)
   Net 'row_weight_valid_out[0]' is connected to pins 'weight_valid', 'partial_in_valid''.
Warning: In design 'systolic_array_is_4x4_DATA_WIDTH16_WEIGHT_WIDTH16_ACC_WIDTH32_ARRAY_SIZE4', the same net is connected to more than one pin on submodule 'gen_row[0].gen_col[0].pe_inst'. (LINT-33)
   Net '*Logic0*' is connected to pins 'partial_in[31]', 'partial_in[30]'', 'partial_in[29]', 'partial_in[28]', 'partial_in[27]', 'partial_in[26]', 'partial_in[25]', 'partial_in[24]', 'partial_in[23]', 'partial_in[22]', 'partial_in[21]', 'partial_in[20]', 'partial_in[19]', 'partial_in[18]', 'partial_in[17]', 'partial_in[16]', 'partial_in[15]', 'partial_in[14]', 'partial_in[13]', 'partial_in[12]', 'partial_in[11]', 'partial_in[10]', 'partial_in[9]', 'partial_in[8]', 'partial_in[7]', 'partial_in[6]', 'partial_in[5]', 'partial_in[4]', 'partial_in[3]', 'partial_in[2]', 'partial_in[1]', 'partial_in[0]'.
Warning: In design 'systolic_array_is_4x4_DATA_WIDTH16_WEIGHT_WIDTH16_ACC_WIDTH32_ARRAY_SIZE4', the same net is connected to more than one pin on submodule 'gen_row[0].gen_col[1].pe_inst'. (LINT-33)
   Net 'weight_out_valid_mesh[0]' is connected to pins 'weight_valid', 'partial_in_valid''.
Warning: In design 'systolic_array_is_4x4_DATA_WIDTH16_WEIGHT_WIDTH16_ACC_WIDTH32_ARRAY_SIZE4', the same net is connected to more than one pin on submodule 'gen_row[0].gen_col[1].pe_inst'. (LINT-33)
   Net '*Logic0*' is connected to pins 'partial_in[31]', 'partial_in[30]'', 'partial_in[29]', 'partial_in[28]', 'partial_in[27]', 'partial_in[26]', 'partial_in[25]', 'partial_in[24]', 'partial_in[23]', 'partial_in[22]', 'partial_in[21]', 'partial_in[20]', 'partial_in[19]', 'partial_in[18]', 'partial_in[17]', 'partial_in[16]', 'partial_in[15]', 'partial_in[14]', 'partial_in[13]', 'partial_in[12]', 'partial_in[11]', 'partial_in[10]', 'partial_in[9]', 'partial_in[8]', 'partial_in[7]', 'partial_in[6]', 'partial_in[5]', 'partial_in[4]', 'partial_in[3]', 'partial_in[2]', 'partial_in[1]', 'partial_in[0]'.
Warning: In design 'systolic_array_is_4x4_DATA_WIDTH16_WEIGHT_WIDTH16_ACC_WIDTH32_ARRAY_SIZE4', the same net is connected to more than one pin on submodule 'gen_row[0].gen_col[2].pe_inst'. (LINT-33)
   Net 'weight_out_valid_mesh[1]' is connected to pins 'weight_valid', 'partial_in_valid''.
Warning: In design 'systolic_array_is_4x4_DATA_WIDTH16_WEIGHT_WIDTH16_ACC_WIDTH32_ARRAY_SIZE4', the same net is connected to more than one pin on submodule 'gen_row[0].gen_col[2].pe_inst'. (LINT-33)
   Net '*Logic0*' is connected to pins 'partial_in[31]', 'partial_in[30]'', 'partial_in[29]', 'partial_in[28]', 'partial_in[27]', 'partial_in[26]', 'partial_in[25]', 'partial_in[24]', 'partial_in[23]', 'partial_in[22]', 'partial_in[21]', 'partial_in[20]', 'partial_in[19]', 'partial_in[18]', 'partial_in[17]', 'partial_in[16]', 'partial_in[15]', 'partial_in[14]', 'partial_in[13]', 'partial_in[12]', 'partial_in[11]', 'partial_in[10]', 'partial_in[9]', 'partial_in[8]', 'partial_in[7]', 'partial_in[6]', 'partial_in[5]', 'partial_in[4]', 'partial_in[3]', 'partial_in[2]', 'partial_in[1]', 'partial_in[0]'.
Warning: In design 'systolic_array_is_4x4_DATA_WIDTH16_WEIGHT_WIDTH16_ACC_WIDTH32_ARRAY_SIZE4', the same net is connected to more than one pin on submodule 'gen_row[0].gen_col[3].pe_inst'. (LINT-33)
   Net 'weight_out_valid_mesh[2]' is connected to pins 'weight_valid', 'partial_in_valid''.
Warning: In design 'systolic_array_is_4x4_DATA_WIDTH16_WEIGHT_WIDTH16_ACC_WIDTH32_ARRAY_SIZE4', the same net is connected to more than one pin on submodule 'gen_row[0].gen_col[3].pe_inst'. (LINT-33)
   Net '*Logic0*' is connected to pins 'partial_in[31]', 'partial_in[30]'', 'partial_in[29]', 'partial_in[28]', 'partial_in[27]', 'partial_in[26]', 'partial_in[25]', 'partial_in[24]', 'partial_in[23]', 'partial_in[22]', 'partial_in[21]', 'partial_in[20]', 'partial_in[19]', 'partial_in[18]', 'partial_in[17]', 'partial_in[16]', 'partial_in[15]', 'partial_in[14]', 'partial_in[13]', 'partial_in[12]', 'partial_in[11]', 'partial_in[10]', 'partial_in[9]', 'partial_in[8]', 'partial_in[7]', 'partial_in[6]', 'partial_in[5]', 'partial_in[4]', 'partial_in[3]', 'partial_in[2]', 'partial_in[1]', 'partial_in[0]'.
Warning: In design 'is_core_top_4x4', three-state bus 'u_is_array/partial_out_valid_mesh[12]' has non three-state driver 'u_is_array/gen_row[3].gen_col[0].pe_inst/partial_out_valid_reg/Q'. (LINT-34)
Warning: In design 'is_core_top_4x4', three-state bus 'u_is_array/partial_out_valid_mesh[13]' has non three-state driver 'u_is_array/gen_row[3].gen_col[1].pe_inst/partial_out_valid_reg/Q'. (LINT-34)
Warning: In design 'is_core_top_4x4', three-state bus 'u_is_array/partial_out_valid_mesh[14]' has non three-state driver 'u_is_array/gen_row[3].gen_col[2].pe_inst/partial_out_valid_reg/Q'. (LINT-34)
Warning: In design 'is_core_top_4x4', three-state bus 'u_is_array/partial_out_valid_mesh[15]' has non three-state driver 'u_is_array/gen_row[3].gen_col[3].pe_inst/partial_out_valid_reg/Q'. (LINT-34)
Warning: In design 'is_core_top_4x4', three-state bus 'u_is_array/partial_out_mesh[384]' has non three-state driver 'u_is_array/gen_row[3].gen_col[0].pe_inst/partial_out_reg[0]/Q'. (LINT-34)
Warning: In design 'is_core_top_4x4', three-state bus 'u_is_array/partial_out_mesh[385]' has non three-state driver 'u_is_array/gen_row[3].gen_col[0].pe_inst/partial_out_reg[1]/Q'. (LINT-34)
Warning: In design 'is_core_top_4x4', three-state bus 'u_is_array/partial_out_mesh[386]' has non three-state driver 'u_is_array/gen_row[3].gen_col[0].pe_inst/partial_out_reg[2]/Q'. (LINT-34)
Warning: In design 'is_core_top_4x4', three-state bus 'u_is_array/partial_out_mesh[387]' has non three-state driver 'u_is_array/gen_row[3].gen_col[0].pe_inst/partial_out_reg[3]/Q'. (LINT-34)
Warning: In design 'is_core_top_4x4', three-state bus 'u_is_array/partial_out_mesh[388]' has non three-state driver 'u_is_array/gen_row[3].gen_col[0].pe_inst/partial_out_reg[4]/Q'. (LINT-34)
Warning: In design 'is_core_top_4x4', three-state bus 'u_is_array/partial_out_mesh[389]' has non three-state driver 'u_is_array/gen_row[3].gen_col[0].pe_inst/partial_out_reg[5]/Q'. (LINT-34)
Warning: In design 'is_core_top_4x4', three-state bus 'u_is_array/partial_out_mesh[390]' has non three-state driver 'u_is_array/gen_row[3].gen_col[0].pe_inst/partial_out_reg[6]/Q'. (LINT-34)
Warning: In design 'is_core_top_4x4', three-state bus 'u_is_array/partial_out_mesh[391]' has non three-state driver 'u_is_array/gen_row[3].gen_col[0].pe_inst/partial_out_reg[7]/Q'. (LINT-34)
Warning: In design 'is_core_top_4x4', three-state bus 'u_is_array/partial_out_mesh[392]' has non three-state driver 'u_is_array/gen_row[3].gen_col[0].pe_inst/partial_out_reg[8]/Q'. (LINT-34)
Warning: In design 'is_core_top_4x4', three-state bus 'u_is_array/partial_out_mesh[393]' has non three-state driver 'u_is_array/gen_row[3].gen_col[0].pe_inst/partial_out_reg[9]/Q'. (LINT-34)
Warning: In design 'is_core_top_4x4', three-state bus 'u_is_array/partial_out_mesh[394]' has non three-state driver 'u_is_array/gen_row[3].gen_col[0].pe_inst/partial_out_reg[10]/Q'. (LINT-34)
Warning: In design 'is_core_top_4x4', three-state bus 'u_is_array/partial_out_mesh[395]' has non three-state driver 'u_is_array/gen_row[3].gen_col[0].pe_inst/partial_out_reg[11]/Q'. (LINT-34)
Warning: In design 'is_core_top_4x4', three-state bus 'u_is_array/partial_out_mesh[396]' has non three-state driver 'u_is_array/gen_row[3].gen_col[0].pe_inst/partial_out_reg[12]/Q'. (LINT-34)
Warning: In design 'is_core_top_4x4', three-state bus 'u_is_array/partial_out_mesh[397]' has non three-state driver 'u_is_array/gen_row[3].gen_col[0].pe_inst/partial_out_reg[13]/Q'. (LINT-34)
Warning: In design 'is_core_top_4x4', three-state bus 'u_is_array/partial_out_mesh[398]' has non three-state driver 'u_is_array/gen_row[3].gen_col[0].pe_inst/partial_out_reg[14]/Q'. (LINT-34)
Warning: In design 'is_core_top_4x4', three-state bus 'u_is_array/partial_out_mesh[399]' has non three-state driver 'u_is_array/gen_row[3].gen_col[0].pe_inst/partial_out_reg[15]/Q'. (LINT-34)
Warning: In design 'is_core_top_4x4', three-state bus 'u_is_array/partial_out_mesh[400]' has non three-state driver 'u_is_array/gen_row[3].gen_col[0].pe_inst/partial_out_reg[16]/Q'. (LINT-34)
Warning: In design 'is_core_top_4x4', three-state bus 'u_is_array/partial_out_mesh[401]' has non three-state driver 'u_is_array/gen_row[3].gen_col[0].pe_inst/partial_out_reg[17]/Q'. (LINT-34)
Warning: In design 'is_core_top_4x4', three-state bus 'u_is_array/partial_out_mesh[402]' has non three-state driver 'u_is_array/gen_row[3].gen_col[0].pe_inst/partial_out_reg[18]/Q'. (LINT-34)
Warning: In design 'is_core_top_4x4', three-state bus 'u_is_array/partial_out_mesh[403]' has non three-state driver 'u_is_array/gen_row[3].gen_col[0].pe_inst/partial_out_reg[19]/Q'. (LINT-34)
Warning: In design 'is_core_top_4x4', three-state bus 'u_is_array/partial_out_mesh[404]' has non three-state driver 'u_is_array/gen_row[3].gen_col[0].pe_inst/partial_out_reg[20]/Q'. (LINT-34)
Warning: In design 'is_core_top_4x4', three-state bus 'u_is_array/partial_out_mesh[405]' has non three-state driver 'u_is_array/gen_row[3].gen_col[0].pe_inst/partial_out_reg[21]/Q'. (LINT-34)
Warning: In design 'is_core_top_4x4', three-state bus 'u_is_array/partial_out_mesh[406]' has non three-state driver 'u_is_array/gen_row[3].gen_col[0].pe_inst/partial_out_reg[22]/Q'. (LINT-34)
Warning: In design 'is_core_top_4x4', three-state bus 'u_is_array/partial_out_mesh[407]' has non three-state driver 'u_is_array/gen_row[3].gen_col[0].pe_inst/partial_out_reg[23]/Q'. (LINT-34)
Warning: In design 'is_core_top_4x4', three-state bus 'u_is_array/partial_out_mesh[408]' has non three-state driver 'u_is_array/gen_row[3].gen_col[0].pe_inst/partial_out_reg[24]/Q'. (LINT-34)
Warning: In design 'is_core_top_4x4', three-state bus 'u_is_array/partial_out_mesh[409]' has non three-state driver 'u_is_array/gen_row[3].gen_col[0].pe_inst/partial_out_reg[25]/Q'. (LINT-34)
Warning: In design 'is_core_top_4x4', three-state bus 'u_is_array/partial_out_mesh[410]' has non three-state driver 'u_is_array/gen_row[3].gen_col[0].pe_inst/partial_out_reg[26]/Q'. (LINT-34)
Warning: In design 'is_core_top_4x4', three-state bus 'u_is_array/partial_out_mesh[411]' has non three-state driver 'u_is_array/gen_row[3].gen_col[0].pe_inst/partial_out_reg[27]/Q'. (LINT-34)
Warning: In design 'is_core_top_4x4', three-state bus 'u_is_array/partial_out_mesh[412]' has non three-state driver 'u_is_array/gen_row[3].gen_col[0].pe_inst/partial_out_reg[28]/Q'. (LINT-34)
Warning: In design 'is_core_top_4x4', three-state bus 'u_is_array/partial_out_mesh[413]' has non three-state driver 'u_is_array/gen_row[3].gen_col[0].pe_inst/partial_out_reg[29]/Q'. (LINT-34)
Warning: In design 'is_core_top_4x4', three-state bus 'u_is_array/partial_out_mesh[414]' has non three-state driver 'u_is_array/gen_row[3].gen_col[0].pe_inst/partial_out_reg[30]/Q'. (LINT-34)
Warning: In design 'is_core_top_4x4', three-state bus 'u_is_array/partial_out_mesh[415]' has non three-state driver 'u_is_array/gen_row[3].gen_col[0].pe_inst/partial_out_reg[31]/Q'. (LINT-34)
Warning: In design 'is_core_top_4x4', three-state bus 'u_is_array/partial_out_mesh[416]' has non three-state driver 'u_is_array/gen_row[3].gen_col[1].pe_inst/partial_out_reg[0]/Q'. (LINT-34)
Warning: In design 'is_core_top_4x4', three-state bus 'u_is_array/partial_out_mesh[417]' has non three-state driver 'u_is_array/gen_row[3].gen_col[1].pe_inst/partial_out_reg[1]/Q'. (LINT-34)
Warning: In design 'is_core_top_4x4', three-state bus 'u_is_array/partial_out_mesh[418]' has non three-state driver 'u_is_array/gen_row[3].gen_col[1].pe_inst/partial_out_reg[2]/Q'. (LINT-34)
Warning: In design 'is_core_top_4x4', three-state bus 'u_is_array/partial_out_mesh[419]' has non three-state driver 'u_is_array/gen_row[3].gen_col[1].pe_inst/partial_out_reg[3]/Q'. (LINT-34)
Warning: In design 'is_core_top_4x4', three-state bus 'u_is_array/partial_out_mesh[420]' has non three-state driver 'u_is_array/gen_row[3].gen_col[1].pe_inst/partial_out_reg[4]/Q'. (LINT-34)
Warning: In design 'is_core_top_4x4', three-state bus 'u_is_array/partial_out_mesh[421]' has non three-state driver 'u_is_array/gen_row[3].gen_col[1].pe_inst/partial_out_reg[5]/Q'. (LINT-34)
Warning: In design 'is_core_top_4x4', three-state bus 'u_is_array/partial_out_mesh[422]' has non three-state driver 'u_is_array/gen_row[3].gen_col[1].pe_inst/partial_out_reg[6]/Q'. (LINT-34)
Warning: In design 'is_core_top_4x4', three-state bus 'u_is_array/partial_out_mesh[423]' has non three-state driver 'u_is_array/gen_row[3].gen_col[1].pe_inst/partial_out_reg[7]/Q'. (LINT-34)
Warning: In design 'is_core_top_4x4', three-state bus 'u_is_array/partial_out_mesh[424]' has non three-state driver 'u_is_array/gen_row[3].gen_col[1].pe_inst/partial_out_reg[8]/Q'. (LINT-34)
Warning: In design 'is_core_top_4x4', three-state bus 'u_is_array/partial_out_mesh[425]' has non three-state driver 'u_is_array/gen_row[3].gen_col[1].pe_inst/partial_out_reg[9]/Q'. (LINT-34)
Warning: In design 'is_core_top_4x4', three-state bus 'u_is_array/partial_out_mesh[426]' has non three-state driver 'u_is_array/gen_row[3].gen_col[1].pe_inst/partial_out_reg[10]/Q'. (LINT-34)
Warning: In design 'is_core_top_4x4', three-state bus 'u_is_array/partial_out_mesh[427]' has non three-state driver 'u_is_array/gen_row[3].gen_col[1].pe_inst/partial_out_reg[11]/Q'. (LINT-34)
Warning: In design 'is_core_top_4x4', three-state bus 'u_is_array/partial_out_mesh[428]' has non three-state driver 'u_is_array/gen_row[3].gen_col[1].pe_inst/partial_out_reg[12]/Q'. (LINT-34)
Warning: In design 'is_core_top_4x4', three-state bus 'u_is_array/partial_out_mesh[429]' has non three-state driver 'u_is_array/gen_row[3].gen_col[1].pe_inst/partial_out_reg[13]/Q'. (LINT-34)
Warning: In design 'is_core_top_4x4', three-state bus 'u_is_array/partial_out_mesh[430]' has non three-state driver 'u_is_array/gen_row[3].gen_col[1].pe_inst/partial_out_reg[14]/Q'. (LINT-34)
Warning: In design 'is_core_top_4x4', three-state bus 'u_is_array/partial_out_mesh[431]' has non three-state driver 'u_is_array/gen_row[3].gen_col[1].pe_inst/partial_out_reg[15]/Q'. (LINT-34)
Warning: In design 'is_core_top_4x4', three-state bus 'u_is_array/partial_out_mesh[432]' has non three-state driver 'u_is_array/gen_row[3].gen_col[1].pe_inst/partial_out_reg[16]/Q'. (LINT-34)
Warning: In design 'is_core_top_4x4', three-state bus 'u_is_array/partial_out_mesh[433]' has non three-state driver 'u_is_array/gen_row[3].gen_col[1].pe_inst/partial_out_reg[17]/Q'. (LINT-34)
Warning: In design 'is_core_top_4x4', three-state bus 'u_is_array/partial_out_mesh[434]' has non three-state driver 'u_is_array/gen_row[3].gen_col[1].pe_inst/partial_out_reg[18]/Q'. (LINT-34)
Warning: In design 'is_core_top_4x4', three-state bus 'u_is_array/partial_out_mesh[435]' has non three-state driver 'u_is_array/gen_row[3].gen_col[1].pe_inst/partial_out_reg[19]/Q'. (LINT-34)
Warning: In design 'is_core_top_4x4', three-state bus 'u_is_array/partial_out_mesh[436]' has non three-state driver 'u_is_array/gen_row[3].gen_col[1].pe_inst/partial_out_reg[20]/Q'. (LINT-34)
Warning: In design 'is_core_top_4x4', three-state bus 'u_is_array/partial_out_mesh[437]' has non three-state driver 'u_is_array/gen_row[3].gen_col[1].pe_inst/partial_out_reg[21]/Q'. (LINT-34)
Warning: In design 'is_core_top_4x4', three-state bus 'u_is_array/partial_out_mesh[438]' has non three-state driver 'u_is_array/gen_row[3].gen_col[1].pe_inst/partial_out_reg[22]/Q'. (LINT-34)
Warning: In design 'is_core_top_4x4', three-state bus 'u_is_array/partial_out_mesh[439]' has non three-state driver 'u_is_array/gen_row[3].gen_col[1].pe_inst/partial_out_reg[23]/Q'. (LINT-34)
Warning: In design 'is_core_top_4x4', three-state bus 'u_is_array/partial_out_mesh[440]' has non three-state driver 'u_is_array/gen_row[3].gen_col[1].pe_inst/partial_out_reg[24]/Q'. (LINT-34)
Warning: In design 'is_core_top_4x4', three-state bus 'u_is_array/partial_out_mesh[441]' has non three-state driver 'u_is_array/gen_row[3].gen_col[1].pe_inst/partial_out_reg[25]/Q'. (LINT-34)
Warning: In design 'is_core_top_4x4', three-state bus 'u_is_array/partial_out_mesh[442]' has non three-state driver 'u_is_array/gen_row[3].gen_col[1].pe_inst/partial_out_reg[26]/Q'. (LINT-34)
Warning: In design 'is_core_top_4x4', three-state bus 'u_is_array/partial_out_mesh[443]' has non three-state driver 'u_is_array/gen_row[3].gen_col[1].pe_inst/partial_out_reg[27]/Q'. (LINT-34)
Warning: In design 'is_core_top_4x4', three-state bus 'u_is_array/partial_out_mesh[444]' has non three-state driver 'u_is_array/gen_row[3].gen_col[1].pe_inst/partial_out_reg[28]/Q'. (LINT-34)
Warning: In design 'is_core_top_4x4', three-state bus 'u_is_array/partial_out_mesh[445]' has non three-state driver 'u_is_array/gen_row[3].gen_col[1].pe_inst/partial_out_reg[29]/Q'. (LINT-34)
Warning: In design 'is_core_top_4x4', three-state bus 'u_is_array/partial_out_mesh[446]' has non three-state driver 'u_is_array/gen_row[3].gen_col[1].pe_inst/partial_out_reg[30]/Q'. (LINT-34)
Warning: In design 'is_core_top_4x4', three-state bus 'u_is_array/partial_out_mesh[447]' has non three-state driver 'u_is_array/gen_row[3].gen_col[1].pe_inst/partial_out_reg[31]/Q'. (LINT-34)
Warning: In design 'is_core_top_4x4', three-state bus 'u_is_array/partial_out_mesh[448]' has non three-state driver 'u_is_array/gen_row[3].gen_col[2].pe_inst/partial_out_reg[0]/Q'. (LINT-34)
Warning: In design 'is_core_top_4x4', three-state bus 'u_is_array/partial_out_mesh[449]' has non three-state driver 'u_is_array/gen_row[3].gen_col[2].pe_inst/partial_out_reg[1]/Q'. (LINT-34)
Warning: In design 'is_core_top_4x4', three-state bus 'u_is_array/partial_out_mesh[450]' has non three-state driver 'u_is_array/gen_row[3].gen_col[2].pe_inst/partial_out_reg[2]/Q'. (LINT-34)
Warning: In design 'is_core_top_4x4', three-state bus 'u_is_array/partial_out_mesh[451]' has non three-state driver 'u_is_array/gen_row[3].gen_col[2].pe_inst/partial_out_reg[3]/Q'. (LINT-34)
Warning: In design 'is_core_top_4x4', three-state bus 'u_is_array/partial_out_mesh[452]' has non three-state driver 'u_is_array/gen_row[3].gen_col[2].pe_inst/partial_out_reg[4]/Q'. (LINT-34)
Warning: In design 'is_core_top_4x4', three-state bus 'u_is_array/partial_out_mesh[453]' has non three-state driver 'u_is_array/gen_row[3].gen_col[2].pe_inst/partial_out_reg[5]/Q'. (LINT-34)
Warning: In design 'is_core_top_4x4', three-state bus 'u_is_array/partial_out_mesh[454]' has non three-state driver 'u_is_array/gen_row[3].gen_col[2].pe_inst/partial_out_reg[6]/Q'. (LINT-34)
Warning: In design 'is_core_top_4x4', three-state bus 'u_is_array/partial_out_mesh[455]' has non three-state driver 'u_is_array/gen_row[3].gen_col[2].pe_inst/partial_out_reg[7]/Q'. (LINT-34)
Warning: In design 'is_core_top_4x4', three-state bus 'u_is_array/partial_out_mesh[456]' has non three-state driver 'u_is_array/gen_row[3].gen_col[2].pe_inst/partial_out_reg[8]/Q'. (LINT-34)
Warning: In design 'is_core_top_4x4', three-state bus 'u_is_array/partial_out_mesh[457]' has non three-state driver 'u_is_array/gen_row[3].gen_col[2].pe_inst/partial_out_reg[9]/Q'. (LINT-34)
Warning: In design 'is_core_top_4x4', three-state bus 'u_is_array/partial_out_mesh[458]' has non three-state driver 'u_is_array/gen_row[3].gen_col[2].pe_inst/partial_out_reg[10]/Q'. (LINT-34)
Warning: In design 'is_core_top_4x4', three-state bus 'u_is_array/partial_out_mesh[459]' has non three-state driver 'u_is_array/gen_row[3].gen_col[2].pe_inst/partial_out_reg[11]/Q'. (LINT-34)
Warning: In design 'is_core_top_4x4', three-state bus 'u_is_array/partial_out_mesh[460]' has non three-state driver 'u_is_array/gen_row[3].gen_col[2].pe_inst/partial_out_reg[12]/Q'. (LINT-34)
Warning: In design 'is_core_top_4x4', three-state bus 'u_is_array/partial_out_mesh[461]' has non three-state driver 'u_is_array/gen_row[3].gen_col[2].pe_inst/partial_out_reg[13]/Q'. (LINT-34)
Warning: In design 'is_core_top_4x4', three-state bus 'u_is_array/partial_out_mesh[462]' has non three-state driver 'u_is_array/gen_row[3].gen_col[2].pe_inst/partial_out_reg[14]/Q'. (LINT-34)
Warning: In design 'is_core_top_4x4', three-state bus 'u_is_array/partial_out_mesh[463]' has non three-state driver 'u_is_array/gen_row[3].gen_col[2].pe_inst/partial_out_reg[15]/Q'. (LINT-34)
Warning: In design 'is_core_top_4x4', three-state bus 'u_is_array/partial_out_mesh[464]' has non three-state driver 'u_is_array/gen_row[3].gen_col[2].pe_inst/partial_out_reg[16]/Q'. (LINT-34)
Warning: In design 'is_core_top_4x4', three-state bus 'u_is_array/partial_out_mesh[465]' has non three-state driver 'u_is_array/gen_row[3].gen_col[2].pe_inst/partial_out_reg[17]/Q'. (LINT-34)
Warning: In design 'is_core_top_4x4', three-state bus 'u_is_array/partial_out_mesh[466]' has non three-state driver 'u_is_array/gen_row[3].gen_col[2].pe_inst/partial_out_reg[18]/Q'. (LINT-34)
Warning: In design 'is_core_top_4x4', three-state bus 'u_is_array/partial_out_mesh[467]' has non three-state driver 'u_is_array/gen_row[3].gen_col[2].pe_inst/partial_out_reg[19]/Q'. (LINT-34)
Warning: In design 'is_core_top_4x4', three-state bus 'u_is_array/partial_out_mesh[468]' has non three-state driver 'u_is_array/gen_row[3].gen_col[2].pe_inst/partial_out_reg[20]/Q'. (LINT-34)
Warning: In design 'is_core_top_4x4', three-state bus 'u_is_array/partial_out_mesh[469]' has non three-state driver 'u_is_array/gen_row[3].gen_col[2].pe_inst/partial_out_reg[21]/Q'. (LINT-34)
Warning: In design 'is_core_top_4x4', three-state bus 'u_is_array/partial_out_mesh[470]' has non three-state driver 'u_is_array/gen_row[3].gen_col[2].pe_inst/partial_out_reg[22]/Q'. (LINT-34)
Warning: In design 'is_core_top_4x4', three-state bus 'u_is_array/partial_out_mesh[471]' has non three-state driver 'u_is_array/gen_row[3].gen_col[2].pe_inst/partial_out_reg[23]/Q'. (LINT-34)
Warning: In design 'is_core_top_4x4', three-state bus 'u_is_array/partial_out_mesh[472]' has non three-state driver 'u_is_array/gen_row[3].gen_col[2].pe_inst/partial_out_reg[24]/Q'. (LINT-34)
Warning: In design 'is_core_top_4x4', three-state bus 'u_is_array/partial_out_mesh[473]' has non three-state driver 'u_is_array/gen_row[3].gen_col[2].pe_inst/partial_out_reg[25]/Q'. (LINT-34)
Warning: In design 'is_core_top_4x4', three-state bus 'u_is_array/partial_out_mesh[474]' has non three-state driver 'u_is_array/gen_row[3].gen_col[2].pe_inst/partial_out_reg[26]/Q'. (LINT-34)
Warning: In design 'is_core_top_4x4', three-state bus 'u_is_array/partial_out_mesh[475]' has non three-state driver 'u_is_array/gen_row[3].gen_col[2].pe_inst/partial_out_reg[27]/Q'. (LINT-34)
Warning: In design 'is_core_top_4x4', three-state bus 'u_is_array/partial_out_mesh[476]' has non three-state driver 'u_is_array/gen_row[3].gen_col[2].pe_inst/partial_out_reg[28]/Q'. (LINT-34)
Warning: In design 'is_core_top_4x4', three-state bus 'u_is_array/partial_out_mesh[477]' has non three-state driver 'u_is_array/gen_row[3].gen_col[2].pe_inst/partial_out_reg[29]/Q'. (LINT-34)
Warning: In design 'is_core_top_4x4', three-state bus 'u_is_array/partial_out_mesh[478]' has non three-state driver 'u_is_array/gen_row[3].gen_col[2].pe_inst/partial_out_reg[30]/Q'. (LINT-34)
Warning: In design 'is_core_top_4x4', three-state bus 'u_is_array/partial_out_mesh[479]' has non three-state driver 'u_is_array/gen_row[3].gen_col[2].pe_inst/partial_out_reg[31]/Q'. (LINT-34)
Warning: In design 'is_core_top_4x4', three-state bus 'u_is_array/partial_out_mesh[480]' has non three-state driver 'u_is_array/gen_row[3].gen_col[3].pe_inst/partial_out_reg[0]/Q'. (LINT-34)
Warning: In design 'is_core_top_4x4', three-state bus 'u_is_array/partial_out_mesh[481]' has non three-state driver 'u_is_array/gen_row[3].gen_col[3].pe_inst/partial_out_reg[1]/Q'. (LINT-34)
Warning: In design 'is_core_top_4x4', three-state bus 'u_is_array/partial_out_mesh[482]' has non three-state driver 'u_is_array/gen_row[3].gen_col[3].pe_inst/partial_out_reg[2]/Q'. (LINT-34)
Warning: In design 'is_core_top_4x4', three-state bus 'u_is_array/partial_out_mesh[483]' has non three-state driver 'u_is_array/gen_row[3].gen_col[3].pe_inst/partial_out_reg[3]/Q'. (LINT-34)
Warning: In design 'is_core_top_4x4', three-state bus 'u_is_array/partial_out_mesh[484]' has non three-state driver 'u_is_array/gen_row[3].gen_col[3].pe_inst/partial_out_reg[4]/Q'. (LINT-34)
Warning: In design 'is_core_top_4x4', three-state bus 'u_is_array/partial_out_mesh[485]' has non three-state driver 'u_is_array/gen_row[3].gen_col[3].pe_inst/partial_out_reg[5]/Q'. (LINT-34)
Warning: In design 'is_core_top_4x4', three-state bus 'u_is_array/partial_out_mesh[486]' has non three-state driver 'u_is_array/gen_row[3].gen_col[3].pe_inst/partial_out_reg[6]/Q'. (LINT-34)
Warning: In design 'is_core_top_4x4', three-state bus 'u_is_array/partial_out_mesh[487]' has non three-state driver 'u_is_array/gen_row[3].gen_col[3].pe_inst/partial_out_reg[7]/Q'. (LINT-34)
Warning: In design 'is_core_top_4x4', three-state bus 'u_is_array/partial_out_mesh[488]' has non three-state driver 'u_is_array/gen_row[3].gen_col[3].pe_inst/partial_out_reg[8]/Q'. (LINT-34)
Warning: In design 'is_core_top_4x4', three-state bus 'u_is_array/partial_out_mesh[489]' has non three-state driver 'u_is_array/gen_row[3].gen_col[3].pe_inst/partial_out_reg[9]/Q'. (LINT-34)
Warning: In design 'is_core_top_4x4', three-state bus 'u_is_array/partial_out_mesh[490]' has non three-state driver 'u_is_array/gen_row[3].gen_col[3].pe_inst/partial_out_reg[10]/Q'. (LINT-34)
Warning: In design 'is_core_top_4x4', three-state bus 'u_is_array/partial_out_mesh[491]' has non three-state driver 'u_is_array/gen_row[3].gen_col[3].pe_inst/partial_out_reg[11]/Q'. (LINT-34)
Warning: In design 'is_core_top_4x4', three-state bus 'u_is_array/partial_out_mesh[492]' has non three-state driver 'u_is_array/gen_row[3].gen_col[3].pe_inst/partial_out_reg[12]/Q'. (LINT-34)
Warning: In design 'is_core_top_4x4', three-state bus 'u_is_array/partial_out_mesh[493]' has non three-state driver 'u_is_array/gen_row[3].gen_col[3].pe_inst/partial_out_reg[13]/Q'. (LINT-34)
Warning: In design 'is_core_top_4x4', three-state bus 'u_is_array/partial_out_mesh[494]' has non three-state driver 'u_is_array/gen_row[3].gen_col[3].pe_inst/partial_out_reg[14]/Q'. (LINT-34)
Warning: In design 'is_core_top_4x4', three-state bus 'u_is_array/partial_out_mesh[495]' has non three-state driver 'u_is_array/gen_row[3].gen_col[3].pe_inst/partial_out_reg[15]/Q'. (LINT-34)
Warning: In design 'is_core_top_4x4', three-state bus 'u_is_array/partial_out_mesh[496]' has non three-state driver 'u_is_array/gen_row[3].gen_col[3].pe_inst/partial_out_reg[16]/Q'. (LINT-34)
Warning: In design 'is_core_top_4x4', three-state bus 'u_is_array/partial_out_mesh[497]' has non three-state driver 'u_is_array/gen_row[3].gen_col[3].pe_inst/partial_out_reg[17]/Q'. (LINT-34)
Warning: In design 'is_core_top_4x4', three-state bus 'u_is_array/partial_out_mesh[498]' has non three-state driver 'u_is_array/gen_row[3].gen_col[3].pe_inst/partial_out_reg[18]/Q'. (LINT-34)
Warning: In design 'is_core_top_4x4', three-state bus 'u_is_array/partial_out_mesh[499]' has non three-state driver 'u_is_array/gen_row[3].gen_col[3].pe_inst/partial_out_reg[19]/Q'. (LINT-34)
Warning: In design 'is_core_top_4x4', three-state bus 'u_is_array/partial_out_mesh[500]' has non three-state driver 'u_is_array/gen_row[3].gen_col[3].pe_inst/partial_out_reg[20]/Q'. (LINT-34)
Warning: In design 'is_core_top_4x4', three-state bus 'u_is_array/partial_out_mesh[501]' has non three-state driver 'u_is_array/gen_row[3].gen_col[3].pe_inst/partial_out_reg[21]/Q'. (LINT-34)
Warning: In design 'is_core_top_4x4', three-state bus 'u_is_array/partial_out_mesh[502]' has non three-state driver 'u_is_array/gen_row[3].gen_col[3].pe_inst/partial_out_reg[22]/Q'. (LINT-34)
Warning: In design 'is_core_top_4x4', three-state bus 'u_is_array/partial_out_mesh[503]' has non three-state driver 'u_is_array/gen_row[3].gen_col[3].pe_inst/partial_out_reg[23]/Q'. (LINT-34)
Warning: In design 'is_core_top_4x4', three-state bus 'u_is_array/partial_out_mesh[504]' has non three-state driver 'u_is_array/gen_row[3].gen_col[3].pe_inst/partial_out_reg[24]/Q'. (LINT-34)
Warning: In design 'is_core_top_4x4', three-state bus 'u_is_array/partial_out_mesh[505]' has non three-state driver 'u_is_array/gen_row[3].gen_col[3].pe_inst/partial_out_reg[25]/Q'. (LINT-34)
Warning: In design 'is_core_top_4x4', three-state bus 'u_is_array/partial_out_mesh[506]' has non three-state driver 'u_is_array/gen_row[3].gen_col[3].pe_inst/partial_out_reg[26]/Q'. (LINT-34)
Warning: In design 'is_core_top_4x4', three-state bus 'u_is_array/partial_out_mesh[507]' has non three-state driver 'u_is_array/gen_row[3].gen_col[3].pe_inst/partial_out_reg[27]/Q'. (LINT-34)
Warning: In design 'is_core_top_4x4', three-state bus 'u_is_array/partial_out_mesh[508]' has non three-state driver 'u_is_array/gen_row[3].gen_col[3].pe_inst/partial_out_reg[28]/Q'. (LINT-34)
Warning: In design 'is_core_top_4x4', three-state bus 'u_is_array/partial_out_mesh[509]' has non three-state driver 'u_is_array/gen_row[3].gen_col[3].pe_inst/partial_out_reg[29]/Q'. (LINT-34)
Warning: In design 'is_core_top_4x4', three-state bus 'u_is_array/partial_out_mesh[510]' has non three-state driver 'u_is_array/gen_row[3].gen_col[3].pe_inst/partial_out_reg[30]/Q'. (LINT-34)
Warning: In design 'is_core_top_4x4', three-state bus 'u_is_array/partial_out_mesh[511]' has non three-state driver 'u_is_array/gen_row[3].gen_col[3].pe_inst/partial_out_reg[31]/Q'. (LINT-34)
Warning: In design 'is_core_top_4x4', three-state bus 'u_is_array/row_weight_ready_out[0]' has non three-state driver 'u_is_array/gen_row[0].gen_col[0].pe_inst/C1082/Z'. (LINT-34)
Warning: In design 'is_core_top_4x4', three-state bus 'u_is_array/row_weight_ready_out[1]' has non three-state driver 'u_is_array/gen_row[1].gen_col[0].pe_inst/C1082/Z'. (LINT-34)
Warning: In design 'is_core_top_4x4', three-state bus 'u_is_array/row_weight_ready_out[2]' has non three-state driver 'u_is_array/gen_row[2].gen_col[0].pe_inst/C1082/Z'. (LINT-34)
Warning: In design 'is_core_top_4x4', three-state bus 'u_is_array/row_weight_ready_out[3]' has non three-state driver 'u_is_array/gen_row[3].gen_col[0].pe_inst/C1082/Z'. (LINT-34)
Warning: In design 'is_core_top_4x4', three-state bus 'u_is_array/row_weight_valid_in[0]' has non three-state driver 'u_is_array/C195/Z'. (LINT-34)
Warning: In design 'is_core_top_4x4', three-state bus 'u_is_array/row_weight_valid_in[1]' has non three-state driver 'u_is_array/C199/Z'. (LINT-34)
Warning: In design 'is_core_top_4x4', three-state bus 'u_is_array/row_weight_valid_in[2]' has non three-state driver 'u_is_array/C203/Z'. (LINT-34)
Warning: In design 'is_core_top_4x4', three-state bus 'u_is_array/row_weight_valid_in[3]' has non three-state driver 'u_is_array/C207/Z'. (LINT-34)
1
