Loading db file '/home/ic_libs/TSMC.90/aci/sc-x/synopsys/slow.db'
Information: Propagating switching activity (low effort zero delay simulation). (PWR-6)
Warning: Design has unannotated primary inputs. (PWR-414)
Warning: Design has unannotated sequential cell outputs. (PWR-415)
 
****************************************
Report : power
        -analysis_effort low
Design : is_core_top_4x4
Version: O-2018.06-SP1
Date   : Mon Apr 20 20:28:51 2026
****************************************


Library(s) Used:

    slow (File: /home/ic_libs/TSMC.90/aci/sc-x/synopsys/slow.db)


Operating Conditions: slow   Library: slow
Wire Load Model Mode: top


Global Operating Voltage = 0.9  
Power-specific unit information :
    Voltage Units = 1V
    Capacitance Units = 1.000000pf
    Time Units = 1ns
    Dynamic Power Units = 1mW    (derived from V,C,T units)
    Leakage Power Units = 1pW


  Cell Internal Power  =   5.0932 mW   (98%)
  Net Switching Power  = 120.4199 uW    (2%)
                         ---------
Total Dynamic Power    =   5.2136 mW  (100%)

Cell Leakage Power     =   1.2790 mW


                 Internal         Switching           Leakage            Total
Power Group      Power            Power               Power              Power   (   %    )  Attrs
--------------------------------------------------------------------------------------------------
io_pad             0.0000            0.0000            0.0000            0.0000  (   0.00%)
memory             0.0000            0.0000            0.0000            0.0000  (   0.00%)
black_box          0.0000            0.0000            0.0000            0.0000  (   0.00%)
clock_network      0.0000            0.0000            0.0000            0.0000  (   0.00%)
register           5.0484        3.4260e-03        8.6249e+07            5.1381  (  79.14%)
sequential         0.0000            0.0000            0.0000            0.0000  (   0.00%)
combinational  4.4750e-02            0.1170        1.1927e+09            1.3545  (  20.86%)
--------------------------------------------------------------------------------------------------
Total              5.0932 mW         0.1204 mW     1.2790e+09 pW         6.4926 mW
1
