Information: Updating design information... (UID-85)
Warning: Design 'is_core_top_4x4' contains 1 high-fanout nets. A fanout number of 1000 will be used for delay calculations involving these nets. (TIM-134)
 
****************************************
Report : qor
Design : is_core_top_4x4
Version: O-2018.06-SP1
Date   : Mon Apr 20 23:56:02 2026
****************************************


  Timing Path Group 'clk'
  -----------------------------------
  Levels of Logic:              39.00
  Critical Path Length:          4.85
  Critical Path Slack:           0.00
  Critical Path Clk Period:      5.00
  Total Negative Slack:          0.00
  No. of Violating Paths:        0.00
  Worst Hold Violation:          0.00
  Total Hold Violation:          0.00
  No. of Hold Violations:        0.00
  -----------------------------------


  Cell Count
  -----------------------------------
  Hierarchical Cell Count:         73
  Hierarchical Port Count:       6758
  Leaf Cell Count:              18447
  Buf/Inv Cell Count:            1627
  Buf Cell Count:                 402
  Inv Cell Count:                1225
  CT Buf/Inv Cell Count:            0
  Combinational Cell Count:     15717
  Sequential Cell Count:         2730
  Macro Count:                      0
  -----------------------------------


  Area
  -----------------------------------
  Combinational Area:   174585.905003
  Noncombinational Area: 44117.640674
  Buf/Inv Area:           4552.531322
  Total Buffer Area:          1204.46
  Total Inverter Area:        3348.07
  Macro/Black Box Area:      0.000000
  Net Area:                  0.000000
  -----------------------------------
  Cell Area:            218703.545677
  Design Area:          218703.545677


  Design Rules
  -----------------------------------
  Total Number of Nets:         22742
  Nets With Violations:             0
  Max Trans Violations:             0
  Max Cap Violations:               0
  -----------------------------------


  Hostname: IC_EDA

  Compile CPU Statistics
  -----------------------------------------
  Resource Sharing:                    9.82
  Logic Optimization:                 14.06
  Mapping Optimization:               82.89
  -----------------------------------------
  Overall Compile Time:              110.10
  Overall Compile Wall Clock Time:   111.25

  --------------------------------------------------------------------

  Design  WNS: 0.00  TNS: 0.00  Number of Violating Paths: 0


  Design (Hold)  WNS: 0.00  TNS: 0.00  Number of Violating Paths: 0

  --------------------------------------------------------------------


1
