#% Begin checkPinAssignment (date=04/27 01:24:19, mem=868.3M)
Checking pins of top cell ws_core_std_top_4x4 ... completed

=====================================================================================================================================
                                                     checkPinAssignment Summary
=====================================================================================================================================
Partition             | pads  | pins   | legal  | illegal | internal | internal illegal | FT     | FT illegal | constant | unplaced |
=====================================================================================================================================
ws_core_std_top_4x4   |     0 |    653 |    653 |       0 |        0 |                0 |      0 |          0 |        0 |        0 |
=====================================================================================================================================
TOTAL                 |     0 |    653 |    653 |       0 |        0 |                0 |      0 |          0 |        0 |        0 |
=====================================================================================================================================
#% End checkPinAssignment (date=04/27 01:24:19, total cpu=0:00:00.2, real=0:00:00.0, peak res=868.5M, current mem=867.5M)
