Depth  Name                                     #Inst  Area (um^2) 
-------------------------------------------------------------------
0      ws_core_std_top_4x4                      14592  21254.352   
1      u_ws_std_array                           14592  21254.352   
2      u_ws_std_array/add_136_I4_I4_aco         35     90.72       
2      u_ws_std_array/add_136_I3_I3_aco         35     90.72       
2      u_ws_std_array/mult_add_136_I4_I3_aco    32     21.504      
2      u_ws_std_array/add_136_I4_I2_aco         35     90.72       
2      u_ws_std_array/mult_add_136_I3_aco       32     21.504      
2      u_ws_std_array/mult_136_I3_I3            654    866.88      
2      u_ws_std_array/mult_add_136_I3_I2_aco    32     21.504      
2      u_ws_std_array/mult_136_I4_I2            654    866.88      
2      u_ws_std_array/mult_136_I4_I4            654    866.88      
2      u_ws_std_array/add_136_I4_aco            35     90.72       
2      u_ws_std_array/mult_136_I2_I4            654    866.88      
2      u_ws_std_array/mult_add_136_I2_I3_aco    32     21.504      
2      u_ws_std_array/mult_add_136_I4_I4_aco    32     21.504      
2      u_ws_std_array/add_136_I2_aco            35     90.72       
2      u_ws_std_array/mult_136_I3_I2            654    866.88      
2      u_ws_std_array/mult_136_I4_I1            654    866.88      
2      u_ws_std_array/add_136_I3_I4_aco         35     90.72       
2      u_ws_std_array/mult_136_I4_I3            654    866.88      
2      u_ws_std_array/add_136_I2_I3_aco         35     90.72       
2      u_ws_std_array/mult_add_136_I2_I4_aco    32     21.504      
2      u_ws_std_array/add_136_I3_I2_aco         35     90.72       
2      u_ws_std_array/mult_136_I2_I2            654    866.88      
2      u_ws_std_array/mult_136_I3_I1            654    866.88      
2      u_ws_std_array/mult_136_I3               654    866.88      
2      u_ws_std_array/add_136_I4_I3_aco         35     90.72       
2      u_ws_std_array/mult_add_136_I3_I3_aco    32     21.504      
2      u_ws_std_array/mult_add_136_I2_aco       32     21.504      
2      u_ws_std_array/mult_add_136_I2_I2_aco    32     21.504      
2      u_ws_std_array/mult_136_I2_I1            654    866.88      
2      u_ws_std_array/mult_136_I4               654    866.88      
2      u_ws_std_array/mult_136_I2               654    866.88      
2      u_ws_std_array/add_136_I2_I4_aco         35     90.72       
2      u_ws_std_array/mult_136_I3_I4            654    866.88      
2      u_ws_std_array/add_136_I3_aco            35     90.72       
2      u_ws_std_array/mult_add_136_I4_I2_aco    32     21.504      
2      u_ws_std_array/mult_add_136_I4_aco       32     21.504      
2      u_ws_std_array/mult_add_136_I3_I4_aco    32     21.504      
2      u_ws_std_array/add_136_I2_I2_aco         35     90.72       
2      u_ws_std_array/mult_136_I2_I3            654    866.88      
2      u_ws_std_array/mult_136                  654    866.88      
3      u_ws_std_array/mult_136_I2_I1/FS_1       77     58.128      
3      u_ws_std_array/mult_136_I4/FS_1          77     58.128      
3      u_ws_std_array/mult_136_I2/FS_1          77     58.128      
3      u_ws_std_array/mult_136_I3_I4/FS_1       77     58.128      
3      u_ws_std_array/mult_136_I2_I3/FS_1       77     58.128      
3      u_ws_std_array/mult_136_I3/FS_1          77     58.128      
3      u_ws_std_array/mult_136/FS_1             77     58.128      
3      u_ws_std_array/mult_136_I3_I3/FS_1       77     58.128      
3      u_ws_std_array/mult_136_I4_I2/FS_1       77     58.128      
3      u_ws_std_array/mult_136_I4_I1/FS_1       77     58.128      
3      u_ws_std_array/mult_136_I4_I4/FS_1       77     58.128      
3      u_ws_std_array/mult_136_I2_I4/FS_1       77     58.128      
3      u_ws_std_array/mult_136_I3_I2/FS_1       77     58.128      
3      u_ws_std_array/mult_136_I4_I3/FS_1       77     58.128      
3      u_ws_std_array/mult_136_I2_I2/FS_1       77     58.128      
3      u_ws_std_array/mult_136_I3_I1/FS_1       77     58.128      
