###############################################################
#  Generated by:      Cadence Innovus 18.10-p002_1
#  OS:                Linux x86_64(Host ID IC_EDA)
#  Generated on:      Mon Apr 27 01:53:03 2026
#  Design:            ws_core_std_top_4x4
#  Command:           report_timing
###############################################################
#################################################################################
# Design Stage: PostRoute
# Design Name: ws_core_std_top_4x4
# Design Mode: 28nm
# Analysis Mode: MMMC Non-OCV 
# Parasitics Mode: SPEF/RCDB
# Signoff Settings: SI Off 
#################################################################################
AAE_INFO: 1 threads acquired from CTE.
Calculate delays in Single mode...
Start delay calculation (fullDC) (1 T). (MEM=2001.68)
Reading RCDB with compressed RC data.
AAE_INFO: 1 threads acquired from CTE.
Total number of fetched objects 18679
AAE_INFO: Total number of nets for which stage creation was skipped for all views 0
End delay calculation. (MEM=2081.71 CPU=0:00:06.7 REAL=0:00:07.0)
End delay calculation (fullDC). (MEM=2081.71 CPU=0:00:08.0 REAL=0:00:08.0)
Path 1: MET Setup Check with Pin u_ws_std_array/result_buf_reg_0__0__31_/CP 
Endpoint:   u_ws_std_array/result_buf_reg_0__0__31_/D (^) checked with  leading 
edge of 'clk'
Beginpoint: input_data_vec[49]                        (^) triggered by  leading 
edge of 'clk'
Path Groups: {clk}
Analysis View: view_default
Other End Arrival Time         -0.001
- Setup                         0.022
+ Phase Shift                   5.000
- Uncertainty                   0.050
= Required Time                 4.927
- Arrival Time                  2.736
= Slack Time                    2.192
     Clock Rise Edge                      0.000
     + Input Delay                        1.000
     = Beginpoint Arrival Time            1.000
     +------------------------------------------------------------------------------------------------------------------------+ 
     |                  Instance                   |         Arc          |         Cell         | Delay | Arrival | Required | 
     |                                             |                      |                      |       |  Time   |   Time   | 
     |---------------------------------------------+----------------------+----------------------+-------+---------+----------| 
     |                                             | input_data_vec[49] ^ |                      |       |   1.000 |    3.192 | 
     | u_ws_std_array/FE_DBTC241_input_data_vec_49 | I ^ -> ZN v          | INVD1BWP12T40P140    | 0.054 |   1.054 |    3.246 | 
     | u_ws_std_array/mult_136_I4/U266             | A2 v -> ZN ^         | NR2D0BWP12T40P140    | 0.050 |   1.105 |    3.297 | 
     | u_ws_std_array/mult_136_I4/U30              | I ^ -> ZN v          | INVD1BWP12T40P140    | 0.014 |   1.119 |    3.311 | 
     | u_ws_std_array/mult_136_I4/U94              | A1 v -> ZN ^         | NR2D1BWP12T40P140    | 0.019 |   1.138 |    3.330 | 
     | u_ws_std_array/mult_136_I4/S3_2_14          | B ^ -> S v           | FA1D1BWP12T40P140    | 0.060 |   1.198 |    3.390 | 
     | u_ws_std_array/mult_136_I4/S2_3_13          | CI v -> S ^          | FA1D1BWP12T40P140    | 0.060 |   1.258 |    3.450 | 
     | u_ws_std_array/mult_136_I4/S2_4_12          | CI ^ -> S v          | FA1D1BWP12T40P140    | 0.059 |   1.317 |    3.509 | 
     | u_ws_std_array/mult_136_I4/S2_5_11          | CI v -> S ^          | FA1D1BWP12T40P140    | 0.061 |   1.377 |    3.569 | 
     | u_ws_std_array/mult_136_I4/S2_6_10          | CI ^ -> S v          | FA1D1BWP12T40P140    | 0.058 |   1.436 |    3.627 | 
     | u_ws_std_array/mult_136_I4/S2_7_9           | CI v -> S ^          | FA1D1BWP12T40P140    | 0.060 |   1.496 |    3.688 | 
     | u_ws_std_array/mult_136_I4/S2_8_8           | CI ^ -> S v          | FA1D1BWP12T40P140    | 0.059 |   1.555 |    3.746 | 
     | u_ws_std_array/mult_136_I4/S2_9_7           | CI v -> S ^          | FA1D1BWP12T40P140    | 0.062 |   1.616 |    3.808 | 
     | u_ws_std_array/mult_136_I4/S2_10_6          | CI ^ -> S v          | FA1D1BWP12T40P140    | 0.058 |   1.674 |    3.866 | 
     | u_ws_std_array/mult_136_I4/S2_11_5          | CI v -> S ^          | FA1D1BWP12T40P140    | 0.060 |   1.734 |    3.926 | 
     | u_ws_std_array/mult_136_I4/S2_12_4          | CI ^ -> S v          | FA1D1BWP12T40P140    | 0.058 |   1.792 |    3.984 | 
     | u_ws_std_array/mult_136_I4/S2_13_3          | CI v -> S ^          | FA1D1BWP12T40P140    | 0.061 |   1.853 |    4.045 | 
     | u_ws_std_array/mult_136_I4/S2_14_2          | CI ^ -> S v          | FA1D1BWP12T40P140    | 0.059 |   1.913 |    4.104 | 
     | u_ws_std_array/mult_136_I4/S4_1             | CI v -> S ^          | FA1D1BWP12T40P140    | 0.060 |   1.973 |    4.165 | 
     | u_ws_std_array/mult_136_I4/U77              | A2 ^ -> Z v          | XOR2D1BWP12T40P140   | 0.038 |   2.011 |    4.202 | 
     | u_ws_std_array/mult_136_I4/FS_1/U78         | A2 v -> ZN ^         | CKND2D0BWP12T40P140  | 0.021 |   2.032 |    4.223 | 
     | u_ws_std_array/mult_136_I4/FS_1/U72         | A2 ^ -> ZN v         | OAI21D0BWP12T40P140  | 0.035 |   2.067 |    4.259 | 
     | u_ws_std_array/mult_136_I4/FS_1/U64         | A2 v -> ZN ^         | AOI21D0BWP12T40P140  | 0.035 |   2.102 |    4.294 | 
     | u_ws_std_array/mult_136_I4/FS_1/U62         | A2 ^ -> ZN v         | OAI21D0BWP12T40P140  | 0.035 |   2.137 |    4.329 | 
     | u_ws_std_array/mult_136_I4/FS_1/U54         | A2 v -> ZN ^         | AOI21D0BWP12T40P140  | 0.033 |   2.171 |    4.362 | 
     | u_ws_std_array/mult_136_I4/FS_1/U52         | A2 ^ -> ZN v         | OAI21D0BWP12T40P140  | 0.035 |   2.206 |    4.397 | 
     | u_ws_std_array/mult_136_I4/FS_1/U44         | A2 v -> ZN ^         | AOI21D0BWP12T40P140  | 0.034 |   2.240 |    4.432 | 
     | u_ws_std_array/mult_136_I4/FS_1/U42         | A2 ^ -> ZN v         | OAI21D0BWP12T40P140  | 0.037 |   2.277 |    4.469 | 
     | u_ws_std_array/mult_136_I4/FS_1/U34         | A2 v -> ZN ^         | AOI21D0BWP12T40P140  | 0.035 |   2.312 |    4.504 | 
     | u_ws_std_array/mult_136_I4/FS_1/U32         | A2 ^ -> ZN v         | OAI21D0BWP12T40P140  | 0.035 |   2.347 |    4.539 | 
     | u_ws_std_array/mult_136_I4/FS_1/U24         | A2 v -> ZN ^         | AOI21D0BWP12T40P140  | 0.033 |   2.380 |    4.571 | 
     | u_ws_std_array/mult_136_I4/FS_1/U22         | A2 ^ -> ZN v         | OAI21D0BWP12T40P140  | 0.033 |   2.413 |    4.604 | 
     | u_ws_std_array/mult_136_I4/FS_1/U14         | A2 v -> ZN ^         | AOI21D0BWP12T40P140  | 0.032 |   2.445 |    4.637 | 
     | u_ws_std_array/mult_136_I4/FS_1/U12         | A2 ^ -> ZN v         | OAI21D0BWP12T40P140  | 0.034 |   2.479 |    4.671 | 
     | u_ws_std_array/mult_136_I4/FS_1/U10         | A2 v -> Z v          | OR2D0BWP12T40P140    | 0.031 |   2.510 |    4.701 | 
     | u_ws_std_array/mult_136_I4/FS_1/U9          | A1 v -> Z v          | AO22D0BWP12T40P140   | 0.024 |   2.534 |    4.726 | 
     | u_ws_std_array/mult_136_I4/FS_1/U8          | A3 v -> Z ^          | XOR3D0BWP12T40P140   | 0.040 |   2.574 |    4.766 | 
     | u_ws_std_array/mult_add_136_I4_aco/U3       | A1 ^ -> Z ^          | AN2D1BWP12T40P140    | 0.023 |   2.597 |    4.788 | 
     | u_ws_std_array/add_136_I4_aco/U1_31         | A2 ^ -> Z ^          | XOR3D1BWP12T40P140   | 0.052 |   2.648 |    4.840 | 
     | u_ws_std_array/U1399                        | I ^ -> ZN v          | INVD1BWP12T40P140    | 0.057 |   2.705 |    4.897 | 
     | u_ws_std_array/U580                         | A1 v -> ZN ^         | MOAI22D1BWP12T40P140 | 0.030 |   2.736 |    4.927 | 
     | u_ws_std_array/result_buf_reg_0__0__31_     | D ^                  | DFCNQD1BWP12T40P140  | 0.000 |   2.736 |    4.927 | 
     +------------------------------------------------------------------------------------------------------------------------+ 

