
Power Net Detected:
    Voltage	    Name
    0.00V	    VSS
    0.90V	    VDD
Using Power View: view_default.
Load RC corner of view view_default

Begin Power Analysis

    0.00V	    VSS
    0.90V	    VDD

Begin Processing Timing Library for Power Calculation

Begin Processing Timing Library for Power Calculation



Begin Processing Power Net/Grid for Power Calculation

Ended Processing Power Net/Grid for Power Calculation: (cpu=0:00:00, real=0:00:00, mem(process/total/peak)=1768.87MB/2955.39MB/2345.07MB)

Begin Processing Timing Window Data for Power Calculation

clk(200MHz) CK: assigning clock clk to net clk
Ended Processing Timing Window Data for Power Calculation: (cpu=0:00:00, real=0:00:00, mem(process/total/peak)=1769.81MB/2955.39MB/2345.07MB)

Begin Processing User Attributes

Ended Processing User Attributes: (cpu=0:00:00, real=0:00:00, mem(process/total/peak)=1769.86MB/2955.39MB/2345.07MB)

Begin Processing Signal Activity


Starting Levelizing
2026-Apr-27 01:53:13 (2026-Apr-26 17:53:13 GMT)
2026-Apr-27 01:53:13 (2026-Apr-26 17:53:13 GMT): 10%
2026-Apr-27 01:53:13 (2026-Apr-26 17:53:13 GMT): 20%
2026-Apr-27 01:53:13 (2026-Apr-26 17:53:13 GMT): 30%
2026-Apr-27 01:53:13 (2026-Apr-26 17:53:13 GMT): 40%
2026-Apr-27 01:53:13 (2026-Apr-26 17:53:13 GMT): 50%
2026-Apr-27 01:53:13 (2026-Apr-26 17:53:13 GMT): 60%
2026-Apr-27 01:53:14 (2026-Apr-26 17:53:14 GMT): 70%
2026-Apr-27 01:53:14 (2026-Apr-26 17:53:14 GMT): 80%
2026-Apr-27 01:53:14 (2026-Apr-26 17:53:14 GMT): 90%

Finished Levelizing
2026-Apr-27 01:53:14 (2026-Apr-26 17:53:14 GMT)

Starting Activity Propagation
2026-Apr-27 01:53:14 (2026-Apr-26 17:53:14 GMT)
** INFO:  (VOLTUS_POWR-1356): No default input activity has been set. Defaulting to 0.2.
Use 'set_default_switching_activity -input_activity' command to change the default activity value.

2026-Apr-27 01:53:14 (2026-Apr-26 17:53:14 GMT): 10%
2026-Apr-27 01:53:14 (2026-Apr-26 17:53:14 GMT): 20%
2026-Apr-27 01:53:14 (2026-Apr-26 17:53:14 GMT): 30%

Finished Activity Propagation
2026-Apr-27 01:53:15 (2026-Apr-26 17:53:15 GMT)
Ended Processing Signal Activity: (cpu=0:00:01, real=0:00:01, mem(process/total/peak)=1770.63MB/2955.39MB/2345.07MB)

Begin Power Computation

      ----------------------------------------------------------
      # of cell(s) missing both power/leakage table: 0
      # of cell(s) missing power table: 0
      # of cell(s) missing leakage table: 0
      # of MSMV cell(s) missing power_level: 0
      ----------------------------------------------------------



Starting Calculating power
2026-Apr-27 01:53:15 (2026-Apr-26 17:53:15 GMT)
 ... Calculating switching power
2026-Apr-27 01:53:15 (2026-Apr-26 17:53:15 GMT): 10%
2026-Apr-27 01:53:15 (2026-Apr-26 17:53:15 GMT): 20%
2026-Apr-27 01:53:15 (2026-Apr-26 17:53:15 GMT): 30%
2026-Apr-27 01:53:15 (2026-Apr-26 17:53:15 GMT): 40%
2026-Apr-27 01:53:15 (2026-Apr-26 17:53:15 GMT): 50%
 ... Calculating internal and leakage power
2026-Apr-27 01:53:16 (2026-Apr-26 17:53:16 GMT): 60%
2026-Apr-27 01:53:17 (2026-Apr-26 17:53:17 GMT): 70%
2026-Apr-27 01:53:18 (2026-Apr-26 17:53:18 GMT): 80%
2026-Apr-27 01:53:19 (2026-Apr-26 17:53:19 GMT): 90%

Finished Calculating power
2026-Apr-27 01:53:20 (2026-Apr-26 17:53:20 GMT)
Ended Power Computation: (cpu=0:00:05, real=0:00:05, mem(process/total/peak)=1771.11MB/2955.39MB/2345.07MB)

Begin Processing User Attributes

Ended Processing User Attributes: (cpu=0:00:00, real=0:00:00, mem(process/total/peak)=1771.11MB/2955.39MB/2345.07MB)

Ended Power Analysis: (cpu=0:00:07, real=0:00:07, mem(process/total/peak)=1771.12MB/2955.39MB/2345.07MB)

Begin Static Power Report Generation
*----------------------------------------------------------------------------------------
*	Innovus 18.10-p002_1 (64bit) 05/29/2018 19:19 (Linux 2.6.18-194.el5)
*	
*
* 	Date & Time:	2026-Apr-27 01:53:20 (2026-Apr-26 17:53:20 GMT)
*
*----------------------------------------------------------------------------------------
*
*	Design: ws_core_std_top_4x4
*
*	Liberty Libraries used:
*	        view_default: /home/host_1/systolic_array_edge/asic_commercial/pdk_cache/tsmc28_icc/logic/TSMCHOME/digital/Front_End/timing_power_noise/NLDM/tcbn28hpcplusbwp12t40p140_180a/tcbn28hpcplusbwp12t40p140tt0p9v25c.lib
*
*	Parasitic Files used:
*
*       Power View : view_default
*
*       User-Defined Activity : N.A.
*
*       Activity File: N.A.
*
*       Hierarchical Global Activity: N.A.
*
*       Global Activity: N.A.
*
*       Sequential Element Activity: 0.200000
*
*       Primary Input Activity: 0.200000
*
*       Default icg ratio: N.A.
*
*       Global Comb ClockGate Ratio: N.A.
*
*	Power Units = 1mW
*
*	Time Units = 1e-09 secs
*
*       report_power
*
-----------------------------------------------------------------------------------------
*



Total Power
-----------------------------------------------------------------------------------------
Total Internal Power:        4.51059585 	   61.2489%
Total Switching Power:       2.83939671 	   38.5559%
Total Leakage Power:         0.01437273 	    0.1952%
Total Power:                 7.36436527
-----------------------------------------------------------------------------------------


Group                           Internal   Switching     Leakage       Total  Percentage 
                                Power      Power         Power         Power  (%)        
-----------------------------------------------------------------------------------------
Sequential                         1.226     0.08796     0.00324       1.317       17.89
Macro                                  0           0           0           0           0
IO                                     0           0           0           0           0
Combinational                       3.19       2.508     0.01101       5.709       77.52
Clock (Combinational)            0.09402      0.2439   0.0001263      0.3381        4.59
Clock (Sequential)                     0           0           0           0           0
-----------------------------------------------------------------------------------------
Total                              4.511       2.839     0.01437       7.364         100
-----------------------------------------------------------------------------------------


Rail                  Voltage   Internal   Switching     Leakage       Total  Percentage 
                                Power      Power         Power         Power  (%)        
-----------------------------------------------------------------------------------------
VDD                       0.9      4.511       2.839     0.01437       7.364         100


Clock                           Internal   Switching     Leakage       Total  Percentage 
                                Power      Power         Power         Power  (%)        
-----------------------------------------------------------------------------------------
clk                              0.09402      0.2439   0.0001263      0.3381        4.59
-----------------------------------------------------------------------------------------
Total                            0.09402      0.2439   0.0001263      0.3381        4.59
-----------------------------------------------------------------------------------------
Clock: clk
Clock Period: 0.005000 usec 
Clock Toggle Rate:   400.0000 Mhz 
Clock Static Probability:  0.5000
  
 
 
-----------------------------------------------------------------------------------------
*	Power Distribution Summary: 
*              Highest Average Power: u_ws_std_array/CTS_ccl_a_buf_00043 (BUFFD16BWP12T40P140):          0.02012
*              Highest Leakage Power: u_ws_std_array/CTS_ccl_a_buf_00061 (BUFFD16BWP12T40P140):        6.938e-06
*                Total Cap:      6.45812e-11 F
*                Total instances in design: 14592
*                Total instances in design with no power:     0
*                Total instances in design with no activty:     0

*                Total Fillers and Decap:     0
-----------------------------------------------------------------------------------------
 
Ended Static Power Report Generation: (cpu=0:00:00, real=0:00:00,
mem(process/total/peak)=1774.30MB/2955.39MB/2345.07MB)

