 *** Starting Verify DRC (MEM: 2053.1) ***

  VERIFY DRC ...... Starting Verification
  VERIFY DRC ...... Initializing
  VERIFY DRC ...... Deleting Existing Violations
  VERIFY DRC ...... Creating Sub-Areas
  VERIFY DRC ...... Using new threading
  VERIFY DRC ...... Sub-Area: {0.000 0.000 43.200 43.200} 1 of 25
  VERIFY DRC ...... Sub-Area : 1 complete 0 Viols.
  VERIFY DRC ...... Sub-Area: {43.200 0.000 86.400 43.200} 2 of 25
  VERIFY DRC ...... Sub-Area : 2 complete 0 Viols.
  VERIFY DRC ...... Sub-Area: {86.400 0.000 129.600 43.200} 3 of 25
  VERIFY DRC ...... Sub-Area : 3 complete 0 Viols.
  VERIFY DRC ...... Sub-Area: {129.600 0.000 172.800 43.200} 4 of 25
  VERIFY DRC ...... Sub-Area : 4 complete 0 Viols.
  VERIFY DRC ...... Sub-Area: {172.800 0.000 213.920 43.200} 5 of 25
  VERIFY DRC ...... Sub-Area : 5 complete 0 Viols.
  VERIFY DRC ...... Sub-Area: {0.000 43.200 43.200 86.400} 6 of 25
  VERIFY DRC ...... Sub-Area : 6 complete 0 Viols.
  VERIFY DRC ...... Sub-Area: {43.200 43.200 86.400 86.400} 7 of 25
  VERIFY DRC ...... Sub-Area : 7 complete 0 Viols.
  VERIFY DRC ...... Sub-Area: {86.400 43.200 129.600 86.400} 8 of 25
  VERIFY DRC ...... Sub-Area : 8 complete 0 Viols.
  VERIFY DRC ...... Sub-Area: {129.600 43.200 172.800 86.400} 9 of 25
  VERIFY DRC ...... Sub-Area : 9 complete 0 Viols.
  VERIFY DRC ...... Sub-Area: {172.800 43.200 213.920 86.400} 10 of 25
  VERIFY DRC ...... Sub-Area : 10 complete 0 Viols.
  VERIFY DRC ...... Sub-Area: {0.000 86.400 43.200 129.600} 11 of 25
  VERIFY DRC ...... Sub-Area : 11 complete 0 Viols.
  VERIFY DRC ...... Sub-Area: {43.200 86.400 86.400 129.600} 12 of 25
  VERIFY DRC ...... Sub-Area : 12 complete 0 Viols.
  VERIFY DRC ...... Sub-Area: {86.400 86.400 129.600 129.600} 13 of 25
  VERIFY DRC ...... Sub-Area : 13 complete 0 Viols.
  VERIFY DRC ...... Sub-Area: {129.600 86.400 172.800 129.600} 14 of 25
  VERIFY DRC ...... Sub-Area : 14 complete 0 Viols.
  VERIFY DRC ...... Sub-Area: {172.800 86.400 213.920 129.600} 15 of 25
  VERIFY DRC ...... Sub-Area : 15 complete 0 Viols.
  VERIFY DRC ...... Sub-Area: {0.000 129.600 43.200 172.800} 16 of 25
  VERIFY DRC ...... Sub-Area : 16 complete 0 Viols.
  VERIFY DRC ...... Sub-Area: {43.200 129.600 86.400 172.800} 17 of 25
  VERIFY DRC ...... Sub-Area : 17 complete 0 Viols.
  VERIFY DRC ...... Sub-Area: {86.400 129.600 129.600 172.800} 18 of 25
  VERIFY DRC ...... Sub-Area : 18 complete 0 Viols.
  VERIFY DRC ...... Sub-Area: {129.600 129.600 172.800 172.800} 19 of 25
  VERIFY DRC ...... Sub-Area : 19 complete 0 Viols.
  VERIFY DRC ...... Sub-Area: {172.800 129.600 213.920 172.800} 20 of 25
  VERIFY DRC ...... Sub-Area : 20 complete 0 Viols.
  VERIFY DRC ...... Sub-Area: {0.000 172.800 43.200 212.800} 21 of 25
  VERIFY DRC ...... Sub-Area : 21 complete 0 Viols.
  VERIFY DRC ...... Sub-Area: {43.200 172.800 86.400 212.800} 22 of 25
  VERIFY DRC ...... Sub-Area : 22 complete 0 Viols.
  VERIFY DRC ...... Sub-Area: {86.400 172.800 129.600 212.800} 23 of 25
  VERIFY DRC ...... Sub-Area : 23 complete 0 Viols.
  VERIFY DRC ...... Sub-Area: {129.600 172.800 172.800 212.800} 24 of 25
  VERIFY DRC ...... Sub-Area : 24 complete 0 Viols.
  VERIFY DRC ...... Sub-Area: {172.800 172.800 213.920 212.800} 25 of 25
  VERIFY DRC ...... Sub-Area : 25 complete 0 Viols.

  Verification Complete : 0 Viols.

 *** End Verify DRC (CPU: 0:00:23.5  ELAPSED TIME: 24.00  MEM: 0.0M) ***

