###############################################################
#  Generated by:      Cadence Innovus 18.10-p002_1
#  OS:                Linux x86_64(Host ID IC_EDA)
#  Generated on:      Sat Apr 25 18:26:40 2026
#  Design:            ws_core_std_top_4x4
#  Command:           checkPinAssignment -report_violating_pin -outFile /home/host_1/systolic_array_edge/asic_commercial/ws/reports/innovus/ws_core_std_top_4x4_pin_assignment_detail.rpt
###############################################################

Start Checking pins of top cell: [ws_core_std_top_4x4] 
**ERROR: (IMPPTN-1755):   Pin [rst_n] of partition [ws_core_std_top_4x4] is [FIXED] at location (   0.000,    0.100) on layer 2 is OVERLAPPED WITH CORNER-MASK of partition ws_core_std_top_4x4.
**ERROR: (IMPPTN-1755):   Pin [input_data_vec[0]] of partition [ws_core_std_top_4x4] is [FIXED] at location (   0.000,  212.600) on layer 2 is OVERLAPPED WITH CORNER-MASK of partition ws_core_std_top_4x4.
**ERROR: (IMPPTN-1755):   Pin [result_valid] of partition [ws_core_std_top_4x4] is [FIXED] at location ( 213.920,  212.700) on layer 2 is OVERLAPPED WITH CORNER-MASK of partition ws_core_std_top_4x4.
**ERROR: (IMPPTN-1755):   Pin [result_matrix[511]] of partition [ws_core_std_top_4x4] is [FIXED] at location ( 213.920,  212.300) on layer 2 is OVERLAPPED WITH CORNER-MASK of partition ws_core_std_top_4x4.
**ERROR: (IMPPTN-1755):   Pin [busy] of partition [ws_core_std_top_4x4] is [FIXED] at location ( 213.920,    0.200) on layer 2 is OVERLAPPED WITH CORNER-MASK of partition ws_core_std_top_4x4.

Detailed Pin Information
------------------------
Illegally Assigned Pins:
 - busy
 - result_matrix[511]
 - result_valid
 - input_data_vec[0]
 - rst_n
Summary report for top level: [ws_core_std_top_4x4] 
	Total Pins                         : 653
	Legally Assigned Pins              : 648
	Illegally Assigned Pins            : 5
End of Summary report
End Checking pins of top cell: [ws_core_std_top_4x4] 


=====================================================================================================================================
                                                     checkPinAssignment Summary
=====================================================================================================================================
Partition             | pads  | pins   | legal  | illegal | internal | internal illegal | FT     | FT illegal | constant | unplaced |
=====================================================================================================================================
ws_core_std_top_4x4   |     0 |    653 |    648 |       5 |        0 |                0 |      0 |          0 |        0 |        0 |
=====================================================================================================================================
TOTAL                 |     0 |    653 |    648 |       5 |        0 |                0 |      0 |          0 |        0 |        0 |
=====================================================================================================================================
