 
****************************************
Report : area
Design : dip_core_std_top_4x4
Version: O-2018.06-SP1
Date   : Tue Apr 21 21:47:10 2026
****************************************

Library(s) Used:

    slow (File: /home/ic_libs/TSMC.90/aci/sc-x/synopsys/slow.db)

Number of ports:                         8730
Number of nets:                         29223
Number of cells:                        17903
Number of combinational cells:          15883
Number of sequential cells:              1911
Number of macros/black boxes:               0
Number of buf/inv:                       1731
Number of references:                       1

Combinational area:             157793.330238
Buf/Inv area:                     4759.272124
Noncombinational area:           29076.365011
Macro/Black Box area:                0.000000
Net Interconnect area:      undefined  (No wire load specified)

Total cell area:                186869.695249
Total area:                 undefined
1
