 
****************************************
check_design summary:
Version:     O-2018.06-SP1
Date:        Tue Apr 21 21:45:38 2026
****************************************

                   Name                                            Total
--------------------------------------------------------------------------------
Cells                                                             137
    Cells do not drive (LINT-1)                                     5
    Connected to power or ground (LINT-32)                        128
    Nets connected to multiple pins on same cell (LINT-33)          4

Nets                                                               64
    Unloaded nets (LINT-2)                                         64
--------------------------------------------------------------------------------

Warning: In design 'standard_dip_array_4x4_DATA_WIDTH16_WEIGHT_WIDTH16_ACC_WIDTH32_ARRAY_SIZE4', cell 'C3452' does not drive any nets. (LINT-1)
Warning: In design 'systolic_array_dip_4x4_DATA_WIDTH16_WEIGHT_WIDTH16_ACC_WIDTH32_ARRAY_SIZE4', cell 'B_8' does not drive any nets. (LINT-1)
Warning: In design 'systolic_array_dip_4x4_DATA_WIDTH16_WEIGHT_WIDTH16_ACC_WIDTH32_ARRAY_SIZE4', cell 'C3331' does not drive any nets. (LINT-1)
Warning: In design 'systolic_array_dip_4x4_DATA_WIDTH16_WEIGHT_WIDTH16_ACC_WIDTH32_ARRAY_SIZE4', cell 'C3336' does not drive any nets. (LINT-1)
Warning: In design 'dip_pe_DATA_WIDTH16_WEIGHT_WIDTH16_ACC_WIDTH32', cell 'C398' does not drive any nets. (LINT-1)
Warning: In design 'dip_core_std_top_4x4', net 'u_dip_std_array/u_stream_dip/pe_data_out[3][0][0]' driven by pin 'u_dip_std_array/u_stream_dip/gen_rows[3].gen_cols[0].u_dip_pe/data_out[0]' has no loads. (LINT-2)
Warning: In design 'dip_core_std_top_4x4', net 'u_dip_std_array/u_stream_dip/pe_data_out[3][0][1]' driven by pin 'u_dip_std_array/u_stream_dip/gen_rows[3].gen_cols[0].u_dip_pe/data_out[1]' has no loads. (LINT-2)
Warning: In design 'dip_core_std_top_4x4', net 'u_dip_std_array/u_stream_dip/pe_data_out[3][0][2]' driven by pin 'u_dip_std_array/u_stream_dip/gen_rows[3].gen_cols[0].u_dip_pe/data_out[2]' has no loads. (LINT-2)
Warning: In design 'dip_core_std_top_4x4', net 'u_dip_std_array/u_stream_dip/pe_data_out[3][0][3]' driven by pin 'u_dip_std_array/u_stream_dip/gen_rows[3].gen_cols[0].u_dip_pe/data_out[3]' has no loads. (LINT-2)
Warning: In design 'dip_core_std_top_4x4', net 'u_dip_std_array/u_stream_dip/pe_data_out[3][0][4]' driven by pin 'u_dip_std_array/u_stream_dip/gen_rows[3].gen_cols[0].u_dip_pe/data_out[4]' has no loads. (LINT-2)
Warning: In design 'dip_core_std_top_4x4', net 'u_dip_std_array/u_stream_dip/pe_data_out[3][0][5]' driven by pin 'u_dip_std_array/u_stream_dip/gen_rows[3].gen_cols[0].u_dip_pe/data_out[5]' has no loads. (LINT-2)
Warning: In design 'dip_core_std_top_4x4', net 'u_dip_std_array/u_stream_dip/pe_data_out[3][0][6]' driven by pin 'u_dip_std_array/u_stream_dip/gen_rows[3].gen_cols[0].u_dip_pe/data_out[6]' has no loads. (LINT-2)
Warning: In design 'dip_core_std_top_4x4', net 'u_dip_std_array/u_stream_dip/pe_data_out[3][0][7]' driven by pin 'u_dip_std_array/u_stream_dip/gen_rows[3].gen_cols[0].u_dip_pe/data_out[7]' has no loads. (LINT-2)
Warning: In design 'dip_core_std_top_4x4', net 'u_dip_std_array/u_stream_dip/pe_data_out[3][0][8]' driven by pin 'u_dip_std_array/u_stream_dip/gen_rows[3].gen_cols[0].u_dip_pe/data_out[8]' has no loads. (LINT-2)
Warning: In design 'dip_core_std_top_4x4', net 'u_dip_std_array/u_stream_dip/pe_data_out[3][0][9]' driven by pin 'u_dip_std_array/u_stream_dip/gen_rows[3].gen_cols[0].u_dip_pe/data_out[9]' has no loads. (LINT-2)
Warning: In design 'dip_core_std_top_4x4', net 'u_dip_std_array/u_stream_dip/pe_data_out[3][0][10]' driven by pin 'u_dip_std_array/u_stream_dip/gen_rows[3].gen_cols[0].u_dip_pe/data_out[10]' has no loads. (LINT-2)
Warning: In design 'dip_core_std_top_4x4', net 'u_dip_std_array/u_stream_dip/pe_data_out[3][0][11]' driven by pin 'u_dip_std_array/u_stream_dip/gen_rows[3].gen_cols[0].u_dip_pe/data_out[11]' has no loads. (LINT-2)
Warning: In design 'dip_core_std_top_4x4', net 'u_dip_std_array/u_stream_dip/pe_data_out[3][0][12]' driven by pin 'u_dip_std_array/u_stream_dip/gen_rows[3].gen_cols[0].u_dip_pe/data_out[12]' has no loads. (LINT-2)
Warning: In design 'dip_core_std_top_4x4', net 'u_dip_std_array/u_stream_dip/pe_data_out[3][0][13]' driven by pin 'u_dip_std_array/u_stream_dip/gen_rows[3].gen_cols[0].u_dip_pe/data_out[13]' has no loads. (LINT-2)
Warning: In design 'dip_core_std_top_4x4', net 'u_dip_std_array/u_stream_dip/pe_data_out[3][0][14]' driven by pin 'u_dip_std_array/u_stream_dip/gen_rows[3].gen_cols[0].u_dip_pe/data_out[14]' has no loads. (LINT-2)
Warning: In design 'dip_core_std_top_4x4', net 'u_dip_std_array/u_stream_dip/pe_data_out[3][0][15]' driven by pin 'u_dip_std_array/u_stream_dip/gen_rows[3].gen_cols[0].u_dip_pe/data_out[15]' has no loads. (LINT-2)
Warning: In design 'dip_core_std_top_4x4', net 'u_dip_std_array/u_stream_dip/pe_data_out[3][1][0]' driven by pin 'u_dip_std_array/u_stream_dip/gen_rows[3].gen_cols[1].u_dip_pe/data_out[0]' has no loads. (LINT-2)
Warning: In design 'dip_core_std_top_4x4', net 'u_dip_std_array/u_stream_dip/pe_data_out[3][1][1]' driven by pin 'u_dip_std_array/u_stream_dip/gen_rows[3].gen_cols[1].u_dip_pe/data_out[1]' has no loads. (LINT-2)
Warning: In design 'dip_core_std_top_4x4', net 'u_dip_std_array/u_stream_dip/pe_data_out[3][1][2]' driven by pin 'u_dip_std_array/u_stream_dip/gen_rows[3].gen_cols[1].u_dip_pe/data_out[2]' has no loads. (LINT-2)
Warning: In design 'dip_core_std_top_4x4', net 'u_dip_std_array/u_stream_dip/pe_data_out[3][1][3]' driven by pin 'u_dip_std_array/u_stream_dip/gen_rows[3].gen_cols[1].u_dip_pe/data_out[3]' has no loads. (LINT-2)
Warning: In design 'dip_core_std_top_4x4', net 'u_dip_std_array/u_stream_dip/pe_data_out[3][1][4]' driven by pin 'u_dip_std_array/u_stream_dip/gen_rows[3].gen_cols[1].u_dip_pe/data_out[4]' has no loads. (LINT-2)
Warning: In design 'dip_core_std_top_4x4', net 'u_dip_std_array/u_stream_dip/pe_data_out[3][1][5]' driven by pin 'u_dip_std_array/u_stream_dip/gen_rows[3].gen_cols[1].u_dip_pe/data_out[5]' has no loads. (LINT-2)
Warning: In design 'dip_core_std_top_4x4', net 'u_dip_std_array/u_stream_dip/pe_data_out[3][1][6]' driven by pin 'u_dip_std_array/u_stream_dip/gen_rows[3].gen_cols[1].u_dip_pe/data_out[6]' has no loads. (LINT-2)
Warning: In design 'dip_core_std_top_4x4', net 'u_dip_std_array/u_stream_dip/pe_data_out[3][1][7]' driven by pin 'u_dip_std_array/u_stream_dip/gen_rows[3].gen_cols[1].u_dip_pe/data_out[7]' has no loads. (LINT-2)
Warning: In design 'dip_core_std_top_4x4', net 'u_dip_std_array/u_stream_dip/pe_data_out[3][1][8]' driven by pin 'u_dip_std_array/u_stream_dip/gen_rows[3].gen_cols[1].u_dip_pe/data_out[8]' has no loads. (LINT-2)
Warning: In design 'dip_core_std_top_4x4', net 'u_dip_std_array/u_stream_dip/pe_data_out[3][1][9]' driven by pin 'u_dip_std_array/u_stream_dip/gen_rows[3].gen_cols[1].u_dip_pe/data_out[9]' has no loads. (LINT-2)
Warning: In design 'dip_core_std_top_4x4', net 'u_dip_std_array/u_stream_dip/pe_data_out[3][1][10]' driven by pin 'u_dip_std_array/u_stream_dip/gen_rows[3].gen_cols[1].u_dip_pe/data_out[10]' has no loads. (LINT-2)
Warning: In design 'dip_core_std_top_4x4', net 'u_dip_std_array/u_stream_dip/pe_data_out[3][1][11]' driven by pin 'u_dip_std_array/u_stream_dip/gen_rows[3].gen_cols[1].u_dip_pe/data_out[11]' has no loads. (LINT-2)
Warning: In design 'dip_core_std_top_4x4', net 'u_dip_std_array/u_stream_dip/pe_data_out[3][1][12]' driven by pin 'u_dip_std_array/u_stream_dip/gen_rows[3].gen_cols[1].u_dip_pe/data_out[12]' has no loads. (LINT-2)
Warning: In design 'dip_core_std_top_4x4', net 'u_dip_std_array/u_stream_dip/pe_data_out[3][1][13]' driven by pin 'u_dip_std_array/u_stream_dip/gen_rows[3].gen_cols[1].u_dip_pe/data_out[13]' has no loads. (LINT-2)
Warning: In design 'dip_core_std_top_4x4', net 'u_dip_std_array/u_stream_dip/pe_data_out[3][1][14]' driven by pin 'u_dip_std_array/u_stream_dip/gen_rows[3].gen_cols[1].u_dip_pe/data_out[14]' has no loads. (LINT-2)
Warning: In design 'dip_core_std_top_4x4', net 'u_dip_std_array/u_stream_dip/pe_data_out[3][1][15]' driven by pin 'u_dip_std_array/u_stream_dip/gen_rows[3].gen_cols[1].u_dip_pe/data_out[15]' has no loads. (LINT-2)
Warning: In design 'dip_core_std_top_4x4', net 'u_dip_std_array/u_stream_dip/pe_data_out[3][2][0]' driven by pin 'u_dip_std_array/u_stream_dip/gen_rows[3].gen_cols[2].u_dip_pe/data_out[0]' has no loads. (LINT-2)
Warning: In design 'dip_core_std_top_4x4', net 'u_dip_std_array/u_stream_dip/pe_data_out[3][2][1]' driven by pin 'u_dip_std_array/u_stream_dip/gen_rows[3].gen_cols[2].u_dip_pe/data_out[1]' has no loads. (LINT-2)
Warning: In design 'dip_core_std_top_4x4', net 'u_dip_std_array/u_stream_dip/pe_data_out[3][2][2]' driven by pin 'u_dip_std_array/u_stream_dip/gen_rows[3].gen_cols[2].u_dip_pe/data_out[2]' has no loads. (LINT-2)
Warning: In design 'dip_core_std_top_4x4', net 'u_dip_std_array/u_stream_dip/pe_data_out[3][2][3]' driven by pin 'u_dip_std_array/u_stream_dip/gen_rows[3].gen_cols[2].u_dip_pe/data_out[3]' has no loads. (LINT-2)
Warning: In design 'dip_core_std_top_4x4', net 'u_dip_std_array/u_stream_dip/pe_data_out[3][2][4]' driven by pin 'u_dip_std_array/u_stream_dip/gen_rows[3].gen_cols[2].u_dip_pe/data_out[4]' has no loads. (LINT-2)
Warning: In design 'dip_core_std_top_4x4', net 'u_dip_std_array/u_stream_dip/pe_data_out[3][2][5]' driven by pin 'u_dip_std_array/u_stream_dip/gen_rows[3].gen_cols[2].u_dip_pe/data_out[5]' has no loads. (LINT-2)
Warning: In design 'dip_core_std_top_4x4', net 'u_dip_std_array/u_stream_dip/pe_data_out[3][2][6]' driven by pin 'u_dip_std_array/u_stream_dip/gen_rows[3].gen_cols[2].u_dip_pe/data_out[6]' has no loads. (LINT-2)
Warning: In design 'dip_core_std_top_4x4', net 'u_dip_std_array/u_stream_dip/pe_data_out[3][2][7]' driven by pin 'u_dip_std_array/u_stream_dip/gen_rows[3].gen_cols[2].u_dip_pe/data_out[7]' has no loads. (LINT-2)
Warning: In design 'dip_core_std_top_4x4', net 'u_dip_std_array/u_stream_dip/pe_data_out[3][2][8]' driven by pin 'u_dip_std_array/u_stream_dip/gen_rows[3].gen_cols[2].u_dip_pe/data_out[8]' has no loads. (LINT-2)
Warning: In design 'dip_core_std_top_4x4', net 'u_dip_std_array/u_stream_dip/pe_data_out[3][2][9]' driven by pin 'u_dip_std_array/u_stream_dip/gen_rows[3].gen_cols[2].u_dip_pe/data_out[9]' has no loads. (LINT-2)
Warning: In design 'dip_core_std_top_4x4', net 'u_dip_std_array/u_stream_dip/pe_data_out[3][2][10]' driven by pin 'u_dip_std_array/u_stream_dip/gen_rows[3].gen_cols[2].u_dip_pe/data_out[10]' has no loads. (LINT-2)
Warning: In design 'dip_core_std_top_4x4', net 'u_dip_std_array/u_stream_dip/pe_data_out[3][2][11]' driven by pin 'u_dip_std_array/u_stream_dip/gen_rows[3].gen_cols[2].u_dip_pe/data_out[11]' has no loads. (LINT-2)
Warning: In design 'dip_core_std_top_4x4', net 'u_dip_std_array/u_stream_dip/pe_data_out[3][2][12]' driven by pin 'u_dip_std_array/u_stream_dip/gen_rows[3].gen_cols[2].u_dip_pe/data_out[12]' has no loads. (LINT-2)
Warning: In design 'dip_core_std_top_4x4', net 'u_dip_std_array/u_stream_dip/pe_data_out[3][2][13]' driven by pin 'u_dip_std_array/u_stream_dip/gen_rows[3].gen_cols[2].u_dip_pe/data_out[13]' has no loads. (LINT-2)
Warning: In design 'dip_core_std_top_4x4', net 'u_dip_std_array/u_stream_dip/pe_data_out[3][2][14]' driven by pin 'u_dip_std_array/u_stream_dip/gen_rows[3].gen_cols[2].u_dip_pe/data_out[14]' has no loads. (LINT-2)
Warning: In design 'dip_core_std_top_4x4', net 'u_dip_std_array/u_stream_dip/pe_data_out[3][2][15]' driven by pin 'u_dip_std_array/u_stream_dip/gen_rows[3].gen_cols[2].u_dip_pe/data_out[15]' has no loads. (LINT-2)
Warning: In design 'dip_core_std_top_4x4', net 'u_dip_std_array/u_stream_dip/pe_data_out[3][3][0]' driven by pin 'u_dip_std_array/u_stream_dip/gen_rows[3].gen_cols[3].u_dip_pe/data_out[0]' has no loads. (LINT-2)
Warning: In design 'dip_core_std_top_4x4', net 'u_dip_std_array/u_stream_dip/pe_data_out[3][3][1]' driven by pin 'u_dip_std_array/u_stream_dip/gen_rows[3].gen_cols[3].u_dip_pe/data_out[1]' has no loads. (LINT-2)
Warning: In design 'dip_core_std_top_4x4', net 'u_dip_std_array/u_stream_dip/pe_data_out[3][3][2]' driven by pin 'u_dip_std_array/u_stream_dip/gen_rows[3].gen_cols[3].u_dip_pe/data_out[2]' has no loads. (LINT-2)
Warning: In design 'dip_core_std_top_4x4', net 'u_dip_std_array/u_stream_dip/pe_data_out[3][3][3]' driven by pin 'u_dip_std_array/u_stream_dip/gen_rows[3].gen_cols[3].u_dip_pe/data_out[3]' has no loads. (LINT-2)
Warning: In design 'dip_core_std_top_4x4', net 'u_dip_std_array/u_stream_dip/pe_data_out[3][3][4]' driven by pin 'u_dip_std_array/u_stream_dip/gen_rows[3].gen_cols[3].u_dip_pe/data_out[4]' has no loads. (LINT-2)
Warning: In design 'dip_core_std_top_4x4', net 'u_dip_std_array/u_stream_dip/pe_data_out[3][3][5]' driven by pin 'u_dip_std_array/u_stream_dip/gen_rows[3].gen_cols[3].u_dip_pe/data_out[5]' has no loads. (LINT-2)
Warning: In design 'dip_core_std_top_4x4', net 'u_dip_std_array/u_stream_dip/pe_data_out[3][3][6]' driven by pin 'u_dip_std_array/u_stream_dip/gen_rows[3].gen_cols[3].u_dip_pe/data_out[6]' has no loads. (LINT-2)
Warning: In design 'dip_core_std_top_4x4', net 'u_dip_std_array/u_stream_dip/pe_data_out[3][3][7]' driven by pin 'u_dip_std_array/u_stream_dip/gen_rows[3].gen_cols[3].u_dip_pe/data_out[7]' has no loads. (LINT-2)
Warning: In design 'dip_core_std_top_4x4', net 'u_dip_std_array/u_stream_dip/pe_data_out[3][3][8]' driven by pin 'u_dip_std_array/u_stream_dip/gen_rows[3].gen_cols[3].u_dip_pe/data_out[8]' has no loads. (LINT-2)
Warning: In design 'dip_core_std_top_4x4', net 'u_dip_std_array/u_stream_dip/pe_data_out[3][3][9]' driven by pin 'u_dip_std_array/u_stream_dip/gen_rows[3].gen_cols[3].u_dip_pe/data_out[9]' has no loads. (LINT-2)
Warning: In design 'dip_core_std_top_4x4', net 'u_dip_std_array/u_stream_dip/pe_data_out[3][3][10]' driven by pin 'u_dip_std_array/u_stream_dip/gen_rows[3].gen_cols[3].u_dip_pe/data_out[10]' has no loads. (LINT-2)
Warning: In design 'dip_core_std_top_4x4', net 'u_dip_std_array/u_stream_dip/pe_data_out[3][3][11]' driven by pin 'u_dip_std_array/u_stream_dip/gen_rows[3].gen_cols[3].u_dip_pe/data_out[11]' has no loads. (LINT-2)
Warning: In design 'dip_core_std_top_4x4', net 'u_dip_std_array/u_stream_dip/pe_data_out[3][3][12]' driven by pin 'u_dip_std_array/u_stream_dip/gen_rows[3].gen_cols[3].u_dip_pe/data_out[12]' has no loads. (LINT-2)
Warning: In design 'dip_core_std_top_4x4', net 'u_dip_std_array/u_stream_dip/pe_data_out[3][3][13]' driven by pin 'u_dip_std_array/u_stream_dip/gen_rows[3].gen_cols[3].u_dip_pe/data_out[13]' has no loads. (LINT-2)
Warning: In design 'dip_core_std_top_4x4', net 'u_dip_std_array/u_stream_dip/pe_data_out[3][3][14]' driven by pin 'u_dip_std_array/u_stream_dip/gen_rows[3].gen_cols[3].u_dip_pe/data_out[14]' has no loads. (LINT-2)
Warning: In design 'dip_core_std_top_4x4', net 'u_dip_std_array/u_stream_dip/pe_data_out[3][3][15]' driven by pin 'u_dip_std_array/u_stream_dip/gen_rows[3].gen_cols[3].u_dip_pe/data_out[15]' has no loads. (LINT-2)
Warning: In design 'systolic_array_dip_4x4_DATA_WIDTH16_WEIGHT_WIDTH16_ACC_WIDTH32_ARRAY_SIZE4', a pin on submodule 'gen_rows[0].gen_cols[0].u_dip_pe' is connected to logic 1 or logic 0. (LINT-32)
   Pin 'psum_in[31]' is connected to logic 0. 
Warning: In design 'systolic_array_dip_4x4_DATA_WIDTH16_WEIGHT_WIDTH16_ACC_WIDTH32_ARRAY_SIZE4', a pin on submodule 'gen_rows[0].gen_cols[0].u_dip_pe' is connected to logic 1 or logic 0. (LINT-32)
   Pin 'psum_in[30]' is connected to logic 0. 
Warning: In design 'systolic_array_dip_4x4_DATA_WIDTH16_WEIGHT_WIDTH16_ACC_WIDTH32_ARRAY_SIZE4', a pin on submodule 'gen_rows[0].gen_cols[0].u_dip_pe' is connected to logic 1 or logic 0. (LINT-32)
   Pin 'psum_in[29]' is connected to logic 0. 
Warning: In design 'systolic_array_dip_4x4_DATA_WIDTH16_WEIGHT_WIDTH16_ACC_WIDTH32_ARRAY_SIZE4', a pin on submodule 'gen_rows[0].gen_cols[0].u_dip_pe' is connected to logic 1 or logic 0. (LINT-32)
   Pin 'psum_in[28]' is connected to logic 0. 
Warning: In design 'systolic_array_dip_4x4_DATA_WIDTH16_WEIGHT_WIDTH16_ACC_WIDTH32_ARRAY_SIZE4', a pin on submodule 'gen_rows[0].gen_cols[0].u_dip_pe' is connected to logic 1 or logic 0. (LINT-32)
   Pin 'psum_in[27]' is connected to logic 0. 
Warning: In design 'systolic_array_dip_4x4_DATA_WIDTH16_WEIGHT_WIDTH16_ACC_WIDTH32_ARRAY_SIZE4', a pin on submodule 'gen_rows[0].gen_cols[0].u_dip_pe' is connected to logic 1 or logic 0. (LINT-32)
   Pin 'psum_in[26]' is connected to logic 0. 
Warning: In design 'systolic_array_dip_4x4_DATA_WIDTH16_WEIGHT_WIDTH16_ACC_WIDTH32_ARRAY_SIZE4', a pin on submodule 'gen_rows[0].gen_cols[0].u_dip_pe' is connected to logic 1 or logic 0. (LINT-32)
   Pin 'psum_in[25]' is connected to logic 0. 
Warning: In design 'systolic_array_dip_4x4_DATA_WIDTH16_WEIGHT_WIDTH16_ACC_WIDTH32_ARRAY_SIZE4', a pin on submodule 'gen_rows[0].gen_cols[0].u_dip_pe' is connected to logic 1 or logic 0. (LINT-32)
   Pin 'psum_in[24]' is connected to logic 0. 
Warning: In design 'systolic_array_dip_4x4_DATA_WIDTH16_WEIGHT_WIDTH16_ACC_WIDTH32_ARRAY_SIZE4', a pin on submodule 'gen_rows[0].gen_cols[0].u_dip_pe' is connected to logic 1 or logic 0. (LINT-32)
   Pin 'psum_in[23]' is connected to logic 0. 
Warning: In design 'systolic_array_dip_4x4_DATA_WIDTH16_WEIGHT_WIDTH16_ACC_WIDTH32_ARRAY_SIZE4', a pin on submodule 'gen_rows[0].gen_cols[0].u_dip_pe' is connected to logic 1 or logic 0. (LINT-32)
   Pin 'psum_in[22]' is connected to logic 0. 
Warning: In design 'systolic_array_dip_4x4_DATA_WIDTH16_WEIGHT_WIDTH16_ACC_WIDTH32_ARRAY_SIZE4', a pin on submodule 'gen_rows[0].gen_cols[0].u_dip_pe' is connected to logic 1 or logic 0. (LINT-32)
   Pin 'psum_in[21]' is connected to logic 0. 
Warning: In design 'systolic_array_dip_4x4_DATA_WIDTH16_WEIGHT_WIDTH16_ACC_WIDTH32_ARRAY_SIZE4', a pin on submodule 'gen_rows[0].gen_cols[0].u_dip_pe' is connected to logic 1 or logic 0. (LINT-32)
   Pin 'psum_in[20]' is connected to logic 0. 
Warning: In design 'systolic_array_dip_4x4_DATA_WIDTH16_WEIGHT_WIDTH16_ACC_WIDTH32_ARRAY_SIZE4', a pin on submodule 'gen_rows[0].gen_cols[0].u_dip_pe' is connected to logic 1 or logic 0. (LINT-32)
   Pin 'psum_in[19]' is connected to logic 0. 
Warning: In design 'systolic_array_dip_4x4_DATA_WIDTH16_WEIGHT_WIDTH16_ACC_WIDTH32_ARRAY_SIZE4', a pin on submodule 'gen_rows[0].gen_cols[0].u_dip_pe' is connected to logic 1 or logic 0. (LINT-32)
   Pin 'psum_in[18]' is connected to logic 0. 
Warning: In design 'systolic_array_dip_4x4_DATA_WIDTH16_WEIGHT_WIDTH16_ACC_WIDTH32_ARRAY_SIZE4', a pin on submodule 'gen_rows[0].gen_cols[0].u_dip_pe' is connected to logic 1 or logic 0. (LINT-32)
   Pin 'psum_in[17]' is connected to logic 0. 
Warning: In design 'systolic_array_dip_4x4_DATA_WIDTH16_WEIGHT_WIDTH16_ACC_WIDTH32_ARRAY_SIZE4', a pin on submodule 'gen_rows[0].gen_cols[0].u_dip_pe' is connected to logic 1 or logic 0. (LINT-32)
   Pin 'psum_in[16]' is connected to logic 0. 
Warning: In design 'systolic_array_dip_4x4_DATA_WIDTH16_WEIGHT_WIDTH16_ACC_WIDTH32_ARRAY_SIZE4', a pin on submodule 'gen_rows[0].gen_cols[0].u_dip_pe' is connected to logic 1 or logic 0. (LINT-32)
   Pin 'psum_in[15]' is connected to logic 0. 
Warning: In design 'systolic_array_dip_4x4_DATA_WIDTH16_WEIGHT_WIDTH16_ACC_WIDTH32_ARRAY_SIZE4', a pin on submodule 'gen_rows[0].gen_cols[0].u_dip_pe' is connected to logic 1 or logic 0. (LINT-32)
   Pin 'psum_in[14]' is connected to logic 0. 
Warning: In design 'systolic_array_dip_4x4_DATA_WIDTH16_WEIGHT_WIDTH16_ACC_WIDTH32_ARRAY_SIZE4', a pin on submodule 'gen_rows[0].gen_cols[0].u_dip_pe' is connected to logic 1 or logic 0. (LINT-32)
   Pin 'psum_in[13]' is connected to logic 0. 
Warning: In design 'systolic_array_dip_4x4_DATA_WIDTH16_WEIGHT_WIDTH16_ACC_WIDTH32_ARRAY_SIZE4', a pin on submodule 'gen_rows[0].gen_cols[0].u_dip_pe' is connected to logic 1 or logic 0. (LINT-32)
   Pin 'psum_in[12]' is connected to logic 0. 
Warning: In design 'systolic_array_dip_4x4_DATA_WIDTH16_WEIGHT_WIDTH16_ACC_WIDTH32_ARRAY_SIZE4', a pin on submodule 'gen_rows[0].gen_cols[0].u_dip_pe' is connected to logic 1 or logic 0. (LINT-32)
   Pin 'psum_in[11]' is connected to logic 0. 
Warning: In design 'systolic_array_dip_4x4_DATA_WIDTH16_WEIGHT_WIDTH16_ACC_WIDTH32_ARRAY_SIZE4', a pin on submodule 'gen_rows[0].gen_cols[0].u_dip_pe' is connected to logic 1 or logic 0. (LINT-32)
   Pin 'psum_in[10]' is connected to logic 0. 
Warning: In design 'systolic_array_dip_4x4_DATA_WIDTH16_WEIGHT_WIDTH16_ACC_WIDTH32_ARRAY_SIZE4', a pin on submodule 'gen_rows[0].gen_cols[0].u_dip_pe' is connected to logic 1 or logic 0. (LINT-32)
   Pin 'psum_in[9]' is connected to logic 0. 
Warning: In design 'systolic_array_dip_4x4_DATA_WIDTH16_WEIGHT_WIDTH16_ACC_WIDTH32_ARRAY_SIZE4', a pin on submodule 'gen_rows[0].gen_cols[0].u_dip_pe' is connected to logic 1 or logic 0. (LINT-32)
   Pin 'psum_in[8]' is connected to logic 0. 
Warning: In design 'systolic_array_dip_4x4_DATA_WIDTH16_WEIGHT_WIDTH16_ACC_WIDTH32_ARRAY_SIZE4', a pin on submodule 'gen_rows[0].gen_cols[0].u_dip_pe' is connected to logic 1 or logic 0. (LINT-32)
   Pin 'psum_in[7]' is connected to logic 0. 
Warning: In design 'systolic_array_dip_4x4_DATA_WIDTH16_WEIGHT_WIDTH16_ACC_WIDTH32_ARRAY_SIZE4', a pin on submodule 'gen_rows[0].gen_cols[0].u_dip_pe' is connected to logic 1 or logic 0. (LINT-32)
   Pin 'psum_in[6]' is connected to logic 0. 
Warning: In design 'systolic_array_dip_4x4_DATA_WIDTH16_WEIGHT_WIDTH16_ACC_WIDTH32_ARRAY_SIZE4', a pin on submodule 'gen_rows[0].gen_cols[0].u_dip_pe' is connected to logic 1 or logic 0. (LINT-32)
   Pin 'psum_in[5]' is connected to logic 0. 
Warning: In design 'systolic_array_dip_4x4_DATA_WIDTH16_WEIGHT_WIDTH16_ACC_WIDTH32_ARRAY_SIZE4', a pin on submodule 'gen_rows[0].gen_cols[0].u_dip_pe' is connected to logic 1 or logic 0. (LINT-32)
   Pin 'psum_in[4]' is connected to logic 0. 
Warning: In design 'systolic_array_dip_4x4_DATA_WIDTH16_WEIGHT_WIDTH16_ACC_WIDTH32_ARRAY_SIZE4', a pin on submodule 'gen_rows[0].gen_cols[0].u_dip_pe' is connected to logic 1 or logic 0. (LINT-32)
   Pin 'psum_in[3]' is connected to logic 0. 
Warning: In design 'systolic_array_dip_4x4_DATA_WIDTH16_WEIGHT_WIDTH16_ACC_WIDTH32_ARRAY_SIZE4', a pin on submodule 'gen_rows[0].gen_cols[0].u_dip_pe' is connected to logic 1 or logic 0. (LINT-32)
   Pin 'psum_in[2]' is connected to logic 0. 
Warning: In design 'systolic_array_dip_4x4_DATA_WIDTH16_WEIGHT_WIDTH16_ACC_WIDTH32_ARRAY_SIZE4', a pin on submodule 'gen_rows[0].gen_cols[0].u_dip_pe' is connected to logic 1 or logic 0. (LINT-32)
   Pin 'psum_in[1]' is connected to logic 0. 
Warning: In design 'systolic_array_dip_4x4_DATA_WIDTH16_WEIGHT_WIDTH16_ACC_WIDTH32_ARRAY_SIZE4', a pin on submodule 'gen_rows[0].gen_cols[0].u_dip_pe' is connected to logic 1 or logic 0. (LINT-32)
   Pin 'psum_in[0]' is connected to logic 0. 
Warning: In design 'systolic_array_dip_4x4_DATA_WIDTH16_WEIGHT_WIDTH16_ACC_WIDTH32_ARRAY_SIZE4', a pin on submodule 'gen_rows[0].gen_cols[1].u_dip_pe' is connected to logic 1 or logic 0. (LINT-32)
   Pin 'psum_in[31]' is connected to logic 0. 
Warning: In design 'systolic_array_dip_4x4_DATA_WIDTH16_WEIGHT_WIDTH16_ACC_WIDTH32_ARRAY_SIZE4', a pin on submodule 'gen_rows[0].gen_cols[1].u_dip_pe' is connected to logic 1 or logic 0. (LINT-32)
   Pin 'psum_in[30]' is connected to logic 0. 
Warning: In design 'systolic_array_dip_4x4_DATA_WIDTH16_WEIGHT_WIDTH16_ACC_WIDTH32_ARRAY_SIZE4', a pin on submodule 'gen_rows[0].gen_cols[1].u_dip_pe' is connected to logic 1 or logic 0. (LINT-32)
   Pin 'psum_in[29]' is connected to logic 0. 
Warning: In design 'systolic_array_dip_4x4_DATA_WIDTH16_WEIGHT_WIDTH16_ACC_WIDTH32_ARRAY_SIZE4', a pin on submodule 'gen_rows[0].gen_cols[1].u_dip_pe' is connected to logic 1 or logic 0. (LINT-32)
   Pin 'psum_in[28]' is connected to logic 0. 
Warning: In design 'systolic_array_dip_4x4_DATA_WIDTH16_WEIGHT_WIDTH16_ACC_WIDTH32_ARRAY_SIZE4', a pin on submodule 'gen_rows[0].gen_cols[1].u_dip_pe' is connected to logic 1 or logic 0. (LINT-32)
   Pin 'psum_in[27]' is connected to logic 0. 
Warning: In design 'systolic_array_dip_4x4_DATA_WIDTH16_WEIGHT_WIDTH16_ACC_WIDTH32_ARRAY_SIZE4', a pin on submodule 'gen_rows[0].gen_cols[1].u_dip_pe' is connected to logic 1 or logic 0. (LINT-32)
   Pin 'psum_in[26]' is connected to logic 0. 
Warning: In design 'systolic_array_dip_4x4_DATA_WIDTH16_WEIGHT_WIDTH16_ACC_WIDTH32_ARRAY_SIZE4', a pin on submodule 'gen_rows[0].gen_cols[1].u_dip_pe' is connected to logic 1 or logic 0. (LINT-32)
   Pin 'psum_in[25]' is connected to logic 0. 
Warning: In design 'systolic_array_dip_4x4_DATA_WIDTH16_WEIGHT_WIDTH16_ACC_WIDTH32_ARRAY_SIZE4', a pin on submodule 'gen_rows[0].gen_cols[1].u_dip_pe' is connected to logic 1 or logic 0. (LINT-32)
   Pin 'psum_in[24]' is connected to logic 0. 
Warning: In design 'systolic_array_dip_4x4_DATA_WIDTH16_WEIGHT_WIDTH16_ACC_WIDTH32_ARRAY_SIZE4', a pin on submodule 'gen_rows[0].gen_cols[1].u_dip_pe' is connected to logic 1 or logic 0. (LINT-32)
   Pin 'psum_in[23]' is connected to logic 0. 
Warning: In design 'systolic_array_dip_4x4_DATA_WIDTH16_WEIGHT_WIDTH16_ACC_WIDTH32_ARRAY_SIZE4', a pin on submodule 'gen_rows[0].gen_cols[1].u_dip_pe' is connected to logic 1 or logic 0. (LINT-32)
   Pin 'psum_in[22]' is connected to logic 0. 
Warning: In design 'systolic_array_dip_4x4_DATA_WIDTH16_WEIGHT_WIDTH16_ACC_WIDTH32_ARRAY_SIZE4', a pin on submodule 'gen_rows[0].gen_cols[1].u_dip_pe' is connected to logic 1 or logic 0. (LINT-32)
   Pin 'psum_in[21]' is connected to logic 0. 
Warning: In design 'systolic_array_dip_4x4_DATA_WIDTH16_WEIGHT_WIDTH16_ACC_WIDTH32_ARRAY_SIZE4', a pin on submodule 'gen_rows[0].gen_cols[1].u_dip_pe' is connected to logic 1 or logic 0. (LINT-32)
   Pin 'psum_in[20]' is connected to logic 0. 
Warning: In design 'systolic_array_dip_4x4_DATA_WIDTH16_WEIGHT_WIDTH16_ACC_WIDTH32_ARRAY_SIZE4', a pin on submodule 'gen_rows[0].gen_cols[1].u_dip_pe' is connected to logic 1 or logic 0. (LINT-32)
   Pin 'psum_in[19]' is connected to logic 0. 
Warning: In design 'systolic_array_dip_4x4_DATA_WIDTH16_WEIGHT_WIDTH16_ACC_WIDTH32_ARRAY_SIZE4', a pin on submodule 'gen_rows[0].gen_cols[1].u_dip_pe' is connected to logic 1 or logic 0. (LINT-32)
   Pin 'psum_in[18]' is connected to logic 0. 
Warning: In design 'systolic_array_dip_4x4_DATA_WIDTH16_WEIGHT_WIDTH16_ACC_WIDTH32_ARRAY_SIZE4', a pin on submodule 'gen_rows[0].gen_cols[1].u_dip_pe' is connected to logic 1 or logic 0. (LINT-32)
   Pin 'psum_in[17]' is connected to logic 0. 
Warning: In design 'systolic_array_dip_4x4_DATA_WIDTH16_WEIGHT_WIDTH16_ACC_WIDTH32_ARRAY_SIZE4', a pin on submodule 'gen_rows[0].gen_cols[1].u_dip_pe' is connected to logic 1 or logic 0. (LINT-32)
   Pin 'psum_in[16]' is connected to logic 0. 
Warning: In design 'systolic_array_dip_4x4_DATA_WIDTH16_WEIGHT_WIDTH16_ACC_WIDTH32_ARRAY_SIZE4', a pin on submodule 'gen_rows[0].gen_cols[1].u_dip_pe' is connected to logic 1 or logic 0. (LINT-32)
   Pin 'psum_in[15]' is connected to logic 0. 
Warning: In design 'systolic_array_dip_4x4_DATA_WIDTH16_WEIGHT_WIDTH16_ACC_WIDTH32_ARRAY_SIZE4', a pin on submodule 'gen_rows[0].gen_cols[1].u_dip_pe' is connected to logic 1 or logic 0. (LINT-32)
   Pin 'psum_in[14]' is connected to logic 0. 
Warning: In design 'systolic_array_dip_4x4_DATA_WIDTH16_WEIGHT_WIDTH16_ACC_WIDTH32_ARRAY_SIZE4', a pin on submodule 'gen_rows[0].gen_cols[1].u_dip_pe' is connected to logic 1 or logic 0. (LINT-32)
   Pin 'psum_in[13]' is connected to logic 0. 
Warning: In design 'systolic_array_dip_4x4_DATA_WIDTH16_WEIGHT_WIDTH16_ACC_WIDTH32_ARRAY_SIZE4', a pin on submodule 'gen_rows[0].gen_cols[1].u_dip_pe' is connected to logic 1 or logic 0. (LINT-32)
   Pin 'psum_in[12]' is connected to logic 0. 
Warning: In design 'systolic_array_dip_4x4_DATA_WIDTH16_WEIGHT_WIDTH16_ACC_WIDTH32_ARRAY_SIZE4', a pin on submodule 'gen_rows[0].gen_cols[1].u_dip_pe' is connected to logic 1 or logic 0. (LINT-32)
   Pin 'psum_in[11]' is connected to logic 0. 
Warning: In design 'systolic_array_dip_4x4_DATA_WIDTH16_WEIGHT_WIDTH16_ACC_WIDTH32_ARRAY_SIZE4', a pin on submodule 'gen_rows[0].gen_cols[1].u_dip_pe' is connected to logic 1 or logic 0. (LINT-32)
   Pin 'psum_in[10]' is connected to logic 0. 
Warning: In design 'systolic_array_dip_4x4_DATA_WIDTH16_WEIGHT_WIDTH16_ACC_WIDTH32_ARRAY_SIZE4', a pin on submodule 'gen_rows[0].gen_cols[1].u_dip_pe' is connected to logic 1 or logic 0. (LINT-32)
   Pin 'psum_in[9]' is connected to logic 0. 
Warning: In design 'systolic_array_dip_4x4_DATA_WIDTH16_WEIGHT_WIDTH16_ACC_WIDTH32_ARRAY_SIZE4', a pin on submodule 'gen_rows[0].gen_cols[1].u_dip_pe' is connected to logic 1 or logic 0. (LINT-32)
   Pin 'psum_in[8]' is connected to logic 0. 
Warning: In design 'systolic_array_dip_4x4_DATA_WIDTH16_WEIGHT_WIDTH16_ACC_WIDTH32_ARRAY_SIZE4', a pin on submodule 'gen_rows[0].gen_cols[1].u_dip_pe' is connected to logic 1 or logic 0. (LINT-32)
   Pin 'psum_in[7]' is connected to logic 0. 
Warning: In design 'systolic_array_dip_4x4_DATA_WIDTH16_WEIGHT_WIDTH16_ACC_WIDTH32_ARRAY_SIZE4', a pin on submodule 'gen_rows[0].gen_cols[1].u_dip_pe' is connected to logic 1 or logic 0. (LINT-32)
   Pin 'psum_in[6]' is connected to logic 0. 
Warning: In design 'systolic_array_dip_4x4_DATA_WIDTH16_WEIGHT_WIDTH16_ACC_WIDTH32_ARRAY_SIZE4', a pin on submodule 'gen_rows[0].gen_cols[1].u_dip_pe' is connected to logic 1 or logic 0. (LINT-32)
   Pin 'psum_in[5]' is connected to logic 0. 
Warning: In design 'systolic_array_dip_4x4_DATA_WIDTH16_WEIGHT_WIDTH16_ACC_WIDTH32_ARRAY_SIZE4', a pin on submodule 'gen_rows[0].gen_cols[1].u_dip_pe' is connected to logic 1 or logic 0. (LINT-32)
   Pin 'psum_in[4]' is connected to logic 0. 
Warning: In design 'systolic_array_dip_4x4_DATA_WIDTH16_WEIGHT_WIDTH16_ACC_WIDTH32_ARRAY_SIZE4', a pin on submodule 'gen_rows[0].gen_cols[1].u_dip_pe' is connected to logic 1 or logic 0. (LINT-32)
   Pin 'psum_in[3]' is connected to logic 0. 
Warning: In design 'systolic_array_dip_4x4_DATA_WIDTH16_WEIGHT_WIDTH16_ACC_WIDTH32_ARRAY_SIZE4', a pin on submodule 'gen_rows[0].gen_cols[1].u_dip_pe' is connected to logic 1 or logic 0. (LINT-32)
   Pin 'psum_in[2]' is connected to logic 0. 
Warning: In design 'systolic_array_dip_4x4_DATA_WIDTH16_WEIGHT_WIDTH16_ACC_WIDTH32_ARRAY_SIZE4', a pin on submodule 'gen_rows[0].gen_cols[1].u_dip_pe' is connected to logic 1 or logic 0. (LINT-32)
   Pin 'psum_in[1]' is connected to logic 0. 
Warning: In design 'systolic_array_dip_4x4_DATA_WIDTH16_WEIGHT_WIDTH16_ACC_WIDTH32_ARRAY_SIZE4', a pin on submodule 'gen_rows[0].gen_cols[1].u_dip_pe' is connected to logic 1 or logic 0. (LINT-32)
   Pin 'psum_in[0]' is connected to logic 0. 
Warning: In design 'systolic_array_dip_4x4_DATA_WIDTH16_WEIGHT_WIDTH16_ACC_WIDTH32_ARRAY_SIZE4', a pin on submodule 'gen_rows[0].gen_cols[2].u_dip_pe' is connected to logic 1 or logic 0. (LINT-32)
   Pin 'psum_in[31]' is connected to logic 0. 
Warning: In design 'systolic_array_dip_4x4_DATA_WIDTH16_WEIGHT_WIDTH16_ACC_WIDTH32_ARRAY_SIZE4', a pin on submodule 'gen_rows[0].gen_cols[2].u_dip_pe' is connected to logic 1 or logic 0. (LINT-32)
   Pin 'psum_in[30]' is connected to logic 0. 
Warning: In design 'systolic_array_dip_4x4_DATA_WIDTH16_WEIGHT_WIDTH16_ACC_WIDTH32_ARRAY_SIZE4', a pin on submodule 'gen_rows[0].gen_cols[2].u_dip_pe' is connected to logic 1 or logic 0. (LINT-32)
   Pin 'psum_in[29]' is connected to logic 0. 
Warning: In design 'systolic_array_dip_4x4_DATA_WIDTH16_WEIGHT_WIDTH16_ACC_WIDTH32_ARRAY_SIZE4', a pin on submodule 'gen_rows[0].gen_cols[2].u_dip_pe' is connected to logic 1 or logic 0. (LINT-32)
   Pin 'psum_in[28]' is connected to logic 0. 
Warning: In design 'systolic_array_dip_4x4_DATA_WIDTH16_WEIGHT_WIDTH16_ACC_WIDTH32_ARRAY_SIZE4', a pin on submodule 'gen_rows[0].gen_cols[2].u_dip_pe' is connected to logic 1 or logic 0. (LINT-32)
   Pin 'psum_in[27]' is connected to logic 0. 
Warning: In design 'systolic_array_dip_4x4_DATA_WIDTH16_WEIGHT_WIDTH16_ACC_WIDTH32_ARRAY_SIZE4', a pin on submodule 'gen_rows[0].gen_cols[2].u_dip_pe' is connected to logic 1 or logic 0. (LINT-32)
   Pin 'psum_in[26]' is connected to logic 0. 
Warning: In design 'systolic_array_dip_4x4_DATA_WIDTH16_WEIGHT_WIDTH16_ACC_WIDTH32_ARRAY_SIZE4', a pin on submodule 'gen_rows[0].gen_cols[2].u_dip_pe' is connected to logic 1 or logic 0. (LINT-32)
   Pin 'psum_in[25]' is connected to logic 0. 
Warning: In design 'systolic_array_dip_4x4_DATA_WIDTH16_WEIGHT_WIDTH16_ACC_WIDTH32_ARRAY_SIZE4', a pin on submodule 'gen_rows[0].gen_cols[2].u_dip_pe' is connected to logic 1 or logic 0. (LINT-32)
   Pin 'psum_in[24]' is connected to logic 0. 
Warning: In design 'systolic_array_dip_4x4_DATA_WIDTH16_WEIGHT_WIDTH16_ACC_WIDTH32_ARRAY_SIZE4', a pin on submodule 'gen_rows[0].gen_cols[2].u_dip_pe' is connected to logic 1 or logic 0. (LINT-32)
   Pin 'psum_in[23]' is connected to logic 0. 
Warning: In design 'systolic_array_dip_4x4_DATA_WIDTH16_WEIGHT_WIDTH16_ACC_WIDTH32_ARRAY_SIZE4', a pin on submodule 'gen_rows[0].gen_cols[2].u_dip_pe' is connected to logic 1 or logic 0. (LINT-32)
   Pin 'psum_in[22]' is connected to logic 0. 
Warning: In design 'systolic_array_dip_4x4_DATA_WIDTH16_WEIGHT_WIDTH16_ACC_WIDTH32_ARRAY_SIZE4', a pin on submodule 'gen_rows[0].gen_cols[2].u_dip_pe' is connected to logic 1 or logic 0. (LINT-32)
   Pin 'psum_in[21]' is connected to logic 0. 
Warning: In design 'systolic_array_dip_4x4_DATA_WIDTH16_WEIGHT_WIDTH16_ACC_WIDTH32_ARRAY_SIZE4', a pin on submodule 'gen_rows[0].gen_cols[2].u_dip_pe' is connected to logic 1 or logic 0. (LINT-32)
   Pin 'psum_in[20]' is connected to logic 0. 
Warning: In design 'systolic_array_dip_4x4_DATA_WIDTH16_WEIGHT_WIDTH16_ACC_WIDTH32_ARRAY_SIZE4', a pin on submodule 'gen_rows[0].gen_cols[2].u_dip_pe' is connected to logic 1 or logic 0. (LINT-32)
   Pin 'psum_in[19]' is connected to logic 0. 
Warning: In design 'systolic_array_dip_4x4_DATA_WIDTH16_WEIGHT_WIDTH16_ACC_WIDTH32_ARRAY_SIZE4', a pin on submodule 'gen_rows[0].gen_cols[2].u_dip_pe' is connected to logic 1 or logic 0. (LINT-32)
   Pin 'psum_in[18]' is connected to logic 0. 
Warning: In design 'systolic_array_dip_4x4_DATA_WIDTH16_WEIGHT_WIDTH16_ACC_WIDTH32_ARRAY_SIZE4', a pin on submodule 'gen_rows[0].gen_cols[2].u_dip_pe' is connected to logic 1 or logic 0. (LINT-32)
   Pin 'psum_in[17]' is connected to logic 0. 
Warning: In design 'systolic_array_dip_4x4_DATA_WIDTH16_WEIGHT_WIDTH16_ACC_WIDTH32_ARRAY_SIZE4', a pin on submodule 'gen_rows[0].gen_cols[2].u_dip_pe' is connected to logic 1 or logic 0. (LINT-32)
   Pin 'psum_in[16]' is connected to logic 0. 
Warning: In design 'systolic_array_dip_4x4_DATA_WIDTH16_WEIGHT_WIDTH16_ACC_WIDTH32_ARRAY_SIZE4', a pin on submodule 'gen_rows[0].gen_cols[2].u_dip_pe' is connected to logic 1 or logic 0. (LINT-32)
   Pin 'psum_in[15]' is connected to logic 0. 
Warning: In design 'systolic_array_dip_4x4_DATA_WIDTH16_WEIGHT_WIDTH16_ACC_WIDTH32_ARRAY_SIZE4', a pin on submodule 'gen_rows[0].gen_cols[2].u_dip_pe' is connected to logic 1 or logic 0. (LINT-32)
   Pin 'psum_in[14]' is connected to logic 0. 
Warning: In design 'systolic_array_dip_4x4_DATA_WIDTH16_WEIGHT_WIDTH16_ACC_WIDTH32_ARRAY_SIZE4', a pin on submodule 'gen_rows[0].gen_cols[2].u_dip_pe' is connected to logic 1 or logic 0. (LINT-32)
   Pin 'psum_in[13]' is connected to logic 0. 
Warning: In design 'systolic_array_dip_4x4_DATA_WIDTH16_WEIGHT_WIDTH16_ACC_WIDTH32_ARRAY_SIZE4', a pin on submodule 'gen_rows[0].gen_cols[2].u_dip_pe' is connected to logic 1 or logic 0. (LINT-32)
   Pin 'psum_in[12]' is connected to logic 0. 
Warning: In design 'systolic_array_dip_4x4_DATA_WIDTH16_WEIGHT_WIDTH16_ACC_WIDTH32_ARRAY_SIZE4', a pin on submodule 'gen_rows[0].gen_cols[2].u_dip_pe' is connected to logic 1 or logic 0. (LINT-32)
   Pin 'psum_in[11]' is connected to logic 0. 
Warning: In design 'systolic_array_dip_4x4_DATA_WIDTH16_WEIGHT_WIDTH16_ACC_WIDTH32_ARRAY_SIZE4', a pin on submodule 'gen_rows[0].gen_cols[2].u_dip_pe' is connected to logic 1 or logic 0. (LINT-32)
   Pin 'psum_in[10]' is connected to logic 0. 
Warning: In design 'systolic_array_dip_4x4_DATA_WIDTH16_WEIGHT_WIDTH16_ACC_WIDTH32_ARRAY_SIZE4', a pin on submodule 'gen_rows[0].gen_cols[2].u_dip_pe' is connected to logic 1 or logic 0. (LINT-32)
   Pin 'psum_in[9]' is connected to logic 0. 
Warning: In design 'systolic_array_dip_4x4_DATA_WIDTH16_WEIGHT_WIDTH16_ACC_WIDTH32_ARRAY_SIZE4', a pin on submodule 'gen_rows[0].gen_cols[2].u_dip_pe' is connected to logic 1 or logic 0. (LINT-32)
   Pin 'psum_in[8]' is connected to logic 0. 
Warning: In design 'systolic_array_dip_4x4_DATA_WIDTH16_WEIGHT_WIDTH16_ACC_WIDTH32_ARRAY_SIZE4', a pin on submodule 'gen_rows[0].gen_cols[2].u_dip_pe' is connected to logic 1 or logic 0. (LINT-32)
   Pin 'psum_in[7]' is connected to logic 0. 
Warning: In design 'systolic_array_dip_4x4_DATA_WIDTH16_WEIGHT_WIDTH16_ACC_WIDTH32_ARRAY_SIZE4', a pin on submodule 'gen_rows[0].gen_cols[2].u_dip_pe' is connected to logic 1 or logic 0. (LINT-32)
   Pin 'psum_in[6]' is connected to logic 0. 
Warning: In design 'systolic_array_dip_4x4_DATA_WIDTH16_WEIGHT_WIDTH16_ACC_WIDTH32_ARRAY_SIZE4', a pin on submodule 'gen_rows[0].gen_cols[2].u_dip_pe' is connected to logic 1 or logic 0. (LINT-32)
   Pin 'psum_in[5]' is connected to logic 0. 
Warning: In design 'systolic_array_dip_4x4_DATA_WIDTH16_WEIGHT_WIDTH16_ACC_WIDTH32_ARRAY_SIZE4', a pin on submodule 'gen_rows[0].gen_cols[2].u_dip_pe' is connected to logic 1 or logic 0. (LINT-32)
   Pin 'psum_in[4]' is connected to logic 0. 
Warning: In design 'systolic_array_dip_4x4_DATA_WIDTH16_WEIGHT_WIDTH16_ACC_WIDTH32_ARRAY_SIZE4', a pin on submodule 'gen_rows[0].gen_cols[2].u_dip_pe' is connected to logic 1 or logic 0. (LINT-32)
   Pin 'psum_in[3]' is connected to logic 0. 
Warning: In design 'systolic_array_dip_4x4_DATA_WIDTH16_WEIGHT_WIDTH16_ACC_WIDTH32_ARRAY_SIZE4', a pin on submodule 'gen_rows[0].gen_cols[2].u_dip_pe' is connected to logic 1 or logic 0. (LINT-32)
   Pin 'psum_in[2]' is connected to logic 0. 
Warning: In design 'systolic_array_dip_4x4_DATA_WIDTH16_WEIGHT_WIDTH16_ACC_WIDTH32_ARRAY_SIZE4', a pin on submodule 'gen_rows[0].gen_cols[2].u_dip_pe' is connected to logic 1 or logic 0. (LINT-32)
   Pin 'psum_in[1]' is connected to logic 0. 
Warning: In design 'systolic_array_dip_4x4_DATA_WIDTH16_WEIGHT_WIDTH16_ACC_WIDTH32_ARRAY_SIZE4', a pin on submodule 'gen_rows[0].gen_cols[2].u_dip_pe' is connected to logic 1 or logic 0. (LINT-32)
   Pin 'psum_in[0]' is connected to logic 0. 
Warning: In design 'systolic_array_dip_4x4_DATA_WIDTH16_WEIGHT_WIDTH16_ACC_WIDTH32_ARRAY_SIZE4', a pin on submodule 'gen_rows[0].gen_cols[3].u_dip_pe' is connected to logic 1 or logic 0. (LINT-32)
   Pin 'psum_in[31]' is connected to logic 0. 
Warning: In design 'systolic_array_dip_4x4_DATA_WIDTH16_WEIGHT_WIDTH16_ACC_WIDTH32_ARRAY_SIZE4', a pin on submodule 'gen_rows[0].gen_cols[3].u_dip_pe' is connected to logic 1 or logic 0. (LINT-32)
   Pin 'psum_in[30]' is connected to logic 0. 
Warning: In design 'systolic_array_dip_4x4_DATA_WIDTH16_WEIGHT_WIDTH16_ACC_WIDTH32_ARRAY_SIZE4', a pin on submodule 'gen_rows[0].gen_cols[3].u_dip_pe' is connected to logic 1 or logic 0. (LINT-32)
   Pin 'psum_in[29]' is connected to logic 0. 
Warning: In design 'systolic_array_dip_4x4_DATA_WIDTH16_WEIGHT_WIDTH16_ACC_WIDTH32_ARRAY_SIZE4', a pin on submodule 'gen_rows[0].gen_cols[3].u_dip_pe' is connected to logic 1 or logic 0. (LINT-32)
   Pin 'psum_in[28]' is connected to logic 0. 
Warning: In design 'systolic_array_dip_4x4_DATA_WIDTH16_WEIGHT_WIDTH16_ACC_WIDTH32_ARRAY_SIZE4', a pin on submodule 'gen_rows[0].gen_cols[3].u_dip_pe' is connected to logic 1 or logic 0. (LINT-32)
   Pin 'psum_in[27]' is connected to logic 0. 
Warning: In design 'systolic_array_dip_4x4_DATA_WIDTH16_WEIGHT_WIDTH16_ACC_WIDTH32_ARRAY_SIZE4', a pin on submodule 'gen_rows[0].gen_cols[3].u_dip_pe' is connected to logic 1 or logic 0. (LINT-32)
   Pin 'psum_in[26]' is connected to logic 0. 
Warning: In design 'systolic_array_dip_4x4_DATA_WIDTH16_WEIGHT_WIDTH16_ACC_WIDTH32_ARRAY_SIZE4', a pin on submodule 'gen_rows[0].gen_cols[3].u_dip_pe' is connected to logic 1 or logic 0. (LINT-32)
   Pin 'psum_in[25]' is connected to logic 0. 
Warning: In design 'systolic_array_dip_4x4_DATA_WIDTH16_WEIGHT_WIDTH16_ACC_WIDTH32_ARRAY_SIZE4', a pin on submodule 'gen_rows[0].gen_cols[3].u_dip_pe' is connected to logic 1 or logic 0. (LINT-32)
   Pin 'psum_in[24]' is connected to logic 0. 
Warning: In design 'systolic_array_dip_4x4_DATA_WIDTH16_WEIGHT_WIDTH16_ACC_WIDTH32_ARRAY_SIZE4', a pin on submodule 'gen_rows[0].gen_cols[3].u_dip_pe' is connected to logic 1 or logic 0. (LINT-32)
   Pin 'psum_in[23]' is connected to logic 0. 
Warning: In design 'systolic_array_dip_4x4_DATA_WIDTH16_WEIGHT_WIDTH16_ACC_WIDTH32_ARRAY_SIZE4', a pin on submodule 'gen_rows[0].gen_cols[3].u_dip_pe' is connected to logic 1 or logic 0. (LINT-32)
   Pin 'psum_in[22]' is connected to logic 0. 
Warning: In design 'systolic_array_dip_4x4_DATA_WIDTH16_WEIGHT_WIDTH16_ACC_WIDTH32_ARRAY_SIZE4', a pin on submodule 'gen_rows[0].gen_cols[3].u_dip_pe' is connected to logic 1 or logic 0. (LINT-32)
   Pin 'psum_in[21]' is connected to logic 0. 
Warning: In design 'systolic_array_dip_4x4_DATA_WIDTH16_WEIGHT_WIDTH16_ACC_WIDTH32_ARRAY_SIZE4', a pin on submodule 'gen_rows[0].gen_cols[3].u_dip_pe' is connected to logic 1 or logic 0. (LINT-32)
   Pin 'psum_in[20]' is connected to logic 0. 
Warning: In design 'systolic_array_dip_4x4_DATA_WIDTH16_WEIGHT_WIDTH16_ACC_WIDTH32_ARRAY_SIZE4', a pin on submodule 'gen_rows[0].gen_cols[3].u_dip_pe' is connected to logic 1 or logic 0. (LINT-32)
   Pin 'psum_in[19]' is connected to logic 0. 
Warning: In design 'systolic_array_dip_4x4_DATA_WIDTH16_WEIGHT_WIDTH16_ACC_WIDTH32_ARRAY_SIZE4', a pin on submodule 'gen_rows[0].gen_cols[3].u_dip_pe' is connected to logic 1 or logic 0. (LINT-32)
   Pin 'psum_in[18]' is connected to logic 0. 
Warning: In design 'systolic_array_dip_4x4_DATA_WIDTH16_WEIGHT_WIDTH16_ACC_WIDTH32_ARRAY_SIZE4', a pin on submodule 'gen_rows[0].gen_cols[3].u_dip_pe' is connected to logic 1 or logic 0. (LINT-32)
   Pin 'psum_in[17]' is connected to logic 0. 
Warning: In design 'systolic_array_dip_4x4_DATA_WIDTH16_WEIGHT_WIDTH16_ACC_WIDTH32_ARRAY_SIZE4', a pin on submodule 'gen_rows[0].gen_cols[3].u_dip_pe' is connected to logic 1 or logic 0. (LINT-32)
   Pin 'psum_in[16]' is connected to logic 0. 
Warning: In design 'systolic_array_dip_4x4_DATA_WIDTH16_WEIGHT_WIDTH16_ACC_WIDTH32_ARRAY_SIZE4', a pin on submodule 'gen_rows[0].gen_cols[3].u_dip_pe' is connected to logic 1 or logic 0. (LINT-32)
   Pin 'psum_in[15]' is connected to logic 0. 
Warning: In design 'systolic_array_dip_4x4_DATA_WIDTH16_WEIGHT_WIDTH16_ACC_WIDTH32_ARRAY_SIZE4', a pin on submodule 'gen_rows[0].gen_cols[3].u_dip_pe' is connected to logic 1 or logic 0. (LINT-32)
   Pin 'psum_in[14]' is connected to logic 0. 
Warning: In design 'systolic_array_dip_4x4_DATA_WIDTH16_WEIGHT_WIDTH16_ACC_WIDTH32_ARRAY_SIZE4', a pin on submodule 'gen_rows[0].gen_cols[3].u_dip_pe' is connected to logic 1 or logic 0. (LINT-32)
   Pin 'psum_in[13]' is connected to logic 0. 
Warning: In design 'systolic_array_dip_4x4_DATA_WIDTH16_WEIGHT_WIDTH16_ACC_WIDTH32_ARRAY_SIZE4', a pin on submodule 'gen_rows[0].gen_cols[3].u_dip_pe' is connected to logic 1 or logic 0. (LINT-32)
   Pin 'psum_in[12]' is connected to logic 0. 
Warning: In design 'systolic_array_dip_4x4_DATA_WIDTH16_WEIGHT_WIDTH16_ACC_WIDTH32_ARRAY_SIZE4', a pin on submodule 'gen_rows[0].gen_cols[3].u_dip_pe' is connected to logic 1 or logic 0. (LINT-32)
   Pin 'psum_in[11]' is connected to logic 0. 
Warning: In design 'systolic_array_dip_4x4_DATA_WIDTH16_WEIGHT_WIDTH16_ACC_WIDTH32_ARRAY_SIZE4', a pin on submodule 'gen_rows[0].gen_cols[3].u_dip_pe' is connected to logic 1 or logic 0. (LINT-32)
   Pin 'psum_in[10]' is connected to logic 0. 
Warning: In design 'systolic_array_dip_4x4_DATA_WIDTH16_WEIGHT_WIDTH16_ACC_WIDTH32_ARRAY_SIZE4', a pin on submodule 'gen_rows[0].gen_cols[3].u_dip_pe' is connected to logic 1 or logic 0. (LINT-32)
   Pin 'psum_in[9]' is connected to logic 0. 
Warning: In design 'systolic_array_dip_4x4_DATA_WIDTH16_WEIGHT_WIDTH16_ACC_WIDTH32_ARRAY_SIZE4', a pin on submodule 'gen_rows[0].gen_cols[3].u_dip_pe' is connected to logic 1 or logic 0. (LINT-32)
   Pin 'psum_in[8]' is connected to logic 0. 
Warning: In design 'systolic_array_dip_4x4_DATA_WIDTH16_WEIGHT_WIDTH16_ACC_WIDTH32_ARRAY_SIZE4', a pin on submodule 'gen_rows[0].gen_cols[3].u_dip_pe' is connected to logic 1 or logic 0. (LINT-32)
   Pin 'psum_in[7]' is connected to logic 0. 
Warning: In design 'systolic_array_dip_4x4_DATA_WIDTH16_WEIGHT_WIDTH16_ACC_WIDTH32_ARRAY_SIZE4', a pin on submodule 'gen_rows[0].gen_cols[3].u_dip_pe' is connected to logic 1 or logic 0. (LINT-32)
   Pin 'psum_in[6]' is connected to logic 0. 
Warning: In design 'systolic_array_dip_4x4_DATA_WIDTH16_WEIGHT_WIDTH16_ACC_WIDTH32_ARRAY_SIZE4', a pin on submodule 'gen_rows[0].gen_cols[3].u_dip_pe' is connected to logic 1 or logic 0. (LINT-32)
   Pin 'psum_in[5]' is connected to logic 0. 
Warning: In design 'systolic_array_dip_4x4_DATA_WIDTH16_WEIGHT_WIDTH16_ACC_WIDTH32_ARRAY_SIZE4', a pin on submodule 'gen_rows[0].gen_cols[3].u_dip_pe' is connected to logic 1 or logic 0. (LINT-32)
   Pin 'psum_in[4]' is connected to logic 0. 
Warning: In design 'systolic_array_dip_4x4_DATA_WIDTH16_WEIGHT_WIDTH16_ACC_WIDTH32_ARRAY_SIZE4', a pin on submodule 'gen_rows[0].gen_cols[3].u_dip_pe' is connected to logic 1 or logic 0. (LINT-32)
   Pin 'psum_in[3]' is connected to logic 0. 
Warning: In design 'systolic_array_dip_4x4_DATA_WIDTH16_WEIGHT_WIDTH16_ACC_WIDTH32_ARRAY_SIZE4', a pin on submodule 'gen_rows[0].gen_cols[3].u_dip_pe' is connected to logic 1 or logic 0. (LINT-32)
   Pin 'psum_in[2]' is connected to logic 0. 
Warning: In design 'systolic_array_dip_4x4_DATA_WIDTH16_WEIGHT_WIDTH16_ACC_WIDTH32_ARRAY_SIZE4', a pin on submodule 'gen_rows[0].gen_cols[3].u_dip_pe' is connected to logic 1 or logic 0. (LINT-32)
   Pin 'psum_in[1]' is connected to logic 0. 
Warning: In design 'systolic_array_dip_4x4_DATA_WIDTH16_WEIGHT_WIDTH16_ACC_WIDTH32_ARRAY_SIZE4', a pin on submodule 'gen_rows[0].gen_cols[3].u_dip_pe' is connected to logic 1 or logic 0. (LINT-32)
   Pin 'psum_in[0]' is connected to logic 0. 
Warning: In design 'systolic_array_dip_4x4_DATA_WIDTH16_WEIGHT_WIDTH16_ACC_WIDTH32_ARRAY_SIZE4', the same net is connected to more than one pin on submodule 'gen_rows[0].gen_cols[0].u_dip_pe'. (LINT-33)
   Net '*Logic0*' is connected to pins 'psum_in[31]', 'psum_in[30]'', 'psum_in[29]', 'psum_in[28]', 'psum_in[27]', 'psum_in[26]', 'psum_in[25]', 'psum_in[24]', 'psum_in[23]', 'psum_in[22]', 'psum_in[21]', 'psum_in[20]', 'psum_in[19]', 'psum_in[18]', 'psum_in[17]', 'psum_in[16]', 'psum_in[15]', 'psum_in[14]', 'psum_in[13]', 'psum_in[12]', 'psum_in[11]', 'psum_in[10]', 'psum_in[9]', 'psum_in[8]', 'psum_in[7]', 'psum_in[6]', 'psum_in[5]', 'psum_in[4]', 'psum_in[3]', 'psum_in[2]', 'psum_in[1]', 'psum_in[0]'.
Warning: In design 'systolic_array_dip_4x4_DATA_WIDTH16_WEIGHT_WIDTH16_ACC_WIDTH32_ARRAY_SIZE4', the same net is connected to more than one pin on submodule 'gen_rows[0].gen_cols[1].u_dip_pe'. (LINT-33)
   Net '*Logic0*' is connected to pins 'psum_in[31]', 'psum_in[30]'', 'psum_in[29]', 'psum_in[28]', 'psum_in[27]', 'psum_in[26]', 'psum_in[25]', 'psum_in[24]', 'psum_in[23]', 'psum_in[22]', 'psum_in[21]', 'psum_in[20]', 'psum_in[19]', 'psum_in[18]', 'psum_in[17]', 'psum_in[16]', 'psum_in[15]', 'psum_in[14]', 'psum_in[13]', 'psum_in[12]', 'psum_in[11]', 'psum_in[10]', 'psum_in[9]', 'psum_in[8]', 'psum_in[7]', 'psum_in[6]', 'psum_in[5]', 'psum_in[4]', 'psum_in[3]', 'psum_in[2]', 'psum_in[1]', 'psum_in[0]'.
Warning: In design 'systolic_array_dip_4x4_DATA_WIDTH16_WEIGHT_WIDTH16_ACC_WIDTH32_ARRAY_SIZE4', the same net is connected to more than one pin on submodule 'gen_rows[0].gen_cols[2].u_dip_pe'. (LINT-33)
   Net '*Logic0*' is connected to pins 'psum_in[31]', 'psum_in[30]'', 'psum_in[29]', 'psum_in[28]', 'psum_in[27]', 'psum_in[26]', 'psum_in[25]', 'psum_in[24]', 'psum_in[23]', 'psum_in[22]', 'psum_in[21]', 'psum_in[20]', 'psum_in[19]', 'psum_in[18]', 'psum_in[17]', 'psum_in[16]', 'psum_in[15]', 'psum_in[14]', 'psum_in[13]', 'psum_in[12]', 'psum_in[11]', 'psum_in[10]', 'psum_in[9]', 'psum_in[8]', 'psum_in[7]', 'psum_in[6]', 'psum_in[5]', 'psum_in[4]', 'psum_in[3]', 'psum_in[2]', 'psum_in[1]', 'psum_in[0]'.
Warning: In design 'systolic_array_dip_4x4_DATA_WIDTH16_WEIGHT_WIDTH16_ACC_WIDTH32_ARRAY_SIZE4', the same net is connected to more than one pin on submodule 'gen_rows[0].gen_cols[3].u_dip_pe'. (LINT-33)
   Net '*Logic0*' is connected to pins 'psum_in[31]', 'psum_in[30]'', 'psum_in[29]', 'psum_in[28]', 'psum_in[27]', 'psum_in[26]', 'psum_in[25]', 'psum_in[24]', 'psum_in[23]', 'psum_in[22]', 'psum_in[21]', 'psum_in[20]', 'psum_in[19]', 'psum_in[18]', 'psum_in[17]', 'psum_in[16]', 'psum_in[15]', 'psum_in[14]', 'psum_in[13]', 'psum_in[12]', 'psum_in[11]', 'psum_in[10]', 'psum_in[9]', 'psum_in[8]', 'psum_in[7]', 'psum_in[6]', 'psum_in[5]', 'psum_in[4]', 'psum_in[3]', 'psum_in[2]', 'psum_in[1]', 'psum_in[0]'.
1
