Loading db file '/home/ic_libs/TSMC.90/aci/sc-x/synopsys/slow.db'
Information: Propagating switching activity (low effort zero delay simulation). (PWR-6)
Warning: Design has unannotated primary inputs. (PWR-414)
Warning: Design has unannotated sequential cell outputs. (PWR-415)
 
****************************************
Report : power
        -analysis_effort low
Design : dip_core_std_top_4x4
Version: O-2018.06-SP1
Date   : Tue Apr 21 21:47:11 2026
****************************************


Library(s) Used:

    slow (File: /home/ic_libs/TSMC.90/aci/sc-x/synopsys/slow.db)


Operating Conditions: slow   Library: slow
Wire Load Model Mode: top


Global Operating Voltage = 0.9  
Power-specific unit information :
    Voltage Units = 1V
    Capacitance Units = 1.000000pf
    Time Units = 1ns
    Dynamic Power Units = 1mW    (derived from V,C,T units)
    Leakage Power Units = 1pW


  Cell Internal Power  =   2.3336 mW   (87%)
  Net Switching Power  = 339.0667 uW   (13%)
                         ---------
Total Dynamic Power    =   2.6726 mW  (100%)

Cell Leakage Power     =   1.1205 mW


                 Internal         Switching           Leakage            Total
Power Group      Power            Power               Power              Power   (   %    )  Attrs
--------------------------------------------------------------------------------------------------
io_pad             0.0000            0.0000            0.0000            0.0000  (   0.00%)
memory             0.0000            0.0000            0.0000            0.0000  (   0.00%)
black_box          0.0000            0.0000            0.0000            0.0000  (   0.00%)
clock_network  6.7988e-02            0.1957        1.4083e+06            0.2651  (   6.99%)
register           2.0784        5.6823e-03        6.5080e+07            2.1491  (  56.66%)
sequential         0.0000            0.0000            0.0000            0.0000  (   0.00%)
combinational      0.1872            0.1377        1.0540e+09            1.3788  (  36.35%)
--------------------------------------------------------------------------------------------------
Total              2.3336 mW         0.3391 mW     1.1205e+09 pW         3.7931 mW
1
