Information: Updating design information... (UID-85)
Warning: A non-unate path in clock network for clock 'clk'
 from pin 'u_dip_std_array/u_stream_dip/gen_rows[0].gen_cols[1].u_dip_pe/clk_gate_psum_out_reg_reg/latch/CKcheckpin1' is detected. (TIM-052)
 
****************************************
Report : qor
Design : dip_core_std_top_4x4
Version: O-2018.06-SP1
Date   : Tue Apr 21 21:47:10 2026
****************************************


  Timing Path Group 'clk'
  -----------------------------------
  Levels of Logic:              37.00
  Critical Path Length:          4.90
  Critical Path Slack:           0.00
  Critical Path Clk Period:      5.00
  Total Negative Slack:          0.00
  No. of Violating Paths:        0.00
  Worst Hold Violation:          0.00
  Total Hold Violation:          0.00
  No. of Hold Violations:        0.00
  -----------------------------------


  Cell Count
  -----------------------------------
  Hierarchical Cell Count:        109
  Hierarchical Port Count:       8080
  Leaf Cell Count:              17690
  Buf/Inv Cell Count:            1731
  Buf Cell Count:                 253
  Inv Cell Count:                1478
  CT Buf/Inv Cell Count:            0
  Combinational Cell Count:     15883
  Sequential Cell Count:         1807
  Macro Count:                      0
  -----------------------------------


  Area
  -----------------------------------
  Combinational Area:   157793.330238
  Noncombinational Area: 29076.365011
  Buf/Inv Area:           4759.272124
  Total Buffer Area:           783.92
  Total Inverter Area:        3975.35
  Macro/Black Box Area:      0.000000
  Net Area:                  0.000000
  -----------------------------------
  Cell Area:            186869.695249
  Design Area:          186869.695249


  Design Rules
  -----------------------------------
  Total Number of Nets:         21543
  Nets With Violations:             0
  Max Trans Violations:             0
  Max Cap Violations:               0
  -----------------------------------


  Hostname: IC_EDA

  Compile CPU Statistics
  -----------------------------------------
  Resource Sharing:                    8.87
  Logic Optimization:                 10.11
  Mapping Optimization:               68.54
  -----------------------------------------
  Overall Compile Time:               90.38
  Overall Compile Wall Clock Time:    90.70

  --------------------------------------------------------------------

  Design  WNS: 0.00  TNS: 0.00  Number of Violating Paths: 0


  Design (Hold)  WNS: 0.00  TNS: 0.00  Number of Violating Paths: 0

  --------------------------------------------------------------------


1
