 
****************************************
Report : area
Design : dip_core_std_top_4x4
Version: O-2018.06-SP1
Date   : Tue Apr 21 20:28:55 2026
****************************************

Library(s) Used:

    slow (File: /home/ic_libs/TSMC.90/aci/sc-x/synopsys/slow.db)

Number of ports:                          698
Number of nets:                         14634
Number of cells:                        12494
Number of combinational cells:          10761
Number of sequential cells:              1721
Number of macros/black boxes:               0
Number of buf/inv:                        938
Number of references:                      92

Combinational area:              72090.447230
Buf/Inv area:                     2008.137666
Noncombinational area:           26694.259262
Macro/Black Box area:                0.000000
Net Interconnect area:      undefined  (No wire load specified)

Total cell area:                 98784.706492
Total area:                 undefined
1
