Information: Updating design information... (UID-85)
Warning: Design 'dip_core_std_top_4x4' contains 1 high-fanout nets. A fanout number of 1000 will be used for delay calculations involving these nets. (TIM-134)
Warning: A non-unate path in clock network for clock 'clk'
 from pin 'clk_gate_u_dip_std_array/u_stream_dip/gen_rows[2].gen_cols[3].u_dip_pe/psum_out_reg_reg/latch/CKcheckpin1' is detected. (TIM-052)
 
****************************************
Report : qor
Design : dip_core_std_top_4x4
Version: O-2018.06-SP1
Date   : Tue Apr 21 20:28:55 2026
****************************************


  Timing Path Group 'clk'
  -----------------------------------
  Levels of Logic:              35.00
  Critical Path Length:          4.85
  Critical Path Slack:           0.00
  Critical Path Clk Period:      5.00
  Total Negative Slack:          0.00
  No. of Violating Paths:        0.00
  Worst Hold Violation:          0.00
  Total Hold Violation:          0.00
  No. of Hold Violations:        0.00
  -----------------------------------


  Cell Count
  -----------------------------------
  Hierarchical Cell Count:         12
  Hierarchical Port Count:         48
  Leaf Cell Count:              12481
  Buf/Inv Cell Count:             938
  Buf Cell Count:                  18
  Inv Cell Count:                 920
  CT Buf/Inv Cell Count:            0
  Combinational Cell Count:     10761
  Sequential Cell Count:         1720
  Macro Count:                      0
  -----------------------------------


  Area
  -----------------------------------
  Combinational Area:    72090.447230
  Noncombinational Area: 26694.259262
  Buf/Inv Area:           2008.137666
  Total Buffer Area:            55.74
  Total Inverter Area:        1952.40
  Macro/Black Box Area:      0.000000
  Net Area:                  0.000000
  -----------------------------------
  Cell Area:             98784.706492
  Design Area:           98784.706492


  Design Rules
  -----------------------------------
  Total Number of Nets:         14586
  Nets With Violations:             0
  Max Trans Violations:             0
  Max Cap Violations:               0
  -----------------------------------


  Hostname: IC_EDA

  Compile CPU Statistics
  -----------------------------------------
  Resource Sharing:                    3.73
  Logic Optimization:                  9.59
  Mapping Optimization:               22.57
  -----------------------------------------
  Overall Compile Time:               56.07
  Overall Compile Wall Clock Time:    56.75

  --------------------------------------------------------------------

  Design  WNS: 0.00  TNS: 0.00  Number of Violating Paths: 0


  Design (Hold)  WNS: 0.00  TNS: 0.00  Number of Violating Paths: 0

  --------------------------------------------------------------------


1
