Depth  Name                                     #Inst  Area (um^2) 
-------------------------------------------------------------------
0      is_core_std_top_4x4                      14689  21263.928   
1      u_is_std_array                           14689  21263.928   
2      u_is_std_array/mult_add_133_I3_I4_aco    32     21.504      
2      u_is_std_array/add_133_I3_I1_aco         35     90.72       
2      u_is_std_array/mult_133_I4_I1            638    861.504     
2      u_is_std_array/add_133_I4_I4_aco         35     90.72       
2      u_is_std_array/mult_133_I2_I1            638    861.504     
2      u_is_std_array/add_133_I2_I3_aco         35     90.72       
2      u_is_std_array/mult_133_I3_I4            654    866.88      
2      u_is_std_array/mult_add_133_I4_I3_aco    32     21.504      
2      u_is_std_array/add_133_I2_I2_aco         35     90.72       
2      u_is_std_array/mult_add_133_I3_I1_aco    32     21.504      
2      u_is_std_array/mult_add_133_I3_I2_aco    32     21.504      
2      u_is_std_array/mult_133_I3_I3            654    866.88      
2      u_is_std_array/mult_133                  654    866.88      
2      u_is_std_array/add_133_I4_I3_aco         35     90.72       
2      u_is_std_array/mult_add_133_I2_I3_aco    32     21.504      
2      u_is_std_array/mult_add_133_I4_I4_aco    32     21.504      
2      u_is_std_array/add_133_I2_I1_aco         35     90.72       
2      u_is_std_array/mult_133_I4_I3            654    866.88      
2      u_is_std_array/mult_133_I2_I3            654    866.88      
2      u_is_std_array/mult_133_I3_I2            654    866.88      
2      u_is_std_array/mult_133_I4_I4            654    866.88      
2      u_is_std_array/add_133_I3_I4_aco         35     90.72       
2      u_is_std_array/add_133_I4_I2_aco         35     90.72       
2      u_is_std_array/mult_133_I2_I4            654    866.88      
2      u_is_std_array/mult_add_133_I2_I4_aco    32     21.504      
2      u_is_std_array/add_133_I4_I1_aco         35     90.72       
2      u_is_std_array/mult_133_I3               654    866.88      
2      u_is_std_array/mult_133_I2_I2            654    866.88      
2      u_is_std_array/add_133_I3_I3_aco         35     90.72       
2      u_is_std_array/mult_133_I4               654    866.88      
2      u_is_std_array/mult_add_133_I3_I3_aco    32     21.504      
2      u_is_std_array/mult_add_133_I2_I1_aco    32     21.504      
2      u_is_std_array/mult_add_133_I2_I2_aco    32     21.504      
2      u_is_std_array/mult_133_I4_I2            654    866.88      
2      u_is_std_array/mult_133_I2               654    866.88      
2      u_is_std_array/add_133_I2_I4_aco         35     90.72       
2      u_is_std_array/mult_133_I3_I1            638    861.504     
2      u_is_std_array/add_133_I3_I2_aco         35     90.72       
2      u_is_std_array/mult_add_133_I4_I2_aco    32     21.504      
2      u_is_std_array/mult_add_133_I4_I1_aco    32     21.504      
3      u_is_std_array/mult_133_I3/FS_1          77     58.128      
3      u_is_std_array/mult_133_I2_I2/FS_1       77     58.128      
3      u_is_std_array/mult_133_I4/FS_1          77     58.128      
3      u_is_std_array/mult_133_I4_I2/FS_1       77     58.128      
3      u_is_std_array/mult_133_I2/FS_1          77     58.128      
3      u_is_std_array/mult_133_I4_I1/FS_1       77     58.128      
3      u_is_std_array/mult_133_I2_I1/FS_1       77     58.128      
3      u_is_std_array/mult_133_I3_I4/FS_1       77     58.128      
3      u_is_std_array/mult_133_I3_I3/FS_1       77     58.128      
3      u_is_std_array/mult_133_I3_I1/FS_1       77     58.128      
3      u_is_std_array/mult_133/FS_1             77     58.128      
3      u_is_std_array/mult_133_I4_I3/FS_1       77     58.128      
3      u_is_std_array/mult_133_I2_I3/FS_1       77     58.128      
3      u_is_std_array/mult_133_I3_I2/FS_1       77     58.128      
3      u_is_std_array/mult_133_I4_I4/FS_1       77     58.128      
3      u_is_std_array/mult_133_I2_I4/FS_1       77     58.128      
