###############################################################
#  Generated by:      Cadence Innovus 18.10-p002_1
#  OS:                Linux x86_64(Host ID IC_EDA)
#  Generated on:      Sun Apr 26 10:25:47 2026
#  Design:            is_core_std_top_4x4
#  Command:           report_timing
###############################################################
#################################################################################
# Design Stage: PostRoute
# Design Name: is_core_std_top_4x4
# Design Mode: 28nm
# Analysis Mode: MMMC Non-OCV 
# Parasitics Mode: SPEF/RCDB
# Signoff Settings: SI Off 
#################################################################################
AAE_INFO: 1 threads acquired from CTE.
Calculate delays in Single mode...
Start delay calculation (fullDC) (1 T). (MEM=1442.81)
Reading RCDB with compressed RC data.
AAE_INFO: 1 threads acquired from CTE.
Total number of fetched objects 18727
AAE_INFO: Total number of nets for which stage creation was skipped for all views 0
End delay calculation. (MEM=1522.83 CPU=0:00:02.3 REAL=0:00:02.0)
End delay calculation (fullDC). (MEM=1522.83 CPU=0:00:02.8 REAL=0:00:03.0)
Path 1: MET Setup Check with Pin u_is_std_array/result_buf_reg_0__3__31_/CP 
Endpoint:   u_is_std_array/result_buf_reg_0__3__31_/D (^) checked with  leading 
edge of 'clk'
Beginpoint: weight_data_vec[63]                       (^) triggered by  leading 
edge of 'clk'
Path Groups: {clk}
Analysis View: view_default
Other End Arrival Time         -0.005
- Setup                         0.023
+ Phase Shift                   5.000
- Uncertainty                   0.050
= Required Time                 4.922
- Arrival Time                  2.781
= Slack Time                    2.141
     Clock Rise Edge                      0.000
     + Input Delay                        1.000
     = Beginpoint Arrival Time            1.000
     +--------------------------------------------------------------------------------------------------------------------------+ 
     |                   Instance                   |          Arc          |         Cell         | Delay | Arrival | Required | 
     |                                              |                       |                      |       |  Time   |   Time   | 
     |----------------------------------------------+-----------------------+----------------------+-------+---------+----------| 
     |                                              | weight_data_vec[63] ^ |                      |       |   1.000 |    3.141 | 
     | u_is_std_array/FE_DBTC303_weight_data_vec_63 | I ^ -> ZN v           | INVD1BWP12T40P140    | 0.070 |   1.070 |    3.210 | 
     | u_is_std_array/mult_133_I4_I1/U377           | A2 v -> ZN ^          | NR2D0BWP12T40P140    | 0.060 |   1.130 |    3.271 | 
     | u_is_std_array/mult_133_I4_I1/U36            | A2 ^ -> Z ^           | XOR2D1BWP12T40P140   | 0.042 |   1.172 |    3.312 | 
     | u_is_std_array/mult_133_I4_I1/S2_2_13        | CI ^ -> S v           | FA1D1BWP12T40P140    | 0.056 |   1.228 |    3.369 | 
     | u_is_std_array/mult_133_I4_I1/S2_3_12        | CI v -> S ^           | FA1D1BWP12T40P140    | 0.061 |   1.289 |    3.429 | 
     | u_is_std_array/mult_133_I4_I1/S2_4_11        | CI ^ -> S v           | FA1D1BWP12T40P140    | 0.058 |   1.347 |    3.488 | 
     | u_is_std_array/mult_133_I4_I1/S2_5_10        | CI v -> S ^           | FA1D1BWP12T40P140    | 0.060 |   1.407 |    3.548 | 
     | u_is_std_array/mult_133_I4_I1/S2_6_9         | CI ^ -> S v           | FA1D1BWP12T40P140    | 0.058 |   1.465 |    3.606 | 
     | u_is_std_array/mult_133_I4_I1/S2_7_8         | CI v -> S ^           | FA1D1BWP12T40P140    | 0.060 |   1.525 |    3.666 | 
     | u_is_std_array/mult_133_I4_I1/S2_8_7         | CI ^ -> S v           | FA1D1BWP12T40P140    | 0.058 |   1.584 |    3.724 | 
     | u_is_std_array/mult_133_I4_I1/S2_9_6         | CI v -> S ^           | FA1D1BWP12T40P140    | 0.060 |   1.643 |    3.784 | 
     | u_is_std_array/mult_133_I4_I1/S2_10_5        | CI ^ -> S v           | FA1D1BWP12T40P140    | 0.058 |   1.702 |    3.843 | 
     | u_is_std_array/mult_133_I4_I1/S2_11_4        | CI v -> S ^           | FA1D1BWP12T40P140    | 0.061 |   1.763 |    3.904 | 
     | u_is_std_array/mult_133_I4_I1/S2_12_3        | CI ^ -> S v           | FA1D1BWP12T40P140    | 0.058 |   1.822 |    3.962 | 
     | u_is_std_array/mult_133_I4_I1/S2_13_2        | CI v -> S ^           | FA1D1BWP12T40P140    | 0.060 |   1.882 |    4.023 | 
     | u_is_std_array/mult_133_I4_I1/S2_14_1        | CI ^ -> S v           | FA1D1BWP12T40P140    | 0.060 |   1.942 |    4.082 | 
     | u_is_std_array/mult_133_I4_I1/S4_0           | CI v -> S ^           | FA1D1BWP12T40P140    | 0.061 |   2.002 |    4.143 | 
     | u_is_std_array/mult_133_I4_I1/S14_15_0       | CI ^ -> S v           | FA1D1BWP12T40P140    | 0.054 |   2.056 |    4.197 | 
     | u_is_std_array/mult_add_133_I4_I1_aco/U16    | A1 v -> Z v           | CKAN2D1BWP12T40P140  | 0.023 |   2.079 |    4.220 | 
     | u_is_std_array/add_133_I4_I1_aco/U1_15       | B v -> CO v           | FA1D1BWP12T40P140    | 0.039 |   2.118 |    4.259 | 
     | u_is_std_array/add_133_I4_I1_aco/U1_16       | CI v -> CO v          | FA1D1BWP12T40P140    | 0.035 |   2.153 |    4.294 | 
     | u_is_std_array/add_133_I4_I1_aco/U1_17       | CI v -> CO v          | FA1D1BWP12T40P140    | 0.035 |   2.188 |    4.329 | 
     | u_is_std_array/add_133_I4_I1_aco/U1_18       | CI v -> CO v          | FA1D1BWP12T40P140    | 0.034 |   2.222 |    4.363 | 
     | u_is_std_array/add_133_I4_I1_aco/U1_19       | CI v -> CO v          | FA1D1BWP12T40P140    | 0.035 |   2.257 |    4.398 | 
     | u_is_std_array/add_133_I4_I1_aco/U1_20       | CI v -> CO v          | FA1D1BWP12T40P140    | 0.035 |   2.292 |    4.432 | 
     | u_is_std_array/add_133_I4_I1_aco/U1_21       | CI v -> CO v          | FA1D1BWP12T40P140    | 0.034 |   2.326 |    4.467 | 
     | u_is_std_array/add_133_I4_I1_aco/U1_22       | CI v -> CO v          | FA1D1BWP12T40P140    | 0.035 |   2.361 |    4.502 | 
     | u_is_std_array/add_133_I4_I1_aco/U1_23       | CI v -> CO v          | FA1D1BWP12T40P140    | 0.034 |   2.395 |    4.536 | 
     | u_is_std_array/add_133_I4_I1_aco/U1_24       | CI v -> CO v          | FA1D1BWP12T40P140    | 0.035 |   2.430 |    4.571 | 
     | u_is_std_array/add_133_I4_I1_aco/U1_25       | CI v -> CO v          | FA1D1BWP12T40P140    | 0.035 |   2.465 |    4.605 | 
     | u_is_std_array/add_133_I4_I1_aco/U1_26       | CI v -> CO v          | FA1D1BWP12T40P140    | 0.034 |   2.499 |    4.639 | 
     | u_is_std_array/add_133_I4_I1_aco/U1_27       | CI v -> CO v          | FA1D1BWP12T40P140    | 0.034 |   2.533 |    4.674 | 
     | u_is_std_array/add_133_I4_I1_aco/U1_28       | CI v -> CO v          | FA1D1BWP12T40P140    | 0.034 |   2.567 |    4.708 | 
     | u_is_std_array/add_133_I4_I1_aco/U1_29       | CI v -> CO v          | FA1D1BWP12T40P140    | 0.034 |   2.602 |    4.742 | 
     | u_is_std_array/add_133_I4_I1_aco/U1_30       | CI v -> CO v          | FA1D1BWP12T40P140    | 0.031 |   2.633 |    4.774 | 
     | u_is_std_array/add_133_I4_I1_aco/U1_31       | A3 v -> Z ^           | XOR3D1BWP12T40P140   | 0.069 |   2.702 |    4.843 | 
     | u_is_std_array/U1422                         | I ^ -> ZN v           | INVD1BWP12T40P140    | 0.056 |   2.759 |    4.899 | 
     | u_is_std_array/U478                          | A2 v -> ZN ^          | MOAI22D1BWP12T40P140 | 0.023 |   2.781 |    4.922 | 
     | u_is_std_array/result_buf_reg_0__3__31_      | D ^                   | DFCNQD1BWP12T40P140  | 0.000 |   2.781 |    4.922 | 
     +--------------------------------------------------------------------------------------------------------------------------+ 

