Warning: Design 'os_core_top_4x4' has '1' unresolved references. For more detailed information, use the "link" command. (UID-341)
 
****************************************
check_design summary:
Version:     O-2018.06-SP1
Date:        Mon Apr 20 23:36:48 2026
****************************************

                   Name                                            Total
--------------------------------------------------------------------------------
Inputs/Outputs                                                    135
    Multiply driven inputs (LINT-6)                               132
    Unconnected ports (LINT-28)                                     3

Cells                                                              27
    Connected to power or ground (LINT-32)                          8
    Nets connected to multiple pins on same cell (LINT-33)          1
    Leaf pins connected to undriven nets (LINT-58)                  6
    Cells have undriven hier pins (LINT-59)                        12

Nets                                                              160
    Unloaded nets (LINT-2)                                        148
    Undriven nets (LINT-3)                                         12

Tristate                                                           16
    A tristate bus has a non tri-state driver (LINT-34)            16
--------------------------------------------------------------------------------

Warning: In design 'os_core_top_4x4', net 'u_os_array/weight_ready_mesh_1' driven by pin 'u_os_array/gen_row[0].gen_col[1].pe_inst/weight_ready' has no loads. (LINT-2)
Warning: In design 'os_core_top_4x4', net 'u_os_array/weight_ready_mesh_2' driven by pin 'u_os_array/gen_row[0].gen_col[2].pe_inst/weight_ready' has no loads. (LINT-2)
Warning: In design 'os_core_top_4x4', net 'u_os_array/weight_out_valid_mesh[3]' driven by pin 'u_os_array/gen_row[0].gen_col[3].pe_inst/weight_out_valid' has no loads. (LINT-2)
Warning: In design 'os_core_top_4x4', net 'u_os_array/weight_out_mesh[48]' driven by pin 'u_os_array/gen_row[0].gen_col[3].pe_inst/weight_out[0]' has no loads. (LINT-2)
Warning: In design 'os_core_top_4x4', net 'u_os_array/weight_out_mesh[49]' driven by pin 'u_os_array/gen_row[0].gen_col[3].pe_inst/weight_out[1]' has no loads. (LINT-2)
Warning: In design 'os_core_top_4x4', net 'u_os_array/weight_out_mesh[50]' driven by pin 'u_os_array/gen_row[0].gen_col[3].pe_inst/weight_out[2]' has no loads. (LINT-2)
Warning: In design 'os_core_top_4x4', net 'u_os_array/weight_out_mesh[51]' driven by pin 'u_os_array/gen_row[0].gen_col[3].pe_inst/weight_out[3]' has no loads. (LINT-2)
Warning: In design 'os_core_top_4x4', net 'u_os_array/weight_out_mesh[52]' driven by pin 'u_os_array/gen_row[0].gen_col[3].pe_inst/weight_out[4]' has no loads. (LINT-2)
Warning: In design 'os_core_top_4x4', net 'u_os_array/weight_out_mesh[53]' driven by pin 'u_os_array/gen_row[0].gen_col[3].pe_inst/weight_out[5]' has no loads. (LINT-2)
Warning: In design 'os_core_top_4x4', net 'u_os_array/weight_out_mesh[54]' driven by pin 'u_os_array/gen_row[0].gen_col[3].pe_inst/weight_out[6]' has no loads. (LINT-2)
Warning: In design 'os_core_top_4x4', net 'u_os_array/weight_out_mesh[55]' driven by pin 'u_os_array/gen_row[0].gen_col[3].pe_inst/weight_out[7]' has no loads. (LINT-2)
Warning: In design 'os_core_top_4x4', net 'u_os_array/weight_out_mesh[56]' driven by pin 'u_os_array/gen_row[0].gen_col[3].pe_inst/weight_out[8]' has no loads. (LINT-2)
Warning: In design 'os_core_top_4x4', net 'u_os_array/weight_out_mesh[57]' driven by pin 'u_os_array/gen_row[0].gen_col[3].pe_inst/weight_out[9]' has no loads. (LINT-2)
Warning: In design 'os_core_top_4x4', net 'u_os_array/weight_out_mesh[58]' driven by pin 'u_os_array/gen_row[0].gen_col[3].pe_inst/weight_out[10]' has no loads. (LINT-2)
Warning: In design 'os_core_top_4x4', net 'u_os_array/weight_out_mesh[59]' driven by pin 'u_os_array/gen_row[0].gen_col[3].pe_inst/weight_out[11]' has no loads. (LINT-2)
Warning: In design 'os_core_top_4x4', net 'u_os_array/weight_out_mesh[60]' driven by pin 'u_os_array/gen_row[0].gen_col[3].pe_inst/weight_out[12]' has no loads. (LINT-2)
Warning: In design 'os_core_top_4x4', net 'u_os_array/weight_out_mesh[61]' driven by pin 'u_os_array/gen_row[0].gen_col[3].pe_inst/weight_out[13]' has no loads. (LINT-2)
Warning: In design 'os_core_top_4x4', net 'u_os_array/weight_out_mesh[62]' driven by pin 'u_os_array/gen_row[0].gen_col[3].pe_inst/weight_out[14]' has no loads. (LINT-2)
Warning: In design 'os_core_top_4x4', net 'u_os_array/weight_out_mesh[63]' driven by pin 'u_os_array/gen_row[0].gen_col[3].pe_inst/weight_out[15]' has no loads. (LINT-2)
Warning: In design 'os_core_top_4x4', net 'u_os_array/weight_ready_mesh_3' driven by pin 'u_os_array/gen_row[0].gen_col[3].pe_inst/weight_ready' has no loads. (LINT-2)
Warning: In design 'os_core_top_4x4', net 'u_os_array/weight_ready_mesh_5' driven by pin 'u_os_array/gen_row[1].gen_col[1].pe_inst/weight_ready' has no loads. (LINT-2)
Warning: In design 'os_core_top_4x4', net 'u_os_array/weight_ready_mesh_6' driven by pin 'u_os_array/gen_row[1].gen_col[2].pe_inst/weight_ready' has no loads. (LINT-2)
Warning: In design 'os_core_top_4x4', net 'u_os_array/weight_out_valid_mesh[7]' driven by pin 'u_os_array/gen_row[1].gen_col[3].pe_inst/weight_out_valid' has no loads. (LINT-2)
Warning: In design 'os_core_top_4x4', net 'u_os_array/weight_out_mesh[112]' driven by pin 'u_os_array/gen_row[1].gen_col[3].pe_inst/weight_out[0]' has no loads. (LINT-2)
Warning: In design 'os_core_top_4x4', net 'u_os_array/weight_out_mesh[113]' driven by pin 'u_os_array/gen_row[1].gen_col[3].pe_inst/weight_out[1]' has no loads. (LINT-2)
Warning: In design 'os_core_top_4x4', net 'u_os_array/weight_out_mesh[114]' driven by pin 'u_os_array/gen_row[1].gen_col[3].pe_inst/weight_out[2]' has no loads. (LINT-2)
Warning: In design 'os_core_top_4x4', net 'u_os_array/weight_out_mesh[115]' driven by pin 'u_os_array/gen_row[1].gen_col[3].pe_inst/weight_out[3]' has no loads. (LINT-2)
Warning: In design 'os_core_top_4x4', net 'u_os_array/weight_out_mesh[116]' driven by pin 'u_os_array/gen_row[1].gen_col[3].pe_inst/weight_out[4]' has no loads. (LINT-2)
Warning: In design 'os_core_top_4x4', net 'u_os_array/weight_out_mesh[117]' driven by pin 'u_os_array/gen_row[1].gen_col[3].pe_inst/weight_out[5]' has no loads. (LINT-2)
Warning: In design 'os_core_top_4x4', net 'u_os_array/weight_out_mesh[118]' driven by pin 'u_os_array/gen_row[1].gen_col[3].pe_inst/weight_out[6]' has no loads. (LINT-2)
Warning: In design 'os_core_top_4x4', net 'u_os_array/weight_out_mesh[119]' driven by pin 'u_os_array/gen_row[1].gen_col[3].pe_inst/weight_out[7]' has no loads. (LINT-2)
Warning: In design 'os_core_top_4x4', net 'u_os_array/weight_out_mesh[120]' driven by pin 'u_os_array/gen_row[1].gen_col[3].pe_inst/weight_out[8]' has no loads. (LINT-2)
Warning: In design 'os_core_top_4x4', net 'u_os_array/weight_out_mesh[121]' driven by pin 'u_os_array/gen_row[1].gen_col[3].pe_inst/weight_out[9]' has no loads. (LINT-2)
Warning: In design 'os_core_top_4x4', net 'u_os_array/weight_out_mesh[122]' driven by pin 'u_os_array/gen_row[1].gen_col[3].pe_inst/weight_out[10]' has no loads. (LINT-2)
Warning: In design 'os_core_top_4x4', net 'u_os_array/weight_out_mesh[123]' driven by pin 'u_os_array/gen_row[1].gen_col[3].pe_inst/weight_out[11]' has no loads. (LINT-2)
Warning: In design 'os_core_top_4x4', net 'u_os_array/weight_out_mesh[124]' driven by pin 'u_os_array/gen_row[1].gen_col[3].pe_inst/weight_out[12]' has no loads. (LINT-2)
Warning: In design 'os_core_top_4x4', net 'u_os_array/weight_out_mesh[125]' driven by pin 'u_os_array/gen_row[1].gen_col[3].pe_inst/weight_out[13]' has no loads. (LINT-2)
Warning: In design 'os_core_top_4x4', net 'u_os_array/weight_out_mesh[126]' driven by pin 'u_os_array/gen_row[1].gen_col[3].pe_inst/weight_out[14]' has no loads. (LINT-2)
Warning: In design 'os_core_top_4x4', net 'u_os_array/weight_out_mesh[127]' driven by pin 'u_os_array/gen_row[1].gen_col[3].pe_inst/weight_out[15]' has no loads. (LINT-2)
Warning: In design 'os_core_top_4x4', net 'u_os_array/weight_ready_mesh_7' driven by pin 'u_os_array/gen_row[1].gen_col[3].pe_inst/weight_ready' has no loads. (LINT-2)
Warning: In design 'os_core_top_4x4', net 'u_os_array/weight_ready_mesh_9' driven by pin 'u_os_array/gen_row[2].gen_col[1].pe_inst/weight_ready' has no loads. (LINT-2)
Warning: In design 'os_core_top_4x4', net 'u_os_array/weight_ready_mesh_10' driven by pin 'u_os_array/gen_row[2].gen_col[2].pe_inst/weight_ready' has no loads. (LINT-2)
Warning: In design 'os_core_top_4x4', net 'u_os_array/weight_out_valid_mesh[11]' driven by pin 'u_os_array/gen_row[2].gen_col[3].pe_inst/weight_out_valid' has no loads. (LINT-2)
Warning: In design 'os_core_top_4x4', net 'u_os_array/weight_out_mesh[176]' driven by pin 'u_os_array/gen_row[2].gen_col[3].pe_inst/weight_out[0]' has no loads. (LINT-2)
Warning: In design 'os_core_top_4x4', net 'u_os_array/weight_out_mesh[177]' driven by pin 'u_os_array/gen_row[2].gen_col[3].pe_inst/weight_out[1]' has no loads. (LINT-2)
Warning: In design 'os_core_top_4x4', net 'u_os_array/weight_out_mesh[178]' driven by pin 'u_os_array/gen_row[2].gen_col[3].pe_inst/weight_out[2]' has no loads. (LINT-2)
Warning: In design 'os_core_top_4x4', net 'u_os_array/weight_out_mesh[179]' driven by pin 'u_os_array/gen_row[2].gen_col[3].pe_inst/weight_out[3]' has no loads. (LINT-2)
Warning: In design 'os_core_top_4x4', net 'u_os_array/weight_out_mesh[180]' driven by pin 'u_os_array/gen_row[2].gen_col[3].pe_inst/weight_out[4]' has no loads. (LINT-2)
Warning: In design 'os_core_top_4x4', net 'u_os_array/weight_out_mesh[181]' driven by pin 'u_os_array/gen_row[2].gen_col[3].pe_inst/weight_out[5]' has no loads. (LINT-2)
Warning: In design 'os_core_top_4x4', net 'u_os_array/weight_out_mesh[182]' driven by pin 'u_os_array/gen_row[2].gen_col[3].pe_inst/weight_out[6]' has no loads. (LINT-2)
Warning: In design 'os_core_top_4x4', net 'u_os_array/weight_out_mesh[183]' driven by pin 'u_os_array/gen_row[2].gen_col[3].pe_inst/weight_out[7]' has no loads. (LINT-2)
Warning: In design 'os_core_top_4x4', net 'u_os_array/weight_out_mesh[184]' driven by pin 'u_os_array/gen_row[2].gen_col[3].pe_inst/weight_out[8]' has no loads. (LINT-2)
Warning: In design 'os_core_top_4x4', net 'u_os_array/weight_out_mesh[185]' driven by pin 'u_os_array/gen_row[2].gen_col[3].pe_inst/weight_out[9]' has no loads. (LINT-2)
Warning: In design 'os_core_top_4x4', net 'u_os_array/weight_out_mesh[186]' driven by pin 'u_os_array/gen_row[2].gen_col[3].pe_inst/weight_out[10]' has no loads. (LINT-2)
Warning: In design 'os_core_top_4x4', net 'u_os_array/weight_out_mesh[187]' driven by pin 'u_os_array/gen_row[2].gen_col[3].pe_inst/weight_out[11]' has no loads. (LINT-2)
Warning: In design 'os_core_top_4x4', net 'u_os_array/weight_out_mesh[188]' driven by pin 'u_os_array/gen_row[2].gen_col[3].pe_inst/weight_out[12]' has no loads. (LINT-2)
Warning: In design 'os_core_top_4x4', net 'u_os_array/weight_out_mesh[189]' driven by pin 'u_os_array/gen_row[2].gen_col[3].pe_inst/weight_out[13]' has no loads. (LINT-2)
Warning: In design 'os_core_top_4x4', net 'u_os_array/weight_out_mesh[190]' driven by pin 'u_os_array/gen_row[2].gen_col[3].pe_inst/weight_out[14]' has no loads. (LINT-2)
Warning: In design 'os_core_top_4x4', net 'u_os_array/weight_out_mesh[191]' driven by pin 'u_os_array/gen_row[2].gen_col[3].pe_inst/weight_out[15]' has no loads. (LINT-2)
Warning: In design 'os_core_top_4x4', net 'u_os_array/weight_ready_mesh_11' driven by pin 'u_os_array/gen_row[2].gen_col[3].pe_inst/weight_ready' has no loads. (LINT-2)
Warning: In design 'os_core_top_4x4', net 'u_os_array/input_out_valid_mesh[12]' driven by pin 'u_os_array/gen_row[3].gen_col[0].pe_inst/input_out_valid' has no loads. (LINT-2)
Warning: In design 'os_core_top_4x4', net 'u_os_array/input_out_mesh[192]' driven by pin 'u_os_array/gen_row[3].gen_col[0].pe_inst/input_out[0]' has no loads. (LINT-2)
Warning: In design 'os_core_top_4x4', net 'u_os_array/input_out_mesh[193]' driven by pin 'u_os_array/gen_row[3].gen_col[0].pe_inst/input_out[1]' has no loads. (LINT-2)
Warning: In design 'os_core_top_4x4', net 'u_os_array/input_out_mesh[194]' driven by pin 'u_os_array/gen_row[3].gen_col[0].pe_inst/input_out[2]' has no loads. (LINT-2)
Warning: In design 'os_core_top_4x4', net 'u_os_array/input_out_mesh[195]' driven by pin 'u_os_array/gen_row[3].gen_col[0].pe_inst/input_out[3]' has no loads. (LINT-2)
Warning: In design 'os_core_top_4x4', net 'u_os_array/input_out_mesh[196]' driven by pin 'u_os_array/gen_row[3].gen_col[0].pe_inst/input_out[4]' has no loads. (LINT-2)
Warning: In design 'os_core_top_4x4', net 'u_os_array/input_out_mesh[197]' driven by pin 'u_os_array/gen_row[3].gen_col[0].pe_inst/input_out[5]' has no loads. (LINT-2)
Warning: In design 'os_core_top_4x4', net 'u_os_array/input_out_mesh[198]' driven by pin 'u_os_array/gen_row[3].gen_col[0].pe_inst/input_out[6]' has no loads. (LINT-2)
Warning: In design 'os_core_top_4x4', net 'u_os_array/input_out_mesh[199]' driven by pin 'u_os_array/gen_row[3].gen_col[0].pe_inst/input_out[7]' has no loads. (LINT-2)
Warning: In design 'os_core_top_4x4', net 'u_os_array/input_out_mesh[200]' driven by pin 'u_os_array/gen_row[3].gen_col[0].pe_inst/input_out[8]' has no loads. (LINT-2)
Warning: In design 'os_core_top_4x4', net 'u_os_array/input_out_mesh[201]' driven by pin 'u_os_array/gen_row[3].gen_col[0].pe_inst/input_out[9]' has no loads. (LINT-2)
Warning: In design 'os_core_top_4x4', net 'u_os_array/input_out_mesh[202]' driven by pin 'u_os_array/gen_row[3].gen_col[0].pe_inst/input_out[10]' has no loads. (LINT-2)
Warning: In design 'os_core_top_4x4', net 'u_os_array/input_out_mesh[203]' driven by pin 'u_os_array/gen_row[3].gen_col[0].pe_inst/input_out[11]' has no loads. (LINT-2)
Warning: In design 'os_core_top_4x4', net 'u_os_array/input_out_mesh[204]' driven by pin 'u_os_array/gen_row[3].gen_col[0].pe_inst/input_out[12]' has no loads. (LINT-2)
Warning: In design 'os_core_top_4x4', net 'u_os_array/input_out_mesh[205]' driven by pin 'u_os_array/gen_row[3].gen_col[0].pe_inst/input_out[13]' has no loads. (LINT-2)
Warning: In design 'os_core_top_4x4', net 'u_os_array/input_out_mesh[206]' driven by pin 'u_os_array/gen_row[3].gen_col[0].pe_inst/input_out[14]' has no loads. (LINT-2)
Warning: In design 'os_core_top_4x4', net 'u_os_array/input_out_mesh[207]' driven by pin 'u_os_array/gen_row[3].gen_col[0].pe_inst/input_out[15]' has no loads. (LINT-2)
Warning: In design 'os_core_top_4x4', net 'u_os_array/weight_ready_mesh[13]' driven by pin 'u_os_array/gen_row[3].gen_col[1].pe_inst/weight_ready' has no loads. (LINT-2)
Warning: In design 'os_core_top_4x4', net 'u_os_array/input_out_valid_mesh[13]' driven by pin 'u_os_array/gen_row[3].gen_col[1].pe_inst/input_out_valid' has no loads. (LINT-2)
Warning: In design 'os_core_top_4x4', net 'u_os_array/input_out_mesh[208]' driven by pin 'u_os_array/gen_row[3].gen_col[1].pe_inst/input_out[0]' has no loads. (LINT-2)
Warning: In design 'os_core_top_4x4', net 'u_os_array/input_out_mesh[209]' driven by pin 'u_os_array/gen_row[3].gen_col[1].pe_inst/input_out[1]' has no loads. (LINT-2)
Warning: In design 'os_core_top_4x4', net 'u_os_array/input_out_mesh[210]' driven by pin 'u_os_array/gen_row[3].gen_col[1].pe_inst/input_out[2]' has no loads. (LINT-2)
Warning: In design 'os_core_top_4x4', net 'u_os_array/input_out_mesh[211]' driven by pin 'u_os_array/gen_row[3].gen_col[1].pe_inst/input_out[3]' has no loads. (LINT-2)
Warning: In design 'os_core_top_4x4', net 'u_os_array/input_out_mesh[212]' driven by pin 'u_os_array/gen_row[3].gen_col[1].pe_inst/input_out[4]' has no loads. (LINT-2)
Warning: In design 'os_core_top_4x4', net 'u_os_array/input_out_mesh[213]' driven by pin 'u_os_array/gen_row[3].gen_col[1].pe_inst/input_out[5]' has no loads. (LINT-2)
Warning: In design 'os_core_top_4x4', net 'u_os_array/input_out_mesh[214]' driven by pin 'u_os_array/gen_row[3].gen_col[1].pe_inst/input_out[6]' has no loads. (LINT-2)
Warning: In design 'os_core_top_4x4', net 'u_os_array/input_out_mesh[215]' driven by pin 'u_os_array/gen_row[3].gen_col[1].pe_inst/input_out[7]' has no loads. (LINT-2)
Warning: In design 'os_core_top_4x4', net 'u_os_array/input_out_mesh[216]' driven by pin 'u_os_array/gen_row[3].gen_col[1].pe_inst/input_out[8]' has no loads. (LINT-2)
Warning: In design 'os_core_top_4x4', net 'u_os_array/input_out_mesh[217]' driven by pin 'u_os_array/gen_row[3].gen_col[1].pe_inst/input_out[9]' has no loads. (LINT-2)
Warning: In design 'os_core_top_4x4', net 'u_os_array/input_out_mesh[218]' driven by pin 'u_os_array/gen_row[3].gen_col[1].pe_inst/input_out[10]' has no loads. (LINT-2)
Warning: In design 'os_core_top_4x4', net 'u_os_array/input_out_mesh[219]' driven by pin 'u_os_array/gen_row[3].gen_col[1].pe_inst/input_out[11]' has no loads. (LINT-2)
Warning: In design 'os_core_top_4x4', net 'u_os_array/input_out_mesh[220]' driven by pin 'u_os_array/gen_row[3].gen_col[1].pe_inst/input_out[12]' has no loads. (LINT-2)
Warning: In design 'os_core_top_4x4', net 'u_os_array/input_out_mesh[221]' driven by pin 'u_os_array/gen_row[3].gen_col[1].pe_inst/input_out[13]' has no loads. (LINT-2)
Warning: In design 'os_core_top_4x4', net 'u_os_array/input_out_mesh[222]' driven by pin 'u_os_array/gen_row[3].gen_col[1].pe_inst/input_out[14]' has no loads. (LINT-2)
Warning: In design 'os_core_top_4x4', net 'u_os_array/input_out_mesh[223]' driven by pin 'u_os_array/gen_row[3].gen_col[1].pe_inst/input_out[15]' has no loads. (LINT-2)
Warning: In design 'os_core_top_4x4', net 'u_os_array/weight_ready_mesh[14]' driven by pin 'u_os_array/gen_row[3].gen_col[2].pe_inst/weight_ready' has no loads. (LINT-2)
Warning: In design 'os_core_top_4x4', net 'u_os_array/input_out_valid_mesh[14]' driven by pin 'u_os_array/gen_row[3].gen_col[2].pe_inst/input_out_valid' has no loads. (LINT-2)
Warning: In design 'os_core_top_4x4', net 'u_os_array/input_out_mesh[224]' driven by pin 'u_os_array/gen_row[3].gen_col[2].pe_inst/input_out[0]' has no loads. (LINT-2)
Warning: In design 'os_core_top_4x4', net 'u_os_array/input_out_mesh[225]' driven by pin 'u_os_array/gen_row[3].gen_col[2].pe_inst/input_out[1]' has no loads. (LINT-2)
Warning: In design 'os_core_top_4x4', net 'u_os_array/input_out_mesh[226]' driven by pin 'u_os_array/gen_row[3].gen_col[2].pe_inst/input_out[2]' has no loads. (LINT-2)
Warning: In design 'os_core_top_4x4', net 'u_os_array/input_out_mesh[227]' driven by pin 'u_os_array/gen_row[3].gen_col[2].pe_inst/input_out[3]' has no loads. (LINT-2)
Warning: In design 'os_core_top_4x4', net 'u_os_array/input_out_mesh[228]' driven by pin 'u_os_array/gen_row[3].gen_col[2].pe_inst/input_out[4]' has no loads. (LINT-2)
Warning: In design 'os_core_top_4x4', net 'u_os_array/input_out_mesh[229]' driven by pin 'u_os_array/gen_row[3].gen_col[2].pe_inst/input_out[5]' has no loads. (LINT-2)
Warning: In design 'os_core_top_4x4', net 'u_os_array/input_out_mesh[230]' driven by pin 'u_os_array/gen_row[3].gen_col[2].pe_inst/input_out[6]' has no loads. (LINT-2)
Warning: In design 'os_core_top_4x4', net 'u_os_array/input_out_mesh[231]' driven by pin 'u_os_array/gen_row[3].gen_col[2].pe_inst/input_out[7]' has no loads. (LINT-2)
Warning: In design 'os_core_top_4x4', net 'u_os_array/input_out_mesh[232]' driven by pin 'u_os_array/gen_row[3].gen_col[2].pe_inst/input_out[8]' has no loads. (LINT-2)
Warning: In design 'os_core_top_4x4', net 'u_os_array/input_out_mesh[233]' driven by pin 'u_os_array/gen_row[3].gen_col[2].pe_inst/input_out[9]' has no loads. (LINT-2)
Warning: In design 'os_core_top_4x4', net 'u_os_array/input_out_mesh[234]' driven by pin 'u_os_array/gen_row[3].gen_col[2].pe_inst/input_out[10]' has no loads. (LINT-2)
Warning: In design 'os_core_top_4x4', net 'u_os_array/input_out_mesh[235]' driven by pin 'u_os_array/gen_row[3].gen_col[2].pe_inst/input_out[11]' has no loads. (LINT-2)
Warning: In design 'os_core_top_4x4', net 'u_os_array/input_out_mesh[236]' driven by pin 'u_os_array/gen_row[3].gen_col[2].pe_inst/input_out[12]' has no loads. (LINT-2)
Warning: In design 'os_core_top_4x4', net 'u_os_array/input_out_mesh[237]' driven by pin 'u_os_array/gen_row[3].gen_col[2].pe_inst/input_out[13]' has no loads. (LINT-2)
Warning: In design 'os_core_top_4x4', net 'u_os_array/input_out_mesh[238]' driven by pin 'u_os_array/gen_row[3].gen_col[2].pe_inst/input_out[14]' has no loads. (LINT-2)
Warning: In design 'os_core_top_4x4', net 'u_os_array/input_out_mesh[239]' driven by pin 'u_os_array/gen_row[3].gen_col[2].pe_inst/input_out[15]' has no loads. (LINT-2)
Warning: In design 'os_core_top_4x4', net 'u_os_array/weight_out_valid_mesh[15]' driven by pin 'u_os_array/gen_row[3].gen_col[3].pe_inst/weight_out_valid' has no loads. (LINT-2)
Warning: In design 'os_core_top_4x4', net 'u_os_array/weight_out_mesh[240]' driven by pin 'u_os_array/gen_row[3].gen_col[3].pe_inst/weight_out[0]' has no loads. (LINT-2)
Warning: In design 'os_core_top_4x4', net 'u_os_array/weight_out_mesh[241]' driven by pin 'u_os_array/gen_row[3].gen_col[3].pe_inst/weight_out[1]' has no loads. (LINT-2)
Warning: In design 'os_core_top_4x4', net 'u_os_array/weight_out_mesh[242]' driven by pin 'u_os_array/gen_row[3].gen_col[3].pe_inst/weight_out[2]' has no loads. (LINT-2)
Warning: In design 'os_core_top_4x4', net 'u_os_array/weight_out_mesh[243]' driven by pin 'u_os_array/gen_row[3].gen_col[3].pe_inst/weight_out[3]' has no loads. (LINT-2)
Warning: In design 'os_core_top_4x4', net 'u_os_array/weight_out_mesh[244]' driven by pin 'u_os_array/gen_row[3].gen_col[3].pe_inst/weight_out[4]' has no loads. (LINT-2)
Warning: In design 'os_core_top_4x4', net 'u_os_array/weight_out_mesh[245]' driven by pin 'u_os_array/gen_row[3].gen_col[3].pe_inst/weight_out[5]' has no loads. (LINT-2)
Warning: In design 'os_core_top_4x4', net 'u_os_array/weight_out_mesh[246]' driven by pin 'u_os_array/gen_row[3].gen_col[3].pe_inst/weight_out[6]' has no loads. (LINT-2)
Warning: In design 'os_core_top_4x4', net 'u_os_array/weight_out_mesh[247]' driven by pin 'u_os_array/gen_row[3].gen_col[3].pe_inst/weight_out[7]' has no loads. (LINT-2)
Warning: In design 'os_core_top_4x4', net 'u_os_array/weight_out_mesh[248]' driven by pin 'u_os_array/gen_row[3].gen_col[3].pe_inst/weight_out[8]' has no loads. (LINT-2)
Warning: In design 'os_core_top_4x4', net 'u_os_array/weight_out_mesh[249]' driven by pin 'u_os_array/gen_row[3].gen_col[3].pe_inst/weight_out[9]' has no loads. (LINT-2)
Warning: In design 'os_core_top_4x4', net 'u_os_array/weight_out_mesh[250]' driven by pin 'u_os_array/gen_row[3].gen_col[3].pe_inst/weight_out[10]' has no loads. (LINT-2)
Warning: In design 'os_core_top_4x4', net 'u_os_array/weight_out_mesh[251]' driven by pin 'u_os_array/gen_row[3].gen_col[3].pe_inst/weight_out[11]' has no loads. (LINT-2)
Warning: In design 'os_core_top_4x4', net 'u_os_array/weight_out_mesh[252]' driven by pin 'u_os_array/gen_row[3].gen_col[3].pe_inst/weight_out[12]' has no loads. (LINT-2)
Warning: In design 'os_core_top_4x4', net 'u_os_array/weight_out_mesh[253]' driven by pin 'u_os_array/gen_row[3].gen_col[3].pe_inst/weight_out[13]' has no loads. (LINT-2)
Warning: In design 'os_core_top_4x4', net 'u_os_array/weight_out_mesh[254]' driven by pin 'u_os_array/gen_row[3].gen_col[3].pe_inst/weight_out[14]' has no loads. (LINT-2)
Warning: In design 'os_core_top_4x4', net 'u_os_array/weight_out_mesh[255]' driven by pin 'u_os_array/gen_row[3].gen_col[3].pe_inst/weight_out[15]' has no loads. (LINT-2)
Warning: In design 'os_core_top_4x4', net 'u_os_array/weight_ready_mesh[15]' driven by pin 'u_os_array/gen_row[3].gen_col[3].pe_inst/weight_ready' has no loads. (LINT-2)
Warning: In design 'os_core_top_4x4', net 'u_os_array/input_out_valid_mesh[15]' driven by pin 'u_os_array/gen_row[3].gen_col[3].pe_inst/input_out_valid' has no loads. (LINT-2)
Warning: In design 'os_core_top_4x4', net 'u_os_array/input_out_mesh[240]' driven by pin 'u_os_array/gen_row[3].gen_col[3].pe_inst/input_out[0]' has no loads. (LINT-2)
Warning: In design 'os_core_top_4x4', net 'u_os_array/input_out_mesh[241]' driven by pin 'u_os_array/gen_row[3].gen_col[3].pe_inst/input_out[1]' has no loads. (LINT-2)
Warning: In design 'os_core_top_4x4', net 'u_os_array/input_out_mesh[242]' driven by pin 'u_os_array/gen_row[3].gen_col[3].pe_inst/input_out[2]' has no loads. (LINT-2)
Warning: In design 'os_core_top_4x4', net 'u_os_array/input_out_mesh[243]' driven by pin 'u_os_array/gen_row[3].gen_col[3].pe_inst/input_out[3]' has no loads. (LINT-2)
Warning: In design 'os_core_top_4x4', net 'u_os_array/input_out_mesh[244]' driven by pin 'u_os_array/gen_row[3].gen_col[3].pe_inst/input_out[4]' has no loads. (LINT-2)
Warning: In design 'os_core_top_4x4', net 'u_os_array/input_out_mesh[245]' driven by pin 'u_os_array/gen_row[3].gen_col[3].pe_inst/input_out[5]' has no loads. (LINT-2)
Warning: In design 'os_core_top_4x4', net 'u_os_array/input_out_mesh[246]' driven by pin 'u_os_array/gen_row[3].gen_col[3].pe_inst/input_out[6]' has no loads. (LINT-2)
Warning: In design 'os_core_top_4x4', net 'u_os_array/input_out_mesh[247]' driven by pin 'u_os_array/gen_row[3].gen_col[3].pe_inst/input_out[7]' has no loads. (LINT-2)
Warning: In design 'os_core_top_4x4', net 'u_os_array/input_out_mesh[248]' driven by pin 'u_os_array/gen_row[3].gen_col[3].pe_inst/input_out[8]' has no loads. (LINT-2)
Warning: In design 'os_core_top_4x4', net 'u_os_array/input_out_mesh[249]' driven by pin 'u_os_array/gen_row[3].gen_col[3].pe_inst/input_out[9]' has no loads. (LINT-2)
Warning: In design 'os_core_top_4x4', net 'u_os_array/input_out_mesh[250]' driven by pin 'u_os_array/gen_row[3].gen_col[3].pe_inst/input_out[10]' has no loads. (LINT-2)
Warning: In design 'os_core_top_4x4', net 'u_os_array/input_out_mesh[251]' driven by pin 'u_os_array/gen_row[3].gen_col[3].pe_inst/input_out[11]' has no loads. (LINT-2)
Warning: In design 'os_core_top_4x4', net 'u_os_array/input_out_mesh[252]' driven by pin 'u_os_array/gen_row[3].gen_col[3].pe_inst/input_out[12]' has no loads. (LINT-2)
Warning: In design 'os_core_top_4x4', net 'u_os_array/input_out_mesh[253]' driven by pin 'u_os_array/gen_row[3].gen_col[3].pe_inst/input_out[13]' has no loads. (LINT-2)
Warning: In design 'os_core_top_4x4', net 'u_os_array/input_out_mesh[254]' driven by pin 'u_os_array/gen_row[3].gen_col[3].pe_inst/input_out[14]' has no loads. (LINT-2)
Warning: In design 'os_core_top_4x4', net 'u_os_array/input_out_mesh[255]' driven by pin 'u_os_array/gen_row[3].gen_col[3].pe_inst/input_out[15]' has no loads. (LINT-2)
Warning: In design 'os_core_top_4x4', net 'u_os_array/weight_out_ready_mesh_1' has no drivers.  Logic 0 assumed. (LINT-3)
Warning: In design 'os_core_top_4x4', net 'u_os_array/weight_out_ready_mesh_2' has no drivers.  Logic 0 assumed. (LINT-3)
Warning: In design 'os_core_top_4x4', net 'u_os_array/weight_out_ready_mesh_4' has no drivers.  Logic 0 assumed. (LINT-3)
Warning: In design 'os_core_top_4x4', net 'u_os_array/weight_out_ready_mesh_5' has no drivers.  Logic 0 assumed. (LINT-3)
Warning: In design 'os_core_top_4x4', net 'u_os_array/weight_out_ready_mesh_6' has no drivers.  Logic 0 assumed. (LINT-3)
Warning: In design 'os_core_top_4x4', net 'u_os_array/weight_out_ready_mesh_8' has no drivers.  Logic 0 assumed. (LINT-3)
Warning: In design 'os_core_top_4x4', net 'u_os_array/weight_out_ready_mesh_9' has no drivers.  Logic 0 assumed. (LINT-3)
Warning: In design 'os_core_top_4x4', net 'u_os_array/weight_out_ready_mesh_10' has no drivers.  Logic 0 assumed. (LINT-3)
Warning: In design 'os_core_top_4x4', net 'u_os_array/weight_out_ready_mesh[12]' has no drivers.  Logic 0 assumed. (LINT-3)
Warning: In design 'os_core_top_4x4', net 'u_os_array/weight_out_ready_mesh[13]' has no drivers.  Logic 0 assumed. (LINT-3)
Warning: In design 'os_core_top_4x4', net 'u_os_array/weight_out_ready_mesh[14]' has no drivers.  Logic 0 assumed. (LINT-3)
Warning: In design 'os_core_top_4x4', net 'u_os_array/weight_out_ready_mesh_0' has no drivers.  Logic 0 assumed. (LINT-3)
Warning: In design 'systolic_array_os_4x4_DATA_WIDTH16_WEIGHT_WIDTH16_ACC_WIDTH32_ARRAY_SIZE4', input port 'clk' drives wired logic; the port direction may have been specified incorrectly. (LINT-6)
Warning: In design 'systolic_array_os_4x4_DATA_WIDTH16_WEIGHT_WIDTH16_ACC_WIDTH32_ARRAY_SIZE4', input port 'rst_n' drives wired logic; the port direction may have been specified incorrectly. (LINT-6)
Warning: In design 'systolic_array_os_4x4_DATA_WIDTH16_WEIGHT_WIDTH16_ACC_WIDTH32_ARRAY_SIZE4', input port 'input_in[63]' drives wired logic; the port direction may have been specified incorrectly. (LINT-6)
Warning: In design 'systolic_array_os_4x4_DATA_WIDTH16_WEIGHT_WIDTH16_ACC_WIDTH32_ARRAY_SIZE4', input port 'input_in[62]' drives wired logic; the port direction may have been specified incorrectly. (LINT-6)
Warning: In design 'systolic_array_os_4x4_DATA_WIDTH16_WEIGHT_WIDTH16_ACC_WIDTH32_ARRAY_SIZE4', input port 'input_in[61]' drives wired logic; the port direction may have been specified incorrectly. (LINT-6)
Warning: In design 'systolic_array_os_4x4_DATA_WIDTH16_WEIGHT_WIDTH16_ACC_WIDTH32_ARRAY_SIZE4', input port 'input_in[60]' drives wired logic; the port direction may have been specified incorrectly. (LINT-6)
Warning: In design 'systolic_array_os_4x4_DATA_WIDTH16_WEIGHT_WIDTH16_ACC_WIDTH32_ARRAY_SIZE4', input port 'input_in[59]' drives wired logic; the port direction may have been specified incorrectly. (LINT-6)
Warning: In design 'systolic_array_os_4x4_DATA_WIDTH16_WEIGHT_WIDTH16_ACC_WIDTH32_ARRAY_SIZE4', input port 'input_in[58]' drives wired logic; the port direction may have been specified incorrectly. (LINT-6)
Warning: In design 'systolic_array_os_4x4_DATA_WIDTH16_WEIGHT_WIDTH16_ACC_WIDTH32_ARRAY_SIZE4', input port 'input_in[57]' drives wired logic; the port direction may have been specified incorrectly. (LINT-6)
Warning: In design 'systolic_array_os_4x4_DATA_WIDTH16_WEIGHT_WIDTH16_ACC_WIDTH32_ARRAY_SIZE4', input port 'input_in[56]' drives wired logic; the port direction may have been specified incorrectly. (LINT-6)
Warning: In design 'systolic_array_os_4x4_DATA_WIDTH16_WEIGHT_WIDTH16_ACC_WIDTH32_ARRAY_SIZE4', input port 'input_in[55]' drives wired logic; the port direction may have been specified incorrectly. (LINT-6)
Warning: In design 'systolic_array_os_4x4_DATA_WIDTH16_WEIGHT_WIDTH16_ACC_WIDTH32_ARRAY_SIZE4', input port 'input_in[54]' drives wired logic; the port direction may have been specified incorrectly. (LINT-6)
Warning: In design 'systolic_array_os_4x4_DATA_WIDTH16_WEIGHT_WIDTH16_ACC_WIDTH32_ARRAY_SIZE4', input port 'input_in[53]' drives wired logic; the port direction may have been specified incorrectly. (LINT-6)
Warning: In design 'systolic_array_os_4x4_DATA_WIDTH16_WEIGHT_WIDTH16_ACC_WIDTH32_ARRAY_SIZE4', input port 'input_in[52]' drives wired logic; the port direction may have been specified incorrectly. (LINT-6)
Warning: In design 'systolic_array_os_4x4_DATA_WIDTH16_WEIGHT_WIDTH16_ACC_WIDTH32_ARRAY_SIZE4', input port 'input_in[51]' drives wired logic; the port direction may have been specified incorrectly. (LINT-6)
Warning: In design 'systolic_array_os_4x4_DATA_WIDTH16_WEIGHT_WIDTH16_ACC_WIDTH32_ARRAY_SIZE4', input port 'input_in[50]' drives wired logic; the port direction may have been specified incorrectly. (LINT-6)
Warning: In design 'systolic_array_os_4x4_DATA_WIDTH16_WEIGHT_WIDTH16_ACC_WIDTH32_ARRAY_SIZE4', input port 'input_in[49]' drives wired logic; the port direction may have been specified incorrectly. (LINT-6)
Warning: In design 'systolic_array_os_4x4_DATA_WIDTH16_WEIGHT_WIDTH16_ACC_WIDTH32_ARRAY_SIZE4', input port 'input_in[48]' drives wired logic; the port direction may have been specified incorrectly. (LINT-6)
Warning: In design 'systolic_array_os_4x4_DATA_WIDTH16_WEIGHT_WIDTH16_ACC_WIDTH32_ARRAY_SIZE4', input port 'input_in[47]' drives wired logic; the port direction may have been specified incorrectly. (LINT-6)
Warning: In design 'systolic_array_os_4x4_DATA_WIDTH16_WEIGHT_WIDTH16_ACC_WIDTH32_ARRAY_SIZE4', input port 'input_in[46]' drives wired logic; the port direction may have been specified incorrectly. (LINT-6)
Warning: In design 'systolic_array_os_4x4_DATA_WIDTH16_WEIGHT_WIDTH16_ACC_WIDTH32_ARRAY_SIZE4', input port 'input_in[45]' drives wired logic; the port direction may have been specified incorrectly. (LINT-6)
Warning: In design 'systolic_array_os_4x4_DATA_WIDTH16_WEIGHT_WIDTH16_ACC_WIDTH32_ARRAY_SIZE4', input port 'input_in[44]' drives wired logic; the port direction may have been specified incorrectly. (LINT-6)
Warning: In design 'systolic_array_os_4x4_DATA_WIDTH16_WEIGHT_WIDTH16_ACC_WIDTH32_ARRAY_SIZE4', input port 'input_in[43]' drives wired logic; the port direction may have been specified incorrectly. (LINT-6)
Warning: In design 'systolic_array_os_4x4_DATA_WIDTH16_WEIGHT_WIDTH16_ACC_WIDTH32_ARRAY_SIZE4', input port 'input_in[42]' drives wired logic; the port direction may have been specified incorrectly. (LINT-6)
Warning: In design 'systolic_array_os_4x4_DATA_WIDTH16_WEIGHT_WIDTH16_ACC_WIDTH32_ARRAY_SIZE4', input port 'input_in[41]' drives wired logic; the port direction may have been specified incorrectly. (LINT-6)
Warning: In design 'systolic_array_os_4x4_DATA_WIDTH16_WEIGHT_WIDTH16_ACC_WIDTH32_ARRAY_SIZE4', input port 'input_in[40]' drives wired logic; the port direction may have been specified incorrectly. (LINT-6)
Warning: In design 'systolic_array_os_4x4_DATA_WIDTH16_WEIGHT_WIDTH16_ACC_WIDTH32_ARRAY_SIZE4', input port 'input_in[39]' drives wired logic; the port direction may have been specified incorrectly. (LINT-6)
Warning: In design 'systolic_array_os_4x4_DATA_WIDTH16_WEIGHT_WIDTH16_ACC_WIDTH32_ARRAY_SIZE4', input port 'input_in[38]' drives wired logic; the port direction may have been specified incorrectly. (LINT-6)
Warning: In design 'systolic_array_os_4x4_DATA_WIDTH16_WEIGHT_WIDTH16_ACC_WIDTH32_ARRAY_SIZE4', input port 'input_in[37]' drives wired logic; the port direction may have been specified incorrectly. (LINT-6)
Warning: In design 'systolic_array_os_4x4_DATA_WIDTH16_WEIGHT_WIDTH16_ACC_WIDTH32_ARRAY_SIZE4', input port 'input_in[36]' drives wired logic; the port direction may have been specified incorrectly. (LINT-6)
Warning: In design 'systolic_array_os_4x4_DATA_WIDTH16_WEIGHT_WIDTH16_ACC_WIDTH32_ARRAY_SIZE4', input port 'input_in[35]' drives wired logic; the port direction may have been specified incorrectly. (LINT-6)
Warning: In design 'systolic_array_os_4x4_DATA_WIDTH16_WEIGHT_WIDTH16_ACC_WIDTH32_ARRAY_SIZE4', input port 'input_in[34]' drives wired logic; the port direction may have been specified incorrectly. (LINT-6)
Warning: In design 'systolic_array_os_4x4_DATA_WIDTH16_WEIGHT_WIDTH16_ACC_WIDTH32_ARRAY_SIZE4', input port 'input_in[33]' drives wired logic; the port direction may have been specified incorrectly. (LINT-6)
Warning: In design 'systolic_array_os_4x4_DATA_WIDTH16_WEIGHT_WIDTH16_ACC_WIDTH32_ARRAY_SIZE4', input port 'input_in[32]' drives wired logic; the port direction may have been specified incorrectly. (LINT-6)
Warning: In design 'systolic_array_os_4x4_DATA_WIDTH16_WEIGHT_WIDTH16_ACC_WIDTH32_ARRAY_SIZE4', input port 'input_in[31]' drives wired logic; the port direction may have been specified incorrectly. (LINT-6)
Warning: In design 'systolic_array_os_4x4_DATA_WIDTH16_WEIGHT_WIDTH16_ACC_WIDTH32_ARRAY_SIZE4', input port 'input_in[30]' drives wired logic; the port direction may have been specified incorrectly. (LINT-6)
Warning: In design 'systolic_array_os_4x4_DATA_WIDTH16_WEIGHT_WIDTH16_ACC_WIDTH32_ARRAY_SIZE4', input port 'input_in[29]' drives wired logic; the port direction may have been specified incorrectly. (LINT-6)
Warning: In design 'systolic_array_os_4x4_DATA_WIDTH16_WEIGHT_WIDTH16_ACC_WIDTH32_ARRAY_SIZE4', input port 'input_in[28]' drives wired logic; the port direction may have been specified incorrectly. (LINT-6)
Warning: In design 'systolic_array_os_4x4_DATA_WIDTH16_WEIGHT_WIDTH16_ACC_WIDTH32_ARRAY_SIZE4', input port 'input_in[27]' drives wired logic; the port direction may have been specified incorrectly. (LINT-6)
Warning: In design 'systolic_array_os_4x4_DATA_WIDTH16_WEIGHT_WIDTH16_ACC_WIDTH32_ARRAY_SIZE4', input port 'input_in[26]' drives wired logic; the port direction may have been specified incorrectly. (LINT-6)
Warning: In design 'systolic_array_os_4x4_DATA_WIDTH16_WEIGHT_WIDTH16_ACC_WIDTH32_ARRAY_SIZE4', input port 'input_in[25]' drives wired logic; the port direction may have been specified incorrectly. (LINT-6)
Warning: In design 'systolic_array_os_4x4_DATA_WIDTH16_WEIGHT_WIDTH16_ACC_WIDTH32_ARRAY_SIZE4', input port 'input_in[24]' drives wired logic; the port direction may have been specified incorrectly. (LINT-6)
Warning: In design 'systolic_array_os_4x4_DATA_WIDTH16_WEIGHT_WIDTH16_ACC_WIDTH32_ARRAY_SIZE4', input port 'input_in[23]' drives wired logic; the port direction may have been specified incorrectly. (LINT-6)
Warning: In design 'systolic_array_os_4x4_DATA_WIDTH16_WEIGHT_WIDTH16_ACC_WIDTH32_ARRAY_SIZE4', input port 'input_in[22]' drives wired logic; the port direction may have been specified incorrectly. (LINT-6)
Warning: In design 'systolic_array_os_4x4_DATA_WIDTH16_WEIGHT_WIDTH16_ACC_WIDTH32_ARRAY_SIZE4', input port 'input_in[21]' drives wired logic; the port direction may have been specified incorrectly. (LINT-6)
Warning: In design 'systolic_array_os_4x4_DATA_WIDTH16_WEIGHT_WIDTH16_ACC_WIDTH32_ARRAY_SIZE4', input port 'input_in[20]' drives wired logic; the port direction may have been specified incorrectly. (LINT-6)
Warning: In design 'systolic_array_os_4x4_DATA_WIDTH16_WEIGHT_WIDTH16_ACC_WIDTH32_ARRAY_SIZE4', input port 'input_in[19]' drives wired logic; the port direction may have been specified incorrectly. (LINT-6)
Warning: In design 'systolic_array_os_4x4_DATA_WIDTH16_WEIGHT_WIDTH16_ACC_WIDTH32_ARRAY_SIZE4', input port 'input_in[18]' drives wired logic; the port direction may have been specified incorrectly. (LINT-6)
Warning: In design 'systolic_array_os_4x4_DATA_WIDTH16_WEIGHT_WIDTH16_ACC_WIDTH32_ARRAY_SIZE4', input port 'input_in[17]' drives wired logic; the port direction may have been specified incorrectly. (LINT-6)
Warning: In design 'systolic_array_os_4x4_DATA_WIDTH16_WEIGHT_WIDTH16_ACC_WIDTH32_ARRAY_SIZE4', input port 'input_in[16]' drives wired logic; the port direction may have been specified incorrectly. (LINT-6)
Warning: In design 'systolic_array_os_4x4_DATA_WIDTH16_WEIGHT_WIDTH16_ACC_WIDTH32_ARRAY_SIZE4', input port 'input_in[15]' drives wired logic; the port direction may have been specified incorrectly. (LINT-6)
Warning: In design 'systolic_array_os_4x4_DATA_WIDTH16_WEIGHT_WIDTH16_ACC_WIDTH32_ARRAY_SIZE4', input port 'input_in[14]' drives wired logic; the port direction may have been specified incorrectly. (LINT-6)
Warning: In design 'systolic_array_os_4x4_DATA_WIDTH16_WEIGHT_WIDTH16_ACC_WIDTH32_ARRAY_SIZE4', input port 'input_in[13]' drives wired logic; the port direction may have been specified incorrectly. (LINT-6)
Warning: In design 'systolic_array_os_4x4_DATA_WIDTH16_WEIGHT_WIDTH16_ACC_WIDTH32_ARRAY_SIZE4', input port 'input_in[12]' drives wired logic; the port direction may have been specified incorrectly. (LINT-6)
Warning: In design 'systolic_array_os_4x4_DATA_WIDTH16_WEIGHT_WIDTH16_ACC_WIDTH32_ARRAY_SIZE4', input port 'input_in[11]' drives wired logic; the port direction may have been specified incorrectly. (LINT-6)
Warning: In design 'systolic_array_os_4x4_DATA_WIDTH16_WEIGHT_WIDTH16_ACC_WIDTH32_ARRAY_SIZE4', input port 'input_in[10]' drives wired logic; the port direction may have been specified incorrectly. (LINT-6)
Warning: In design 'systolic_array_os_4x4_DATA_WIDTH16_WEIGHT_WIDTH16_ACC_WIDTH32_ARRAY_SIZE4', input port 'input_in[9]' drives wired logic; the port direction may have been specified incorrectly. (LINT-6)
Warning: In design 'systolic_array_os_4x4_DATA_WIDTH16_WEIGHT_WIDTH16_ACC_WIDTH32_ARRAY_SIZE4', input port 'input_in[8]' drives wired logic; the port direction may have been specified incorrectly. (LINT-6)
Warning: In design 'systolic_array_os_4x4_DATA_WIDTH16_WEIGHT_WIDTH16_ACC_WIDTH32_ARRAY_SIZE4', input port 'input_in[7]' drives wired logic; the port direction may have been specified incorrectly. (LINT-6)
Warning: In design 'systolic_array_os_4x4_DATA_WIDTH16_WEIGHT_WIDTH16_ACC_WIDTH32_ARRAY_SIZE4', input port 'input_in[6]' drives wired logic; the port direction may have been specified incorrectly. (LINT-6)
Warning: In design 'systolic_array_os_4x4_DATA_WIDTH16_WEIGHT_WIDTH16_ACC_WIDTH32_ARRAY_SIZE4', input port 'input_in[5]' drives wired logic; the port direction may have been specified incorrectly. (LINT-6)
Warning: In design 'systolic_array_os_4x4_DATA_WIDTH16_WEIGHT_WIDTH16_ACC_WIDTH32_ARRAY_SIZE4', input port 'input_in[4]' drives wired logic; the port direction may have been specified incorrectly. (LINT-6)
Warning: In design 'systolic_array_os_4x4_DATA_WIDTH16_WEIGHT_WIDTH16_ACC_WIDTH32_ARRAY_SIZE4', input port 'input_in[3]' drives wired logic; the port direction may have been specified incorrectly. (LINT-6)
Warning: In design 'systolic_array_os_4x4_DATA_WIDTH16_WEIGHT_WIDTH16_ACC_WIDTH32_ARRAY_SIZE4', input port 'input_in[2]' drives wired logic; the port direction may have been specified incorrectly. (LINT-6)
Warning: In design 'systolic_array_os_4x4_DATA_WIDTH16_WEIGHT_WIDTH16_ACC_WIDTH32_ARRAY_SIZE4', input port 'input_in[1]' drives wired logic; the port direction may have been specified incorrectly. (LINT-6)
Warning: In design 'systolic_array_os_4x4_DATA_WIDTH16_WEIGHT_WIDTH16_ACC_WIDTH32_ARRAY_SIZE4', input port 'input_in[0]' drives wired logic; the port direction may have been specified incorrectly. (LINT-6)
Warning: In design 'systolic_array_os_4x4_DATA_WIDTH16_WEIGHT_WIDTH16_ACC_WIDTH32_ARRAY_SIZE4', input port 'weight_in[63]' drives wired logic; the port direction may have been specified incorrectly. (LINT-6)
Warning: In design 'systolic_array_os_4x4_DATA_WIDTH16_WEIGHT_WIDTH16_ACC_WIDTH32_ARRAY_SIZE4', input port 'weight_in[62]' drives wired logic; the port direction may have been specified incorrectly. (LINT-6)
Warning: In design 'systolic_array_os_4x4_DATA_WIDTH16_WEIGHT_WIDTH16_ACC_WIDTH32_ARRAY_SIZE4', input port 'weight_in[61]' drives wired logic; the port direction may have been specified incorrectly. (LINT-6)
Warning: In design 'systolic_array_os_4x4_DATA_WIDTH16_WEIGHT_WIDTH16_ACC_WIDTH32_ARRAY_SIZE4', input port 'weight_in[60]' drives wired logic; the port direction may have been specified incorrectly. (LINT-6)
Warning: In design 'systolic_array_os_4x4_DATA_WIDTH16_WEIGHT_WIDTH16_ACC_WIDTH32_ARRAY_SIZE4', input port 'weight_in[59]' drives wired logic; the port direction may have been specified incorrectly. (LINT-6)
Warning: In design 'systolic_array_os_4x4_DATA_WIDTH16_WEIGHT_WIDTH16_ACC_WIDTH32_ARRAY_SIZE4', input port 'weight_in[58]' drives wired logic; the port direction may have been specified incorrectly. (LINT-6)
Warning: In design 'systolic_array_os_4x4_DATA_WIDTH16_WEIGHT_WIDTH16_ACC_WIDTH32_ARRAY_SIZE4', input port 'weight_in[57]' drives wired logic; the port direction may have been specified incorrectly. (LINT-6)
Warning: In design 'systolic_array_os_4x4_DATA_WIDTH16_WEIGHT_WIDTH16_ACC_WIDTH32_ARRAY_SIZE4', input port 'weight_in[56]' drives wired logic; the port direction may have been specified incorrectly. (LINT-6)
Warning: In design 'systolic_array_os_4x4_DATA_WIDTH16_WEIGHT_WIDTH16_ACC_WIDTH32_ARRAY_SIZE4', input port 'weight_in[55]' drives wired logic; the port direction may have been specified incorrectly. (LINT-6)
Warning: In design 'systolic_array_os_4x4_DATA_WIDTH16_WEIGHT_WIDTH16_ACC_WIDTH32_ARRAY_SIZE4', input port 'weight_in[54]' drives wired logic; the port direction may have been specified incorrectly. (LINT-6)
Warning: In design 'systolic_array_os_4x4_DATA_WIDTH16_WEIGHT_WIDTH16_ACC_WIDTH32_ARRAY_SIZE4', input port 'weight_in[53]' drives wired logic; the port direction may have been specified incorrectly. (LINT-6)
Warning: In design 'systolic_array_os_4x4_DATA_WIDTH16_WEIGHT_WIDTH16_ACC_WIDTH32_ARRAY_SIZE4', input port 'weight_in[52]' drives wired logic; the port direction may have been specified incorrectly. (LINT-6)
Warning: In design 'systolic_array_os_4x4_DATA_WIDTH16_WEIGHT_WIDTH16_ACC_WIDTH32_ARRAY_SIZE4', input port 'weight_in[51]' drives wired logic; the port direction may have been specified incorrectly. (LINT-6)
Warning: In design 'systolic_array_os_4x4_DATA_WIDTH16_WEIGHT_WIDTH16_ACC_WIDTH32_ARRAY_SIZE4', input port 'weight_in[50]' drives wired logic; the port direction may have been specified incorrectly. (LINT-6)
Warning: In design 'systolic_array_os_4x4_DATA_WIDTH16_WEIGHT_WIDTH16_ACC_WIDTH32_ARRAY_SIZE4', input port 'weight_in[49]' drives wired logic; the port direction may have been specified incorrectly. (LINT-6)
Warning: In design 'systolic_array_os_4x4_DATA_WIDTH16_WEIGHT_WIDTH16_ACC_WIDTH32_ARRAY_SIZE4', input port 'weight_in[48]' drives wired logic; the port direction may have been specified incorrectly. (LINT-6)
Warning: In design 'systolic_array_os_4x4_DATA_WIDTH16_WEIGHT_WIDTH16_ACC_WIDTH32_ARRAY_SIZE4', input port 'weight_in[47]' drives wired logic; the port direction may have been specified incorrectly. (LINT-6)
Warning: In design 'systolic_array_os_4x4_DATA_WIDTH16_WEIGHT_WIDTH16_ACC_WIDTH32_ARRAY_SIZE4', input port 'weight_in[46]' drives wired logic; the port direction may have been specified incorrectly. (LINT-6)
Warning: In design 'systolic_array_os_4x4_DATA_WIDTH16_WEIGHT_WIDTH16_ACC_WIDTH32_ARRAY_SIZE4', input port 'weight_in[45]' drives wired logic; the port direction may have been specified incorrectly. (LINT-6)
Warning: In design 'systolic_array_os_4x4_DATA_WIDTH16_WEIGHT_WIDTH16_ACC_WIDTH32_ARRAY_SIZE4', input port 'weight_in[44]' drives wired logic; the port direction may have been specified incorrectly. (LINT-6)
Warning: In design 'systolic_array_os_4x4_DATA_WIDTH16_WEIGHT_WIDTH16_ACC_WIDTH32_ARRAY_SIZE4', input port 'weight_in[43]' drives wired logic; the port direction may have been specified incorrectly. (LINT-6)
Warning: In design 'systolic_array_os_4x4_DATA_WIDTH16_WEIGHT_WIDTH16_ACC_WIDTH32_ARRAY_SIZE4', input port 'weight_in[42]' drives wired logic; the port direction may have been specified incorrectly. (LINT-6)
Warning: In design 'systolic_array_os_4x4_DATA_WIDTH16_WEIGHT_WIDTH16_ACC_WIDTH32_ARRAY_SIZE4', input port 'weight_in[41]' drives wired logic; the port direction may have been specified incorrectly. (LINT-6)
Warning: In design 'systolic_array_os_4x4_DATA_WIDTH16_WEIGHT_WIDTH16_ACC_WIDTH32_ARRAY_SIZE4', input port 'weight_in[40]' drives wired logic; the port direction may have been specified incorrectly. (LINT-6)
Warning: In design 'systolic_array_os_4x4_DATA_WIDTH16_WEIGHT_WIDTH16_ACC_WIDTH32_ARRAY_SIZE4', input port 'weight_in[39]' drives wired logic; the port direction may have been specified incorrectly. (LINT-6)
Warning: In design 'systolic_array_os_4x4_DATA_WIDTH16_WEIGHT_WIDTH16_ACC_WIDTH32_ARRAY_SIZE4', input port 'weight_in[38]' drives wired logic; the port direction may have been specified incorrectly. (LINT-6)
Warning: In design 'systolic_array_os_4x4_DATA_WIDTH16_WEIGHT_WIDTH16_ACC_WIDTH32_ARRAY_SIZE4', input port 'weight_in[37]' drives wired logic; the port direction may have been specified incorrectly. (LINT-6)
Warning: In design 'systolic_array_os_4x4_DATA_WIDTH16_WEIGHT_WIDTH16_ACC_WIDTH32_ARRAY_SIZE4', input port 'weight_in[36]' drives wired logic; the port direction may have been specified incorrectly. (LINT-6)
Warning: In design 'systolic_array_os_4x4_DATA_WIDTH16_WEIGHT_WIDTH16_ACC_WIDTH32_ARRAY_SIZE4', input port 'weight_in[35]' drives wired logic; the port direction may have been specified incorrectly. (LINT-6)
Warning: In design 'systolic_array_os_4x4_DATA_WIDTH16_WEIGHT_WIDTH16_ACC_WIDTH32_ARRAY_SIZE4', input port 'weight_in[34]' drives wired logic; the port direction may have been specified incorrectly. (LINT-6)
Warning: In design 'systolic_array_os_4x4_DATA_WIDTH16_WEIGHT_WIDTH16_ACC_WIDTH32_ARRAY_SIZE4', input port 'weight_in[33]' drives wired logic; the port direction may have been specified incorrectly. (LINT-6)
Warning: In design 'systolic_array_os_4x4_DATA_WIDTH16_WEIGHT_WIDTH16_ACC_WIDTH32_ARRAY_SIZE4', input port 'weight_in[32]' drives wired logic; the port direction may have been specified incorrectly. (LINT-6)
Warning: In design 'systolic_array_os_4x4_DATA_WIDTH16_WEIGHT_WIDTH16_ACC_WIDTH32_ARRAY_SIZE4', input port 'weight_in[31]' drives wired logic; the port direction may have been specified incorrectly. (LINT-6)
Warning: In design 'systolic_array_os_4x4_DATA_WIDTH16_WEIGHT_WIDTH16_ACC_WIDTH32_ARRAY_SIZE4', input port 'weight_in[30]' drives wired logic; the port direction may have been specified incorrectly. (LINT-6)
Warning: In design 'systolic_array_os_4x4_DATA_WIDTH16_WEIGHT_WIDTH16_ACC_WIDTH32_ARRAY_SIZE4', input port 'weight_in[29]' drives wired logic; the port direction may have been specified incorrectly. (LINT-6)
Warning: In design 'systolic_array_os_4x4_DATA_WIDTH16_WEIGHT_WIDTH16_ACC_WIDTH32_ARRAY_SIZE4', input port 'weight_in[28]' drives wired logic; the port direction may have been specified incorrectly. (LINT-6)
Warning: In design 'systolic_array_os_4x4_DATA_WIDTH16_WEIGHT_WIDTH16_ACC_WIDTH32_ARRAY_SIZE4', input port 'weight_in[27]' drives wired logic; the port direction may have been specified incorrectly. (LINT-6)
Warning: In design 'systolic_array_os_4x4_DATA_WIDTH16_WEIGHT_WIDTH16_ACC_WIDTH32_ARRAY_SIZE4', input port 'weight_in[26]' drives wired logic; the port direction may have been specified incorrectly. (LINT-6)
Warning: In design 'systolic_array_os_4x4_DATA_WIDTH16_WEIGHT_WIDTH16_ACC_WIDTH32_ARRAY_SIZE4', input port 'weight_in[25]' drives wired logic; the port direction may have been specified incorrectly. (LINT-6)
Warning: In design 'systolic_array_os_4x4_DATA_WIDTH16_WEIGHT_WIDTH16_ACC_WIDTH32_ARRAY_SIZE4', input port 'weight_in[24]' drives wired logic; the port direction may have been specified incorrectly. (LINT-6)
Warning: In design 'systolic_array_os_4x4_DATA_WIDTH16_WEIGHT_WIDTH16_ACC_WIDTH32_ARRAY_SIZE4', input port 'weight_in[23]' drives wired logic; the port direction may have been specified incorrectly. (LINT-6)
Warning: In design 'systolic_array_os_4x4_DATA_WIDTH16_WEIGHT_WIDTH16_ACC_WIDTH32_ARRAY_SIZE4', input port 'weight_in[22]' drives wired logic; the port direction may have been specified incorrectly. (LINT-6)
Warning: In design 'systolic_array_os_4x4_DATA_WIDTH16_WEIGHT_WIDTH16_ACC_WIDTH32_ARRAY_SIZE4', input port 'weight_in[21]' drives wired logic; the port direction may have been specified incorrectly. (LINT-6)
Warning: In design 'systolic_array_os_4x4_DATA_WIDTH16_WEIGHT_WIDTH16_ACC_WIDTH32_ARRAY_SIZE4', input port 'weight_in[20]' drives wired logic; the port direction may have been specified incorrectly. (LINT-6)
Warning: In design 'systolic_array_os_4x4_DATA_WIDTH16_WEIGHT_WIDTH16_ACC_WIDTH32_ARRAY_SIZE4', input port 'weight_in[19]' drives wired logic; the port direction may have been specified incorrectly. (LINT-6)
Warning: In design 'systolic_array_os_4x4_DATA_WIDTH16_WEIGHT_WIDTH16_ACC_WIDTH32_ARRAY_SIZE4', input port 'weight_in[18]' drives wired logic; the port direction may have been specified incorrectly. (LINT-6)
Warning: In design 'systolic_array_os_4x4_DATA_WIDTH16_WEIGHT_WIDTH16_ACC_WIDTH32_ARRAY_SIZE4', input port 'weight_in[17]' drives wired logic; the port direction may have been specified incorrectly. (LINT-6)
Warning: In design 'systolic_array_os_4x4_DATA_WIDTH16_WEIGHT_WIDTH16_ACC_WIDTH32_ARRAY_SIZE4', input port 'weight_in[16]' drives wired logic; the port direction may have been specified incorrectly. (LINT-6)
Warning: In design 'systolic_array_os_4x4_DATA_WIDTH16_WEIGHT_WIDTH16_ACC_WIDTH32_ARRAY_SIZE4', input port 'weight_in[15]' drives wired logic; the port direction may have been specified incorrectly. (LINT-6)
Warning: In design 'systolic_array_os_4x4_DATA_WIDTH16_WEIGHT_WIDTH16_ACC_WIDTH32_ARRAY_SIZE4', input port 'weight_in[14]' drives wired logic; the port direction may have been specified incorrectly. (LINT-6)
Warning: In design 'systolic_array_os_4x4_DATA_WIDTH16_WEIGHT_WIDTH16_ACC_WIDTH32_ARRAY_SIZE4', input port 'weight_in[13]' drives wired logic; the port direction may have been specified incorrectly. (LINT-6)
Warning: In design 'systolic_array_os_4x4_DATA_WIDTH16_WEIGHT_WIDTH16_ACC_WIDTH32_ARRAY_SIZE4', input port 'weight_in[12]' drives wired logic; the port direction may have been specified incorrectly. (LINT-6)
Warning: In design 'systolic_array_os_4x4_DATA_WIDTH16_WEIGHT_WIDTH16_ACC_WIDTH32_ARRAY_SIZE4', input port 'weight_in[11]' drives wired logic; the port direction may have been specified incorrectly. (LINT-6)
Warning: In design 'systolic_array_os_4x4_DATA_WIDTH16_WEIGHT_WIDTH16_ACC_WIDTH32_ARRAY_SIZE4', input port 'weight_in[10]' drives wired logic; the port direction may have been specified incorrectly. (LINT-6)
Warning: In design 'systolic_array_os_4x4_DATA_WIDTH16_WEIGHT_WIDTH16_ACC_WIDTH32_ARRAY_SIZE4', input port 'weight_in[9]' drives wired logic; the port direction may have been specified incorrectly. (LINT-6)
Warning: In design 'systolic_array_os_4x4_DATA_WIDTH16_WEIGHT_WIDTH16_ACC_WIDTH32_ARRAY_SIZE4', input port 'weight_in[8]' drives wired logic; the port direction may have been specified incorrectly. (LINT-6)
Warning: In design 'systolic_array_os_4x4_DATA_WIDTH16_WEIGHT_WIDTH16_ACC_WIDTH32_ARRAY_SIZE4', input port 'weight_in[7]' drives wired logic; the port direction may have been specified incorrectly. (LINT-6)
Warning: In design 'systolic_array_os_4x4_DATA_WIDTH16_WEIGHT_WIDTH16_ACC_WIDTH32_ARRAY_SIZE4', input port 'weight_in[6]' drives wired logic; the port direction may have been specified incorrectly. (LINT-6)
Warning: In design 'systolic_array_os_4x4_DATA_WIDTH16_WEIGHT_WIDTH16_ACC_WIDTH32_ARRAY_SIZE4', input port 'weight_in[5]' drives wired logic; the port direction may have been specified incorrectly. (LINT-6)
Warning: In design 'systolic_array_os_4x4_DATA_WIDTH16_WEIGHT_WIDTH16_ACC_WIDTH32_ARRAY_SIZE4', input port 'weight_in[4]' drives wired logic; the port direction may have been specified incorrectly. (LINT-6)
Warning: In design 'systolic_array_os_4x4_DATA_WIDTH16_WEIGHT_WIDTH16_ACC_WIDTH32_ARRAY_SIZE4', input port 'weight_in[3]' drives wired logic; the port direction may have been specified incorrectly. (LINT-6)
Warning: In design 'systolic_array_os_4x4_DATA_WIDTH16_WEIGHT_WIDTH16_ACC_WIDTH32_ARRAY_SIZE4', input port 'weight_in[2]' drives wired logic; the port direction may have been specified incorrectly. (LINT-6)
Warning: In design 'systolic_array_os_4x4_DATA_WIDTH16_WEIGHT_WIDTH16_ACC_WIDTH32_ARRAY_SIZE4', input port 'weight_in[1]' drives wired logic; the port direction may have been specified incorrectly. (LINT-6)
Warning: In design 'systolic_array_os_4x4_DATA_WIDTH16_WEIGHT_WIDTH16_ACC_WIDTH32_ARRAY_SIZE4', input port 'weight_in[0]' drives wired logic; the port direction may have been specified incorrectly. (LINT-6)
Warning: In design 'systolic_array_os_4x4_DATA_WIDTH16_WEIGHT_WIDTH16_ACC_WIDTH32_ARRAY_SIZE4', input port 'flush' drives wired logic; the port direction may have been specified incorrectly. (LINT-6)
Warning: In design 'systolic_array_os_4x4_DATA_WIDTH16_WEIGHT_WIDTH16_ACC_WIDTH32_ARRAY_SIZE4', input port 'clk_enable' drives wired logic; the port direction may have been specified incorrectly. (LINT-6)
Warning: In design 'systolic_array_os_4x4_DATA_WIDTH16_WEIGHT_WIDTH16_ACC_WIDTH32_ARRAY_SIZE4', port 'input_row_sel[1]' is not connected to any nets. (LINT-28)
Warning: In design 'systolic_array_os_4x4_DATA_WIDTH16_WEIGHT_WIDTH16_ACC_WIDTH32_ARRAY_SIZE4', port 'input_row_sel[0]' is not connected to any nets. (LINT-28)
Warning: In design 'os_pe_DATA_WIDTH16_WEIGHT_WIDTH16_ACC_WIDTH32', port 'clk_enable' is not connected to any nets. (LINT-28)
Warning: In design 'systolic_array_os_4x4_DATA_WIDTH16_WEIGHT_WIDTH16_ACC_WIDTH32_ARRAY_SIZE4', a pin on submodule 'gen_row[0].gen_col[3].pe_inst' is connected to logic 1 or logic 0. (LINT-32)
   Pin 'weight_out_ready' is connected to logic 1. 
Warning: In design 'systolic_array_os_4x4_DATA_WIDTH16_WEIGHT_WIDTH16_ACC_WIDTH32_ARRAY_SIZE4', a pin on submodule 'gen_row[1].gen_col[3].pe_inst' is connected to logic 1 or logic 0. (LINT-32)
   Pin 'weight_out_ready' is connected to logic 1. 
Warning: In design 'systolic_array_os_4x4_DATA_WIDTH16_WEIGHT_WIDTH16_ACC_WIDTH32_ARRAY_SIZE4', a pin on submodule 'gen_row[2].gen_col[3].pe_inst' is connected to logic 1 or logic 0. (LINT-32)
   Pin 'weight_out_ready' is connected to logic 1. 
Warning: In design 'systolic_array_os_4x4_DATA_WIDTH16_WEIGHT_WIDTH16_ACC_WIDTH32_ARRAY_SIZE4', a pin on submodule 'gen_row[3].gen_col[0].pe_inst' is connected to logic 1 or logic 0. (LINT-32)
   Pin 'input_out_ready' is connected to logic 1. 
Warning: In design 'systolic_array_os_4x4_DATA_WIDTH16_WEIGHT_WIDTH16_ACC_WIDTH32_ARRAY_SIZE4', a pin on submodule 'gen_row[3].gen_col[1].pe_inst' is connected to logic 1 or logic 0. (LINT-32)
   Pin 'input_out_ready' is connected to logic 1. 
Warning: In design 'systolic_array_os_4x4_DATA_WIDTH16_WEIGHT_WIDTH16_ACC_WIDTH32_ARRAY_SIZE4', a pin on submodule 'gen_row[3].gen_col[2].pe_inst' is connected to logic 1 or logic 0. (LINT-32)
   Pin 'input_out_ready' is connected to logic 1. 
Warning: In design 'systolic_array_os_4x4_DATA_WIDTH16_WEIGHT_WIDTH16_ACC_WIDTH32_ARRAY_SIZE4', a pin on submodule 'gen_row[3].gen_col[3].pe_inst' is connected to logic 1 or logic 0. (LINT-32)
   Pin 'input_out_ready' is connected to logic 1. 
Warning: In design 'systolic_array_os_4x4_DATA_WIDTH16_WEIGHT_WIDTH16_ACC_WIDTH32_ARRAY_SIZE4', a pin on submodule 'gen_row[3].gen_col[3].pe_inst' is connected to logic 1 or logic 0. (LINT-32)
   Pin 'weight_out_ready' is connected to logic 1. 
Warning: In design 'systolic_array_os_4x4_DATA_WIDTH16_WEIGHT_WIDTH16_ACC_WIDTH32_ARRAY_SIZE4', the same net is connected to more than one pin on submodule 'gen_row[3].gen_col[3].pe_inst'. (LINT-33)
   Net '*Logic1*' is connected to pins 'input_out_ready', 'weight_out_ready''.
Warning: In design 'os_core_top_4x4', three-state bus 'u_os_array/gen_row[0].gen_col[1].pe_inst/input_ready' has non three-state driver 'u_os_array/gen_row[0].gen_col[1].pe_inst/C847/Z'. (LINT-34)
Warning: In design 'os_core_top_4x4', three-state bus 'u_os_array/gen_row[0].gen_col[2].pe_inst/input_ready' has non three-state driver 'u_os_array/gen_row[0].gen_col[2].pe_inst/C847/Z'. (LINT-34)
Warning: In design 'os_core_top_4x4', three-state bus 'u_os_array/gen_row[0].gen_col[3].pe_inst/input_ready' has non three-state driver 'u_os_array/gen_row[0].gen_col[3].pe_inst/C847/Z'. (LINT-34)
Warning: In design 'os_core_top_4x4', three-state bus 'u_os_array/gen_row[1].gen_col[0].pe_inst/weight_ready' has non three-state driver 'u_os_array/gen_row[1].gen_col[0].pe_inst/C851/Z'. (LINT-34)
Warning: In design 'os_core_top_4x4', three-state bus 'u_os_array/gen_row[2].gen_col[0].pe_inst/weight_ready' has non three-state driver 'u_os_array/gen_row[2].gen_col[0].pe_inst/C851/Z'. (LINT-34)
Warning: In design 'os_core_top_4x4', three-state bus 'u_os_array/gen_row[3].gen_col[0].pe_inst/weight_ready' has non three-state driver 'u_os_array/gen_row[3].gen_col[0].pe_inst/C851/Z'. (LINT-34)
Warning: In design 'os_core_top_4x4', three-state bus 'u_os_array/row_weight_ready_out[0]' has non three-state driver 'u_os_array/gen_row[0].gen_col[0].pe_inst/C851/Z'. (LINT-34)
Warning: In design 'os_core_top_4x4', three-state bus 'u_os_array/row_weight_valid_in[0]' has non three-state driver 'u_os_array/C60/Z'. (LINT-34)
Warning: In design 'os_core_top_4x4', three-state bus 'u_os_array/row_weight_valid_in[1]' has non three-state driver 'u_os_array/C66/Z'. (LINT-34)
Warning: In design 'os_core_top_4x4', three-state bus 'u_os_array/row_weight_valid_in[2]' has non three-state driver 'u_os_array/C72/Z'. (LINT-34)
Warning: In design 'os_core_top_4x4', three-state bus 'u_os_array/row_weight_valid_in[3]' has non three-state driver 'u_os_array/C78/Z'. (LINT-34)
Warning: In design 'os_core_top_4x4', three-state bus 'u_os_array/_3_net_' has non three-state driver 'u_os_array/C57/Z'. (LINT-34)
Warning: In design 'os_core_top_4x4', three-state bus 'u_os_array/_2_net_' has non three-state driver 'u_os_array/C54/Z'. (LINT-34)
Warning: In design 'os_core_top_4x4', three-state bus 'u_os_array/_1_net_' has non three-state driver 'u_os_array/C51/Z'. (LINT-34)
Warning: In design 'os_core_top_4x4', three-state bus 'u_os_array/_0_net_' has non three-state driver 'u_os_array/C48/Z'. (LINT-34)
Warning: In design 'os_core_top_4x4', three-state bus 'u_os_array/col_input_ready_out[0]' has non three-state driver 'u_os_array/gen_row[0].gen_col[0].pe_inst/C847/Z'. (LINT-34)
Warning: In design 'os_pe_DATA_WIDTH16_WEIGHT_WIDTH16_ACC_WIDTH32', input pin 'B' of leaf cell 'C853' is connected to undriven net 'weight_out_ready'.  (LINT-58)
Warning: In design 'os_pe_DATA_WIDTH16_WEIGHT_WIDTH16_ACC_WIDTH32', input pin 'A' of leaf cell 'I_4' is connected to undriven net 'weight_out_ready'.  (LINT-58)
Warning: In design 'os_pe_DATA_WIDTH16_WEIGHT_WIDTH16_ACC_WIDTH32', input pin 'B' of leaf cell 'C908' is connected to undriven net 'weight_out_ready'.  (LINT-58)
Warning: In design 'os_pe_DATA_WIDTH16_WEIGHT_WIDTH16_ACC_WIDTH32', input pin 'B' of leaf cell 'C910' is connected to undriven net 'weight_out_ready'.  (LINT-58)
Warning: In design 'os_pe_DATA_WIDTH16_WEIGHT_WIDTH16_ACC_WIDTH32', input pin 'A' of leaf cell 'C931' is connected to undriven net 'weight_out_ready'.  (LINT-58)
Warning: In design 'os_pe_DATA_WIDTH16_WEIGHT_WIDTH16_ACC_WIDTH32', input pin 'A' of leaf cell 'C935' is connected to undriven net 'weight_out_ready'.  (LINT-58)
Warning: In design 'systolic_array_os_4x4_DATA_WIDTH16_WEIGHT_WIDTH16_ACC_WIDTH32_ARRAY_SIZE4', input pin 'weight_out_ready' of hierarchical cell 'gen_row[0].gen_col[0].pe_inst' has one or more internal loads, but is not connected to any nets. 'Logic 0' is assumed. (LINT-59)
Warning: In design 'systolic_array_os_4x4_DATA_WIDTH16_WEIGHT_WIDTH16_ACC_WIDTH32_ARRAY_SIZE4', input pin 'weight_out_ready' of hierarchical cell 'gen_row[0].gen_col[1].pe_inst' has one or more internal loads, but is not connected to any nets. 'Logic 0' is assumed. (LINT-59)
Warning: In design 'systolic_array_os_4x4_DATA_WIDTH16_WEIGHT_WIDTH16_ACC_WIDTH32_ARRAY_SIZE4', input pin 'weight_out_ready' of hierarchical cell 'gen_row[0].gen_col[2].pe_inst' has one or more internal loads, but is not connected to any nets. 'Logic 0' is assumed. (LINT-59)
Warning: In design 'systolic_array_os_4x4_DATA_WIDTH16_WEIGHT_WIDTH16_ACC_WIDTH32_ARRAY_SIZE4', input pin 'weight_out_ready' of hierarchical cell 'gen_row[1].gen_col[0].pe_inst' has one or more internal loads, but is not connected to any nets. 'Logic 0' is assumed. (LINT-59)
Warning: In design 'systolic_array_os_4x4_DATA_WIDTH16_WEIGHT_WIDTH16_ACC_WIDTH32_ARRAY_SIZE4', input pin 'weight_out_ready' of hierarchical cell 'gen_row[1].gen_col[1].pe_inst' has one or more internal loads, but is not connected to any nets. 'Logic 0' is assumed. (LINT-59)
Warning: In design 'systolic_array_os_4x4_DATA_WIDTH16_WEIGHT_WIDTH16_ACC_WIDTH32_ARRAY_SIZE4', input pin 'weight_out_ready' of hierarchical cell 'gen_row[1].gen_col[2].pe_inst' has one or more internal loads, but is not connected to any nets. 'Logic 0' is assumed. (LINT-59)
Warning: In design 'systolic_array_os_4x4_DATA_WIDTH16_WEIGHT_WIDTH16_ACC_WIDTH32_ARRAY_SIZE4', input pin 'weight_out_ready' of hierarchical cell 'gen_row[2].gen_col[0].pe_inst' has one or more internal loads, but is not connected to any nets. 'Logic 0' is assumed. (LINT-59)
Warning: In design 'systolic_array_os_4x4_DATA_WIDTH16_WEIGHT_WIDTH16_ACC_WIDTH32_ARRAY_SIZE4', input pin 'weight_out_ready' of hierarchical cell 'gen_row[2].gen_col[1].pe_inst' has one or more internal loads, but is not connected to any nets. 'Logic 0' is assumed. (LINT-59)
Warning: In design 'systolic_array_os_4x4_DATA_WIDTH16_WEIGHT_WIDTH16_ACC_WIDTH32_ARRAY_SIZE4', input pin 'weight_out_ready' of hierarchical cell 'gen_row[2].gen_col[2].pe_inst' has one or more internal loads, but is not connected to any nets. 'Logic 0' is assumed. (LINT-59)
Warning: In design 'systolic_array_os_4x4_DATA_WIDTH16_WEIGHT_WIDTH16_ACC_WIDTH32_ARRAY_SIZE4', input pin 'weight_out_ready' of hierarchical cell 'gen_row[3].gen_col[0].pe_inst' has one or more internal loads, but is not connected to any nets. 'Logic 0' is assumed. (LINT-59)
Warning: In design 'systolic_array_os_4x4_DATA_WIDTH16_WEIGHT_WIDTH16_ACC_WIDTH32_ARRAY_SIZE4', input pin 'weight_out_ready' of hierarchical cell 'gen_row[3].gen_col[1].pe_inst' has one or more internal loads, but is not connected to any nets. 'Logic 0' is assumed. (LINT-59)
Warning: In design 'systolic_array_os_4x4_DATA_WIDTH16_WEIGHT_WIDTH16_ACC_WIDTH32_ARRAY_SIZE4', input pin 'weight_out_ready' of hierarchical cell 'gen_row[3].gen_col[2].pe_inst' has one or more internal loads, but is not connected to any nets. 'Logic 0' is assumed. (LINT-59)
1
