Loading db file '/home/ic_libs/TSMC.90/aci/sc-x/synopsys/slow.db'
Information: Propagating switching activity (low effort zero delay simulation). (PWR-6)
Warning: Design has unannotated primary inputs. (PWR-414)
Warning: Design has unannotated sequential cell outputs. (PWR-415)
 
****************************************
Report : power
        -analysis_effort low
Design : os_core_top_4x4
Version: O-2018.06-SP1
Date   : Mon Apr 20 20:30:25 2026
****************************************


Library(s) Used:

    slow (File: /home/ic_libs/TSMC.90/aci/sc-x/synopsys/slow.db)


Operating Conditions: slow   Library: slow
Wire Load Model Mode: top


Global Operating Voltage = 0.9  
Power-specific unit information :
    Voltage Units = 1V
    Capacitance Units = 1.000000pf
    Time Units = 1ns
    Dynamic Power Units = 1mW    (derived from V,C,T units)
    Leakage Power Units = 1pW


  Cell Internal Power  =   3.6474 mW   (96%)
  Net Switching Power  = 150.1516 uW    (4%)
                         ---------
Total Dynamic Power    =   3.7976 mW  (100%)

Cell Leakage Power     =   1.1360 mW


                 Internal         Switching           Leakage            Total
Power Group      Power            Power               Power              Power   (   %    )  Attrs
--------------------------------------------------------------------------------------------------
io_pad             0.0000            0.0000            0.0000            0.0000  (   0.00%)
memory             0.0000            0.0000            0.0000            0.0000  (   0.00%)
black_box          0.0000            0.0000            0.0000            0.0000  (   0.00%)
clock_network      0.0000            0.0000            0.0000            0.0000  (   0.00%)
register           3.5008        1.7003e-02        6.1264e+07            3.5791  (  72.55%)
sequential         0.0000            0.0000            0.0000            0.0000  (   0.00%)
combinational      0.1466            0.1331        1.0747e+09            1.3545  (  27.45%)
--------------------------------------------------------------------------------------------------
Total              3.6474 mW         0.1502 mW     1.1360e+09 pW         4.9336 mW
1
