Warning: Design 'os_core_top_4x4' has '1' unresolved references. For more detailed information, use the "link" command. (UID-341)
 
****************************************
Report : timing
        -path full
        -delay max
        -max_paths 1
Design : os_core_top_4x4
Version: O-2018.06-SP1
Date   : Mon Apr 20 23:38:28 2026
****************************************

 # A fanout number of 1000 was used for high fanout net computations.

Operating Conditions: slow   Library: slow
Wire Load Model Mode: top

  Startpoint: u_os_array/gen_row[1].gen_col[2].pe_inst/weight_reg_reg[0]
              (rising edge-triggered flip-flop clocked by clk)
  Endpoint: u_os_array/gen_row[1].gen_col[2].pe_inst/accumulator_reg[31]
            (rising edge-triggered flip-flop clocked by clk)
  Path Group: clk
  Path Type: max

  Point                                                   Incr       Path
  --------------------------------------------------------------------------
  clock clk (rise edge)                                   0.00       0.00
  clock network delay (ideal)                             0.00       0.00
  u_os_array/gen_row[1].gen_col[2].pe_inst/weight_reg_reg[0]/CK (DFFRX4)
                                                          0.00 #     0.00 r
  u_os_array/gen_row[1].gen_col[2].pe_inst/weight_reg_reg[0]/Q (DFFRX4)
                                                          0.27       0.27 r
  u_os_array/gen_row[1].gen_col[2].pe_inst/mult_221/A[0] (os_pe_DATA_WIDTH16_WEIGHT_WIDTH16_ACC_WIDTH32_10_DW02_mult_0)
                                                          0.00       0.27 r
  u_os_array/gen_row[1].gen_col[2].pe_inst/mult_221/U95/Y (INVX10)
                                                          0.04       0.32 f
  u_os_array/gen_row[1].gen_col[2].pe_inst/mult_221/U238/Y (NOR2X4)
                                                          0.06       0.37 r
  u_os_array/gen_row[1].gen_col[2].pe_inst/mult_221/S0_1/CO (ADDFHX2)
                                                          0.23       0.60 r
  u_os_array/gen_row[1].gen_col[2].pe_inst/mult_221/S2_2_1/CO (ADDFHX2)
                                                          0.19       0.79 r
  u_os_array/gen_row[1].gen_col[2].pe_inst/mult_221/S2_3_1/S (ADDFHX4)
                                                          0.16       0.96 f
  u_os_array/gen_row[1].gen_col[2].pe_inst/mult_221/S1_4_0/CO (ADDFHX2)
                                                          0.14       1.09 f
  u_os_array/gen_row[1].gen_col[2].pe_inst/mult_221/S1_5_0/CO (ADDFHX2)
                                                          0.18       1.27 f
  u_os_array/gen_row[1].gen_col[2].pe_inst/mult_221/S1_6_0/CO (ADDFHX2)
                                                          0.18       1.45 f
  u_os_array/gen_row[1].gen_col[2].pe_inst/mult_221/S1_7_0/CO (ADDFHX2)
                                                          0.18       1.63 f
  u_os_array/gen_row[1].gen_col[2].pe_inst/mult_221/S1_8_0/CO (ADDFHX2)
                                                          0.18       1.80 f
  u_os_array/gen_row[1].gen_col[2].pe_inst/mult_221/S1_9_0/CO (ADDFHX2)
                                                          0.18       1.98 f
  u_os_array/gen_row[1].gen_col[2].pe_inst/mult_221/S1_10_0/CO (ADDFHX2)
                                                          0.18       2.16 f
  u_os_array/gen_row[1].gen_col[2].pe_inst/mult_221/S1_11_0/CO (ADDFHX2)
                                                          0.17       2.33 f
  u_os_array/gen_row[1].gen_col[2].pe_inst/mult_221/U237/Y (CLKNAND2X2)
                                                          0.06       2.38 r
  u_os_array/gen_row[1].gen_col[2].pe_inst/mult_221/U37/Y (NAND3X6)
                                                          0.08       2.46 f
  u_os_array/gen_row[1].gen_col[2].pe_inst/mult_221/S1_13_0/CO (ADDFHX4)
                                                          0.17       2.63 f
  u_os_array/gen_row[1].gen_col[2].pe_inst/mult_221/S1_14_0/S (ADDFHX4)
                                                          0.15       2.78 f
  u_os_array/gen_row[1].gen_col[2].pe_inst/mult_221/FS_1/A[12] (os_pe_DATA_WIDTH16_WEIGHT_WIDTH16_ACC_WIDTH32_10_DW01_add_1)
                                                          0.00       2.78 f
  u_os_array/gen_row[1].gen_col[2].pe_inst/mult_221/FS_1/SUM[12] (os_pe_DATA_WIDTH16_WEIGHT_WIDTH16_ACC_WIDTH32_10_DW01_add_1)
                                                          0.00       2.78 f
  u_os_array/gen_row[1].gen_col[2].pe_inst/mult_221/PRODUCT[14] (os_pe_DATA_WIDTH16_WEIGHT_WIDTH16_ACC_WIDTH32_10_DW02_mult_0)
                                                          0.00       2.78 f
  u_os_array/gen_row[1].gen_col[2].pe_inst/add_224/B[14] (os_pe_DATA_WIDTH16_WEIGHT_WIDTH16_ACC_WIDTH32_10_DW01_add_0)
                                                          0.00       2.78 f
  u_os_array/gen_row[1].gen_col[2].pe_inst/add_224/U1_14/CO (ADDFHXL)
                                                          0.20       2.98 f
  u_os_array/gen_row[1].gen_col[2].pe_inst/add_224/U1_15/CO (ADDFHX2)
                                                          0.14       3.12 f
  u_os_array/gen_row[1].gen_col[2].pe_inst/add_224/U1_16/CO (ADDFHX4)
                                                          0.11       3.23 f
  u_os_array/gen_row[1].gen_col[2].pe_inst/add_224/U1_17/CO (ADDFHX4)
                                                          0.11       3.33 f
  u_os_array/gen_row[1].gen_col[2].pe_inst/add_224/U1_18/CO (ADDFHX4)
                                                          0.11       3.44 f
  u_os_array/gen_row[1].gen_col[2].pe_inst/add_224/U1_19/CO (ADDFHX4)
                                                          0.11       3.55 f
  u_os_array/gen_row[1].gen_col[2].pe_inst/add_224/U1_20/CO (ADDFHX4)
                                                          0.11       3.65 f
  u_os_array/gen_row[1].gen_col[2].pe_inst/add_224/U1_21/CO (ADDFHX4)
                                                          0.11       3.76 f
  u_os_array/gen_row[1].gen_col[2].pe_inst/add_224/U1_22/CO (ADDFHX4)
                                                          0.11       3.87 f
  u_os_array/gen_row[1].gen_col[2].pe_inst/add_224/U1_23/CO (ADDFHX4)
                                                          0.11       3.97 f
  u_os_array/gen_row[1].gen_col[2].pe_inst/add_224/U1_24/CO (ADDFHX4)
                                                          0.11       4.09 f
  u_os_array/gen_row[1].gen_col[2].pe_inst/add_224/U16/Y (CLKNAND2X4)
                                                          0.03       4.12 r
  u_os_array/gen_row[1].gen_col[2].pe_inst/add_224/U19/Y (NAND3X4)
                                                          0.06       4.18 f
  u_os_array/gen_row[1].gen_col[2].pe_inst/add_224/U1_26/CO (ADDFHX4)
                                                          0.11       4.30 f
  u_os_array/gen_row[1].gen_col[2].pe_inst/add_224/U1_27/CO (ADDFHX4)
                                                          0.11       4.40 f
  u_os_array/gen_row[1].gen_col[2].pe_inst/add_224/U1_28/CO (ADDFHX4)
                                                          0.11       4.51 f
  u_os_array/gen_row[1].gen_col[2].pe_inst/add_224/U1_29/CO (ADDFHX4)
                                                          0.11       4.62 f
  u_os_array/gen_row[1].gen_col[2].pe_inst/add_224/U1_30/CO (ADDFHX4)
                                                          0.10       4.72 f
  u_os_array/gen_row[1].gen_col[2].pe_inst/add_224/U1_31/Y (XOR3X4)
                                                          0.11       4.83 r
  u_os_array/gen_row[1].gen_col[2].pe_inst/add_224/SUM[31] (os_pe_DATA_WIDTH16_WEIGHT_WIDTH16_ACC_WIDTH32_10_DW01_add_0)
                                                          0.00       4.83 r
  u_os_array/gen_row[1].gen_col[2].pe_inst/U10/Y (NOR2X4)
                                                          0.03       4.85 f
  u_os_array/gen_row[1].gen_col[2].pe_inst/U9/Y (NOR2X4)
                                                          0.04       4.89 r
  u_os_array/gen_row[1].gen_col[2].pe_inst/accumulator_reg[31]/D (DFFRHQX1)
                                                          0.00       4.89 r
  data arrival time                                                  4.89

  clock clk (rise edge)                                   5.00       5.00
  clock network delay (ideal)                             0.00       5.00
  u_os_array/gen_row[1].gen_col[2].pe_inst/accumulator_reg[31]/CK (DFFRHQX1)
                                                          0.00       5.00 r
  library setup time                                     -0.11       4.89
  data required time                                                 4.89
  --------------------------------------------------------------------------
  data required time                                                 4.89
  data arrival time                                                 -4.89
  --------------------------------------------------------------------------
  slack (MET)                                                        0.00


1
