Loading db file '/home/ic_libs/TSMC.90/aci/sc-x/synopsys/slow.db'
Information: Propagating switching activity (low effort zero delay simulation). (PWR-6)
Warning: Design has unannotated primary inputs. (PWR-414)
Warning: Design has unannotated sequential cell outputs. (PWR-415)
 
****************************************
Report : power
        -analysis_effort low
Design : os_core_top_4x4
Version: O-2018.06-SP1
Date   : Tue Apr 21 11:57:25 2026
****************************************


Library(s) Used:

    slow (File: /home/ic_libs/TSMC.90/aci/sc-x/synopsys/slow.db)


Operating Conditions: slow   Library: slow
Wire Load Model Mode: top


Global Operating Voltage = 0.9  
Power-specific unit information :
    Voltage Units = 1V
    Capacitance Units = 1.000000pf
    Time Units = 1ns
    Dynamic Power Units = 1mW    (derived from V,C,T units)
    Leakage Power Units = 1pW


  Cell Internal Power  =   3.0668 mW   (92%)
  Net Switching Power  = 274.7473 uW    (8%)
                         ---------
Total Dynamic Power    =   3.3416 mW  (100%)

Cell Leakage Power     =   1.1659 mW


                 Internal         Switching           Leakage            Total
Power Group      Power            Power               Power              Power   (   %    )  Attrs
--------------------------------------------------------------------------------------------------
io_pad             0.0000            0.0000            0.0000            0.0000  (   0.00%)
memory             0.0000            0.0000            0.0000            0.0000  (   0.00%)
black_box          0.0000            0.0000            0.0000            0.0000  (   0.00%)
clock_network      0.0000            0.0000            0.0000            0.0000  (   0.00%)
register           2.4165        5.1175e-03        4.0192e+07            2.4618  (  54.62%)
sequential         0.0000            0.0000            0.0000            0.0000  (   0.00%)
combinational      0.6504            0.2696        1.1257e+09            2.0457  (  45.38%)
--------------------------------------------------------------------------------------------------
Total              3.0668 mW         0.2747 mW     1.1659e+09 pW         4.5074 mW
1
