Information: Updating design information... (UID-85)
 
****************************************
Report : qor
Design : os_core_top_4x4
Version: O-2018.06-SP1
Date   : Tue Apr 21 18:17:35 2026
****************************************


  Timing Path Group 'clk'
  -----------------------------------
  Levels of Logic:              28.00
  Critical Path Length:          4.89
  Critical Path Slack:           0.00
  Critical Path Clk Period:      5.00
  Total Negative Slack:          0.00
  No. of Violating Paths:        0.00
  Worst Hold Violation:          0.00
  Total Hold Violation:          0.00
  No. of Hold Violations:        0.00
  -----------------------------------


  Cell Count
  -----------------------------------
  Hierarchical Cell Count:         65
  Hierarchical Port Count:       5806
  Leaf Cell Count:              17911
  Buf/Inv Cell Count:            2179
  Buf Cell Count:                 184
  Inv Cell Count:                1995
  CT Buf/Inv Cell Count:            0
  Combinational Cell Count:     16919
  Sequential Cell Count:          992
  Macro Count:                      0
  -----------------------------------


  Area
  -----------------------------------
  Combinational Area:   165502.010520
  Noncombinational Area: 16751.649757
  Buf/Inv Area:           5999.716939
  Total Buffer Area:           568.71
  Total Inverter Area:        5431.00
  Macro/Black Box Area:      0.000000
  Net Area:                  0.000000
  -----------------------------------
  Cell Area:            182253.660277
  Design Area:          182253.660277


  Design Rules
  -----------------------------------
  Total Number of Nets:         21691
  Nets With Violations:             0
  Max Trans Violations:             0
  Max Cap Violations:               0
  -----------------------------------


  Hostname: IC_EDA

  Compile CPU Statistics
  -----------------------------------------
  Resource Sharing:                   10.99
  Logic Optimization:                 22.70
  Mapping Optimization:               72.79
  -----------------------------------------
  Overall Compile Time:              109.89
  Overall Compile Wall Clock Time:   110.31

  --------------------------------------------------------------------

  Design  WNS: 0.00  TNS: 0.00  Number of Violating Paths: 0


  Design (Hold)  WNS: 0.00  TNS: 0.00  Number of Violating Paths: 0

  --------------------------------------------------------------------


1
