 
****************************************
Report : timing
        -path full
        -delay max
        -max_paths 1
Design : os_core_top_4x4
Version: O-2018.06-SP1
Date   : Tue Apr 21 10:40:39 2026
****************************************

 # A fanout number of 1000 was used for high fanout net computations.

Operating Conditions: slow   Library: slow
Wire Load Model Mode: top

  Startpoint: u_os_array/gen_row[0].gen_col[1].pe_inst/input_reg_reg[2]
              (rising edge-triggered flip-flop clocked by clk)
  Endpoint: u_os_array/gen_row[0].gen_col[1].pe_inst/accumulator_reg[31]
            (rising edge-triggered flip-flop clocked by clk)
  Path Group: clk
  Path Type: max

  Point                                                   Incr       Path
  --------------------------------------------------------------------------
  clock clk (rise edge)                                   0.00       0.00
  clock network delay (ideal)                             0.00       0.00
  u_os_array/gen_row[0].gen_col[1].pe_inst/input_reg_reg[2]/CK (DFFRHQX2)
                                                          0.00 #     0.00 r
  u_os_array/gen_row[0].gen_col[1].pe_inst/input_reg_reg[2]/Q (DFFRHQX2)
                                                          0.14       0.14 f
  u_os_array/gen_row[0].gen_col[1].pe_inst/mult_221/B[2] (os_pe_DATA_WIDTH16_WEIGHT_WIDTH16_ACC_WIDTH32_15_DW02_mult_0)
                                                          0.00       0.14 f
  u_os_array/gen_row[0].gen_col[1].pe_inst/mult_221/U47/Y (INVX4)
                                                          0.08       0.22 r
  u_os_array/gen_row[0].gen_col[1].pe_inst/mult_221/U32/Y (NOR2X2)
                                                          0.04       0.26 f
  u_os_array/gen_row[0].gen_col[1].pe_inst/mult_221/S0_1/CO (ADDFHX2)
                                                          0.22       0.48 f
  u_os_array/gen_row[0].gen_col[1].pe_inst/mult_221/S2_2_1/CO (ADDFHX2)
                                                          0.18       0.65 f
  u_os_array/gen_row[0].gen_col[1].pe_inst/mult_221/S2_3_1/CO (ADDFHX2)
                                                          0.18       0.83 f
  u_os_array/gen_row[0].gen_col[1].pe_inst/mult_221/S2_4_1/CO (ADDFHX2)
                                                          0.18       1.01 f
  u_os_array/gen_row[0].gen_col[1].pe_inst/mult_221/S2_5_1/CO (ADDFHX2)
                                                          0.18       1.18 f
  u_os_array/gen_row[0].gen_col[1].pe_inst/mult_221/S2_6_1/CO (ADDFHX2)
                                                          0.17       1.35 f
  u_os_array/gen_row[0].gen_col[1].pe_inst/mult_221/S2_7_1/S (ADDFHX1)
                                                          0.19       1.55 f
  u_os_array/gen_row[0].gen_col[1].pe_inst/mult_221/S1_8_0/CO (ADDFHX4)
                                                          0.14       1.69 f
  u_os_array/gen_row[0].gen_col[1].pe_inst/mult_221/S1_9_0/CO (ADDFHX4)
                                                          0.16       1.85 f
  u_os_array/gen_row[0].gen_col[1].pe_inst/mult_221/S1_10_0/S (ADDFHX4)
                                                          0.14       2.00 f
  u_os_array/gen_row[0].gen_col[1].pe_inst/mult_221/FS_1/A[8] (os_pe_DATA_WIDTH16_WEIGHT_WIDTH16_ACC_WIDTH32_15_DW01_add_1)
                                                          0.00       2.00 f
  u_os_array/gen_row[0].gen_col[1].pe_inst/mult_221/FS_1/SUM[8] (os_pe_DATA_WIDTH16_WEIGHT_WIDTH16_ACC_WIDTH32_15_DW01_add_1)
                                                          0.00       2.00 f
  u_os_array/gen_row[0].gen_col[1].pe_inst/mult_221/PRODUCT[10] (os_pe_DATA_WIDTH16_WEIGHT_WIDTH16_ACC_WIDTH32_15_DW02_mult_0)
                                                          0.00       2.00 f
  u_os_array/gen_row[0].gen_col[1].pe_inst/add_224/B[10] (os_pe_DATA_WIDTH16_WEIGHT_WIDTH16_ACC_WIDTH32_15_DW01_add_0)
                                                          0.00       2.00 f
  u_os_array/gen_row[0].gen_col[1].pe_inst/add_224/U1_10/CO (ADDFX1)
                                                          0.26       2.25 f
  u_os_array/gen_row[0].gen_col[1].pe_inst/add_224/U1_11/CO (ADDFX1)
                                                          0.18       2.43 f
  u_os_array/gen_row[0].gen_col[1].pe_inst/add_224/U1_12/CO (ADDFX1)
                                                          0.18       2.61 f
  u_os_array/gen_row[0].gen_col[1].pe_inst/add_224/U1_13/CO (ADDFX1)
                                                          0.17       2.78 f
  u_os_array/gen_row[0].gen_col[1].pe_inst/add_224/U1_14/CO (ADDFHXL)
                                                          0.17       2.95 f
  u_os_array/gen_row[0].gen_col[1].pe_inst/add_224/U1_15/CO (ADDFHX2)
                                                          0.13       3.08 f
  u_os_array/gen_row[0].gen_col[1].pe_inst/add_224/U1_16/CO (ADDFHX2)
                                                          0.13       3.20 f
  u_os_array/gen_row[0].gen_col[1].pe_inst/add_224/U1_17/CO (ADDFHX4)
                                                          0.12       3.32 f
  u_os_array/gen_row[0].gen_col[1].pe_inst/add_224/U21/Y (CLKNAND2X4)
                                                          0.04       3.37 r
  u_os_array/gen_row[0].gen_col[1].pe_inst/add_224/U1/Y (NAND3X8)
                                                          0.06       3.43 f
  u_os_array/gen_row[0].gen_col[1].pe_inst/add_224/U16/Y (CLKNAND2X4)
                                                          0.04       3.47 r
  u_os_array/gen_row[0].gen_col[1].pe_inst/add_224/U17/Y (NAND3X4)
                                                          0.06       3.53 f
  u_os_array/gen_row[0].gen_col[1].pe_inst/add_224/U1_20/CO (ADDFHX4)
                                                          0.11       3.64 f
  u_os_array/gen_row[0].gen_col[1].pe_inst/add_224/U1_21/CO (ADDFHX4)
                                                          0.10       3.74 f
  u_os_array/gen_row[0].gen_col[1].pe_inst/add_224/U1_22/CO (ADDFHX2)
                                                          0.12       3.87 f
  u_os_array/gen_row[0].gen_col[1].pe_inst/add_224/U1_23/CO (ADDFHX4)
                                                          0.11       3.98 f
  u_os_array/gen_row[0].gen_col[1].pe_inst/add_224/U1_24/CO (ADDFHX4)
                                                          0.11       4.08 f
  u_os_array/gen_row[0].gen_col[1].pe_inst/add_224/U1_25/CO (ADDFHX4)
                                                          0.11       4.19 f
  u_os_array/gen_row[0].gen_col[1].pe_inst/add_224/U1_26/CO (ADDFHX4)
                                                          0.11       4.30 f
  u_os_array/gen_row[0].gen_col[1].pe_inst/add_224/U1_27/CO (ADDFHX4)
                                                          0.11       4.40 f
  u_os_array/gen_row[0].gen_col[1].pe_inst/add_224/U1_28/CO (ADDFHX4)
                                                          0.11       4.51 f
  u_os_array/gen_row[0].gen_col[1].pe_inst/add_224/U1_29/CO (ADDFHX4)
                                                          0.11       4.62 f
  u_os_array/gen_row[0].gen_col[1].pe_inst/add_224/U1_30/CO (ADDFHX4)
                                                          0.10       4.72 f
  u_os_array/gen_row[0].gen_col[1].pe_inst/add_224/U15/Y (XNOR3X2)
                                                          0.08       4.80 f
  u_os_array/gen_row[0].gen_col[1].pe_inst/add_224/SUM[31] (os_pe_DATA_WIDTH16_WEIGHT_WIDTH16_ACC_WIDTH32_15_DW01_add_0)
                                                          0.00       4.80 f
  u_os_array/gen_row[0].gen_col[1].pe_inst/U6/Y (AO2B2X4)
                                                          0.11       4.91 f
  u_os_array/gen_row[0].gen_col[1].pe_inst/accumulator_reg[31]/D (DFFRHQX2)
                                                          0.00       4.91 f
  data arrival time                                                  4.91

  clock clk (rise edge)                                   5.00       5.00
  clock network delay (ideal)                             0.00       5.00
  u_os_array/gen_row[0].gen_col[1].pe_inst/accumulator_reg[31]/CK (DFFRHQX2)
                                                          0.00       5.00 r
  library setup time                                     -0.09       4.91
  data required time                                                 4.91
  --------------------------------------------------------------------------
  data required time                                                 4.91
  data arrival time                                                 -4.91
  --------------------------------------------------------------------------
  slack (MET)                                                        0.00


1
