Warning: Design 'ws_core_top_4x4' has '1' unresolved references. For more detailed information, use the "link" command. (UID-341)
 
****************************************
Report : area
Design : ws_core_top_4x4
Version: O-2018.06-SP1
Date   : Mon Apr 20 23:42:04 2026
****************************************

Library(s) Used:

    slow (File: /home/ic_libs/TSMC.90/aci/sc-x/synopsys/slow.db)

Number of ports:                          524
Number of nets:                         20931
Number of cells:                        18202
Number of combinational cells:          15376
Number of sequential cells:              2741
Number of macros/black boxes:               0
Number of buf/inv:                       2445
Number of references:                     232

Combinational area:             105075.131582
Buf/Inv area:                     6118.963373
Noncombinational area:           45703.123829
Macro/Black Box area:                0.000000
Net Interconnect area:      undefined  (No wire load specified)

Total cell area:                150778.255411
Total area:                 undefined

Information: This design contains black box (unknown) components. (RPT-8)
1
