Warning: Design 'ws_core_top_4x4' has '1' unresolved references. For more detailed information, use the "link" command. (UID-341)
 
****************************************
check_design summary:
Version:     O-2018.06-SP1
Date:        Mon Apr 20 22:38:07 2026
****************************************

                   Name                                            Total
--------------------------------------------------------------------------------
Inputs/Outputs                                                     25
    Multiply driven inputs (LINT-6)                                24
    Shorted outputs (LINT-31)                                       1

Cells                                                             140
    Connected to power or ground (LINT-32)                        132
    Nets connected to multiple pins on same cell (LINT-33)          8

Nets                                                               72
    Unloaded nets (LINT-2)                                         72

Tristate                                                          140
    A tristate bus has a non tri-state driver (LINT-34)           140
--------------------------------------------------------------------------------

Warning: In design 'ws_core_top_4x4', net 'u_ws_array/partial_ready_mesh[1]' driven by pin 'u_ws_array/gen_row[0].gen_col[1].pe_inst/partial_in_ready' has no loads. (LINT-2)
Warning: In design 'ws_core_top_4x4', net 'u_ws_array/partial_ready_mesh[2]' driven by pin 'u_ws_array/gen_row[0].gen_col[2].pe_inst/partial_in_ready' has no loads. (LINT-2)
Warning: In design 'ws_core_top_4x4', net 'u_ws_array/input_out_valid_mesh_3' driven by pin 'u_ws_array/gen_row[0].gen_col[3].pe_inst/input_out_valid' has no loads. (LINT-2)
Warning: In design 'ws_core_top_4x4', net 'u_ws_array/input_out_mesh_48' driven by pin 'u_ws_array/gen_row[0].gen_col[3].pe_inst/input_out[0]' has no loads. (LINT-2)
Warning: In design 'ws_core_top_4x4', net 'u_ws_array/input_out_mesh_49' driven by pin 'u_ws_array/gen_row[0].gen_col[3].pe_inst/input_out[1]' has no loads. (LINT-2)
Warning: In design 'ws_core_top_4x4', net 'u_ws_array/input_out_mesh_50' driven by pin 'u_ws_array/gen_row[0].gen_col[3].pe_inst/input_out[2]' has no loads. (LINT-2)
Warning: In design 'ws_core_top_4x4', net 'u_ws_array/input_out_mesh_51' driven by pin 'u_ws_array/gen_row[0].gen_col[3].pe_inst/input_out[3]' has no loads. (LINT-2)
Warning: In design 'ws_core_top_4x4', net 'u_ws_array/input_out_mesh_52' driven by pin 'u_ws_array/gen_row[0].gen_col[3].pe_inst/input_out[4]' has no loads. (LINT-2)
Warning: In design 'ws_core_top_4x4', net 'u_ws_array/input_out_mesh_53' driven by pin 'u_ws_array/gen_row[0].gen_col[3].pe_inst/input_out[5]' has no loads. (LINT-2)
Warning: In design 'ws_core_top_4x4', net 'u_ws_array/input_out_mesh_54' driven by pin 'u_ws_array/gen_row[0].gen_col[3].pe_inst/input_out[6]' has no loads. (LINT-2)
Warning: In design 'ws_core_top_4x4', net 'u_ws_array/input_out_mesh_55' driven by pin 'u_ws_array/gen_row[0].gen_col[3].pe_inst/input_out[7]' has no loads. (LINT-2)
Warning: In design 'ws_core_top_4x4', net 'u_ws_array/input_out_mesh_56' driven by pin 'u_ws_array/gen_row[0].gen_col[3].pe_inst/input_out[8]' has no loads. (LINT-2)
Warning: In design 'ws_core_top_4x4', net 'u_ws_array/input_out_mesh_57' driven by pin 'u_ws_array/gen_row[0].gen_col[3].pe_inst/input_out[9]' has no loads. (LINT-2)
Warning: In design 'ws_core_top_4x4', net 'u_ws_array/input_out_mesh_58' driven by pin 'u_ws_array/gen_row[0].gen_col[3].pe_inst/input_out[10]' has no loads. (LINT-2)
Warning: In design 'ws_core_top_4x4', net 'u_ws_array/input_out_mesh_59' driven by pin 'u_ws_array/gen_row[0].gen_col[3].pe_inst/input_out[11]' has no loads. (LINT-2)
Warning: In design 'ws_core_top_4x4', net 'u_ws_array/input_out_mesh_60' driven by pin 'u_ws_array/gen_row[0].gen_col[3].pe_inst/input_out[12]' has no loads. (LINT-2)
Warning: In design 'ws_core_top_4x4', net 'u_ws_array/input_out_mesh_61' driven by pin 'u_ws_array/gen_row[0].gen_col[3].pe_inst/input_out[13]' has no loads. (LINT-2)
Warning: In design 'ws_core_top_4x4', net 'u_ws_array/input_out_mesh_62' driven by pin 'u_ws_array/gen_row[0].gen_col[3].pe_inst/input_out[14]' has no loads. (LINT-2)
Warning: In design 'ws_core_top_4x4', net 'u_ws_array/input_out_mesh_63' driven by pin 'u_ws_array/gen_row[0].gen_col[3].pe_inst/input_out[15]' has no loads. (LINT-2)
Warning: In design 'ws_core_top_4x4', net 'u_ws_array/partial_ready_mesh[3]' driven by pin 'u_ws_array/gen_row[0].gen_col[3].pe_inst/partial_in_ready' has no loads. (LINT-2)
Warning: In design 'ws_core_top_4x4', net 'u_ws_array/input_out_valid_mesh_7' driven by pin 'u_ws_array/gen_row[1].gen_col[3].pe_inst/input_out_valid' has no loads. (LINT-2)
Warning: In design 'ws_core_top_4x4', net 'u_ws_array/input_out_mesh_112' driven by pin 'u_ws_array/gen_row[1].gen_col[3].pe_inst/input_out[0]' has no loads. (LINT-2)
Warning: In design 'ws_core_top_4x4', net 'u_ws_array/input_out_mesh_113' driven by pin 'u_ws_array/gen_row[1].gen_col[3].pe_inst/input_out[1]' has no loads. (LINT-2)
Warning: In design 'ws_core_top_4x4', net 'u_ws_array/input_out_mesh_114' driven by pin 'u_ws_array/gen_row[1].gen_col[3].pe_inst/input_out[2]' has no loads. (LINT-2)
Warning: In design 'ws_core_top_4x4', net 'u_ws_array/input_out_mesh_115' driven by pin 'u_ws_array/gen_row[1].gen_col[3].pe_inst/input_out[3]' has no loads. (LINT-2)
Warning: In design 'ws_core_top_4x4', net 'u_ws_array/input_out_mesh_116' driven by pin 'u_ws_array/gen_row[1].gen_col[3].pe_inst/input_out[4]' has no loads. (LINT-2)
Warning: In design 'ws_core_top_4x4', net 'u_ws_array/input_out_mesh_117' driven by pin 'u_ws_array/gen_row[1].gen_col[3].pe_inst/input_out[5]' has no loads. (LINT-2)
Warning: In design 'ws_core_top_4x4', net 'u_ws_array/input_out_mesh_118' driven by pin 'u_ws_array/gen_row[1].gen_col[3].pe_inst/input_out[6]' has no loads. (LINT-2)
Warning: In design 'ws_core_top_4x4', net 'u_ws_array/input_out_mesh_119' driven by pin 'u_ws_array/gen_row[1].gen_col[3].pe_inst/input_out[7]' has no loads. (LINT-2)
Warning: In design 'ws_core_top_4x4', net 'u_ws_array/input_out_mesh_120' driven by pin 'u_ws_array/gen_row[1].gen_col[3].pe_inst/input_out[8]' has no loads. (LINT-2)
Warning: In design 'ws_core_top_4x4', net 'u_ws_array/input_out_mesh_121' driven by pin 'u_ws_array/gen_row[1].gen_col[3].pe_inst/input_out[9]' has no loads. (LINT-2)
Warning: In design 'ws_core_top_4x4', net 'u_ws_array/input_out_mesh_122' driven by pin 'u_ws_array/gen_row[1].gen_col[3].pe_inst/input_out[10]' has no loads. (LINT-2)
Warning: In design 'ws_core_top_4x4', net 'u_ws_array/input_out_mesh_123' driven by pin 'u_ws_array/gen_row[1].gen_col[3].pe_inst/input_out[11]' has no loads. (LINT-2)
Warning: In design 'ws_core_top_4x4', net 'u_ws_array/input_out_mesh_124' driven by pin 'u_ws_array/gen_row[1].gen_col[3].pe_inst/input_out[12]' has no loads. (LINT-2)
Warning: In design 'ws_core_top_4x4', net 'u_ws_array/input_out_mesh_125' driven by pin 'u_ws_array/gen_row[1].gen_col[3].pe_inst/input_out[13]' has no loads. (LINT-2)
Warning: In design 'ws_core_top_4x4', net 'u_ws_array/input_out_mesh_126' driven by pin 'u_ws_array/gen_row[1].gen_col[3].pe_inst/input_out[14]' has no loads. (LINT-2)
Warning: In design 'ws_core_top_4x4', net 'u_ws_array/input_out_mesh_127' driven by pin 'u_ws_array/gen_row[1].gen_col[3].pe_inst/input_out[15]' has no loads. (LINT-2)
Warning: In design 'ws_core_top_4x4', net 'u_ws_array/input_out_valid_mesh_11' driven by pin 'u_ws_array/gen_row[2].gen_col[3].pe_inst/input_out_valid' has no loads. (LINT-2)
Warning: In design 'ws_core_top_4x4', net 'u_ws_array/input_out_mesh_176' driven by pin 'u_ws_array/gen_row[2].gen_col[3].pe_inst/input_out[0]' has no loads. (LINT-2)
Warning: In design 'ws_core_top_4x4', net 'u_ws_array/input_out_mesh_177' driven by pin 'u_ws_array/gen_row[2].gen_col[3].pe_inst/input_out[1]' has no loads. (LINT-2)
Warning: In design 'ws_core_top_4x4', net 'u_ws_array/input_out_mesh_178' driven by pin 'u_ws_array/gen_row[2].gen_col[3].pe_inst/input_out[2]' has no loads. (LINT-2)
Warning: In design 'ws_core_top_4x4', net 'u_ws_array/input_out_mesh_179' driven by pin 'u_ws_array/gen_row[2].gen_col[3].pe_inst/input_out[3]' has no loads. (LINT-2)
Warning: In design 'ws_core_top_4x4', net 'u_ws_array/input_out_mesh_180' driven by pin 'u_ws_array/gen_row[2].gen_col[3].pe_inst/input_out[4]' has no loads. (LINT-2)
Warning: In design 'ws_core_top_4x4', net 'u_ws_array/input_out_mesh_181' driven by pin 'u_ws_array/gen_row[2].gen_col[3].pe_inst/input_out[5]' has no loads. (LINT-2)
Warning: In design 'ws_core_top_4x4', net 'u_ws_array/input_out_mesh_182' driven by pin 'u_ws_array/gen_row[2].gen_col[3].pe_inst/input_out[6]' has no loads. (LINT-2)
Warning: In design 'ws_core_top_4x4', net 'u_ws_array/input_out_mesh_183' driven by pin 'u_ws_array/gen_row[2].gen_col[3].pe_inst/input_out[7]' has no loads. (LINT-2)
Warning: In design 'ws_core_top_4x4', net 'u_ws_array/input_out_mesh_184' driven by pin 'u_ws_array/gen_row[2].gen_col[3].pe_inst/input_out[8]' has no loads. (LINT-2)
Warning: In design 'ws_core_top_4x4', net 'u_ws_array/input_out_mesh_185' driven by pin 'u_ws_array/gen_row[2].gen_col[3].pe_inst/input_out[9]' has no loads. (LINT-2)
Warning: In design 'ws_core_top_4x4', net 'u_ws_array/input_out_mesh_186' driven by pin 'u_ws_array/gen_row[2].gen_col[3].pe_inst/input_out[10]' has no loads. (LINT-2)
Warning: In design 'ws_core_top_4x4', net 'u_ws_array/input_out_mesh_187' driven by pin 'u_ws_array/gen_row[2].gen_col[3].pe_inst/input_out[11]' has no loads. (LINT-2)
Warning: In design 'ws_core_top_4x4', net 'u_ws_array/input_out_mesh_188' driven by pin 'u_ws_array/gen_row[2].gen_col[3].pe_inst/input_out[12]' has no loads. (LINT-2)
Warning: In design 'ws_core_top_4x4', net 'u_ws_array/input_out_mesh_189' driven by pin 'u_ws_array/gen_row[2].gen_col[3].pe_inst/input_out[13]' has no loads. (LINT-2)
Warning: In design 'ws_core_top_4x4', net 'u_ws_array/input_out_mesh_190' driven by pin 'u_ws_array/gen_row[2].gen_col[3].pe_inst/input_out[14]' has no loads. (LINT-2)
Warning: In design 'ws_core_top_4x4', net 'u_ws_array/input_out_mesh_191' driven by pin 'u_ws_array/gen_row[2].gen_col[3].pe_inst/input_out[15]' has no loads. (LINT-2)
Warning: In design 'ws_core_top_4x4', net 'u_ws_array/input_out_valid_mesh[15]' driven by pin 'u_ws_array/gen_row[3].gen_col[3].pe_inst/input_out_valid' has no loads. (LINT-2)
Warning: In design 'ws_core_top_4x4', net 'u_ws_array/input_out_mesh[240]' driven by pin 'u_ws_array/gen_row[3].gen_col[3].pe_inst/input_out[0]' has no loads. (LINT-2)
Warning: In design 'ws_core_top_4x4', net 'u_ws_array/input_out_mesh[241]' driven by pin 'u_ws_array/gen_row[3].gen_col[3].pe_inst/input_out[1]' has no loads. (LINT-2)
Warning: In design 'ws_core_top_4x4', net 'u_ws_array/input_out_mesh[242]' driven by pin 'u_ws_array/gen_row[3].gen_col[3].pe_inst/input_out[2]' has no loads. (LINT-2)
Warning: In design 'ws_core_top_4x4', net 'u_ws_array/input_out_mesh[243]' driven by pin 'u_ws_array/gen_row[3].gen_col[3].pe_inst/input_out[3]' has no loads. (LINT-2)
Warning: In design 'ws_core_top_4x4', net 'u_ws_array/input_out_mesh[244]' driven by pin 'u_ws_array/gen_row[3].gen_col[3].pe_inst/input_out[4]' has no loads. (LINT-2)
Warning: In design 'ws_core_top_4x4', net 'u_ws_array/input_out_mesh[245]' driven by pin 'u_ws_array/gen_row[3].gen_col[3].pe_inst/input_out[5]' has no loads. (LINT-2)
Warning: In design 'ws_core_top_4x4', net 'u_ws_array/input_out_mesh[246]' driven by pin 'u_ws_array/gen_row[3].gen_col[3].pe_inst/input_out[6]' has no loads. (LINT-2)
Warning: In design 'ws_core_top_4x4', net 'u_ws_array/input_out_mesh[247]' driven by pin 'u_ws_array/gen_row[3].gen_col[3].pe_inst/input_out[7]' has no loads. (LINT-2)
Warning: In design 'ws_core_top_4x4', net 'u_ws_array/input_out_mesh[248]' driven by pin 'u_ws_array/gen_row[3].gen_col[3].pe_inst/input_out[8]' has no loads. (LINT-2)
Warning: In design 'ws_core_top_4x4', net 'u_ws_array/input_out_mesh[249]' driven by pin 'u_ws_array/gen_row[3].gen_col[3].pe_inst/input_out[9]' has no loads. (LINT-2)
Warning: In design 'ws_core_top_4x4', net 'u_ws_array/input_out_mesh[250]' driven by pin 'u_ws_array/gen_row[3].gen_col[3].pe_inst/input_out[10]' has no loads. (LINT-2)
Warning: In design 'ws_core_top_4x4', net 'u_ws_array/input_out_mesh[251]' driven by pin 'u_ws_array/gen_row[3].gen_col[3].pe_inst/input_out[11]' has no loads. (LINT-2)
Warning: In design 'ws_core_top_4x4', net 'u_ws_array/input_out_mesh[252]' driven by pin 'u_ws_array/gen_row[3].gen_col[3].pe_inst/input_out[12]' has no loads. (LINT-2)
Warning: In design 'ws_core_top_4x4', net 'u_ws_array/input_out_mesh[253]' driven by pin 'u_ws_array/gen_row[3].gen_col[3].pe_inst/input_out[13]' has no loads. (LINT-2)
Warning: In design 'ws_core_top_4x4', net 'u_ws_array/input_out_mesh[254]' driven by pin 'u_ws_array/gen_row[3].gen_col[3].pe_inst/input_out[14]' has no loads. (LINT-2)
Warning: In design 'ws_core_top_4x4', net 'u_ws_array/input_out_mesh[255]' driven by pin 'u_ws_array/gen_row[3].gen_col[3].pe_inst/input_out[15]' has no loads. (LINT-2)
Warning: In design 'ws_core_top_4x4', net 'u_ws_array/partial_ready_mesh[0]' driven by pin 'u_ws_array/gen_row[0].gen_col[0].pe_inst/partial_in_ready' has no loads. (LINT-2)
Warning: In design 'systolic_array_4x4_DATA_WIDTH16_WEIGHT_WIDTH16_ACC_WIDTH32_ARRAY_SIZE4', input port 'clk' drives wired logic; the port direction may have been specified incorrectly. (LINT-6)
Warning: In design 'systolic_array_4x4_DATA_WIDTH16_WEIGHT_WIDTH16_ACC_WIDTH32_ARRAY_SIZE4', input port 'rst_n' drives wired logic; the port direction may have been specified incorrectly. (LINT-6)
Warning: In design 'systolic_array_4x4_DATA_WIDTH16_WEIGHT_WIDTH16_ACC_WIDTH32_ARRAY_SIZE4', input port 'input_data[15]' drives wired logic; the port direction may have been specified incorrectly. (LINT-6)
Warning: In design 'systolic_array_4x4_DATA_WIDTH16_WEIGHT_WIDTH16_ACC_WIDTH32_ARRAY_SIZE4', input port 'input_data[14]' drives wired logic; the port direction may have been specified incorrectly. (LINT-6)
Warning: In design 'systolic_array_4x4_DATA_WIDTH16_WEIGHT_WIDTH16_ACC_WIDTH32_ARRAY_SIZE4', input port 'input_data[13]' drives wired logic; the port direction may have been specified incorrectly. (LINT-6)
Warning: In design 'systolic_array_4x4_DATA_WIDTH16_WEIGHT_WIDTH16_ACC_WIDTH32_ARRAY_SIZE4', input port 'input_data[12]' drives wired logic; the port direction may have been specified incorrectly. (LINT-6)
Warning: In design 'systolic_array_4x4_DATA_WIDTH16_WEIGHT_WIDTH16_ACC_WIDTH32_ARRAY_SIZE4', input port 'input_data[11]' drives wired logic; the port direction may have been specified incorrectly. (LINT-6)
Warning: In design 'systolic_array_4x4_DATA_WIDTH16_WEIGHT_WIDTH16_ACC_WIDTH32_ARRAY_SIZE4', input port 'input_data[10]' drives wired logic; the port direction may have been specified incorrectly. (LINT-6)
Warning: In design 'systolic_array_4x4_DATA_WIDTH16_WEIGHT_WIDTH16_ACC_WIDTH32_ARRAY_SIZE4', input port 'input_data[9]' drives wired logic; the port direction may have been specified incorrectly. (LINT-6)
Warning: In design 'systolic_array_4x4_DATA_WIDTH16_WEIGHT_WIDTH16_ACC_WIDTH32_ARRAY_SIZE4', input port 'input_data[8]' drives wired logic; the port direction may have been specified incorrectly. (LINT-6)
Warning: In design 'systolic_array_4x4_DATA_WIDTH16_WEIGHT_WIDTH16_ACC_WIDTH32_ARRAY_SIZE4', input port 'input_data[7]' drives wired logic; the port direction may have been specified incorrectly. (LINT-6)
Warning: In design 'systolic_array_4x4_DATA_WIDTH16_WEIGHT_WIDTH16_ACC_WIDTH32_ARRAY_SIZE4', input port 'input_data[6]' drives wired logic; the port direction may have been specified incorrectly. (LINT-6)
Warning: In design 'systolic_array_4x4_DATA_WIDTH16_WEIGHT_WIDTH16_ACC_WIDTH32_ARRAY_SIZE4', input port 'input_data[5]' drives wired logic; the port direction may have been specified incorrectly. (LINT-6)
Warning: In design 'systolic_array_4x4_DATA_WIDTH16_WEIGHT_WIDTH16_ACC_WIDTH32_ARRAY_SIZE4', input port 'input_data[4]' drives wired logic; the port direction may have been specified incorrectly. (LINT-6)
Warning: In design 'systolic_array_4x4_DATA_WIDTH16_WEIGHT_WIDTH16_ACC_WIDTH32_ARRAY_SIZE4', input port 'input_data[3]' drives wired logic; the port direction may have been specified incorrectly. (LINT-6)
Warning: In design 'systolic_array_4x4_DATA_WIDTH16_WEIGHT_WIDTH16_ACC_WIDTH32_ARRAY_SIZE4', input port 'input_data[2]' drives wired logic; the port direction may have been specified incorrectly. (LINT-6)
Warning: In design 'systolic_array_4x4_DATA_WIDTH16_WEIGHT_WIDTH16_ACC_WIDTH32_ARRAY_SIZE4', input port 'input_data[1]' drives wired logic; the port direction may have been specified incorrectly. (LINT-6)
Warning: In design 'systolic_array_4x4_DATA_WIDTH16_WEIGHT_WIDTH16_ACC_WIDTH32_ARRAY_SIZE4', input port 'input_data[0]' drives wired logic; the port direction may have been specified incorrectly. (LINT-6)
Warning: In design 'systolic_array_4x4_DATA_WIDTH16_WEIGHT_WIDTH16_ACC_WIDTH32_ARRAY_SIZE4', input port 'output_ready[3]' drives wired logic; the port direction may have been specified incorrectly. (LINT-6)
Warning: In design 'systolic_array_4x4_DATA_WIDTH16_WEIGHT_WIDTH16_ACC_WIDTH32_ARRAY_SIZE4', input port 'output_ready[2]' drives wired logic; the port direction may have been specified incorrectly. (LINT-6)
Warning: In design 'systolic_array_4x4_DATA_WIDTH16_WEIGHT_WIDTH16_ACC_WIDTH32_ARRAY_SIZE4', input port 'output_ready[1]' drives wired logic; the port direction may have been specified incorrectly. (LINT-6)
Warning: In design 'systolic_array_4x4_DATA_WIDTH16_WEIGHT_WIDTH16_ACC_WIDTH32_ARRAY_SIZE4', input port 'output_ready[0]' drives wired logic; the port direction may have been specified incorrectly. (LINT-6)
Warning: In design 'systolic_array_4x4_DATA_WIDTH16_WEIGHT_WIDTH16_ACC_WIDTH32_ARRAY_SIZE4', input port 'flush' drives wired logic; the port direction may have been specified incorrectly. (LINT-6)
Warning: In design 'systolic_array_4x4_DATA_WIDTH16_WEIGHT_WIDTH16_ACC_WIDTH32_ARRAY_SIZE4', input port 'clk_enable' drives wired logic; the port direction may have been specified incorrectly. (LINT-6)
Warning: In design 'pe_DATA_WIDTH16_WEIGHT_WIDTH16_ACC_WIDTH32', output port 'weight_ready' is connected directly to output port 'input_ready'. (LINT-31)
Warning: In design 'systolic_array_4x4_DATA_WIDTH16_WEIGHT_WIDTH16_ACC_WIDTH32_ARRAY_SIZE4', a pin on submodule 'gen_row[0].gen_col[0].pe_inst' is connected to logic 1 or logic 0. (LINT-32)
   Pin 'partial_in[31]' is connected to logic 0. 
Warning: In design 'systolic_array_4x4_DATA_WIDTH16_WEIGHT_WIDTH16_ACC_WIDTH32_ARRAY_SIZE4', a pin on submodule 'gen_row[0].gen_col[0].pe_inst' is connected to logic 1 or logic 0. (LINT-32)
   Pin 'partial_in[30]' is connected to logic 0. 
Warning: In design 'systolic_array_4x4_DATA_WIDTH16_WEIGHT_WIDTH16_ACC_WIDTH32_ARRAY_SIZE4', a pin on submodule 'gen_row[0].gen_col[0].pe_inst' is connected to logic 1 or logic 0. (LINT-32)
   Pin 'partial_in[29]' is connected to logic 0. 
Warning: In design 'systolic_array_4x4_DATA_WIDTH16_WEIGHT_WIDTH16_ACC_WIDTH32_ARRAY_SIZE4', a pin on submodule 'gen_row[0].gen_col[0].pe_inst' is connected to logic 1 or logic 0. (LINT-32)
   Pin 'partial_in[28]' is connected to logic 0. 
Warning: In design 'systolic_array_4x4_DATA_WIDTH16_WEIGHT_WIDTH16_ACC_WIDTH32_ARRAY_SIZE4', a pin on submodule 'gen_row[0].gen_col[0].pe_inst' is connected to logic 1 or logic 0. (LINT-32)
   Pin 'partial_in[27]' is connected to logic 0. 
Warning: In design 'systolic_array_4x4_DATA_WIDTH16_WEIGHT_WIDTH16_ACC_WIDTH32_ARRAY_SIZE4', a pin on submodule 'gen_row[0].gen_col[0].pe_inst' is connected to logic 1 or logic 0. (LINT-32)
   Pin 'partial_in[26]' is connected to logic 0. 
Warning: In design 'systolic_array_4x4_DATA_WIDTH16_WEIGHT_WIDTH16_ACC_WIDTH32_ARRAY_SIZE4', a pin on submodule 'gen_row[0].gen_col[0].pe_inst' is connected to logic 1 or logic 0. (LINT-32)
   Pin 'partial_in[25]' is connected to logic 0. 
Warning: In design 'systolic_array_4x4_DATA_WIDTH16_WEIGHT_WIDTH16_ACC_WIDTH32_ARRAY_SIZE4', a pin on submodule 'gen_row[0].gen_col[0].pe_inst' is connected to logic 1 or logic 0. (LINT-32)
   Pin 'partial_in[24]' is connected to logic 0. 
Warning: In design 'systolic_array_4x4_DATA_WIDTH16_WEIGHT_WIDTH16_ACC_WIDTH32_ARRAY_SIZE4', a pin on submodule 'gen_row[0].gen_col[0].pe_inst' is connected to logic 1 or logic 0. (LINT-32)
   Pin 'partial_in[23]' is connected to logic 0. 
Warning: In design 'systolic_array_4x4_DATA_WIDTH16_WEIGHT_WIDTH16_ACC_WIDTH32_ARRAY_SIZE4', a pin on submodule 'gen_row[0].gen_col[0].pe_inst' is connected to logic 1 or logic 0. (LINT-32)
   Pin 'partial_in[22]' is connected to logic 0. 
Warning: In design 'systolic_array_4x4_DATA_WIDTH16_WEIGHT_WIDTH16_ACC_WIDTH32_ARRAY_SIZE4', a pin on submodule 'gen_row[0].gen_col[0].pe_inst' is connected to logic 1 or logic 0. (LINT-32)
   Pin 'partial_in[21]' is connected to logic 0. 
Warning: In design 'systolic_array_4x4_DATA_WIDTH16_WEIGHT_WIDTH16_ACC_WIDTH32_ARRAY_SIZE4', a pin on submodule 'gen_row[0].gen_col[0].pe_inst' is connected to logic 1 or logic 0. (LINT-32)
   Pin 'partial_in[20]' is connected to logic 0. 
Warning: In design 'systolic_array_4x4_DATA_WIDTH16_WEIGHT_WIDTH16_ACC_WIDTH32_ARRAY_SIZE4', a pin on submodule 'gen_row[0].gen_col[0].pe_inst' is connected to logic 1 or logic 0. (LINT-32)
   Pin 'partial_in[19]' is connected to logic 0. 
Warning: In design 'systolic_array_4x4_DATA_WIDTH16_WEIGHT_WIDTH16_ACC_WIDTH32_ARRAY_SIZE4', a pin on submodule 'gen_row[0].gen_col[0].pe_inst' is connected to logic 1 or logic 0. (LINT-32)
   Pin 'partial_in[18]' is connected to logic 0. 
Warning: In design 'systolic_array_4x4_DATA_WIDTH16_WEIGHT_WIDTH16_ACC_WIDTH32_ARRAY_SIZE4', a pin on submodule 'gen_row[0].gen_col[0].pe_inst' is connected to logic 1 or logic 0. (LINT-32)
   Pin 'partial_in[17]' is connected to logic 0. 
Warning: In design 'systolic_array_4x4_DATA_WIDTH16_WEIGHT_WIDTH16_ACC_WIDTH32_ARRAY_SIZE4', a pin on submodule 'gen_row[0].gen_col[0].pe_inst' is connected to logic 1 or logic 0. (LINT-32)
   Pin 'partial_in[16]' is connected to logic 0. 
Warning: In design 'systolic_array_4x4_DATA_WIDTH16_WEIGHT_WIDTH16_ACC_WIDTH32_ARRAY_SIZE4', a pin on submodule 'gen_row[0].gen_col[0].pe_inst' is connected to logic 1 or logic 0. (LINT-32)
   Pin 'partial_in[15]' is connected to logic 0. 
Warning: In design 'systolic_array_4x4_DATA_WIDTH16_WEIGHT_WIDTH16_ACC_WIDTH32_ARRAY_SIZE4', a pin on submodule 'gen_row[0].gen_col[0].pe_inst' is connected to logic 1 or logic 0. (LINT-32)
   Pin 'partial_in[14]' is connected to logic 0. 
Warning: In design 'systolic_array_4x4_DATA_WIDTH16_WEIGHT_WIDTH16_ACC_WIDTH32_ARRAY_SIZE4', a pin on submodule 'gen_row[0].gen_col[0].pe_inst' is connected to logic 1 or logic 0. (LINT-32)
   Pin 'partial_in[13]' is connected to logic 0. 
Warning: In design 'systolic_array_4x4_DATA_WIDTH16_WEIGHT_WIDTH16_ACC_WIDTH32_ARRAY_SIZE4', a pin on submodule 'gen_row[0].gen_col[0].pe_inst' is connected to logic 1 or logic 0. (LINT-32)
   Pin 'partial_in[12]' is connected to logic 0. 
Warning: In design 'systolic_array_4x4_DATA_WIDTH16_WEIGHT_WIDTH16_ACC_WIDTH32_ARRAY_SIZE4', a pin on submodule 'gen_row[0].gen_col[0].pe_inst' is connected to logic 1 or logic 0. (LINT-32)
   Pin 'partial_in[11]' is connected to logic 0. 
Warning: In design 'systolic_array_4x4_DATA_WIDTH16_WEIGHT_WIDTH16_ACC_WIDTH32_ARRAY_SIZE4', a pin on submodule 'gen_row[0].gen_col[0].pe_inst' is connected to logic 1 or logic 0. (LINT-32)
   Pin 'partial_in[10]' is connected to logic 0. 
Warning: In design 'systolic_array_4x4_DATA_WIDTH16_WEIGHT_WIDTH16_ACC_WIDTH32_ARRAY_SIZE4', a pin on submodule 'gen_row[0].gen_col[0].pe_inst' is connected to logic 1 or logic 0. (LINT-32)
   Pin 'partial_in[9]' is connected to logic 0. 
Warning: In design 'systolic_array_4x4_DATA_WIDTH16_WEIGHT_WIDTH16_ACC_WIDTH32_ARRAY_SIZE4', a pin on submodule 'gen_row[0].gen_col[0].pe_inst' is connected to logic 1 or logic 0. (LINT-32)
   Pin 'partial_in[8]' is connected to logic 0. 
Warning: In design 'systolic_array_4x4_DATA_WIDTH16_WEIGHT_WIDTH16_ACC_WIDTH32_ARRAY_SIZE4', a pin on submodule 'gen_row[0].gen_col[0].pe_inst' is connected to logic 1 or logic 0. (LINT-32)
   Pin 'partial_in[7]' is connected to logic 0. 
Warning: In design 'systolic_array_4x4_DATA_WIDTH16_WEIGHT_WIDTH16_ACC_WIDTH32_ARRAY_SIZE4', a pin on submodule 'gen_row[0].gen_col[0].pe_inst' is connected to logic 1 or logic 0. (LINT-32)
   Pin 'partial_in[6]' is connected to logic 0. 
Warning: In design 'systolic_array_4x4_DATA_WIDTH16_WEIGHT_WIDTH16_ACC_WIDTH32_ARRAY_SIZE4', a pin on submodule 'gen_row[0].gen_col[0].pe_inst' is connected to logic 1 or logic 0. (LINT-32)
   Pin 'partial_in[5]' is connected to logic 0. 
Warning: In design 'systolic_array_4x4_DATA_WIDTH16_WEIGHT_WIDTH16_ACC_WIDTH32_ARRAY_SIZE4', a pin on submodule 'gen_row[0].gen_col[0].pe_inst' is connected to logic 1 or logic 0. (LINT-32)
   Pin 'partial_in[4]' is connected to logic 0. 
Warning: In design 'systolic_array_4x4_DATA_WIDTH16_WEIGHT_WIDTH16_ACC_WIDTH32_ARRAY_SIZE4', a pin on submodule 'gen_row[0].gen_col[0].pe_inst' is connected to logic 1 or logic 0. (LINT-32)
   Pin 'partial_in[3]' is connected to logic 0. 
Warning: In design 'systolic_array_4x4_DATA_WIDTH16_WEIGHT_WIDTH16_ACC_WIDTH32_ARRAY_SIZE4', a pin on submodule 'gen_row[0].gen_col[0].pe_inst' is connected to logic 1 or logic 0. (LINT-32)
   Pin 'partial_in[2]' is connected to logic 0. 
Warning: In design 'systolic_array_4x4_DATA_WIDTH16_WEIGHT_WIDTH16_ACC_WIDTH32_ARRAY_SIZE4', a pin on submodule 'gen_row[0].gen_col[0].pe_inst' is connected to logic 1 or logic 0. (LINT-32)
   Pin 'partial_in[1]' is connected to logic 0. 
Warning: In design 'systolic_array_4x4_DATA_WIDTH16_WEIGHT_WIDTH16_ACC_WIDTH32_ARRAY_SIZE4', a pin on submodule 'gen_row[0].gen_col[0].pe_inst' is connected to logic 1 or logic 0. (LINT-32)
   Pin 'partial_in[0]' is connected to logic 0. 
Warning: In design 'systolic_array_4x4_DATA_WIDTH16_WEIGHT_WIDTH16_ACC_WIDTH32_ARRAY_SIZE4', a pin on submodule 'gen_row[0].gen_col[1].pe_inst' is connected to logic 1 or logic 0. (LINT-32)
   Pin 'partial_in[31]' is connected to logic 0. 
Warning: In design 'systolic_array_4x4_DATA_WIDTH16_WEIGHT_WIDTH16_ACC_WIDTH32_ARRAY_SIZE4', a pin on submodule 'gen_row[0].gen_col[1].pe_inst' is connected to logic 1 or logic 0. (LINT-32)
   Pin 'partial_in[30]' is connected to logic 0. 
Warning: In design 'systolic_array_4x4_DATA_WIDTH16_WEIGHT_WIDTH16_ACC_WIDTH32_ARRAY_SIZE4', a pin on submodule 'gen_row[0].gen_col[1].pe_inst' is connected to logic 1 or logic 0. (LINT-32)
   Pin 'partial_in[29]' is connected to logic 0. 
Warning: In design 'systolic_array_4x4_DATA_WIDTH16_WEIGHT_WIDTH16_ACC_WIDTH32_ARRAY_SIZE4', a pin on submodule 'gen_row[0].gen_col[1].pe_inst' is connected to logic 1 or logic 0. (LINT-32)
   Pin 'partial_in[28]' is connected to logic 0. 
Warning: In design 'systolic_array_4x4_DATA_WIDTH16_WEIGHT_WIDTH16_ACC_WIDTH32_ARRAY_SIZE4', a pin on submodule 'gen_row[0].gen_col[1].pe_inst' is connected to logic 1 or logic 0. (LINT-32)
   Pin 'partial_in[27]' is connected to logic 0. 
Warning: In design 'systolic_array_4x4_DATA_WIDTH16_WEIGHT_WIDTH16_ACC_WIDTH32_ARRAY_SIZE4', a pin on submodule 'gen_row[0].gen_col[1].pe_inst' is connected to logic 1 or logic 0. (LINT-32)
   Pin 'partial_in[26]' is connected to logic 0. 
Warning: In design 'systolic_array_4x4_DATA_WIDTH16_WEIGHT_WIDTH16_ACC_WIDTH32_ARRAY_SIZE4', a pin on submodule 'gen_row[0].gen_col[1].pe_inst' is connected to logic 1 or logic 0. (LINT-32)
   Pin 'partial_in[25]' is connected to logic 0. 
Warning: In design 'systolic_array_4x4_DATA_WIDTH16_WEIGHT_WIDTH16_ACC_WIDTH32_ARRAY_SIZE4', a pin on submodule 'gen_row[0].gen_col[1].pe_inst' is connected to logic 1 or logic 0. (LINT-32)
   Pin 'partial_in[24]' is connected to logic 0. 
Warning: In design 'systolic_array_4x4_DATA_WIDTH16_WEIGHT_WIDTH16_ACC_WIDTH32_ARRAY_SIZE4', a pin on submodule 'gen_row[0].gen_col[1].pe_inst' is connected to logic 1 or logic 0. (LINT-32)
   Pin 'partial_in[23]' is connected to logic 0. 
Warning: In design 'systolic_array_4x4_DATA_WIDTH16_WEIGHT_WIDTH16_ACC_WIDTH32_ARRAY_SIZE4', a pin on submodule 'gen_row[0].gen_col[1].pe_inst' is connected to logic 1 or logic 0. (LINT-32)
   Pin 'partial_in[22]' is connected to logic 0. 
Warning: In design 'systolic_array_4x4_DATA_WIDTH16_WEIGHT_WIDTH16_ACC_WIDTH32_ARRAY_SIZE4', a pin on submodule 'gen_row[0].gen_col[1].pe_inst' is connected to logic 1 or logic 0. (LINT-32)
   Pin 'partial_in[21]' is connected to logic 0. 
Warning: In design 'systolic_array_4x4_DATA_WIDTH16_WEIGHT_WIDTH16_ACC_WIDTH32_ARRAY_SIZE4', a pin on submodule 'gen_row[0].gen_col[1].pe_inst' is connected to logic 1 or logic 0. (LINT-32)
   Pin 'partial_in[20]' is connected to logic 0. 
Warning: In design 'systolic_array_4x4_DATA_WIDTH16_WEIGHT_WIDTH16_ACC_WIDTH32_ARRAY_SIZE4', a pin on submodule 'gen_row[0].gen_col[1].pe_inst' is connected to logic 1 or logic 0. (LINT-32)
   Pin 'partial_in[19]' is connected to logic 0. 
Warning: In design 'systolic_array_4x4_DATA_WIDTH16_WEIGHT_WIDTH16_ACC_WIDTH32_ARRAY_SIZE4', a pin on submodule 'gen_row[0].gen_col[1].pe_inst' is connected to logic 1 or logic 0. (LINT-32)
   Pin 'partial_in[18]' is connected to logic 0. 
Warning: In design 'systolic_array_4x4_DATA_WIDTH16_WEIGHT_WIDTH16_ACC_WIDTH32_ARRAY_SIZE4', a pin on submodule 'gen_row[0].gen_col[1].pe_inst' is connected to logic 1 or logic 0. (LINT-32)
   Pin 'partial_in[17]' is connected to logic 0. 
Warning: In design 'systolic_array_4x4_DATA_WIDTH16_WEIGHT_WIDTH16_ACC_WIDTH32_ARRAY_SIZE4', a pin on submodule 'gen_row[0].gen_col[1].pe_inst' is connected to logic 1 or logic 0. (LINT-32)
   Pin 'partial_in[16]' is connected to logic 0. 
Warning: In design 'systolic_array_4x4_DATA_WIDTH16_WEIGHT_WIDTH16_ACC_WIDTH32_ARRAY_SIZE4', a pin on submodule 'gen_row[0].gen_col[1].pe_inst' is connected to logic 1 or logic 0. (LINT-32)
   Pin 'partial_in[15]' is connected to logic 0. 
Warning: In design 'systolic_array_4x4_DATA_WIDTH16_WEIGHT_WIDTH16_ACC_WIDTH32_ARRAY_SIZE4', a pin on submodule 'gen_row[0].gen_col[1].pe_inst' is connected to logic 1 or logic 0. (LINT-32)
   Pin 'partial_in[14]' is connected to logic 0. 
Warning: In design 'systolic_array_4x4_DATA_WIDTH16_WEIGHT_WIDTH16_ACC_WIDTH32_ARRAY_SIZE4', a pin on submodule 'gen_row[0].gen_col[1].pe_inst' is connected to logic 1 or logic 0. (LINT-32)
   Pin 'partial_in[13]' is connected to logic 0. 
Warning: In design 'systolic_array_4x4_DATA_WIDTH16_WEIGHT_WIDTH16_ACC_WIDTH32_ARRAY_SIZE4', a pin on submodule 'gen_row[0].gen_col[1].pe_inst' is connected to logic 1 or logic 0. (LINT-32)
   Pin 'partial_in[12]' is connected to logic 0. 
Warning: In design 'systolic_array_4x4_DATA_WIDTH16_WEIGHT_WIDTH16_ACC_WIDTH32_ARRAY_SIZE4', a pin on submodule 'gen_row[0].gen_col[1].pe_inst' is connected to logic 1 or logic 0. (LINT-32)
   Pin 'partial_in[11]' is connected to logic 0. 
Warning: In design 'systolic_array_4x4_DATA_WIDTH16_WEIGHT_WIDTH16_ACC_WIDTH32_ARRAY_SIZE4', a pin on submodule 'gen_row[0].gen_col[1].pe_inst' is connected to logic 1 or logic 0. (LINT-32)
   Pin 'partial_in[10]' is connected to logic 0. 
Warning: In design 'systolic_array_4x4_DATA_WIDTH16_WEIGHT_WIDTH16_ACC_WIDTH32_ARRAY_SIZE4', a pin on submodule 'gen_row[0].gen_col[1].pe_inst' is connected to logic 1 or logic 0. (LINT-32)
   Pin 'partial_in[9]' is connected to logic 0. 
Warning: In design 'systolic_array_4x4_DATA_WIDTH16_WEIGHT_WIDTH16_ACC_WIDTH32_ARRAY_SIZE4', a pin on submodule 'gen_row[0].gen_col[1].pe_inst' is connected to logic 1 or logic 0. (LINT-32)
   Pin 'partial_in[8]' is connected to logic 0. 
Warning: In design 'systolic_array_4x4_DATA_WIDTH16_WEIGHT_WIDTH16_ACC_WIDTH32_ARRAY_SIZE4', a pin on submodule 'gen_row[0].gen_col[1].pe_inst' is connected to logic 1 or logic 0. (LINT-32)
   Pin 'partial_in[7]' is connected to logic 0. 
Warning: In design 'systolic_array_4x4_DATA_WIDTH16_WEIGHT_WIDTH16_ACC_WIDTH32_ARRAY_SIZE4', a pin on submodule 'gen_row[0].gen_col[1].pe_inst' is connected to logic 1 or logic 0. (LINT-32)
   Pin 'partial_in[6]' is connected to logic 0. 
Warning: In design 'systolic_array_4x4_DATA_WIDTH16_WEIGHT_WIDTH16_ACC_WIDTH32_ARRAY_SIZE4', a pin on submodule 'gen_row[0].gen_col[1].pe_inst' is connected to logic 1 or logic 0. (LINT-32)
   Pin 'partial_in[5]' is connected to logic 0. 
Warning: In design 'systolic_array_4x4_DATA_WIDTH16_WEIGHT_WIDTH16_ACC_WIDTH32_ARRAY_SIZE4', a pin on submodule 'gen_row[0].gen_col[1].pe_inst' is connected to logic 1 or logic 0. (LINT-32)
   Pin 'partial_in[4]' is connected to logic 0. 
Warning: In design 'systolic_array_4x4_DATA_WIDTH16_WEIGHT_WIDTH16_ACC_WIDTH32_ARRAY_SIZE4', a pin on submodule 'gen_row[0].gen_col[1].pe_inst' is connected to logic 1 or logic 0. (LINT-32)
   Pin 'partial_in[3]' is connected to logic 0. 
Warning: In design 'systolic_array_4x4_DATA_WIDTH16_WEIGHT_WIDTH16_ACC_WIDTH32_ARRAY_SIZE4', a pin on submodule 'gen_row[0].gen_col[1].pe_inst' is connected to logic 1 or logic 0. (LINT-32)
   Pin 'partial_in[2]' is connected to logic 0. 
Warning: In design 'systolic_array_4x4_DATA_WIDTH16_WEIGHT_WIDTH16_ACC_WIDTH32_ARRAY_SIZE4', a pin on submodule 'gen_row[0].gen_col[1].pe_inst' is connected to logic 1 or logic 0. (LINT-32)
   Pin 'partial_in[1]' is connected to logic 0. 
Warning: In design 'systolic_array_4x4_DATA_WIDTH16_WEIGHT_WIDTH16_ACC_WIDTH32_ARRAY_SIZE4', a pin on submodule 'gen_row[0].gen_col[1].pe_inst' is connected to logic 1 or logic 0. (LINT-32)
   Pin 'partial_in[0]' is connected to logic 0. 
Warning: In design 'systolic_array_4x4_DATA_WIDTH16_WEIGHT_WIDTH16_ACC_WIDTH32_ARRAY_SIZE4', a pin on submodule 'gen_row[0].gen_col[2].pe_inst' is connected to logic 1 or logic 0. (LINT-32)
   Pin 'partial_in[31]' is connected to logic 0. 
Warning: In design 'systolic_array_4x4_DATA_WIDTH16_WEIGHT_WIDTH16_ACC_WIDTH32_ARRAY_SIZE4', a pin on submodule 'gen_row[0].gen_col[2].pe_inst' is connected to logic 1 or logic 0. (LINT-32)
   Pin 'partial_in[30]' is connected to logic 0. 
Warning: In design 'systolic_array_4x4_DATA_WIDTH16_WEIGHT_WIDTH16_ACC_WIDTH32_ARRAY_SIZE4', a pin on submodule 'gen_row[0].gen_col[2].pe_inst' is connected to logic 1 or logic 0. (LINT-32)
   Pin 'partial_in[29]' is connected to logic 0. 
Warning: In design 'systolic_array_4x4_DATA_WIDTH16_WEIGHT_WIDTH16_ACC_WIDTH32_ARRAY_SIZE4', a pin on submodule 'gen_row[0].gen_col[2].pe_inst' is connected to logic 1 or logic 0. (LINT-32)
   Pin 'partial_in[28]' is connected to logic 0. 
Warning: In design 'systolic_array_4x4_DATA_WIDTH16_WEIGHT_WIDTH16_ACC_WIDTH32_ARRAY_SIZE4', a pin on submodule 'gen_row[0].gen_col[2].pe_inst' is connected to logic 1 or logic 0. (LINT-32)
   Pin 'partial_in[27]' is connected to logic 0. 
Warning: In design 'systolic_array_4x4_DATA_WIDTH16_WEIGHT_WIDTH16_ACC_WIDTH32_ARRAY_SIZE4', a pin on submodule 'gen_row[0].gen_col[2].pe_inst' is connected to logic 1 or logic 0. (LINT-32)
   Pin 'partial_in[26]' is connected to logic 0. 
Warning: In design 'systolic_array_4x4_DATA_WIDTH16_WEIGHT_WIDTH16_ACC_WIDTH32_ARRAY_SIZE4', a pin on submodule 'gen_row[0].gen_col[2].pe_inst' is connected to logic 1 or logic 0. (LINT-32)
   Pin 'partial_in[25]' is connected to logic 0. 
Warning: In design 'systolic_array_4x4_DATA_WIDTH16_WEIGHT_WIDTH16_ACC_WIDTH32_ARRAY_SIZE4', a pin on submodule 'gen_row[0].gen_col[2].pe_inst' is connected to logic 1 or logic 0. (LINT-32)
   Pin 'partial_in[24]' is connected to logic 0. 
Warning: In design 'systolic_array_4x4_DATA_WIDTH16_WEIGHT_WIDTH16_ACC_WIDTH32_ARRAY_SIZE4', a pin on submodule 'gen_row[0].gen_col[2].pe_inst' is connected to logic 1 or logic 0. (LINT-32)
   Pin 'partial_in[23]' is connected to logic 0. 
Warning: In design 'systolic_array_4x4_DATA_WIDTH16_WEIGHT_WIDTH16_ACC_WIDTH32_ARRAY_SIZE4', a pin on submodule 'gen_row[0].gen_col[2].pe_inst' is connected to logic 1 or logic 0. (LINT-32)
   Pin 'partial_in[22]' is connected to logic 0. 
Warning: In design 'systolic_array_4x4_DATA_WIDTH16_WEIGHT_WIDTH16_ACC_WIDTH32_ARRAY_SIZE4', a pin on submodule 'gen_row[0].gen_col[2].pe_inst' is connected to logic 1 or logic 0. (LINT-32)
   Pin 'partial_in[21]' is connected to logic 0. 
Warning: In design 'systolic_array_4x4_DATA_WIDTH16_WEIGHT_WIDTH16_ACC_WIDTH32_ARRAY_SIZE4', a pin on submodule 'gen_row[0].gen_col[2].pe_inst' is connected to logic 1 or logic 0. (LINT-32)
   Pin 'partial_in[20]' is connected to logic 0. 
Warning: In design 'systolic_array_4x4_DATA_WIDTH16_WEIGHT_WIDTH16_ACC_WIDTH32_ARRAY_SIZE4', a pin on submodule 'gen_row[0].gen_col[2].pe_inst' is connected to logic 1 or logic 0. (LINT-32)
   Pin 'partial_in[19]' is connected to logic 0. 
Warning: In design 'systolic_array_4x4_DATA_WIDTH16_WEIGHT_WIDTH16_ACC_WIDTH32_ARRAY_SIZE4', a pin on submodule 'gen_row[0].gen_col[2].pe_inst' is connected to logic 1 or logic 0. (LINT-32)
   Pin 'partial_in[18]' is connected to logic 0. 
Warning: In design 'systolic_array_4x4_DATA_WIDTH16_WEIGHT_WIDTH16_ACC_WIDTH32_ARRAY_SIZE4', a pin on submodule 'gen_row[0].gen_col[2].pe_inst' is connected to logic 1 or logic 0. (LINT-32)
   Pin 'partial_in[17]' is connected to logic 0. 
Warning: In design 'systolic_array_4x4_DATA_WIDTH16_WEIGHT_WIDTH16_ACC_WIDTH32_ARRAY_SIZE4', a pin on submodule 'gen_row[0].gen_col[2].pe_inst' is connected to logic 1 or logic 0. (LINT-32)
   Pin 'partial_in[16]' is connected to logic 0. 
Warning: In design 'systolic_array_4x4_DATA_WIDTH16_WEIGHT_WIDTH16_ACC_WIDTH32_ARRAY_SIZE4', a pin on submodule 'gen_row[0].gen_col[2].pe_inst' is connected to logic 1 or logic 0. (LINT-32)
   Pin 'partial_in[15]' is connected to logic 0. 
Warning: In design 'systolic_array_4x4_DATA_WIDTH16_WEIGHT_WIDTH16_ACC_WIDTH32_ARRAY_SIZE4', a pin on submodule 'gen_row[0].gen_col[2].pe_inst' is connected to logic 1 or logic 0. (LINT-32)
   Pin 'partial_in[14]' is connected to logic 0. 
Warning: In design 'systolic_array_4x4_DATA_WIDTH16_WEIGHT_WIDTH16_ACC_WIDTH32_ARRAY_SIZE4', a pin on submodule 'gen_row[0].gen_col[2].pe_inst' is connected to logic 1 or logic 0. (LINT-32)
   Pin 'partial_in[13]' is connected to logic 0. 
Warning: In design 'systolic_array_4x4_DATA_WIDTH16_WEIGHT_WIDTH16_ACC_WIDTH32_ARRAY_SIZE4', a pin on submodule 'gen_row[0].gen_col[2].pe_inst' is connected to logic 1 or logic 0. (LINT-32)
   Pin 'partial_in[12]' is connected to logic 0. 
Warning: In design 'systolic_array_4x4_DATA_WIDTH16_WEIGHT_WIDTH16_ACC_WIDTH32_ARRAY_SIZE4', a pin on submodule 'gen_row[0].gen_col[2].pe_inst' is connected to logic 1 or logic 0. (LINT-32)
   Pin 'partial_in[11]' is connected to logic 0. 
Warning: In design 'systolic_array_4x4_DATA_WIDTH16_WEIGHT_WIDTH16_ACC_WIDTH32_ARRAY_SIZE4', a pin on submodule 'gen_row[0].gen_col[2].pe_inst' is connected to logic 1 or logic 0. (LINT-32)
   Pin 'partial_in[10]' is connected to logic 0. 
Warning: In design 'systolic_array_4x4_DATA_WIDTH16_WEIGHT_WIDTH16_ACC_WIDTH32_ARRAY_SIZE4', a pin on submodule 'gen_row[0].gen_col[2].pe_inst' is connected to logic 1 or logic 0. (LINT-32)
   Pin 'partial_in[9]' is connected to logic 0. 
Warning: In design 'systolic_array_4x4_DATA_WIDTH16_WEIGHT_WIDTH16_ACC_WIDTH32_ARRAY_SIZE4', a pin on submodule 'gen_row[0].gen_col[2].pe_inst' is connected to logic 1 or logic 0. (LINT-32)
   Pin 'partial_in[8]' is connected to logic 0. 
Warning: In design 'systolic_array_4x4_DATA_WIDTH16_WEIGHT_WIDTH16_ACC_WIDTH32_ARRAY_SIZE4', a pin on submodule 'gen_row[0].gen_col[2].pe_inst' is connected to logic 1 or logic 0. (LINT-32)
   Pin 'partial_in[7]' is connected to logic 0. 
Warning: In design 'systolic_array_4x4_DATA_WIDTH16_WEIGHT_WIDTH16_ACC_WIDTH32_ARRAY_SIZE4', a pin on submodule 'gen_row[0].gen_col[2].pe_inst' is connected to logic 1 or logic 0. (LINT-32)
   Pin 'partial_in[6]' is connected to logic 0. 
Warning: In design 'systolic_array_4x4_DATA_WIDTH16_WEIGHT_WIDTH16_ACC_WIDTH32_ARRAY_SIZE4', a pin on submodule 'gen_row[0].gen_col[2].pe_inst' is connected to logic 1 or logic 0. (LINT-32)
   Pin 'partial_in[5]' is connected to logic 0. 
Warning: In design 'systolic_array_4x4_DATA_WIDTH16_WEIGHT_WIDTH16_ACC_WIDTH32_ARRAY_SIZE4', a pin on submodule 'gen_row[0].gen_col[2].pe_inst' is connected to logic 1 or logic 0. (LINT-32)
   Pin 'partial_in[4]' is connected to logic 0. 
Warning: In design 'systolic_array_4x4_DATA_WIDTH16_WEIGHT_WIDTH16_ACC_WIDTH32_ARRAY_SIZE4', a pin on submodule 'gen_row[0].gen_col[2].pe_inst' is connected to logic 1 or logic 0. (LINT-32)
   Pin 'partial_in[3]' is connected to logic 0. 
Warning: In design 'systolic_array_4x4_DATA_WIDTH16_WEIGHT_WIDTH16_ACC_WIDTH32_ARRAY_SIZE4', a pin on submodule 'gen_row[0].gen_col[2].pe_inst' is connected to logic 1 or logic 0. (LINT-32)
   Pin 'partial_in[2]' is connected to logic 0. 
Warning: In design 'systolic_array_4x4_DATA_WIDTH16_WEIGHT_WIDTH16_ACC_WIDTH32_ARRAY_SIZE4', a pin on submodule 'gen_row[0].gen_col[2].pe_inst' is connected to logic 1 or logic 0. (LINT-32)
   Pin 'partial_in[1]' is connected to logic 0. 
Warning: In design 'systolic_array_4x4_DATA_WIDTH16_WEIGHT_WIDTH16_ACC_WIDTH32_ARRAY_SIZE4', a pin on submodule 'gen_row[0].gen_col[2].pe_inst' is connected to logic 1 or logic 0. (LINT-32)
   Pin 'partial_in[0]' is connected to logic 0. 
Warning: In design 'systolic_array_4x4_DATA_WIDTH16_WEIGHT_WIDTH16_ACC_WIDTH32_ARRAY_SIZE4', a pin on submodule 'gen_row[0].gen_col[3].pe_inst' is connected to logic 1 or logic 0. (LINT-32)
   Pin 'partial_in[31]' is connected to logic 0. 
Warning: In design 'systolic_array_4x4_DATA_WIDTH16_WEIGHT_WIDTH16_ACC_WIDTH32_ARRAY_SIZE4', a pin on submodule 'gen_row[0].gen_col[3].pe_inst' is connected to logic 1 or logic 0. (LINT-32)
   Pin 'partial_in[30]' is connected to logic 0. 
Warning: In design 'systolic_array_4x4_DATA_WIDTH16_WEIGHT_WIDTH16_ACC_WIDTH32_ARRAY_SIZE4', a pin on submodule 'gen_row[0].gen_col[3].pe_inst' is connected to logic 1 or logic 0. (LINT-32)
   Pin 'partial_in[29]' is connected to logic 0. 
Warning: In design 'systolic_array_4x4_DATA_WIDTH16_WEIGHT_WIDTH16_ACC_WIDTH32_ARRAY_SIZE4', a pin on submodule 'gen_row[0].gen_col[3].pe_inst' is connected to logic 1 or logic 0. (LINT-32)
   Pin 'partial_in[28]' is connected to logic 0. 
Warning: In design 'systolic_array_4x4_DATA_WIDTH16_WEIGHT_WIDTH16_ACC_WIDTH32_ARRAY_SIZE4', a pin on submodule 'gen_row[0].gen_col[3].pe_inst' is connected to logic 1 or logic 0. (LINT-32)
   Pin 'partial_in[27]' is connected to logic 0. 
Warning: In design 'systolic_array_4x4_DATA_WIDTH16_WEIGHT_WIDTH16_ACC_WIDTH32_ARRAY_SIZE4', a pin on submodule 'gen_row[0].gen_col[3].pe_inst' is connected to logic 1 or logic 0. (LINT-32)
   Pin 'partial_in[26]' is connected to logic 0. 
Warning: In design 'systolic_array_4x4_DATA_WIDTH16_WEIGHT_WIDTH16_ACC_WIDTH32_ARRAY_SIZE4', a pin on submodule 'gen_row[0].gen_col[3].pe_inst' is connected to logic 1 or logic 0. (LINT-32)
   Pin 'partial_in[25]' is connected to logic 0. 
Warning: In design 'systolic_array_4x4_DATA_WIDTH16_WEIGHT_WIDTH16_ACC_WIDTH32_ARRAY_SIZE4', a pin on submodule 'gen_row[0].gen_col[3].pe_inst' is connected to logic 1 or logic 0. (LINT-32)
   Pin 'partial_in[24]' is connected to logic 0. 
Warning: In design 'systolic_array_4x4_DATA_WIDTH16_WEIGHT_WIDTH16_ACC_WIDTH32_ARRAY_SIZE4', a pin on submodule 'gen_row[0].gen_col[3].pe_inst' is connected to logic 1 or logic 0. (LINT-32)
   Pin 'partial_in[23]' is connected to logic 0. 
Warning: In design 'systolic_array_4x4_DATA_WIDTH16_WEIGHT_WIDTH16_ACC_WIDTH32_ARRAY_SIZE4', a pin on submodule 'gen_row[0].gen_col[3].pe_inst' is connected to logic 1 or logic 0. (LINT-32)
   Pin 'partial_in[22]' is connected to logic 0. 
Warning: In design 'systolic_array_4x4_DATA_WIDTH16_WEIGHT_WIDTH16_ACC_WIDTH32_ARRAY_SIZE4', a pin on submodule 'gen_row[0].gen_col[3].pe_inst' is connected to logic 1 or logic 0. (LINT-32)
   Pin 'partial_in[21]' is connected to logic 0. 
Warning: In design 'systolic_array_4x4_DATA_WIDTH16_WEIGHT_WIDTH16_ACC_WIDTH32_ARRAY_SIZE4', a pin on submodule 'gen_row[0].gen_col[3].pe_inst' is connected to logic 1 or logic 0. (LINT-32)
   Pin 'partial_in[20]' is connected to logic 0. 
Warning: In design 'systolic_array_4x4_DATA_WIDTH16_WEIGHT_WIDTH16_ACC_WIDTH32_ARRAY_SIZE4', a pin on submodule 'gen_row[0].gen_col[3].pe_inst' is connected to logic 1 or logic 0. (LINT-32)
   Pin 'partial_in[19]' is connected to logic 0. 
Warning: In design 'systolic_array_4x4_DATA_WIDTH16_WEIGHT_WIDTH16_ACC_WIDTH32_ARRAY_SIZE4', a pin on submodule 'gen_row[0].gen_col[3].pe_inst' is connected to logic 1 or logic 0. (LINT-32)
   Pin 'partial_in[18]' is connected to logic 0. 
Warning: In design 'systolic_array_4x4_DATA_WIDTH16_WEIGHT_WIDTH16_ACC_WIDTH32_ARRAY_SIZE4', a pin on submodule 'gen_row[0].gen_col[3].pe_inst' is connected to logic 1 or logic 0. (LINT-32)
   Pin 'partial_in[17]' is connected to logic 0. 
Warning: In design 'systolic_array_4x4_DATA_WIDTH16_WEIGHT_WIDTH16_ACC_WIDTH32_ARRAY_SIZE4', a pin on submodule 'gen_row[0].gen_col[3].pe_inst' is connected to logic 1 or logic 0. (LINT-32)
   Pin 'partial_in[16]' is connected to logic 0. 
Warning: In design 'systolic_array_4x4_DATA_WIDTH16_WEIGHT_WIDTH16_ACC_WIDTH32_ARRAY_SIZE4', a pin on submodule 'gen_row[0].gen_col[3].pe_inst' is connected to logic 1 or logic 0. (LINT-32)
   Pin 'partial_in[15]' is connected to logic 0. 
Warning: In design 'systolic_array_4x4_DATA_WIDTH16_WEIGHT_WIDTH16_ACC_WIDTH32_ARRAY_SIZE4', a pin on submodule 'gen_row[0].gen_col[3].pe_inst' is connected to logic 1 or logic 0. (LINT-32)
   Pin 'partial_in[14]' is connected to logic 0. 
Warning: In design 'systolic_array_4x4_DATA_WIDTH16_WEIGHT_WIDTH16_ACC_WIDTH32_ARRAY_SIZE4', a pin on submodule 'gen_row[0].gen_col[3].pe_inst' is connected to logic 1 or logic 0. (LINT-32)
   Pin 'partial_in[13]' is connected to logic 0. 
Warning: In design 'systolic_array_4x4_DATA_WIDTH16_WEIGHT_WIDTH16_ACC_WIDTH32_ARRAY_SIZE4', a pin on submodule 'gen_row[0].gen_col[3].pe_inst' is connected to logic 1 or logic 0. (LINT-32)
   Pin 'partial_in[12]' is connected to logic 0. 
Warning: In design 'systolic_array_4x4_DATA_WIDTH16_WEIGHT_WIDTH16_ACC_WIDTH32_ARRAY_SIZE4', a pin on submodule 'gen_row[0].gen_col[3].pe_inst' is connected to logic 1 or logic 0. (LINT-32)
   Pin 'partial_in[11]' is connected to logic 0. 
Warning: In design 'systolic_array_4x4_DATA_WIDTH16_WEIGHT_WIDTH16_ACC_WIDTH32_ARRAY_SIZE4', a pin on submodule 'gen_row[0].gen_col[3].pe_inst' is connected to logic 1 or logic 0. (LINT-32)
   Pin 'partial_in[10]' is connected to logic 0. 
Warning: In design 'systolic_array_4x4_DATA_WIDTH16_WEIGHT_WIDTH16_ACC_WIDTH32_ARRAY_SIZE4', a pin on submodule 'gen_row[0].gen_col[3].pe_inst' is connected to logic 1 or logic 0. (LINT-32)
   Pin 'partial_in[9]' is connected to logic 0. 
Warning: In design 'systolic_array_4x4_DATA_WIDTH16_WEIGHT_WIDTH16_ACC_WIDTH32_ARRAY_SIZE4', a pin on submodule 'gen_row[0].gen_col[3].pe_inst' is connected to logic 1 or logic 0. (LINT-32)
   Pin 'partial_in[8]' is connected to logic 0. 
Warning: In design 'systolic_array_4x4_DATA_WIDTH16_WEIGHT_WIDTH16_ACC_WIDTH32_ARRAY_SIZE4', a pin on submodule 'gen_row[0].gen_col[3].pe_inst' is connected to logic 1 or logic 0. (LINT-32)
   Pin 'partial_in[7]' is connected to logic 0. 
Warning: In design 'systolic_array_4x4_DATA_WIDTH16_WEIGHT_WIDTH16_ACC_WIDTH32_ARRAY_SIZE4', a pin on submodule 'gen_row[0].gen_col[3].pe_inst' is connected to logic 1 or logic 0. (LINT-32)
   Pin 'partial_in[6]' is connected to logic 0. 
Warning: In design 'systolic_array_4x4_DATA_WIDTH16_WEIGHT_WIDTH16_ACC_WIDTH32_ARRAY_SIZE4', a pin on submodule 'gen_row[0].gen_col[3].pe_inst' is connected to logic 1 or logic 0. (LINT-32)
   Pin 'partial_in[5]' is connected to logic 0. 
Warning: In design 'systolic_array_4x4_DATA_WIDTH16_WEIGHT_WIDTH16_ACC_WIDTH32_ARRAY_SIZE4', a pin on submodule 'gen_row[0].gen_col[3].pe_inst' is connected to logic 1 or logic 0. (LINT-32)
   Pin 'partial_in[4]' is connected to logic 0. 
Warning: In design 'systolic_array_4x4_DATA_WIDTH16_WEIGHT_WIDTH16_ACC_WIDTH32_ARRAY_SIZE4', a pin on submodule 'gen_row[0].gen_col[3].pe_inst' is connected to logic 1 or logic 0. (LINT-32)
   Pin 'partial_in[3]' is connected to logic 0. 
Warning: In design 'systolic_array_4x4_DATA_WIDTH16_WEIGHT_WIDTH16_ACC_WIDTH32_ARRAY_SIZE4', a pin on submodule 'gen_row[0].gen_col[3].pe_inst' is connected to logic 1 or logic 0. (LINT-32)
   Pin 'partial_in[2]' is connected to logic 0. 
Warning: In design 'systolic_array_4x4_DATA_WIDTH16_WEIGHT_WIDTH16_ACC_WIDTH32_ARRAY_SIZE4', a pin on submodule 'gen_row[0].gen_col[3].pe_inst' is connected to logic 1 or logic 0. (LINT-32)
   Pin 'partial_in[1]' is connected to logic 0. 
Warning: In design 'systolic_array_4x4_DATA_WIDTH16_WEIGHT_WIDTH16_ACC_WIDTH32_ARRAY_SIZE4', a pin on submodule 'gen_row[0].gen_col[3].pe_inst' is connected to logic 1 or logic 0. (LINT-32)
   Pin 'partial_in[0]' is connected to logic 0. 
Warning: In design 'systolic_array_4x4_DATA_WIDTH16_WEIGHT_WIDTH16_ACC_WIDTH32_ARRAY_SIZE4', a pin on submodule 'gen_row[0].gen_col[3].pe_inst' is connected to logic 1 or logic 0. (LINT-32)
   Pin 'input_out_ready' is connected to logic 1. 
Warning: In design 'systolic_array_4x4_DATA_WIDTH16_WEIGHT_WIDTH16_ACC_WIDTH32_ARRAY_SIZE4', a pin on submodule 'gen_row[1].gen_col[3].pe_inst' is connected to logic 1 or logic 0. (LINT-32)
   Pin 'input_out_ready' is connected to logic 1. 
Warning: In design 'systolic_array_4x4_DATA_WIDTH16_WEIGHT_WIDTH16_ACC_WIDTH32_ARRAY_SIZE4', a pin on submodule 'gen_row[2].gen_col[3].pe_inst' is connected to logic 1 or logic 0. (LINT-32)
   Pin 'input_out_ready' is connected to logic 1. 
Warning: In design 'systolic_array_4x4_DATA_WIDTH16_WEIGHT_WIDTH16_ACC_WIDTH32_ARRAY_SIZE4', a pin on submodule 'gen_row[3].gen_col[3].pe_inst' is connected to logic 1 or logic 0. (LINT-32)
   Pin 'input_out_ready' is connected to logic 1. 
Warning: In design 'systolic_array_4x4_DATA_WIDTH16_WEIGHT_WIDTH16_ACC_WIDTH32_ARRAY_SIZE4', the same net is connected to more than one pin on submodule 'gen_row[0].gen_col[0].pe_inst'. (LINT-33)
   Net 'row_input_valid_out[0]' is connected to pins 'input_valid', 'partial_in_valid''.
Warning: In design 'systolic_array_4x4_DATA_WIDTH16_WEIGHT_WIDTH16_ACC_WIDTH32_ARRAY_SIZE4', the same net is connected to more than one pin on submodule 'gen_row[0].gen_col[0].pe_inst'. (LINT-33)
   Net '*Logic0*' is connected to pins 'partial_in[31]', 'partial_in[30]'', 'partial_in[29]', 'partial_in[28]', 'partial_in[27]', 'partial_in[26]', 'partial_in[25]', 'partial_in[24]', 'partial_in[23]', 'partial_in[22]', 'partial_in[21]', 'partial_in[20]', 'partial_in[19]', 'partial_in[18]', 'partial_in[17]', 'partial_in[16]', 'partial_in[15]', 'partial_in[14]', 'partial_in[13]', 'partial_in[12]', 'partial_in[11]', 'partial_in[10]', 'partial_in[9]', 'partial_in[8]', 'partial_in[7]', 'partial_in[6]', 'partial_in[5]', 'partial_in[4]', 'partial_in[3]', 'partial_in[2]', 'partial_in[1]', 'partial_in[0]'.
Warning: In design 'systolic_array_4x4_DATA_WIDTH16_WEIGHT_WIDTH16_ACC_WIDTH32_ARRAY_SIZE4', the same net is connected to more than one pin on submodule 'gen_row[0].gen_col[1].pe_inst'. (LINT-33)
   Net 'input_valid_mesh_1' is connected to pins 'input_valid', 'partial_in_valid''.
Warning: In design 'systolic_array_4x4_DATA_WIDTH16_WEIGHT_WIDTH16_ACC_WIDTH32_ARRAY_SIZE4', the same net is connected to more than one pin on submodule 'gen_row[0].gen_col[1].pe_inst'. (LINT-33)
   Net '*Logic0*' is connected to pins 'partial_in[31]', 'partial_in[30]'', 'partial_in[29]', 'partial_in[28]', 'partial_in[27]', 'partial_in[26]', 'partial_in[25]', 'partial_in[24]', 'partial_in[23]', 'partial_in[22]', 'partial_in[21]', 'partial_in[20]', 'partial_in[19]', 'partial_in[18]', 'partial_in[17]', 'partial_in[16]', 'partial_in[15]', 'partial_in[14]', 'partial_in[13]', 'partial_in[12]', 'partial_in[11]', 'partial_in[10]', 'partial_in[9]', 'partial_in[8]', 'partial_in[7]', 'partial_in[6]', 'partial_in[5]', 'partial_in[4]', 'partial_in[3]', 'partial_in[2]', 'partial_in[1]', 'partial_in[0]'.
Warning: In design 'systolic_array_4x4_DATA_WIDTH16_WEIGHT_WIDTH16_ACC_WIDTH32_ARRAY_SIZE4', the same net is connected to more than one pin on submodule 'gen_row[0].gen_col[2].pe_inst'. (LINT-33)
   Net 'input_valid_mesh_2' is connected to pins 'input_valid', 'partial_in_valid''.
Warning: In design 'systolic_array_4x4_DATA_WIDTH16_WEIGHT_WIDTH16_ACC_WIDTH32_ARRAY_SIZE4', the same net is connected to more than one pin on submodule 'gen_row[0].gen_col[2].pe_inst'. (LINT-33)
   Net '*Logic0*' is connected to pins 'partial_in[31]', 'partial_in[30]'', 'partial_in[29]', 'partial_in[28]', 'partial_in[27]', 'partial_in[26]', 'partial_in[25]', 'partial_in[24]', 'partial_in[23]', 'partial_in[22]', 'partial_in[21]', 'partial_in[20]', 'partial_in[19]', 'partial_in[18]', 'partial_in[17]', 'partial_in[16]', 'partial_in[15]', 'partial_in[14]', 'partial_in[13]', 'partial_in[12]', 'partial_in[11]', 'partial_in[10]', 'partial_in[9]', 'partial_in[8]', 'partial_in[7]', 'partial_in[6]', 'partial_in[5]', 'partial_in[4]', 'partial_in[3]', 'partial_in[2]', 'partial_in[1]', 'partial_in[0]'.
Warning: In design 'systolic_array_4x4_DATA_WIDTH16_WEIGHT_WIDTH16_ACC_WIDTH32_ARRAY_SIZE4', the same net is connected to more than one pin on submodule 'gen_row[0].gen_col[3].pe_inst'. (LINT-33)
   Net 'input_valid_mesh_3' is connected to pins 'input_valid', 'partial_in_valid''.
Warning: In design 'systolic_array_4x4_DATA_WIDTH16_WEIGHT_WIDTH16_ACC_WIDTH32_ARRAY_SIZE4', the same net is connected to more than one pin on submodule 'gen_row[0].gen_col[3].pe_inst'. (LINT-33)
   Net '*Logic0*' is connected to pins 'partial_in[31]', 'partial_in[30]'', 'partial_in[29]', 'partial_in[28]', 'partial_in[27]', 'partial_in[26]', 'partial_in[25]', 'partial_in[24]', 'partial_in[23]', 'partial_in[22]', 'partial_in[21]', 'partial_in[20]', 'partial_in[19]', 'partial_in[18]', 'partial_in[17]', 'partial_in[16]', 'partial_in[15]', 'partial_in[14]', 'partial_in[13]', 'partial_in[12]', 'partial_in[11]', 'partial_in[10]', 'partial_in[9]', 'partial_in[8]', 'partial_in[7]', 'partial_in[6]', 'partial_in[5]', 'partial_in[4]', 'partial_in[3]', 'partial_in[2]', 'partial_in[1]', 'partial_in[0]'.
Warning: In design 'ws_core_top_4x4', three-state bus 'u_ws_array/gen_row[1].gen_col[0].pe_inst/input_ready' has non three-state driver 'u_ws_array/gen_row[1].gen_col[0].pe_inst/C1085/Z'. (LINT-34)
Warning: In design 'ws_core_top_4x4', three-state bus 'u_ws_array/gen_row[2].gen_col[0].pe_inst/input_ready' has non three-state driver 'u_ws_array/gen_row[2].gen_col[0].pe_inst/C1085/Z'. (LINT-34)
Warning: In design 'ws_core_top_4x4', three-state bus 'u_ws_array/gen_row[3].gen_col[0].pe_inst/partial_out_valid' has non three-state driver 'u_ws_array/gen_row[3].gen_col[0].pe_inst/partial_out_valid_reg/Q'. (LINT-34)
Warning: In design 'ws_core_top_4x4', three-state bus 'u_ws_array/gen_row[3].gen_col[0].pe_inst/partial_out[0]' has non three-state driver 'u_ws_array/gen_row[3].gen_col[0].pe_inst/partial_out_reg[0]/Q'. (LINT-34)
Warning: In design 'ws_core_top_4x4', three-state bus 'u_ws_array/gen_row[3].gen_col[0].pe_inst/partial_out[1]' has non three-state driver 'u_ws_array/gen_row[3].gen_col[0].pe_inst/partial_out_reg[1]/Q'. (LINT-34)
Warning: In design 'ws_core_top_4x4', three-state bus 'u_ws_array/gen_row[3].gen_col[0].pe_inst/partial_out[2]' has non three-state driver 'u_ws_array/gen_row[3].gen_col[0].pe_inst/partial_out_reg[2]/Q'. (LINT-34)
Warning: In design 'ws_core_top_4x4', three-state bus 'u_ws_array/gen_row[3].gen_col[0].pe_inst/partial_out[3]' has non three-state driver 'u_ws_array/gen_row[3].gen_col[0].pe_inst/partial_out_reg[3]/Q'. (LINT-34)
Warning: In design 'ws_core_top_4x4', three-state bus 'u_ws_array/gen_row[3].gen_col[0].pe_inst/partial_out[4]' has non three-state driver 'u_ws_array/gen_row[3].gen_col[0].pe_inst/partial_out_reg[4]/Q'. (LINT-34)
Warning: In design 'ws_core_top_4x4', three-state bus 'u_ws_array/gen_row[3].gen_col[0].pe_inst/partial_out[5]' has non three-state driver 'u_ws_array/gen_row[3].gen_col[0].pe_inst/partial_out_reg[5]/Q'. (LINT-34)
Warning: In design 'ws_core_top_4x4', three-state bus 'u_ws_array/gen_row[3].gen_col[0].pe_inst/partial_out[6]' has non three-state driver 'u_ws_array/gen_row[3].gen_col[0].pe_inst/partial_out_reg[6]/Q'. (LINT-34)
Warning: In design 'ws_core_top_4x4', three-state bus 'u_ws_array/gen_row[3].gen_col[0].pe_inst/partial_out[7]' has non three-state driver 'u_ws_array/gen_row[3].gen_col[0].pe_inst/partial_out_reg[7]/Q'. (LINT-34)
Warning: In design 'ws_core_top_4x4', three-state bus 'u_ws_array/gen_row[3].gen_col[0].pe_inst/partial_out[8]' has non three-state driver 'u_ws_array/gen_row[3].gen_col[0].pe_inst/partial_out_reg[8]/Q'. (LINT-34)
Warning: In design 'ws_core_top_4x4', three-state bus 'u_ws_array/gen_row[3].gen_col[0].pe_inst/partial_out[9]' has non three-state driver 'u_ws_array/gen_row[3].gen_col[0].pe_inst/partial_out_reg[9]/Q'. (LINT-34)
Warning: In design 'ws_core_top_4x4', three-state bus 'u_ws_array/gen_row[3].gen_col[0].pe_inst/partial_out[10]' has non three-state driver 'u_ws_array/gen_row[3].gen_col[0].pe_inst/partial_out_reg[10]/Q'. (LINT-34)
Warning: In design 'ws_core_top_4x4', three-state bus 'u_ws_array/gen_row[3].gen_col[0].pe_inst/partial_out[11]' has non three-state driver 'u_ws_array/gen_row[3].gen_col[0].pe_inst/partial_out_reg[11]/Q'. (LINT-34)
Warning: In design 'ws_core_top_4x4', three-state bus 'u_ws_array/gen_row[3].gen_col[0].pe_inst/partial_out[12]' has non three-state driver 'u_ws_array/gen_row[3].gen_col[0].pe_inst/partial_out_reg[12]/Q'. (LINT-34)
Warning: In design 'ws_core_top_4x4', three-state bus 'u_ws_array/gen_row[3].gen_col[0].pe_inst/partial_out[13]' has non three-state driver 'u_ws_array/gen_row[3].gen_col[0].pe_inst/partial_out_reg[13]/Q'. (LINT-34)
Warning: In design 'ws_core_top_4x4', three-state bus 'u_ws_array/gen_row[3].gen_col[0].pe_inst/partial_out[14]' has non three-state driver 'u_ws_array/gen_row[3].gen_col[0].pe_inst/partial_out_reg[14]/Q'. (LINT-34)
Warning: In design 'ws_core_top_4x4', three-state bus 'u_ws_array/gen_row[3].gen_col[0].pe_inst/partial_out[15]' has non three-state driver 'u_ws_array/gen_row[3].gen_col[0].pe_inst/partial_out_reg[15]/Q'. (LINT-34)
Warning: In design 'ws_core_top_4x4', three-state bus 'u_ws_array/gen_row[3].gen_col[0].pe_inst/partial_out[16]' has non three-state driver 'u_ws_array/gen_row[3].gen_col[0].pe_inst/partial_out_reg[16]/Q'. (LINT-34)
Warning: In design 'ws_core_top_4x4', three-state bus 'u_ws_array/gen_row[3].gen_col[0].pe_inst/partial_out[17]' has non three-state driver 'u_ws_array/gen_row[3].gen_col[0].pe_inst/partial_out_reg[17]/Q'. (LINT-34)
Warning: In design 'ws_core_top_4x4', three-state bus 'u_ws_array/gen_row[3].gen_col[0].pe_inst/partial_out[18]' has non three-state driver 'u_ws_array/gen_row[3].gen_col[0].pe_inst/partial_out_reg[18]/Q'. (LINT-34)
Warning: In design 'ws_core_top_4x4', three-state bus 'u_ws_array/gen_row[3].gen_col[0].pe_inst/partial_out[19]' has non three-state driver 'u_ws_array/gen_row[3].gen_col[0].pe_inst/partial_out_reg[19]/Q'. (LINT-34)
Warning: In design 'ws_core_top_4x4', three-state bus 'u_ws_array/gen_row[3].gen_col[0].pe_inst/partial_out[20]' has non three-state driver 'u_ws_array/gen_row[3].gen_col[0].pe_inst/partial_out_reg[20]/Q'. (LINT-34)
Warning: In design 'ws_core_top_4x4', three-state bus 'u_ws_array/gen_row[3].gen_col[0].pe_inst/partial_out[21]' has non three-state driver 'u_ws_array/gen_row[3].gen_col[0].pe_inst/partial_out_reg[21]/Q'. (LINT-34)
Warning: In design 'ws_core_top_4x4', three-state bus 'u_ws_array/gen_row[3].gen_col[0].pe_inst/partial_out[22]' has non three-state driver 'u_ws_array/gen_row[3].gen_col[0].pe_inst/partial_out_reg[22]/Q'. (LINT-34)
Warning: In design 'ws_core_top_4x4', three-state bus 'u_ws_array/gen_row[3].gen_col[0].pe_inst/partial_out[23]' has non three-state driver 'u_ws_array/gen_row[3].gen_col[0].pe_inst/partial_out_reg[23]/Q'. (LINT-34)
Warning: In design 'ws_core_top_4x4', three-state bus 'u_ws_array/gen_row[3].gen_col[0].pe_inst/partial_out[24]' has non three-state driver 'u_ws_array/gen_row[3].gen_col[0].pe_inst/partial_out_reg[24]/Q'. (LINT-34)
Warning: In design 'ws_core_top_4x4', three-state bus 'u_ws_array/gen_row[3].gen_col[0].pe_inst/partial_out[25]' has non three-state driver 'u_ws_array/gen_row[3].gen_col[0].pe_inst/partial_out_reg[25]/Q'. (LINT-34)
Warning: In design 'ws_core_top_4x4', three-state bus 'u_ws_array/gen_row[3].gen_col[0].pe_inst/partial_out[26]' has non three-state driver 'u_ws_array/gen_row[3].gen_col[0].pe_inst/partial_out_reg[26]/Q'. (LINT-34)
Warning: In design 'ws_core_top_4x4', three-state bus 'u_ws_array/gen_row[3].gen_col[0].pe_inst/partial_out[27]' has non three-state driver 'u_ws_array/gen_row[3].gen_col[0].pe_inst/partial_out_reg[27]/Q'. (LINT-34)
Warning: In design 'ws_core_top_4x4', three-state bus 'u_ws_array/gen_row[3].gen_col[0].pe_inst/partial_out[28]' has non three-state driver 'u_ws_array/gen_row[3].gen_col[0].pe_inst/partial_out_reg[28]/Q'. (LINT-34)
Warning: In design 'ws_core_top_4x4', three-state bus 'u_ws_array/gen_row[3].gen_col[0].pe_inst/partial_out[29]' has non three-state driver 'u_ws_array/gen_row[3].gen_col[0].pe_inst/partial_out_reg[29]/Q'. (LINT-34)
Warning: In design 'ws_core_top_4x4', three-state bus 'u_ws_array/gen_row[3].gen_col[0].pe_inst/partial_out[30]' has non three-state driver 'u_ws_array/gen_row[3].gen_col[0].pe_inst/partial_out_reg[30]/Q'. (LINT-34)
Warning: In design 'ws_core_top_4x4', three-state bus 'u_ws_array/gen_row[3].gen_col[0].pe_inst/partial_out[31]' has non three-state driver 'u_ws_array/gen_row[3].gen_col[0].pe_inst/partial_out_reg[31]/Q'. (LINT-34)
Warning: In design 'ws_core_top_4x4', three-state bus 'u_ws_array/gen_row[3].gen_col[0].pe_inst/input_ready' has non three-state driver 'u_ws_array/gen_row[3].gen_col[0].pe_inst/C1085/Z'. (LINT-34)
Warning: In design 'ws_core_top_4x4', three-state bus 'u_ws_array/gen_row[3].gen_col[1].pe_inst/partial_out_valid' has non three-state driver 'u_ws_array/gen_row[3].gen_col[1].pe_inst/partial_out_valid_reg/Q'. (LINT-34)
Warning: In design 'ws_core_top_4x4', three-state bus 'u_ws_array/gen_row[3].gen_col[1].pe_inst/partial_out[0]' has non three-state driver 'u_ws_array/gen_row[3].gen_col[1].pe_inst/partial_out_reg[0]/Q'. (LINT-34)
Warning: In design 'ws_core_top_4x4', three-state bus 'u_ws_array/gen_row[3].gen_col[1].pe_inst/partial_out[1]' has non three-state driver 'u_ws_array/gen_row[3].gen_col[1].pe_inst/partial_out_reg[1]/Q'. (LINT-34)
Warning: In design 'ws_core_top_4x4', three-state bus 'u_ws_array/gen_row[3].gen_col[1].pe_inst/partial_out[2]' has non three-state driver 'u_ws_array/gen_row[3].gen_col[1].pe_inst/partial_out_reg[2]/Q'. (LINT-34)
Warning: In design 'ws_core_top_4x4', three-state bus 'u_ws_array/gen_row[3].gen_col[1].pe_inst/partial_out[3]' has non three-state driver 'u_ws_array/gen_row[3].gen_col[1].pe_inst/partial_out_reg[3]/Q'. (LINT-34)
Warning: In design 'ws_core_top_4x4', three-state bus 'u_ws_array/gen_row[3].gen_col[1].pe_inst/partial_out[4]' has non three-state driver 'u_ws_array/gen_row[3].gen_col[1].pe_inst/partial_out_reg[4]/Q'. (LINT-34)
Warning: In design 'ws_core_top_4x4', three-state bus 'u_ws_array/gen_row[3].gen_col[1].pe_inst/partial_out[5]' has non three-state driver 'u_ws_array/gen_row[3].gen_col[1].pe_inst/partial_out_reg[5]/Q'. (LINT-34)
Warning: In design 'ws_core_top_4x4', three-state bus 'u_ws_array/gen_row[3].gen_col[1].pe_inst/partial_out[6]' has non three-state driver 'u_ws_array/gen_row[3].gen_col[1].pe_inst/partial_out_reg[6]/Q'. (LINT-34)
Warning: In design 'ws_core_top_4x4', three-state bus 'u_ws_array/gen_row[3].gen_col[1].pe_inst/partial_out[7]' has non three-state driver 'u_ws_array/gen_row[3].gen_col[1].pe_inst/partial_out_reg[7]/Q'. (LINT-34)
Warning: In design 'ws_core_top_4x4', three-state bus 'u_ws_array/gen_row[3].gen_col[1].pe_inst/partial_out[8]' has non three-state driver 'u_ws_array/gen_row[3].gen_col[1].pe_inst/partial_out_reg[8]/Q'. (LINT-34)
Warning: In design 'ws_core_top_4x4', three-state bus 'u_ws_array/gen_row[3].gen_col[1].pe_inst/partial_out[9]' has non three-state driver 'u_ws_array/gen_row[3].gen_col[1].pe_inst/partial_out_reg[9]/Q'. (LINT-34)
Warning: In design 'ws_core_top_4x4', three-state bus 'u_ws_array/gen_row[3].gen_col[1].pe_inst/partial_out[10]' has non three-state driver 'u_ws_array/gen_row[3].gen_col[1].pe_inst/partial_out_reg[10]/Q'. (LINT-34)
Warning: In design 'ws_core_top_4x4', three-state bus 'u_ws_array/gen_row[3].gen_col[1].pe_inst/partial_out[11]' has non three-state driver 'u_ws_array/gen_row[3].gen_col[1].pe_inst/partial_out_reg[11]/Q'. (LINT-34)
Warning: In design 'ws_core_top_4x4', three-state bus 'u_ws_array/gen_row[3].gen_col[1].pe_inst/partial_out[12]' has non three-state driver 'u_ws_array/gen_row[3].gen_col[1].pe_inst/partial_out_reg[12]/Q'. (LINT-34)
Warning: In design 'ws_core_top_4x4', three-state bus 'u_ws_array/gen_row[3].gen_col[1].pe_inst/partial_out[13]' has non three-state driver 'u_ws_array/gen_row[3].gen_col[1].pe_inst/partial_out_reg[13]/Q'. (LINT-34)
Warning: In design 'ws_core_top_4x4', three-state bus 'u_ws_array/gen_row[3].gen_col[1].pe_inst/partial_out[14]' has non three-state driver 'u_ws_array/gen_row[3].gen_col[1].pe_inst/partial_out_reg[14]/Q'. (LINT-34)
Warning: In design 'ws_core_top_4x4', three-state bus 'u_ws_array/gen_row[3].gen_col[1].pe_inst/partial_out[15]' has non three-state driver 'u_ws_array/gen_row[3].gen_col[1].pe_inst/partial_out_reg[15]/Q'. (LINT-34)
Warning: In design 'ws_core_top_4x4', three-state bus 'u_ws_array/gen_row[3].gen_col[1].pe_inst/partial_out[16]' has non three-state driver 'u_ws_array/gen_row[3].gen_col[1].pe_inst/partial_out_reg[16]/Q'. (LINT-34)
Warning: In design 'ws_core_top_4x4', three-state bus 'u_ws_array/gen_row[3].gen_col[1].pe_inst/partial_out[17]' has non three-state driver 'u_ws_array/gen_row[3].gen_col[1].pe_inst/partial_out_reg[17]/Q'. (LINT-34)
Warning: In design 'ws_core_top_4x4', three-state bus 'u_ws_array/gen_row[3].gen_col[1].pe_inst/partial_out[18]' has non three-state driver 'u_ws_array/gen_row[3].gen_col[1].pe_inst/partial_out_reg[18]/Q'. (LINT-34)
Warning: In design 'ws_core_top_4x4', three-state bus 'u_ws_array/gen_row[3].gen_col[1].pe_inst/partial_out[19]' has non three-state driver 'u_ws_array/gen_row[3].gen_col[1].pe_inst/partial_out_reg[19]/Q'. (LINT-34)
Warning: In design 'ws_core_top_4x4', three-state bus 'u_ws_array/gen_row[3].gen_col[1].pe_inst/partial_out[20]' has non three-state driver 'u_ws_array/gen_row[3].gen_col[1].pe_inst/partial_out_reg[20]/Q'. (LINT-34)
Warning: In design 'ws_core_top_4x4', three-state bus 'u_ws_array/gen_row[3].gen_col[1].pe_inst/partial_out[21]' has non three-state driver 'u_ws_array/gen_row[3].gen_col[1].pe_inst/partial_out_reg[21]/Q'. (LINT-34)
Warning: In design 'ws_core_top_4x4', three-state bus 'u_ws_array/gen_row[3].gen_col[1].pe_inst/partial_out[22]' has non three-state driver 'u_ws_array/gen_row[3].gen_col[1].pe_inst/partial_out_reg[22]/Q'. (LINT-34)
Warning: In design 'ws_core_top_4x4', three-state bus 'u_ws_array/gen_row[3].gen_col[1].pe_inst/partial_out[23]' has non three-state driver 'u_ws_array/gen_row[3].gen_col[1].pe_inst/partial_out_reg[23]/Q'. (LINT-34)
Warning: In design 'ws_core_top_4x4', three-state bus 'u_ws_array/gen_row[3].gen_col[1].pe_inst/partial_out[24]' has non three-state driver 'u_ws_array/gen_row[3].gen_col[1].pe_inst/partial_out_reg[24]/Q'. (LINT-34)
Warning: In design 'ws_core_top_4x4', three-state bus 'u_ws_array/gen_row[3].gen_col[1].pe_inst/partial_out[25]' has non three-state driver 'u_ws_array/gen_row[3].gen_col[1].pe_inst/partial_out_reg[25]/Q'. (LINT-34)
Warning: In design 'ws_core_top_4x4', three-state bus 'u_ws_array/gen_row[3].gen_col[1].pe_inst/partial_out[26]' has non three-state driver 'u_ws_array/gen_row[3].gen_col[1].pe_inst/partial_out_reg[26]/Q'. (LINT-34)
Warning: In design 'ws_core_top_4x4', three-state bus 'u_ws_array/gen_row[3].gen_col[1].pe_inst/partial_out[27]' has non three-state driver 'u_ws_array/gen_row[3].gen_col[1].pe_inst/partial_out_reg[27]/Q'. (LINT-34)
Warning: In design 'ws_core_top_4x4', three-state bus 'u_ws_array/gen_row[3].gen_col[1].pe_inst/partial_out[28]' has non three-state driver 'u_ws_array/gen_row[3].gen_col[1].pe_inst/partial_out_reg[28]/Q'. (LINT-34)
Warning: In design 'ws_core_top_4x4', three-state bus 'u_ws_array/gen_row[3].gen_col[1].pe_inst/partial_out[29]' has non three-state driver 'u_ws_array/gen_row[3].gen_col[1].pe_inst/partial_out_reg[29]/Q'. (LINT-34)
Warning: In design 'ws_core_top_4x4', three-state bus 'u_ws_array/gen_row[3].gen_col[1].pe_inst/partial_out[30]' has non three-state driver 'u_ws_array/gen_row[3].gen_col[1].pe_inst/partial_out_reg[30]/Q'. (LINT-34)
Warning: In design 'ws_core_top_4x4', three-state bus 'u_ws_array/gen_row[3].gen_col[1].pe_inst/partial_out[31]' has non three-state driver 'u_ws_array/gen_row[3].gen_col[1].pe_inst/partial_out_reg[31]/Q'. (LINT-34)
Warning: In design 'ws_core_top_4x4', three-state bus 'u_ws_array/gen_row[3].gen_col[2].pe_inst/partial_out_valid' has non three-state driver 'u_ws_array/gen_row[3].gen_col[2].pe_inst/partial_out_valid_reg/Q'. (LINT-34)
Warning: In design 'ws_core_top_4x4', three-state bus 'u_ws_array/gen_row[3].gen_col[2].pe_inst/partial_out[0]' has non three-state driver 'u_ws_array/gen_row[3].gen_col[2].pe_inst/partial_out_reg[0]/Q'. (LINT-34)
Warning: In design 'ws_core_top_4x4', three-state bus 'u_ws_array/gen_row[3].gen_col[2].pe_inst/partial_out[1]' has non three-state driver 'u_ws_array/gen_row[3].gen_col[2].pe_inst/partial_out_reg[1]/Q'. (LINT-34)
Warning: In design 'ws_core_top_4x4', three-state bus 'u_ws_array/gen_row[3].gen_col[2].pe_inst/partial_out[2]' has non three-state driver 'u_ws_array/gen_row[3].gen_col[2].pe_inst/partial_out_reg[2]/Q'. (LINT-34)
Warning: In design 'ws_core_top_4x4', three-state bus 'u_ws_array/gen_row[3].gen_col[2].pe_inst/partial_out[3]' has non three-state driver 'u_ws_array/gen_row[3].gen_col[2].pe_inst/partial_out_reg[3]/Q'. (LINT-34)
Warning: In design 'ws_core_top_4x4', three-state bus 'u_ws_array/gen_row[3].gen_col[2].pe_inst/partial_out[4]' has non three-state driver 'u_ws_array/gen_row[3].gen_col[2].pe_inst/partial_out_reg[4]/Q'. (LINT-34)
Warning: In design 'ws_core_top_4x4', three-state bus 'u_ws_array/gen_row[3].gen_col[2].pe_inst/partial_out[5]' has non three-state driver 'u_ws_array/gen_row[3].gen_col[2].pe_inst/partial_out_reg[5]/Q'. (LINT-34)
Warning: In design 'ws_core_top_4x4', three-state bus 'u_ws_array/gen_row[3].gen_col[2].pe_inst/partial_out[6]' has non three-state driver 'u_ws_array/gen_row[3].gen_col[2].pe_inst/partial_out_reg[6]/Q'. (LINT-34)
Warning: In design 'ws_core_top_4x4', three-state bus 'u_ws_array/gen_row[3].gen_col[2].pe_inst/partial_out[7]' has non three-state driver 'u_ws_array/gen_row[3].gen_col[2].pe_inst/partial_out_reg[7]/Q'. (LINT-34)
Warning: In design 'ws_core_top_4x4', three-state bus 'u_ws_array/gen_row[3].gen_col[2].pe_inst/partial_out[8]' has non three-state driver 'u_ws_array/gen_row[3].gen_col[2].pe_inst/partial_out_reg[8]/Q'. (LINT-34)
Warning: In design 'ws_core_top_4x4', three-state bus 'u_ws_array/gen_row[3].gen_col[2].pe_inst/partial_out[9]' has non three-state driver 'u_ws_array/gen_row[3].gen_col[2].pe_inst/partial_out_reg[9]/Q'. (LINT-34)
Warning: In design 'ws_core_top_4x4', three-state bus 'u_ws_array/gen_row[3].gen_col[2].pe_inst/partial_out[10]' has non three-state driver 'u_ws_array/gen_row[3].gen_col[2].pe_inst/partial_out_reg[10]/Q'. (LINT-34)
Warning: In design 'ws_core_top_4x4', three-state bus 'u_ws_array/gen_row[3].gen_col[2].pe_inst/partial_out[11]' has non three-state driver 'u_ws_array/gen_row[3].gen_col[2].pe_inst/partial_out_reg[11]/Q'. (LINT-34)
Warning: In design 'ws_core_top_4x4', three-state bus 'u_ws_array/gen_row[3].gen_col[2].pe_inst/partial_out[12]' has non three-state driver 'u_ws_array/gen_row[3].gen_col[2].pe_inst/partial_out_reg[12]/Q'. (LINT-34)
Warning: In design 'ws_core_top_4x4', three-state bus 'u_ws_array/gen_row[3].gen_col[2].pe_inst/partial_out[13]' has non three-state driver 'u_ws_array/gen_row[3].gen_col[2].pe_inst/partial_out_reg[13]/Q'. (LINT-34)
Warning: In design 'ws_core_top_4x4', three-state bus 'u_ws_array/gen_row[3].gen_col[2].pe_inst/partial_out[14]' has non three-state driver 'u_ws_array/gen_row[3].gen_col[2].pe_inst/partial_out_reg[14]/Q'. (LINT-34)
Warning: In design 'ws_core_top_4x4', three-state bus 'u_ws_array/gen_row[3].gen_col[2].pe_inst/partial_out[15]' has non three-state driver 'u_ws_array/gen_row[3].gen_col[2].pe_inst/partial_out_reg[15]/Q'. (LINT-34)
Warning: In design 'ws_core_top_4x4', three-state bus 'u_ws_array/gen_row[3].gen_col[2].pe_inst/partial_out[16]' has non three-state driver 'u_ws_array/gen_row[3].gen_col[2].pe_inst/partial_out_reg[16]/Q'. (LINT-34)
Warning: In design 'ws_core_top_4x4', three-state bus 'u_ws_array/gen_row[3].gen_col[2].pe_inst/partial_out[17]' has non three-state driver 'u_ws_array/gen_row[3].gen_col[2].pe_inst/partial_out_reg[17]/Q'. (LINT-34)
Warning: In design 'ws_core_top_4x4', three-state bus 'u_ws_array/gen_row[3].gen_col[2].pe_inst/partial_out[18]' has non three-state driver 'u_ws_array/gen_row[3].gen_col[2].pe_inst/partial_out_reg[18]/Q'. (LINT-34)
Warning: In design 'ws_core_top_4x4', three-state bus 'u_ws_array/gen_row[3].gen_col[2].pe_inst/partial_out[19]' has non three-state driver 'u_ws_array/gen_row[3].gen_col[2].pe_inst/partial_out_reg[19]/Q'. (LINT-34)
Warning: In design 'ws_core_top_4x4', three-state bus 'u_ws_array/gen_row[3].gen_col[2].pe_inst/partial_out[20]' has non three-state driver 'u_ws_array/gen_row[3].gen_col[2].pe_inst/partial_out_reg[20]/Q'. (LINT-34)
Warning: In design 'ws_core_top_4x4', three-state bus 'u_ws_array/gen_row[3].gen_col[2].pe_inst/partial_out[21]' has non three-state driver 'u_ws_array/gen_row[3].gen_col[2].pe_inst/partial_out_reg[21]/Q'. (LINT-34)
Warning: In design 'ws_core_top_4x4', three-state bus 'u_ws_array/gen_row[3].gen_col[2].pe_inst/partial_out[22]' has non three-state driver 'u_ws_array/gen_row[3].gen_col[2].pe_inst/partial_out_reg[22]/Q'. (LINT-34)
Warning: In design 'ws_core_top_4x4', three-state bus 'u_ws_array/gen_row[3].gen_col[2].pe_inst/partial_out[23]' has non three-state driver 'u_ws_array/gen_row[3].gen_col[2].pe_inst/partial_out_reg[23]/Q'. (LINT-34)
Warning: In design 'ws_core_top_4x4', three-state bus 'u_ws_array/gen_row[3].gen_col[2].pe_inst/partial_out[24]' has non three-state driver 'u_ws_array/gen_row[3].gen_col[2].pe_inst/partial_out_reg[24]/Q'. (LINT-34)
Warning: In design 'ws_core_top_4x4', three-state bus 'u_ws_array/gen_row[3].gen_col[2].pe_inst/partial_out[25]' has non three-state driver 'u_ws_array/gen_row[3].gen_col[2].pe_inst/partial_out_reg[25]/Q'. (LINT-34)
Warning: In design 'ws_core_top_4x4', three-state bus 'u_ws_array/gen_row[3].gen_col[2].pe_inst/partial_out[26]' has non three-state driver 'u_ws_array/gen_row[3].gen_col[2].pe_inst/partial_out_reg[26]/Q'. (LINT-34)
Warning: In design 'ws_core_top_4x4', three-state bus 'u_ws_array/gen_row[3].gen_col[2].pe_inst/partial_out[27]' has non three-state driver 'u_ws_array/gen_row[3].gen_col[2].pe_inst/partial_out_reg[27]/Q'. (LINT-34)
Warning: In design 'ws_core_top_4x4', three-state bus 'u_ws_array/gen_row[3].gen_col[2].pe_inst/partial_out[28]' has non three-state driver 'u_ws_array/gen_row[3].gen_col[2].pe_inst/partial_out_reg[28]/Q'. (LINT-34)
Warning: In design 'ws_core_top_4x4', three-state bus 'u_ws_array/gen_row[3].gen_col[2].pe_inst/partial_out[29]' has non three-state driver 'u_ws_array/gen_row[3].gen_col[2].pe_inst/partial_out_reg[29]/Q'. (LINT-34)
Warning: In design 'ws_core_top_4x4', three-state bus 'u_ws_array/gen_row[3].gen_col[2].pe_inst/partial_out[30]' has non three-state driver 'u_ws_array/gen_row[3].gen_col[2].pe_inst/partial_out_reg[30]/Q'. (LINT-34)
Warning: In design 'ws_core_top_4x4', three-state bus 'u_ws_array/gen_row[3].gen_col[2].pe_inst/partial_out[31]' has non three-state driver 'u_ws_array/gen_row[3].gen_col[2].pe_inst/partial_out_reg[31]/Q'. (LINT-34)
Warning: In design 'ws_core_top_4x4', three-state bus 'u_ws_array/gen_row[3].gen_col[3].pe_inst/partial_out_valid' has non three-state driver 'u_ws_array/gen_row[3].gen_col[3].pe_inst/partial_out_valid_reg/Q'. (LINT-34)
Warning: In design 'ws_core_top_4x4', three-state bus 'u_ws_array/gen_row[3].gen_col[3].pe_inst/partial_out[0]' has non three-state driver 'u_ws_array/gen_row[3].gen_col[3].pe_inst/partial_out_reg[0]/Q'. (LINT-34)
Warning: In design 'ws_core_top_4x4', three-state bus 'u_ws_array/gen_row[3].gen_col[3].pe_inst/partial_out[1]' has non three-state driver 'u_ws_array/gen_row[3].gen_col[3].pe_inst/partial_out_reg[1]/Q'. (LINT-34)
Warning: In design 'ws_core_top_4x4', three-state bus 'u_ws_array/gen_row[3].gen_col[3].pe_inst/partial_out[2]' has non three-state driver 'u_ws_array/gen_row[3].gen_col[3].pe_inst/partial_out_reg[2]/Q'. (LINT-34)
Warning: In design 'ws_core_top_4x4', three-state bus 'u_ws_array/gen_row[3].gen_col[3].pe_inst/partial_out[3]' has non three-state driver 'u_ws_array/gen_row[3].gen_col[3].pe_inst/partial_out_reg[3]/Q'. (LINT-34)
Warning: In design 'ws_core_top_4x4', three-state bus 'u_ws_array/gen_row[3].gen_col[3].pe_inst/partial_out[4]' has non three-state driver 'u_ws_array/gen_row[3].gen_col[3].pe_inst/partial_out_reg[4]/Q'. (LINT-34)
Warning: In design 'ws_core_top_4x4', three-state bus 'u_ws_array/gen_row[3].gen_col[3].pe_inst/partial_out[5]' has non three-state driver 'u_ws_array/gen_row[3].gen_col[3].pe_inst/partial_out_reg[5]/Q'. (LINT-34)
Warning: In design 'ws_core_top_4x4', three-state bus 'u_ws_array/gen_row[3].gen_col[3].pe_inst/partial_out[6]' has non three-state driver 'u_ws_array/gen_row[3].gen_col[3].pe_inst/partial_out_reg[6]/Q'. (LINT-34)
Warning: In design 'ws_core_top_4x4', three-state bus 'u_ws_array/gen_row[3].gen_col[3].pe_inst/partial_out[7]' has non three-state driver 'u_ws_array/gen_row[3].gen_col[3].pe_inst/partial_out_reg[7]/Q'. (LINT-34)
Warning: In design 'ws_core_top_4x4', three-state bus 'u_ws_array/gen_row[3].gen_col[3].pe_inst/partial_out[8]' has non three-state driver 'u_ws_array/gen_row[3].gen_col[3].pe_inst/partial_out_reg[8]/Q'. (LINT-34)
Warning: In design 'ws_core_top_4x4', three-state bus 'u_ws_array/gen_row[3].gen_col[3].pe_inst/partial_out[9]' has non three-state driver 'u_ws_array/gen_row[3].gen_col[3].pe_inst/partial_out_reg[9]/Q'. (LINT-34)
Warning: In design 'ws_core_top_4x4', three-state bus 'u_ws_array/gen_row[3].gen_col[3].pe_inst/partial_out[10]' has non three-state driver 'u_ws_array/gen_row[3].gen_col[3].pe_inst/partial_out_reg[10]/Q'. (LINT-34)
Warning: In design 'ws_core_top_4x4', three-state bus 'u_ws_array/gen_row[3].gen_col[3].pe_inst/partial_out[11]' has non three-state driver 'u_ws_array/gen_row[3].gen_col[3].pe_inst/partial_out_reg[11]/Q'. (LINT-34)
Warning: In design 'ws_core_top_4x4', three-state bus 'u_ws_array/gen_row[3].gen_col[3].pe_inst/partial_out[12]' has non three-state driver 'u_ws_array/gen_row[3].gen_col[3].pe_inst/partial_out_reg[12]/Q'. (LINT-34)
Warning: In design 'ws_core_top_4x4', three-state bus 'u_ws_array/gen_row[3].gen_col[3].pe_inst/partial_out[13]' has non three-state driver 'u_ws_array/gen_row[3].gen_col[3].pe_inst/partial_out_reg[13]/Q'. (LINT-34)
Warning: In design 'ws_core_top_4x4', three-state bus 'u_ws_array/gen_row[3].gen_col[3].pe_inst/partial_out[14]' has non three-state driver 'u_ws_array/gen_row[3].gen_col[3].pe_inst/partial_out_reg[14]/Q'. (LINT-34)
Warning: In design 'ws_core_top_4x4', three-state bus 'u_ws_array/gen_row[3].gen_col[3].pe_inst/partial_out[15]' has non three-state driver 'u_ws_array/gen_row[3].gen_col[3].pe_inst/partial_out_reg[15]/Q'. (LINT-34)
Warning: In design 'ws_core_top_4x4', three-state bus 'u_ws_array/gen_row[3].gen_col[3].pe_inst/partial_out[16]' has non three-state driver 'u_ws_array/gen_row[3].gen_col[3].pe_inst/partial_out_reg[16]/Q'. (LINT-34)
Warning: In design 'ws_core_top_4x4', three-state bus 'u_ws_array/gen_row[3].gen_col[3].pe_inst/partial_out[17]' has non three-state driver 'u_ws_array/gen_row[3].gen_col[3].pe_inst/partial_out_reg[17]/Q'. (LINT-34)
Warning: In design 'ws_core_top_4x4', three-state bus 'u_ws_array/gen_row[3].gen_col[3].pe_inst/partial_out[18]' has non three-state driver 'u_ws_array/gen_row[3].gen_col[3].pe_inst/partial_out_reg[18]/Q'. (LINT-34)
Warning: In design 'ws_core_top_4x4', three-state bus 'u_ws_array/gen_row[3].gen_col[3].pe_inst/partial_out[19]' has non three-state driver 'u_ws_array/gen_row[3].gen_col[3].pe_inst/partial_out_reg[19]/Q'. (LINT-34)
Warning: In design 'ws_core_top_4x4', three-state bus 'u_ws_array/gen_row[3].gen_col[3].pe_inst/partial_out[20]' has non three-state driver 'u_ws_array/gen_row[3].gen_col[3].pe_inst/partial_out_reg[20]/Q'. (LINT-34)
Warning: In design 'ws_core_top_4x4', three-state bus 'u_ws_array/gen_row[3].gen_col[3].pe_inst/partial_out[21]' has non three-state driver 'u_ws_array/gen_row[3].gen_col[3].pe_inst/partial_out_reg[21]/Q'. (LINT-34)
Warning: In design 'ws_core_top_4x4', three-state bus 'u_ws_array/gen_row[3].gen_col[3].pe_inst/partial_out[22]' has non three-state driver 'u_ws_array/gen_row[3].gen_col[3].pe_inst/partial_out_reg[22]/Q'. (LINT-34)
Warning: In design 'ws_core_top_4x4', three-state bus 'u_ws_array/gen_row[3].gen_col[3].pe_inst/partial_out[23]' has non three-state driver 'u_ws_array/gen_row[3].gen_col[3].pe_inst/partial_out_reg[23]/Q'. (LINT-34)
Warning: In design 'ws_core_top_4x4', three-state bus 'u_ws_array/gen_row[3].gen_col[3].pe_inst/partial_out[24]' has non three-state driver 'u_ws_array/gen_row[3].gen_col[3].pe_inst/partial_out_reg[24]/Q'. (LINT-34)
Warning: In design 'ws_core_top_4x4', three-state bus 'u_ws_array/gen_row[3].gen_col[3].pe_inst/partial_out[25]' has non three-state driver 'u_ws_array/gen_row[3].gen_col[3].pe_inst/partial_out_reg[25]/Q'. (LINT-34)
Warning: In design 'ws_core_top_4x4', three-state bus 'u_ws_array/gen_row[3].gen_col[3].pe_inst/partial_out[26]' has non three-state driver 'u_ws_array/gen_row[3].gen_col[3].pe_inst/partial_out_reg[26]/Q'. (LINT-34)
Warning: In design 'ws_core_top_4x4', three-state bus 'u_ws_array/gen_row[3].gen_col[3].pe_inst/partial_out[27]' has non three-state driver 'u_ws_array/gen_row[3].gen_col[3].pe_inst/partial_out_reg[27]/Q'. (LINT-34)
Warning: In design 'ws_core_top_4x4', three-state bus 'u_ws_array/gen_row[3].gen_col[3].pe_inst/partial_out[28]' has non three-state driver 'u_ws_array/gen_row[3].gen_col[3].pe_inst/partial_out_reg[28]/Q'. (LINT-34)
Warning: In design 'ws_core_top_4x4', three-state bus 'u_ws_array/gen_row[3].gen_col[3].pe_inst/partial_out[29]' has non three-state driver 'u_ws_array/gen_row[3].gen_col[3].pe_inst/partial_out_reg[29]/Q'. (LINT-34)
Warning: In design 'ws_core_top_4x4', three-state bus 'u_ws_array/gen_row[3].gen_col[3].pe_inst/partial_out[30]' has non three-state driver 'u_ws_array/gen_row[3].gen_col[3].pe_inst/partial_out_reg[30]/Q'. (LINT-34)
Warning: In design 'ws_core_top_4x4', three-state bus 'u_ws_array/gen_row[3].gen_col[3].pe_inst/partial_out[31]' has non three-state driver 'u_ws_array/gen_row[3].gen_col[3].pe_inst/partial_out_reg[31]/Q'. (LINT-34)
Warning: In design 'ws_core_top_4x4', three-state bus 'u_ws_array/weight_ready_mesh[0]' has non three-state driver 'u_ws_array/gen_row[0].gen_col[0].pe_inst/C1085/Z'. (LINT-34)
Warning: In design 'ws_core_top_4x4', three-state bus 'u_ws_array/row_input_valid_in[0]' has non three-state driver 'u_ws_array/C205/Z'. (LINT-34)
Warning: In design 'ws_core_top_4x4', three-state bus 'u_ws_array/row_input_valid_in[1]' has non three-state driver 'u_ws_array/C206/Z'. (LINT-34)
Warning: In design 'ws_core_top_4x4', three-state bus 'u_ws_array/row_input_valid_in[2]' has non three-state driver 'u_ws_array/C207/Z'. (LINT-34)
Warning: In design 'ws_core_top_4x4', three-state bus 'u_ws_array/row_input_valid_in[3]' has non three-state driver 'u_ws_array/C208/Z'. (LINT-34)
1
