 
****************************************
Report : power
        -analysis_effort low
Design : ws_core_top_4x4
Version: O-2018.06-SP1
Date   : Mon Apr 20 22:40:05 2026
****************************************


Library(s) Used:

    slow (File: /home/ic_libs/TSMC.90/aci/sc-x/synopsys/slow.db)


Operating Conditions: slow   Library: slow
Wire Load Model Mode: top


Global Operating Voltage = 0.9  
Power-specific unit information :
    Voltage Units = 1V
    Capacitance Units = 1.000000pf
    Time Units = 1ns
    Dynamic Power Units = 1mW    (derived from V,C,T units)
    Leakage Power Units = 1pW


  Cell Internal Power  =  16.8892 mW   (31%)
  Net Switching Power  =  38.3857 mW   (69%)
                         ---------
Total Dynamic Power    =  55.2748 mW  (100%)

Cell Leakage Power     = 652.8589 uW


                 Internal         Switching           Leakage            Total
Power Group      Power            Power               Power              Power   (   %    )  Attrs
--------------------------------------------------------------------------------------------------
io_pad             0.0000            0.0000            0.0000            0.0000  (   0.00%)
memory             0.0000            0.0000            0.0000            0.0000  (   0.00%)
black_box          0.0000            0.0000            0.0000            0.0000  (   0.00%)
clock_network      1.0220           38.0012        1.7341e+07           39.0404  (  69.81%)
register          15.2997        7.1931e-02        1.1908e+08           15.4908  (  27.70%)
sequential         0.0000            0.0000            0.0000            0.0000  (   0.00%)
combinational      0.5674            0.3124        5.1644e+08            1.3962  (   2.50%)
--------------------------------------------------------------------------------------------------
Total             16.8892 mW        38.3855 mW     6.5286e+08 pW        55.9274 mW
1
