 
****************************************
Report : power
        -analysis_effort low
Design : ws_core_top_4x4
Version: O-2018.06-SP1
Date   : Tue Apr 21 00:02:39 2026
****************************************


Library(s) Used:

    slow (File: /home/ic_libs/TSMC.90/aci/sc-x/synopsys/slow.db)


Operating Conditions: slow   Library: slow
Wire Load Model Mode: top


Global Operating Voltage = 0.9  
Power-specific unit information :
    Voltage Units = 1V
    Capacitance Units = 1.000000pf
    Time Units = 1ns
    Dynamic Power Units = 1mW    (derived from V,C,T units)
    Leakage Power Units = 1pW


  Cell Internal Power  =  22.2260 mW   (89%)
  Net Switching Power  =   2.7981 mW   (11%)
                         ---------
Total Dynamic Power    =  25.0242 mW  (100%)

Cell Leakage Power     = 716.8231 uW


                 Internal         Switching           Leakage            Total
Power Group      Power            Power               Power              Power   (   %    )  Attrs
--------------------------------------------------------------------------------------------------
io_pad             0.0000            0.0000            0.0000            0.0000  (   0.00%)
memory             0.0000            0.0000            0.0000            0.0000  (   0.00%)
black_box          0.0000            0.0000            0.0000            0.0000  (   0.00%)
clock_network      1.1030            2.3253        5.0926e+06            3.4334  (  13.34%)
register          20.6877        8.5297e-02        1.7773e+08           20.9508  (  81.39%)
sequential         0.0000            0.0000            0.0000            0.0000  (   0.00%)
combinational      0.4353            0.3876        5.3400e+08            1.3569  (   5.27%)
--------------------------------------------------------------------------------------------------
Total             22.2260 mW         2.7981 mW     7.1682e+08 pW        25.7410 mW
1
