Warning: Design 'ws_core_top_4x4' has '1' unresolved references. For more detailed information, use the "link" command. (UID-341)
Information: Updating design information... (UID-85)
Warning: Design 'ws_core_top_4x4' contains 1 high-fanout nets. A fanout number of 1000 will be used for delay calculations involving these nets. (TIM-134)
Warning: A non-unate path in clock network for clock 'clk'
 from pin 'u_ws_array/gen_row[3].gen_col[3].pe_inst/clk_gate_partial_out_reg/latch/CKcheckpin1' is detected. (TIM-052)
 
****************************************
Report : qor
Design : ws_core_top_4x4
Version: O-2018.06-SP1
Date   : Mon Apr 20 22:40:05 2026
****************************************


  Timing Path Group 'clk'
  -----------------------------------
  Levels of Logic:              11.00
  Critical Path Length:          0.75
  Critical Path Slack:          -0.42
  Critical Path Clk Period:      1.00
  Total Negative Slack:       -372.35
  No. of Violating Paths:     1526.00
  Worst Hold Violation:          0.00
  Total Hold Violation:          0.00
  No. of Hold Violations:        0.00
  -----------------------------------


  Cell Count
  -----------------------------------
  Hierarchical Cell Count:         85
  Hierarchical Port Count:        340
  Leaf Cell Count:              18101
  Buf/Inv Cell Count:            2445
  Buf Cell Count:                 135
  Inv Cell Count:                2310
  CT Buf/Inv Cell Count:            0
  Combinational Cell Count:     15384
  Sequential Cell Count:         2717
  Macro Count:                      0
  -----------------------------------


  Area
  -----------------------------------
  Combinational Area:   105075.131582
  Noncombinational Area: 45703.123829
  Buf/Inv Area:           6118.963373
  Total Buffer Area:          1139.54
  Total Inverter Area:        4979.42
  Macro/Black Box Area:      0.000000
  Net Area:                  0.000000
  -----------------------------------
  Cell Area:            150778.255411
  Design Area:          150778.255411


  Design Rules
  -----------------------------------
  Total Number of Nets:         20591
  Nets With Violations:             0
  Max Trans Violations:             0
  Max Cap Violations:               0
  -----------------------------------


  Hostname: IC_EDA

  Compile CPU Statistics
  -----------------------------------------
  Resource Sharing:                   26.55
  Logic Optimization:                 21.13
  Mapping Optimization:               28.03
  -----------------------------------------
  Overall Compile Time:              115.87
  Overall Compile Wall Clock Time:   115.95

  --------------------------------------------------------------------

  Design  WNS: 0.42  TNS: 372.35  Number of Violating Paths: 1526


  Design (Hold)  WNS: 0.00  TNS: 0.00  Number of Violating Paths: 0

  --------------------------------------------------------------------


1
