 
****************************************
Report : timing
        -path full
        -delay max
        -max_paths 1
Design : ws_core_top_4x4
Version: O-2018.06-SP1
Date   : Mon Apr 20 20:35:50 2026
****************************************

 # A fanout number of 1000 was used for high fanout net computations.

Operating Conditions: slow   Library: slow
Wire Load Model Mode: top

  Startpoint: clk_r_REG2850_S14
              (rising edge-triggered flip-flop clocked by clk)
  Endpoint: u_ws_array/gen_row[0].gen_col[0].pe_inst/clk_gate_accumulator_reg/latch
            (rising edge-triggered flip-flop clocked by clk')
  Path Group: clk
  Path Type: max

  Point                                                   Incr       Path
  --------------------------------------------------------------------------
  clock clk (rise edge)                                   0.00       0.00
  clock network delay (ideal)                             0.00       0.00
  clk_r_REG2850_S14/CK (DFFSHQX4)                         0.00       0.00 r
  clk_r_REG2850_S14/Q (DFFSHQX4)                          0.12       0.12 r
  U13302/Y (INVX4)                                        0.03       0.15 f
  U11556/Y (CLKNAND2X8)                                   0.03       0.18 r
  U13281/Y (NAND2X8)                                      0.04       0.22 f
  U3483/Y (NAND3X8)                                       0.04       0.26 r
  U3482/Y (OAI21X8)                                       0.04       0.30 f
  U11506/Y (NAND2X8)                                      0.03       0.33 r
  U11509/Y (NAND2X8)                                      0.04       0.37 f
  U11494/Y (NAND2X4)                                      0.04       0.41 r
  U10622/Y (NAND2X4)                                      0.04       0.45 f
  U7273/Y (NAND2X2)                                       0.03       0.49 r
  U11491/Y (NAND2X2)                                      0.04       0.53 f
  U11543/Y (NOR2X2)                                       0.04       0.57 r
  U11493/Y (OAI2BB1X4)                                    0.07       0.64 r
  u_ws_array/gen_row[0].gen_col[0].pe_inst/clk_gate_accumulator_reg/EN (SNPS_CLOCK_GATE_HIGH_pe_DATA_WIDTH16_WEIGHT_WIDTH16_ACC_WIDTH32_91)
                                                          0.00       0.64 r
  u_ws_array/gen_row[0].gen_col[0].pe_inst/clk_gate_accumulator_reg/latch/E (TLATNTSCAX2)
                                                          0.00       0.64 r
  data arrival time                                                  0.64

  clock clk' (rise edge)                                  0.50       0.50
  clock network delay (ideal)                             0.00       0.50
  u_ws_array/gen_row[0].gen_col[0].pe_inst/clk_gate_accumulator_reg/latch/CKcheckpin1 (TLATNTSCAX2)
                                                          0.00       0.50 r
  library setup time                                     -0.16       0.34
  data required time                                                 0.34
  --------------------------------------------------------------------------
  data required time                                                 0.34
  data arrival time                                                 -0.64
  --------------------------------------------------------------------------
  slack (VIOLATED)                                                  -0.30


1
