Loading db file '/home/ic_libs/TSMC.90/aci/sc-x/synopsys/slow.db'
Information: Propagating switching activity (low effort zero delay simulation). (PWR-6)
Warning: Design has unannotated primary inputs. (PWR-414)
Warning: Design has unannotated sequential cell outputs. (PWR-415)
 
****************************************
Report : power
        -analysis_effort low
Design : dip_core_top_4x4
Version: O-2018.06-SP1
Date   : Mon Apr 20 23:40:04 2026
****************************************


Library(s) Used:

    slow (File: /home/ic_libs/TSMC.90/aci/sc-x/synopsys/slow.db)


Operating Conditions: slow   Library: slow
Wire Load Model Mode: top


Global Operating Voltage = 0.9  
Power-specific unit information :
    Voltage Units = 1V
    Capacitance Units = 1.000000pf
    Time Units = 1ns
    Dynamic Power Units = 1mW    (derived from V,C,T units)
    Leakage Power Units = 1pW


  Cell Internal Power  =   4.9177 mW   (97%)
  Net Switching Power  = 132.9920 uW    (3%)
                         ---------
Total Dynamic Power    =   5.0507 mW  (100%)

Cell Leakage Power     =   1.2142 mW


                 Internal         Switching           Leakage            Total
Power Group      Power            Power               Power              Power   (   %    )  Attrs
--------------------------------------------------------------------------------------------------
io_pad             0.0000            0.0000            0.0000            0.0000  (   0.00%)
memory             0.0000            0.0000            0.0000            0.0000  (   0.00%)
black_box          0.0000            0.0000            0.0000            0.0000  (   0.00%)
clock_network      0.0000            0.0000            0.0000            0.0000  (   0.00%)
register           4.7783        7.6892e-03        7.9607e+07            4.8656  (  77.66%)
sequential         0.0000            0.0000            0.0000            0.0000  (   0.00%)
combinational      0.1394            0.1253        1.1346e+09            1.3993  (  22.34%)
--------------------------------------------------------------------------------------------------
Total              4.9177 mW         0.1330 mW     1.2142e+09 pW         6.2648 mW
1
