Loading db file '/home/ic_libs/TSMC.90/aci/sc-x/synopsys/slow.db'
Information: Propagating switching activity (low effort zero delay simulation). (PWR-6)
Warning: Design has unannotated primary inputs. (PWR-414)
Warning: Design has unannotated sequential cell outputs. (PWR-415)
 
****************************************
Report : power
        -analysis_effort low
Design : dip_core_top_4x4
Version: O-2018.06-SP1
Date   : Mon Apr 20 20:32:06 2026
****************************************


Library(s) Used:

    slow (File: /home/ic_libs/TSMC.90/aci/sc-x/synopsys/slow.db)


Operating Conditions: slow   Library: slow
Wire Load Model Mode: top


Global Operating Voltage = 0.9  
Power-specific unit information :
    Voltage Units = 1V
    Capacitance Units = 1.000000pf
    Time Units = 1ns
    Dynamic Power Units = 1mW    (derived from V,C,T units)
    Leakage Power Units = 1pW


  Cell Internal Power  =   4.8765 mW   (97%)
  Net Switching Power  = 132.1130 uW    (3%)
                         ---------
Total Dynamic Power    =   5.0086 mW  (100%)

Cell Leakage Power     =   1.1913 mW


                 Internal         Switching           Leakage            Total
Power Group      Power            Power               Power              Power   (   %    )  Attrs
--------------------------------------------------------------------------------------------------
io_pad             0.0000            0.0000            0.0000            0.0000  (   0.00%)
memory             0.0000            0.0000            0.0000            0.0000  (   0.00%)
black_box          0.0000            0.0000            0.0000            0.0000  (   0.00%)
clock_network      0.0000            0.0000            0.0000            0.0000  (   0.00%)
register           4.7406        7.6663e-03        7.9062e+07            4.8273  (  77.86%)
sequential         0.0000            0.0000            0.0000            0.0000  (   0.00%)
combinational      0.1358            0.1244        1.1123e+09            1.3726  (  22.14%)
--------------------------------------------------------------------------------------------------
Total              4.8764 mW         0.1321 mW     1.1913e+09 pW         6.1999 mW
1
