Information: Updating design information... (UID-85)
Warning: Design 'dip_core_top_4x4' contains 1 high-fanout nets. A fanout number of 1000 will be used for delay calculations involving these nets. (TIM-134)
 
****************************************
Report : qor
Design : dip_core_top_4x4
Version: O-2018.06-SP1
Date   : Mon Apr 20 20:32:04 2026
****************************************


  Timing Path Group 'clk'
  -----------------------------------
  Levels of Logic:              37.00
  Critical Path Length:          4.91
  Critical Path Slack:           0.00
  Critical Path Clk Period:      5.00
  Total Negative Slack:          0.00
  No. of Violating Paths:        0.00
  Worst Hold Violation:          0.00
  Total Hold Violation:          0.00
  No. of Hold Violations:        0.00
  -----------------------------------


  Cell Count
  -----------------------------------
  Hierarchical Cell Count:         81
  Hierarchical Port Count:       7322
  Leaf Cell Count:              18404
  Buf/Inv Cell Count:            1959
  Buf Cell Count:                 505
  Inv Cell Count:                1454
  CT Buf/Inv Cell Count:            0
  Combinational Cell Count:     16293
  Sequential Cell Count:         2111
  Macro Count:                      0
  -----------------------------------


  Area
  -----------------------------------
  Combinational Area:   167242.725603
  Noncombinational Area: 34566.638671
  Buf/Inv Area:           5571.417750
  Total Buffer Area:          1531.86
  Total Inverter Area:        4039.56
  Macro/Black Box Area:      0.000000
  Net Area:                  0.000000
  -----------------------------------
  Cell Area:            201809.364274
  Design Area:          201809.364274


  Design Rules
  -----------------------------------
  Total Number of Nets:         22355
  Nets With Violations:             0
  Max Trans Violations:             0
  Max Cap Violations:               0
  -----------------------------------


  Hostname: IC_EDA

  Compile CPU Statistics
  -----------------------------------------
  Resource Sharing:                    9.66
  Logic Optimization:                  6.39
  Mapping Optimization:               76.52
  -----------------------------------------
  Overall Compile Time:               95.24
  Overall Compile Wall Clock Time:    95.75

  --------------------------------------------------------------------

  Design  WNS: 0.00  TNS: 0.00  Number of Violating Paths: 0


  Design (Hold)  WNS: 0.00  TNS: 0.00  Number of Violating Paths: 0

  --------------------------------------------------------------------


1
