Information: Updating design information... (UID-85)
Warning: Design 'dip_core_top_4x4' contains 1 high-fanout nets. A fanout number of 1000 will be used for delay calculations involving these nets. (TIM-134)
 
****************************************
Report : qor
Design : dip_core_top_4x4
Version: O-2018.06-SP1
Date   : Mon Apr 20 23:59:24 2026
****************************************


  Timing Path Group 'clk'
  -----------------------------------
  Levels of Logic:              39.00
  Critical Path Length:          4.89
  Critical Path Slack:           0.00
  Critical Path Clk Period:      5.00
  Total Negative Slack:          0.00
  No. of Violating Paths:        0.00
  Worst Hold Violation:          0.00
  Total Hold Violation:          0.00
  No. of Hold Violations:        0.00
  -----------------------------------


  Cell Count
  -----------------------------------
  Hierarchical Cell Count:         81
  Hierarchical Port Count:       7322
  Leaf Cell Count:              18676
  Buf/Inv Cell Count:            1995
  Buf Cell Count:                 520
  Inv Cell Count:                1475
  CT Buf/Inv Cell Count:            0
  Combinational Cell Count:     16565
  Sequential Cell Count:         2111
  Macro Count:                      0
  -----------------------------------


  Area
  -----------------------------------
  Combinational Area:   169452.664794
  Noncombinational Area: 34663.305878
  Buf/Inv Area:           5869.886545
  Total Buffer Area:          1673.68
  Total Inverter Area:        4196.20
  Macro/Black Box Area:      0.000000
  Net Area:                  0.000000
  -----------------------------------
  Cell Area:            204115.970672
  Design Area:          204115.970672


  Design Rules
  -----------------------------------
  Total Number of Nets:         22567
  Nets With Violations:             0
  Max Trans Violations:             0
  Max Cap Violations:               0
  -----------------------------------


  Hostname: IC_EDA

  Compile CPU Statistics
  -----------------------------------------
  Resource Sharing:                    9.84
  Logic Optimization:                  7.41
  Mapping Optimization:               79.92
  -----------------------------------------
  Overall Compile Time:               99.91
  Overall Compile Wall Clock Time:   100.19

  --------------------------------------------------------------------

  Design  WNS: 0.00  TNS: 0.00  Number of Violating Paths: 0


  Design (Hold)  WNS: 0.00  TNS: 0.00  Number of Violating Paths: 0

  --------------------------------------------------------------------


1
