Information: Updating design information... (UID-85)
Warning: Design 'ws_core_std_top_4x4' contains 1 high-fanout nets. A fanout number of 1000 will be used for delay calculations involving these nets. (TIM-134)
 
****************************************
Report : qor
Design : ws_core_std_top_4x4
Version: O-2018.06-SP1
Date   : Mon Apr 27 01:15:54 2026
****************************************


  Timing Path Group 'clk'
  -----------------------------------
  Levels of Logic:              39.00
  Critical Path Length:          1.53
  Critical Path Slack:           2.39
  Critical Path Clk Period:      5.00
  Total Negative Slack:          0.00
  No. of Violating Paths:        0.00
  Worst Hold Violation:          0.00
  Total Hold Violation:          0.00
  No. of Hold Violations:        0.00
  -----------------------------------


  Cell Count
  -----------------------------------
  Hierarchical Cell Count:         57
  Hierarchical Port Count:       5145
  Leaf Cell Count:              15089
  Buf/Inv Cell Count:            1878
  Buf Cell Count:                 259
  Inv Cell Count:                1619
  CT Buf/Inv Cell Count:            0
  Combinational Cell Count:     13701
  Sequential Cell Count:         1388
  Macro Count:                      0
  -----------------------------------


  Area
  -----------------------------------
  Combinational Area:    16946.831815
  Noncombinational Area:  4445.615938
  Buf/Inv Area:            674.519995
  Total Buffer Area:           130.54
  Total Inverter Area:         543.98
  Macro/Black Box Area:      0.000000
  Net Area:                  0.000000
  -----------------------------------
  Cell Area:             21392.447753
  Design Area:           21392.447753


  Design Rules
  -----------------------------------
  Total Number of Nets:         19175
  Nets With Violations:             0
  Max Trans Violations:             0
  Max Cap Violations:               0
  -----------------------------------


  Hostname: IC_EDA

  Compile CPU Statistics
  -----------------------------------------
  Resource Sharing:                  975.63
  Logic Optimization:                867.96
  Mapping Optimization:             2694.51
  -----------------------------------------
  Overall Compile Time:             4650.77
  Overall Compile Wall Clock Time:   749.01

  --------------------------------------------------------------------

  Design  WNS: 0.00  TNS: 0.00  Number of Violating Paths: 0


  Design (Hold)  WNS: 0.00  TNS: 0.00  Number of Violating Paths: 0

  --------------------------------------------------------------------


1
