 
****************************************
Report : timing
        -path full
        -delay max
        -max_paths 1
Design : ws_core_std_top_4x4
Version: O-2018.06-SP1
Date   : Mon Apr 27 01:15:54 2026
****************************************

 # A fanout number of 1000 was used for high fanout net computations.

Operating Conditions: tt0p9v25c   Library: tcbn28hpcplusbwp12t40p140tt0p9v25c
Wire Load Model Mode: segmented

  Startpoint: input_data_vec[49]
              (input port clocked by clk)
  Endpoint: u_ws_std_array/result_buf_reg[3][0][31]
            (rising edge-triggered flip-flop clocked by clk)
  Path Group: clk
  Path Type: max

  Des/Clust/Port     Wire Load Model       Library
  ------------------------------------------------
  standard_ws_array_4x4_DATA_WIDTH16_WEIGHT_WIDTH16_ACC_WIDTH32_ARRAY_SIZE4_DW02_mult_12
                     ZeroWireload          tcbn28hpcplusbwp12t40p140tt0p9v25c
  ws_core_std_top_4x4
                     ZeroWireload          tcbn28hpcplusbwp12t40p140tt0p9v25c
  standard_ws_array_4x4_DATA_WIDTH16_WEIGHT_WIDTH16_ACC_WIDTH32_ARRAY_SIZE4
                     ZeroWireload          tcbn28hpcplusbwp12t40p140tt0p9v25c
  standard_ws_array_4x4_DATA_WIDTH16_WEIGHT_WIDTH16_ACC_WIDTH32_ARRAY_SIZE4_DW02_mult_25
                     ZeroWireload          tcbn28hpcplusbwp12t40p140tt0p9v25c
  standard_ws_array_4x4_DATA_WIDTH16_WEIGHT_WIDTH16_ACC_WIDTH32_ARRAY_SIZE4_DW01_add_26
                     ZeroWireload          tcbn28hpcplusbwp12t40p140tt0p9v25c
  standard_ws_array_4x4_DATA_WIDTH16_WEIGHT_WIDTH16_ACC_WIDTH32_ARRAY_SIZE4_DW01_add_3
                     ZeroWireload          tcbn28hpcplusbwp12t40p140tt0p9v25c

  Point                                                   Incr       Path
  --------------------------------------------------------------------------
  clock clk (rise edge)                                   0.00       0.00
  clock network delay (ideal)                             0.00       0.00
  input external delay                                    1.00       1.00 r
  input_data_vec[49] (in)                                 0.00       1.00 r
  u_ws_std_array/input_data_vec[49] (standard_ws_array_4x4_DATA_WIDTH16_WEIGHT_WIDTH16_ACC_WIDTH32_ARRAY_SIZE4)
                                                          0.00       1.00 r
  u_ws_std_array/mult_136_I4/A[1] (standard_ws_array_4x4_DATA_WIDTH16_WEIGHT_WIDTH16_ACC_WIDTH32_ARRAY_SIZE4_DW02_mult_12)
                                                          0.00       1.00 r
  u_ws_std_array/mult_136_I4/U96/ZN (INVD1BWP12T40P140)
                                                          0.02       1.02 f
  u_ws_std_array/mult_136_I4/U267/ZN (NR2D0BWP12T40P140)
                                                          0.03       1.05 r
  u_ws_std_array/mult_136_I4/U16/ZN (INVD1BWP12T40P140)
                                                          0.01       1.06 f
  u_ws_std_array/mult_136_I4/U35/ZN (NR2D1BWP12T40P140)
                                                          0.02       1.08 r
  u_ws_std_array/mult_136_I4/S2_2_13/S (FA1D1BWP12T40P140)
                                                          0.06       1.14 f
  u_ws_std_array/mult_136_I4/S2_3_12/S (FA1D1BWP12T40P140)
                                                          0.06       1.20 r
  u_ws_std_array/mult_136_I4/S2_4_11/S (FA1D1BWP12T40P140)
                                                          0.06       1.25 f
  u_ws_std_array/mult_136_I4/S2_5_10/S (FA1D1BWP12T40P140)
                                                          0.06       1.31 r
  u_ws_std_array/mult_136_I4/S2_6_9/S (FA1D1BWP12T40P140)
                                                          0.06       1.37 f
  u_ws_std_array/mult_136_I4/S2_7_8/S (FA1D1BWP12T40P140)
                                                          0.06       1.43 r
  u_ws_std_array/mult_136_I4/S2_8_7/S (FA1D1BWP12T40P140)
                                                          0.06       1.48 f
  u_ws_std_array/mult_136_I4/S2_9_6/S (FA1D1BWP12T40P140)
                                                          0.06       1.54 r
  u_ws_std_array/mult_136_I4/S2_10_5/S (FA1D1BWP12T40P140)
                                                          0.06       1.60 f
  u_ws_std_array/mult_136_I4/S2_11_4/S (FA1D1BWP12T40P140)
                                                          0.06       1.65 r
  u_ws_std_array/mult_136_I4/S2_12_3/S (FA1D1BWP12T40P140)
                                                          0.06       1.71 f
  u_ws_std_array/mult_136_I4/S2_13_2/S (FA1D1BWP12T40P140)
                                                          0.06       1.77 r
  u_ws_std_array/mult_136_I4/S2_14_1/S (FA1D1BWP12T40P140)
                                                          0.06       1.83 f
  u_ws_std_array/mult_136_I4/S4_0/S (FA1D1BWP12T40P140)
                                                          0.06       1.88 r
  u_ws_std_array/mult_136_I4/S14_15_0/S (FA1D1BWP12T40P140)
                                                          0.05       1.94 f
  u_ws_std_array/mult_136_I4/FS_1/A[13] (standard_ws_array_4x4_DATA_WIDTH16_WEIGHT_WIDTH16_ACC_WIDTH32_ARRAY_SIZE4_DW01_add_26)
                                                          0.00       1.94 f
  u_ws_std_array/mult_136_I4/FS_1/SUM[13] (standard_ws_array_4x4_DATA_WIDTH16_WEIGHT_WIDTH16_ACC_WIDTH32_ARRAY_SIZE4_DW01_add_26)
                                                          0.00       1.94 f
  u_ws_std_array/mult_136_I4/PRODUCT[15] (standard_ws_array_4x4_DATA_WIDTH16_WEIGHT_WIDTH16_ACC_WIDTH32_ARRAY_SIZE4_DW02_mult_12)
                                                          0.00       1.94 f
  u_ws_std_array/mult_add_136_I4_aco/A[15] (standard_ws_array_4x4_DATA_WIDTH16_WEIGHT_WIDTH16_ACC_WIDTH32_ARRAY_SIZE4_DW02_mult_25)
                                                          0.00       1.94 f
  u_ws_std_array/mult_add_136_I4_aco/U17/Z (CKAN2D1BWP12T40P140)
                                                          0.02       1.96 f
  u_ws_std_array/mult_add_136_I4_aco/PRODUCT[15] (standard_ws_array_4x4_DATA_WIDTH16_WEIGHT_WIDTH16_ACC_WIDTH32_ARRAY_SIZE4_DW02_mult_25)
                                                          0.00       1.96 f
  u_ws_std_array/add_136_I4_aco/B[15] (standard_ws_array_4x4_DATA_WIDTH16_WEIGHT_WIDTH16_ACC_WIDTH32_ARRAY_SIZE4_DW01_add_3)
                                                          0.00       1.96 f
  u_ws_std_array/add_136_I4_aco/U1_15/CO (FA1D1BWP12T40P140)
                                                          0.04       2.00 f
  u_ws_std_array/add_136_I4_aco/U1_16/CO (FA1D1BWP12T40P140)
                                                          0.03       2.03 f
  u_ws_std_array/add_136_I4_aco/U1_17/CO (FA1D1BWP12T40P140)
                                                          0.03       2.06 f
  u_ws_std_array/add_136_I4_aco/U1_18/CO (FA1D1BWP12T40P140)
                                                          0.03       2.09 f
  u_ws_std_array/add_136_I4_aco/U1_19/CO (FA1D1BWP12T40P140)
                                                          0.03       2.12 f
  u_ws_std_array/add_136_I4_aco/U1_20/CO (FA1D1BWP12T40P140)
                                                          0.03       2.16 f
  u_ws_std_array/add_136_I4_aco/U1_21/CO (FA1D1BWP12T40P140)
                                                          0.03       2.19 f
  u_ws_std_array/add_136_I4_aco/U1_22/CO (FA1D1BWP12T40P140)
                                                          0.03       2.22 f
  u_ws_std_array/add_136_I4_aco/U1_23/CO (FA1D1BWP12T40P140)
                                                          0.03       2.25 f
  u_ws_std_array/add_136_I4_aco/U1_24/CO (FA1D1BWP12T40P140)
                                                          0.03       2.29 f
  u_ws_std_array/add_136_I4_aco/U1_25/CO (FA1D1BWP12T40P140)
                                                          0.03       2.32 f
  u_ws_std_array/add_136_I4_aco/U1_26/CO (FA1D1BWP12T40P140)
                                                          0.03       2.35 f
  u_ws_std_array/add_136_I4_aco/U1_27/CO (FA1D1BWP12T40P140)
                                                          0.03       2.38 f
  u_ws_std_array/add_136_I4_aco/U1_28/CO (FA1D1BWP12T40P140)
                                                          0.03       2.41 f
  u_ws_std_array/add_136_I4_aco/U1_29/CO (FA1D1BWP12T40P140)
                                                          0.03       2.45 f
  u_ws_std_array/add_136_I4_aco/U1_30/CO (FA1D1BWP12T40P140)
                                                          0.03       2.48 f
  u_ws_std_array/add_136_I4_aco/U1_31/Z (XOR3D1BWP12T40P140)
                                                          0.03       2.51 r
  u_ws_std_array/add_136_I4_aco/SUM[31] (standard_ws_array_4x4_DATA_WIDTH16_WEIGHT_WIDTH16_ACC_WIDTH32_ARRAY_SIZE4_DW01_add_3)
                                                          0.00       2.51 r
  u_ws_std_array/U1399/ZN (INVD1BWP12T40P140)             0.01       2.52 f
  u_ws_std_array/U171/ZN (MOAI22D1BWP12T40P140)           0.01       2.53 r
  u_ws_std_array/result_buf_reg[3][0][31]/D (DFCNQD1BWP12T40P140)
                                                          0.00       2.53 r
  data arrival time                                                  2.53

  clock clk (rise edge)                                   5.00       5.00
  clock network delay (ideal)                             0.00       5.00
  clock uncertainty                                      -0.05       4.95
  u_ws_std_array/result_buf_reg[3][0][31]/CP (DFCNQD1BWP12T40P140)
                                                          0.00       4.95 r
  library setup time                                     -0.02       4.93
  data required time                                                 4.93
  --------------------------------------------------------------------------
  data required time                                                 4.93
  data arrival time                                                 -2.53
  --------------------------------------------------------------------------
  slack (MET)                                                        2.39


1
