Information: Updating design information... (UID-85)
 
****************************************
Report : qor
Design : os_core_std_top_4x4
Version: O-2018.06-SP1
Date   : Tue Apr 21 21:27:43 2026
****************************************


  Timing Path Group 'clk'
  -----------------------------------
  Levels of Logic:              32.00
  Critical Path Length:          4.89
  Critical Path Slack:           0.00
  Critical Path Clk Period:      5.00
  Total Negative Slack:          0.00
  No. of Violating Paths:        0.00
  Worst Hold Violation:          0.00
  Total Hold Violation:          0.00
  No. of Hold Violations:        0.00
  -----------------------------------


  Cell Count
  -----------------------------------
  Hierarchical Cell Count:         65
  Hierarchical Port Count:       5806
  Leaf Cell Count:              17973
  Buf/Inv Cell Count:            2170
  Buf Cell Count:                 188
  Inv Cell Count:                1982
  CT Buf/Inv Cell Count:            0
  Combinational Cell Count:     16981
  Sequential Cell Count:          992
  Macro Count:                      0
  -----------------------------------


  Area
  -----------------------------------
  Combinational Area:   161299.456828
  Noncombinational Area: 16630.992152
  Buf/Inv Area:           5936.918545
  Total Buffer Area:           563.77
  Total Inverter Area:        5373.14
  Macro/Black Box Area:      0.000000
  Net Area:                  0.000000
  -----------------------------------
  Cell Area:            177930.448980
  Design Area:          177930.448980


  Design Rules
  -----------------------------------
  Total Number of Nets:         21737
  Nets With Violations:             0
  Max Trans Violations:             0
  Max Cap Violations:               0
  -----------------------------------


  Hostname: IC_EDA

  Compile CPU Statistics
  -----------------------------------------
  Resource Sharing:                    9.45
  Logic Optimization:                 16.26
  Mapping Optimization:               74.59
  -----------------------------------------
  Overall Compile Time:              103.21
  Overall Compile Wall Clock Time:   104.47

  --------------------------------------------------------------------

  Design  WNS: 0.00  TNS: 0.00  Number of Violating Paths: 0


  Design (Hold)  WNS: 0.00  TNS: 0.00  Number of Violating Paths: 0

  --------------------------------------------------------------------


1
