 
****************************************
Report : timing
        -path full
        -delay max
        -max_paths 1
Design : os_core_std_top_4x4
Version: O-2018.06-SP1
Date   : Tue Apr 21 21:27:43 2026
****************************************

Operating Conditions: slow   Library: slow
Wire Load Model Mode: top

  Startpoint: u_os_std_array/b_pipe_reg[1][3][15]
              (rising edge-triggered flip-flop clocked by clk)
  Endpoint: u_os_std_array/acc_reg[2][3][31]
            (rising edge-triggered flip-flop clocked by clk)
  Path Group: clk
  Path Type: max

  Point                                                   Incr       Path
  --------------------------------------------------------------------------
  clock clk (rise edge)                                   0.00       0.00
  clock network delay (ideal)                             0.00       0.00
  u_os_std_array/b_pipe_reg[1][3][15]/CK (DFFRHQX2)       0.00       0.00 r
  u_os_std_array/b_pipe_reg[1][3][15]/Q (DFFRHQX2)        0.17       0.17 f
  u_os_std_array/mult_137_I4_I3/B[15] (standard_os_array_4x4_DATA_WIDTH16_WEIGHT_WIDTH16_ACC_WIDTH32_ARRAY_SIZE4_DW02_mult_2)
                                                          0.00       0.17 f
  u_os_std_array/mult_137_I4_I3/U64/Y (INVX6)             0.07       0.24 r
  u_os_std_array/mult_137_I4_I3/U52/Y (NOR2X2)            0.04       0.28 f
  u_os_std_array/mult_137_I4_I3/U79/Y (AND2X2)            0.09       0.37 f
  u_os_std_array/mult_137_I4_I3/S3_2_14/CO (ADDFHX1)      0.19       0.57 f
  u_os_std_array/mult_137_I4_I3/S3_3_14/CO (ADDFHX1)      0.20       0.76 f
  u_os_std_array/mult_137_I4_I3/S3_4_14/CO (ADDFHXL)      0.21       0.97 f
  u_os_std_array/mult_137_I4_I3/S3_5_14/CO (ADDFX1)       0.27       1.24 f
  u_os_std_array/mult_137_I4_I3/S3_6_14/CO (ADDFX1)       0.27       1.51 f
  u_os_std_array/mult_137_I4_I3/S3_7_14/CO (ADDFX1)       0.27       1.77 f
  u_os_std_array/mult_137_I4_I3/S3_8_14/S (ADDFX1)        0.29       2.06 f
  u_os_std_array/mult_137_I4_I3/S2_9_13/CO (ADDFX1)       0.18       2.24 f
  u_os_std_array/mult_137_I4_I3/S2_10_13/S (ADDFX1)       0.29       2.52 f
  u_os_std_array/mult_137_I4_I3/S2_11_12/CO (ADDFX1)      0.18       2.70 f
  u_os_std_array/mult_137_I4_I3/S2_12_12/S (ADDFX1)       0.29       2.99 f
  u_os_std_array/mult_137_I4_I3/S2_13_11/S (ADDFHX2)      0.16       3.15 f
  u_os_std_array/mult_137_I4_I3/S2_14_10/CO (ADDFX1)      0.17       3.31 f
  u_os_std_array/mult_137_I4_I3/S4_10/S (ADDFX1)          0.29       3.61 f
  u_os_std_array/mult_137_I4_I3/U61/Y (XOR2X1)            0.13       3.73 f
  u_os_std_array/mult_137_I4_I3/FS_1/A[23] (standard_os_array_4x4_DATA_WIDTH16_WEIGHT_WIDTH16_ACC_WIDTH32_ARRAY_SIZE4_DW01_add_19)
                                                          0.00       3.73 f
  u_os_std_array/mult_137_I4_I3/FS_1/U15/Y (NOR2X2)       0.08       3.81 r
  u_os_std_array/mult_137_I4_I3/FS_1/U43/Y (NAND2BX2)     0.07       3.88 r
  u_os_std_array/mult_137_I4_I3/FS_1/U14/Y (XOR2X1)       0.09       3.96 f
  u_os_std_array/mult_137_I4_I3/FS_1/SUM[23] (standard_os_array_4x4_DATA_WIDTH16_WEIGHT_WIDTH16_ACC_WIDTH32_ARRAY_SIZE4_DW01_add_19)
                                                          0.00       3.96 f
  u_os_std_array/mult_137_I4_I3/PRODUCT[25] (standard_os_array_4x4_DATA_WIDTH16_WEIGHT_WIDTH16_ACC_WIDTH32_ARRAY_SIZE4_DW02_mult_2)
                                                          0.00       3.96 f
  u_os_std_array/mult_add_137_I4_I3_aco/A[25] (standard_os_array_4x4_DATA_WIDTH16_WEIGHT_WIDTH16_ACC_WIDTH32_ARRAY_SIZE4_DW02_mult_18)
                                                          0.00       3.96 f
  u_os_std_array/mult_add_137_I4_I3_aco/U39/Y (CLKNAND2X4)
                                                          0.05       4.01 r
  u_os_std_array/mult_add_137_I4_I3_aco/U35/Y (INVX6)     0.03       4.05 f
  u_os_std_array/mult_add_137_I4_I3_aco/PRODUCT[25] (standard_os_array_4x4_DATA_WIDTH16_WEIGHT_WIDTH16_ACC_WIDTH32_ARRAY_SIZE4_DW02_mult_18)
                                                          0.00       4.05 f
  u_os_std_array/add_137_I4_I3_aco/B[25] (standard_os_array_4x4_DATA_WIDTH16_WEIGHT_WIDTH16_ACC_WIDTH32_ARRAY_SIZE4_DW01_add_4)
                                                          0.00       4.05 f
  u_os_std_array/add_137_I4_I3_aco/U1_25/CO (ADDFHX4)     0.14       4.18 f
  u_os_std_array/add_137_I4_I3_aco/U1_26/CO (ADDFHX4)     0.11       4.29 f
  u_os_std_array/add_137_I4_I3_aco/U1_27/CO (ADDFHX4)     0.11       4.40 f
  u_os_std_array/add_137_I4_I3_aco/U1_28/CO (ADDFHX4)     0.11       4.50 f
  u_os_std_array/add_137_I4_I3_aco/U1_29/CO (ADDFHX4)     0.11       4.61 f
  u_os_std_array/add_137_I4_I3_aco/U1_30/CO (ADDFHX4)     0.10       4.71 f
  u_os_std_array/add_137_I4_I3_aco/U1_31/Y (XOR3X4)       0.11       4.82 r
  u_os_std_array/add_137_I4_I3_aco/SUM[31] (standard_os_array_4x4_DATA_WIDTH16_WEIGHT_WIDTH16_ACC_WIDTH32_ARRAY_SIZE4_DW01_add_4)
                                                          0.00       4.82 r
  u_os_std_array/U26/Y (NOR2X4)                           0.02       4.84 f
  u_os_std_array/U9/Y (NOR2X2)                            0.04       4.89 r
  u_os_std_array/acc_reg[2][3][31]/D (DFFSRHQX2)          0.00       4.89 r
  data arrival time                                                  4.89

  clock clk (rise edge)                                   5.00       5.00
  clock network delay (ideal)                             0.00       5.00
  u_os_std_array/acc_reg[2][3][31]/CK (DFFSRHQX2)         0.00       5.00 r
  library setup time                                     -0.11       4.89
  data required time                                                 4.89
  --------------------------------------------------------------------------
  data required time                                                 4.89
  data arrival time                                                 -4.89
  --------------------------------------------------------------------------
  slack (MET)                                                        0.00


1
