#-----------------------------------------------------------
# Vivado v2024.2 (64-bit)
# SW Build 5239630 on Fri Nov 08 22:34:34 MST 2024
# IP Build 5239520 on Sun Nov 10 16:12:51 MST 2024
# SharedData Build 5239561 on Fri Nov 08 14:39:27 MST 2024
# Start of session at: Fri Jan 30 10:38:51 2026
# Process ID         : 758361
# Current directory  : /home/jrq/systolic_array_edge/sim/work
# Command line       : vivado -mode batch -source /home/jrq/systolic_array_edge/script/synthesize.tcl -nojournal -log /home/jrq/systolic_array_edge/reports/vivado_optimized.log
# Log file           : /home/jrq/systolic_array_edge/reports/vivado_optimized.log
# Journal file       : 
# Running On         : curry-GTR-Pro
# Platform           : Ubuntu
# Operating System   : Ubuntu 24.04.3 LTS
# Processor Detail   : AMD RYZEN AI MAX+ 395 w/ Radeon 8060S
# CPU Frequency      : 5136.975 MHz
# CPU Physical cores : 16
# CPU Logical cores  : 32
# Host memory        : 130460 MB
# Swap memory        : 2147 MB
# Total Virtual      : 132607 MB
# Available Virtual  : 119719 MB
#-----------------------------------------------------------
source /home/jrq/systolic_array_edge/script/synthesize.tcl
# set project_dir [file dirname [file dirname [info script]]]
# set src_dir "$project_dir/src"
# set constraints_dir "$project_dir/constraints"
# set reports_dir "$project_dir/reports"
# file mkdir $reports_dir
# puts "Creating Vivado project..."
Creating Vivado project...
# create_project -force systolic_array "$project_dir/vivado_project" -part xc7a35tcpg236-1
# puts "\nAdding source files..."

Adding source files...
# add_files [glob "$src_dir/*.v"]
# puts "\nAdding constraint files..."

Adding constraint files...
# add_files -fileset constrs_1 -force [glob "$constraints_dir/*.xdc"]
# set_property top systolic_array_4x4 [current_fileset]
# update_compile_order -fileset sources_1
# puts "Source files added successfully"
Source files added successfully
# puts "\n=============================================================================="

==============================================================================
# puts "Running Synthesis..."
Running Synthesis...
# puts "=============================================================================="
==============================================================================
# set_property strategy Flow_PerfOptimized_high [get_runs synth_1]
# synth_design -top systolic_array_4x4 -part xc7a35tcpg236-1 -fanout_limit 400 -fsm_extraction one_hot -resource_sharing auto -max_bram -1 -max_dsp -1
Command: synth_design -top systolic_array_4x4 -part xc7a35tcpg236-1 -fanout_limit 400 -fsm_extraction one_hot -resource_sharing auto -max_bram -1 -max_dsp -1
Starting synth_design
Attempting to get a license for feature 'Synthesis' and/or device 'xc7a35t'
INFO: [Common 17-349] Got license for feature 'Synthesis' and/or device 'xc7a35t'
INFO: [Device 21-403] Loading part xc7a35tcpg236-1
INFO: [Synth 8-7079] Multithreading enabled for synth_design using a maximum of 7 processes.
INFO: [Synth 8-7078] Launching helper process for spawning children vivado processes
INFO: [Synth 8-7075] Helper process launched with PID 758589
---------------------------------------------------------------------------------
Starting RTL Elaboration : Time (s): cpu = 00:00:02 ; elapsed = 00:00:02 . Memory (MB): peak = 2086.094 ; gain = 424.832 ; free physical = 55639 ; free virtual = 112889
---------------------------------------------------------------------------------
INFO: [Synth 8-6157] synthesizing module 'systolic_array_4x4' [/home/jrq/systolic_array_edge/src/systolic_array_4x4.v:16]
INFO: [Synth 8-6157] synthesizing module 'pe' [/home/jrq/systolic_array_edge/src/pe.v:15]
	Parameter DATA_WIDTH bound to: 16 - type: integer 
	Parameter WEIGHT_WIDTH bound to: 16 - type: integer 
	Parameter ACC_WIDTH bound to: 32 - type: integer 
INFO: [Synth 8-6155] done synthesizing module 'pe' (0#1) [/home/jrq/systolic_array_edge/src/pe.v:15]
INFO: [Synth 8-6155] done synthesizing module 'systolic_array_4x4' (0#1) [/home/jrq/systolic_array_edge/src/systolic_array_4x4.v:16]
WARNING: [Synth 8-6014] Unused sequential element weight_valid_reg_reg was removed.  [/home/jrq/systolic_array_edge/src/pe.v:137]
WARNING: [Synth 8-6014] Unused sequential element partial_out_reg_reg was removed.  [/home/jrq/systolic_array_edge/src/pe.v:251]
WARNING: [Synth 8-7129] Port clk_enable in module pe is either unconnected or has no load
---------------------------------------------------------------------------------
Finished RTL Elaboration : Time (s): cpu = 00:00:03 ; elapsed = 00:00:03 . Memory (MB): peak = 2160.031 ; gain = 498.770 ; free physical = 55544 ; free virtual = 112795
---------------------------------------------------------------------------------
---------------------------------------------------------------------------------
Start Handling Custom Attributes
---------------------------------------------------------------------------------
---------------------------------------------------------------------------------
Finished Handling Custom Attributes : Time (s): cpu = 00:00:03 ; elapsed = 00:00:03 . Memory (MB): peak = 2174.875 ; gain = 513.613 ; free physical = 55544 ; free virtual = 112795
---------------------------------------------------------------------------------
---------------------------------------------------------------------------------
Finished RTL Optimization Phase 1 : Time (s): cpu = 00:00:03 ; elapsed = 00:00:03 . Memory (MB): peak = 2174.875 ; gain = 513.613 ; free physical = 55544 ; free virtual = 112795
---------------------------------------------------------------------------------
Netlist sorting complete. Time (s): cpu = 00:00:00.02 ; elapsed = 00:00:00.02 . Memory (MB): peak = 2174.875 ; gain = 0.000 ; free physical = 55544 ; free virtual = 112795
INFO: [Project 1-570] Preparing netlist for logic optimization

Processing XDC Constraints
Initializing timing engine
Parsing XDC File [/home/jrq/systolic_array_edge/constraints/systolic_array.xdc]
Finished Parsing XDC File [/home/jrq/systolic_array_edge/constraints/systolic_array.xdc]
Completed Processing XDC Constraints

Netlist sorting complete. Time (s): cpu = 00:00:00 ; elapsed = 00:00:00 . Memory (MB): peak = 2333.625 ; gain = 0.000 ; free physical = 55516 ; free virtual = 112775
INFO: [Project 1-111] Unisim Transformation Summary:
No Unisim elements were transformed.

Constraint Validation Runtime : Time (s): cpu = 00:00:00.04 ; elapsed = 00:00:00.02 . Memory (MB): peak = 2333.625 ; gain = 0.000 ; free physical = 55516 ; free virtual = 112775
---------------------------------------------------------------------------------
Finished Constraint Validation : Time (s): cpu = 00:00:06 ; elapsed = 00:00:06 . Memory (MB): peak = 2333.625 ; gain = 672.363 ; free physical = 55558 ; free virtual = 112817
---------------------------------------------------------------------------------
---------------------------------------------------------------------------------
Start Loading Part and Timing Information
---------------------------------------------------------------------------------
Loading part: xc7a35tcpg236-1
---------------------------------------------------------------------------------
Finished Loading Part and Timing Information : Time (s): cpu = 00:00:06 ; elapsed = 00:00:06 . Memory (MB): peak = 2341.629 ; gain = 680.367 ; free physical = 55558 ; free virtual = 112817
---------------------------------------------------------------------------------
---------------------------------------------------------------------------------
Start Applying 'set_property' XDC Constraints
---------------------------------------------------------------------------------
---------------------------------------------------------------------------------
Finished applying 'set_property' XDC Constraints : Time (s): cpu = 00:00:06 ; elapsed = 00:00:06 . Memory (MB): peak = 2341.629 ; gain = 680.367 ; free physical = 55558 ; free virtual = 112817
---------------------------------------------------------------------------------
---------------------------------------------------------------------------------
Finished RTL Optimization Phase 2 : Time (s): cpu = 00:00:06 ; elapsed = 00:00:06 . Memory (MB): peak = 2341.629 ; gain = 680.367 ; free physical = 55555 ; free virtual = 112815
---------------------------------------------------------------------------------
---------------------------------------------------------------------------------
Start RTL Component Statistics 
---------------------------------------------------------------------------------
Detailed RTL Component Info : 
+---Registers : 
	               32 Bit    Registers := 48    
	               16 Bit    Registers := 48    
	                1 Bit    Registers := 81    
+---Muxes : 
	   2 Input   32 Bit        Muxes := 48    
	   2 Input   16 Bit        Muxes := 32    
	   2 Input    1 Bit        Muxes := 192   
---------------------------------------------------------------------------------
Finished RTL Component Statistics 
---------------------------------------------------------------------------------
---------------------------------------------------------------------------------
Start Part Resource Summary
---------------------------------------------------------------------------------
Part Resources:
DSPs: 90 (col length:60)
BRAMs: 100 (col length: RAMB18 60 RAMB36 30)
---------------------------------------------------------------------------------
Finished Part Resource Summary
---------------------------------------------------------------------------------
---------------------------------------------------------------------------------
Start Cross Boundary and Area Optimization
---------------------------------------------------------------------------------
WARNING: [Synth 8-7080] Parallel synthesis criteria is not met
DSP Report: Generating DSP signed_mac_result, operation Mode is: C+A*B.
DSP Report: operator signed_mac_result is absorbed into DSP signed_mac_result.
DSP Report: operator multiplier_out is absorbed into DSP signed_mac_result.
DSP Report: Generating DSP signed_mac_result, operation Mode is: C+A*B.
DSP Report: operator signed_mac_result is absorbed into DSP signed_mac_result.
DSP Report: operator multiplier_out is absorbed into DSP signed_mac_result.
DSP Report: Generating DSP signed_mac_result, operation Mode is: C+A*B.
DSP Report: operator signed_mac_result is absorbed into DSP signed_mac_result.
DSP Report: operator multiplier_out is absorbed into DSP signed_mac_result.
DSP Report: Generating DSP signed_mac_result, operation Mode is: C+A*B.
DSP Report: operator signed_mac_result is absorbed into DSP signed_mac_result.
DSP Report: operator multiplier_out is absorbed into DSP signed_mac_result.
DSP Report: Generating DSP signed_mac_result, operation Mode is: C+A*B.
DSP Report: operator signed_mac_result is absorbed into DSP signed_mac_result.
DSP Report: operator multiplier_out is absorbed into DSP signed_mac_result.
DSP Report: Generating DSP signed_mac_result, operation Mode is: C+A*B.
DSP Report: operator signed_mac_result is absorbed into DSP signed_mac_result.
DSP Report: operator multiplier_out is absorbed into DSP signed_mac_result.
DSP Report: Generating DSP signed_mac_result, operation Mode is: C+A*B.
DSP Report: operator signed_mac_result is absorbed into DSP signed_mac_result.
DSP Report: operator multiplier_out is absorbed into DSP signed_mac_result.
DSP Report: Generating DSP signed_mac_result, operation Mode is: C+A*B.
DSP Report: operator signed_mac_result is absorbed into DSP signed_mac_result.
DSP Report: operator multiplier_out is absorbed into DSP signed_mac_result.
DSP Report: Generating DSP signed_mac_result, operation Mode is: C+A*B.
DSP Report: operator signed_mac_result is absorbed into DSP signed_mac_result.
DSP Report: operator multiplier_out is absorbed into DSP signed_mac_result.
DSP Report: Generating DSP signed_mac_result, operation Mode is: C+A*B.
DSP Report: operator signed_mac_result is absorbed into DSP signed_mac_result.
DSP Report: operator multiplier_out is absorbed into DSP signed_mac_result.
DSP Report: Generating DSP signed_mac_result, operation Mode is: C+A*B.
DSP Report: operator signed_mac_result is absorbed into DSP signed_mac_result.
DSP Report: operator multiplier_out is absorbed into DSP signed_mac_result.
DSP Report: Generating DSP signed_mac_result, operation Mode is: C+A*B.
DSP Report: operator signed_mac_result is absorbed into DSP signed_mac_result.
DSP Report: operator multiplier_out is absorbed into DSP signed_mac_result.
DSP Report: Generating DSP signed_mac_result, operation Mode is: C+A*B.
DSP Report: operator signed_mac_result is absorbed into DSP signed_mac_result.
DSP Report: operator multiplier_out is absorbed into DSP signed_mac_result.
DSP Report: Generating DSP signed_mac_result, operation Mode is: C+A*B.
DSP Report: operator signed_mac_result is absorbed into DSP signed_mac_result.
DSP Report: operator multiplier_out is absorbed into DSP signed_mac_result.
DSP Report: Generating DSP signed_mac_result, operation Mode is: C+A*B.
DSP Report: operator signed_mac_result is absorbed into DSP signed_mac_result.
DSP Report: operator multiplier_out is absorbed into DSP signed_mac_result.
DSP Report: Generating DSP signed_mac_result, operation Mode is: C+A*B.
DSP Report: operator signed_mac_result is absorbed into DSP signed_mac_result.
DSP Report: operator multiplier_out is absorbed into DSP signed_mac_result.
WARNING: [Synth 8-7129] Port clk_enable in module pe is either unconnected or has no load
CRITICAL WARNING: [Synth 8-6859] multi-driven net on pin partial_in_ready with 1st driver pin 'gen_row[0].gen_col[0].pe_inst/can_accept_partial_inferred/can_accept_partial' [/home/jrq/systolic_array_edge/src/pe.v:109]
CRITICAL WARNING: [Synth 8-6859] multi-driven net on pin partial_in_ready with 2nd driver pin 'VCC' [/home/jrq/systolic_array_edge/src/pe.v:109]
CRITICAL WARNING: [Synth 8-6858] multi-driven net partial_in_ready is connected to at least one constant driver which has been preserved, other driver is ignored [/home/jrq/systolic_array_edge/src/pe.v:109]
CRITICAL WARNING: [Synth 8-6859] multi-driven net on pin partial_in_ready with 1st driver pin 'gen_row[0].gen_col[1].pe_inst/can_accept_partial_inferred/can_accept_partial' [/home/jrq/systolic_array_edge/src/pe.v:109]
CRITICAL WARNING: [Synth 8-6859] multi-driven net on pin partial_in_ready with 2nd driver pin 'VCC' [/home/jrq/systolic_array_edge/src/pe.v:109]
CRITICAL WARNING: [Synth 8-6858] multi-driven net partial_in_ready is connected to at least one constant driver which has been preserved, other driver is ignored [/home/jrq/systolic_array_edge/src/pe.v:109]
CRITICAL WARNING: [Synth 8-6859] multi-driven net on pin partial_in_ready with 1st driver pin 'gen_row[0].gen_col[2].pe_inst/can_accept_partial_inferred/can_accept_partial' [/home/jrq/systolic_array_edge/src/pe.v:109]
CRITICAL WARNING: [Synth 8-6859] multi-driven net on pin partial_in_ready with 2nd driver pin 'VCC' [/home/jrq/systolic_array_edge/src/pe.v:109]
CRITICAL WARNING: [Synth 8-6858] multi-driven net partial_in_ready is connected to at least one constant driver which has been preserved, other driver is ignored [/home/jrq/systolic_array_edge/src/pe.v:109]
CRITICAL WARNING: [Synth 8-6859] multi-driven net on pin partial_in_ready with 1st driver pin 'gen_row[0].gen_col[3].pe_inst/can_accept_partial_inferred/can_accept_partial' [/home/jrq/systolic_array_edge/src/pe.v:109]
CRITICAL WARNING: [Synth 8-6859] multi-driven net on pin partial_in_ready with 2nd driver pin 'VCC' [/home/jrq/systolic_array_edge/src/pe.v:109]
CRITICAL WARNING: [Synth 8-6858] multi-driven net partial_in_ready is connected to at least one constant driver which has been preserved, other driver is ignored [/home/jrq/systolic_array_edge/src/pe.v:109]
---------------------------------------------------------------------------------
Finished Cross Boundary and Area Optimization : Time (s): cpu = 00:00:08 ; elapsed = 00:00:08 . Memory (MB): peak = 2341.629 ; gain = 680.367 ; free physical = 55944 ; free virtual = 113209
---------------------------------------------------------------------------------
 Sort Area is  signed_mac_result_0 : 0 0 : 2041 2041 : Used 1 time 0
 Sort Area is  signed_mac_result_10 : 0 0 : 2041 2041 : Used 1 time 0
 Sort Area is  signed_mac_result_2 : 0 0 : 2041 2041 : Used 1 time 0
 Sort Area is  signed_mac_result_3 : 0 0 : 2041 2041 : Used 1 time 0
 Sort Area is  signed_mac_result_4 : 0 0 : 2041 2041 : Used 1 time 0
 Sort Area is  signed_mac_result_5 : 0 0 : 2041 2041 : Used 1 time 0
 Sort Area is  signed_mac_result_6 : 0 0 : 2041 2041 : Used 1 time 0
 Sort Area is  signed_mac_result_7 : 0 0 : 2041 2041 : Used 1 time 0
 Sort Area is  signed_mac_result_8 : 0 0 : 2041 2041 : Used 1 time 0
 Sort Area is  signed_mac_result_9 : 0 0 : 2041 2041 : Used 1 time 0
 Sort Area is  signed_mac_result_a : 0 0 : 2041 2041 : Used 1 time 0
 Sort Area is  signed_mac_result_b : 0 0 : 2041 2041 : Used 1 time 0
 Sort Area is  signed_mac_result_c : 0 0 : 2041 2041 : Used 1 time 0
 Sort Area is  signed_mac_result_d : 0 0 : 2041 2041 : Used 1 time 0
 Sort Area is  signed_mac_result_e : 0 0 : 2041 2041 : Used 1 time 0
 Sort Area is  signed_mac_result_f : 0 0 : 2041 2041 : Used 1 time 0
---------------------------------------------------------------------------------
Start ROM, RAM, DSP, Shift Register and Retiming Reporting
---------------------------------------------------------------------------------

DSP: Preliminary Mapping Report (see note below. The ' indicates corresponding REG is set)
+------------+-------------+--------+--------+--------+--------+--------+------+------+------+------+-------+------+------+
|Module Name | DSP Mapping | A Size | B Size | C Size | D Size | P Size | AREG | BREG | CREG | DREG | ADREG | MREG | PREG | 
+------------+-------------+--------+--------+--------+--------+--------+------+------+------+------+-------+------+------+
|pe          | C+A*B       | 16     | 16     | 32     | -      | 32     | 0    | 0    | 0    | -    | -     | 0    | 0    | 
|pe          | C+A*B       | 16     | 16     | 32     | -      | 32     | 0    | 0    | 0    | -    | -     | 0    | 0    | 
|pe          | C+A*B       | 16     | 16     | 32     | -      | 32     | 0    | 0    | 0    | -    | -     | 0    | 0    | 
|pe          | C+A*B       | 16     | 16     | 32     | -      | 32     | 0    | 0    | 0    | -    | -     | 0    | 0    | 
|pe          | C+A*B       | 16     | 16     | 32     | -      | 32     | 0    | 0    | 0    | -    | -     | 0    | 0    | 
|pe          | C+A*B       | 16     | 16     | 32     | -      | 32     | 0    | 0    | 0    | -    | -     | 0    | 0    | 
|pe          | C+A*B       | 16     | 16     | 32     | -      | 32     | 0    | 0    | 0    | -    | -     | 0    | 0    | 
|pe          | C+A*B       | 16     | 16     | 32     | -      | 32     | 0    | 0    | 0    | -    | -     | 0    | 0    | 
|pe          | C+A*B       | 16     | 16     | 32     | -      | 32     | 0    | 0    | 0    | -    | -     | 0    | 0    | 
|pe          | C+A*B       | 16     | 16     | 32     | -      | 32     | 0    | 0    | 0    | -    | -     | 0    | 0    | 
|pe          | C+A*B       | 16     | 16     | 32     | -      | 32     | 0    | 0    | 0    | -    | -     | 0    | 0    | 
|pe          | C+A*B       | 16     | 16     | 32     | -      | 32     | 0    | 0    | 0    | -    | -     | 0    | 0    | 
|pe          | C+A*B       | 16     | 16     | 32     | -      | 32     | 0    | 0    | 0    | -    | -     | 0    | 0    | 
|pe          | C+A*B       | 16     | 16     | 32     | -      | 32     | 0    | 0    | 0    | -    | -     | 0    | 0    | 
|pe          | C+A*B       | 16     | 16     | 32     | -      | 32     | 0    | 0    | 0    | -    | -     | 0    | 0    | 
|pe          | C+A*B       | 16     | 16     | 32     | -      | 32     | 0    | 0    | 0    | -    | -     | 0    | 0    | 
+------------+-------------+--------+--------+--------+--------+--------+------+------+------+------+-------+------+------+

Note: The table above is a preliminary report that shows the DSPs inferred at the current stage of the synthesis flow. Some DSP may be reimplemented as non DSP primitives later in the synthesis flow. Multiple instantiated DSPs are reported only once.
---------------------------------------------------------------------------------
Finished ROM, RAM, DSP, Shift Register and Retiming Reporting
---------------------------------------------------------------------------------
---------------------------------------------------------------------------------
Start Applying XDC Timing Constraints
---------------------------------------------------------------------------------
---------------------------------------------------------------------------------
Finished Applying XDC Timing Constraints : Time (s): cpu = 00:00:11 ; elapsed = 00:00:11 . Memory (MB): peak = 2408.629 ; gain = 747.367 ; free physical = 55832 ; free virtual = 113097
---------------------------------------------------------------------------------
---------------------------------------------------------------------------------
Start Timing Optimization
---------------------------------------------------------------------------------
---------------------------------------------------------------------------------
Finished Timing Optimization : Time (s): cpu = 00:00:12 ; elapsed = 00:00:12 . Memory (MB): peak = 2492.418 ; gain = 831.156 ; free physical = 55740 ; free virtual = 113005
---------------------------------------------------------------------------------
---------------------------------------------------------------------------------
Start Technology Mapping
---------------------------------------------------------------------------------
---------------------------------------------------------------------------------
Finished Technology Mapping : Time (s): cpu = 00:00:12 ; elapsed = 00:00:13 . Memory (MB): peak = 2492.418 ; gain = 831.156 ; free physical = 55569 ; free virtual = 112833
---------------------------------------------------------------------------------
---------------------------------------------------------------------------------
Start IO Insertion
---------------------------------------------------------------------------------
---------------------------------------------------------------------------------
Start Flattening Before IO Insertion
---------------------------------------------------------------------------------
---------------------------------------------------------------------------------
Finished Flattening Before IO Insertion
---------------------------------------------------------------------------------
---------------------------------------------------------------------------------
Start Final Netlist Cleanup
---------------------------------------------------------------------------------
WARNING: synth_design option "-fanout_limit" is deprecated.
---------------------------------------------------------------------------------
Finished Final Netlist Cleanup
---------------------------------------------------------------------------------
---------------------------------------------------------------------------------
Finished IO Insertion : Time (s): cpu = 00:00:14 ; elapsed = 00:00:14 . Memory (MB): peak = 2612.230 ; gain = 950.969 ; free physical = 55293 ; free virtual = 112557
---------------------------------------------------------------------------------
---------------------------------------------------------------------------------
Start Renaming Generated Instances
---------------------------------------------------------------------------------
---------------------------------------------------------------------------------
Finished Renaming Generated Instances : Time (s): cpu = 00:00:14 ; elapsed = 00:00:14 . Memory (MB): peak = 2612.230 ; gain = 950.969 ; free physical = 55293 ; free virtual = 112557
---------------------------------------------------------------------------------
---------------------------------------------------------------------------------
Start Rebuilding User Hierarchy
---------------------------------------------------------------------------------
---------------------------------------------------------------------------------
Finished Rebuilding User Hierarchy : Time (s): cpu = 00:00:14 ; elapsed = 00:00:15 . Memory (MB): peak = 2612.230 ; gain = 950.969 ; free physical = 55290 ; free virtual = 112554
---------------------------------------------------------------------------------
---------------------------------------------------------------------------------
Start Renaming Generated Ports
---------------------------------------------------------------------------------
---------------------------------------------------------------------------------
Finished Renaming Generated Ports : Time (s): cpu = 00:00:14 ; elapsed = 00:00:15 . Memory (MB): peak = 2612.230 ; gain = 950.969 ; free physical = 55290 ; free virtual = 112554
---------------------------------------------------------------------------------
---------------------------------------------------------------------------------
Start Handling Custom Attributes
---------------------------------------------------------------------------------
---------------------------------------------------------------------------------
Finished Handling Custom Attributes : Time (s): cpu = 00:00:14 ; elapsed = 00:00:15 . Memory (MB): peak = 2612.230 ; gain = 950.969 ; free physical = 55289 ; free virtual = 112554
---------------------------------------------------------------------------------
---------------------------------------------------------------------------------
Start Renaming Generated Nets
---------------------------------------------------------------------------------
---------------------------------------------------------------------------------
Finished Renaming Generated Nets : Time (s): cpu = 00:00:14 ; elapsed = 00:00:15 . Memory (MB): peak = 2612.230 ; gain = 950.969 ; free physical = 55288 ; free virtual = 112553
---------------------------------------------------------------------------------
---------------------------------------------------------------------------------
Start Writing Synthesis Report
---------------------------------------------------------------------------------

DSP Final Report (the ' indicates corresponding REG is set)
+------------+-------------+--------+--------+--------+--------+--------+------+------+------+------+-------+------+------+
|Module Name | DSP Mapping | A Size | B Size | C Size | D Size | P Size | AREG | BREG | CREG | DREG | ADREG | MREG | PREG | 
+------------+-------------+--------+--------+--------+--------+--------+------+------+------+------+-------+------+------+
|pe          | C+A*B       | 16     | 16     | 0      | -      | 32     | 0    | 0    | 0    | -    | -     | 0    | 0    | 
|pe          | C+A*B       | 16     | 16     | 0      | -      | 32     | 0    | 0    | 0    | -    | -     | 0    | 0    | 
|pe          | C+A*B       | 16     | 16     | 0      | -      | 32     | 0    | 0    | 0    | -    | -     | 0    | 0    | 
|pe          | C+A*B       | 16     | 16     | 0      | -      | 32     | 0    | 0    | 0    | -    | -     | 0    | 0    | 
|pe          | C+A*B       | 16     | 16     | 48     | -      | 32     | 0    | 0    | 0    | -    | -     | 0    | 0    | 
|pe          | C+A*B       | 16     | 16     | 48     | -      | 32     | 0    | 0    | 0    | -    | -     | 0    | 0    | 
|pe          | C+A*B       | 16     | 16     | 48     | -      | 32     | 0    | 0    | 0    | -    | -     | 0    | 0    | 
|pe          | C+A*B       | 16     | 16     | 48     | -      | 32     | 0    | 0    | 0    | -    | -     | 0    | 0    | 
|pe          | C+A*B       | 16     | 16     | 48     | -      | 32     | 0    | 0    | 0    | -    | -     | 0    | 0    | 
|pe          | C+A*B       | 16     | 16     | 48     | -      | 32     | 0    | 0    | 0    | -    | -     | 0    | 0    | 
|pe          | C+A*B       | 16     | 16     | 48     | -      | 32     | 0    | 0    | 0    | -    | -     | 0    | 0    | 
|pe          | C+A*B       | 16     | 16     | 48     | -      | 32     | 0    | 0    | 0    | -    | -     | 0    | 0    | 
|pe          | C+A*B       | 16     | 16     | 48     | -      | 32     | 0    | 0    | 0    | -    | -     | 0    | 0    | 
|pe          | C+A*B       | 16     | 16     | 48     | -      | 32     | 0    | 0    | 0    | -    | -     | 0    | 0    | 
|pe          | C+A*B       | 16     | 16     | 48     | -      | 32     | 0    | 0    | 0    | -    | -     | 0    | 0    | 
|pe          | C+A*B       | 16     | 16     | 48     | -      | 32     | 0    | 0    | 0    | -    | -     | 0    | 0    | 
+------------+-------------+--------+--------+--------+--------+--------+------+------+------+------+-------+------+------+


Report BlackBoxes: 
+-+--------------+----------+
| |BlackBox name |Instances |
+-+--------------+----------+
+-+--------------+----------+

Report Cell Usage: 
+------+--------+------+
|      |Cell    |Count |
+------+--------+------+
|1     |BUFG    |     1|
|2     |DSP48E1 |    16|
|3     |LUT1    |     1|
|4     |LUT2    |  1811|
|5     |LUT3    |    43|
|6     |LUT4    |    56|
|7     |LUT5    |    50|
|8     |LUT6    |    52|
|9     |FDCE    |  2189|
|10    |IBUF    |    42|
|11    |OBUF    |   135|
+------+--------+------+
---------------------------------------------------------------------------------
Finished Writing Synthesis Report : Time (s): cpu = 00:00:14 ; elapsed = 00:00:15 . Memory (MB): peak = 2612.230 ; gain = 950.969 ; free physical = 55288 ; free virtual = 112553
---------------------------------------------------------------------------------
Synthesis finished with 0 errors, 12 critical warnings and 2 warnings.
Synthesis Optimization Runtime : Time (s): cpu = 00:00:13 ; elapsed = 00:00:14 . Memory (MB): peak = 2612.230 ; gain = 792.219 ; free physical = 55289 ; free virtual = 112553
Synthesis Optimization Complete : Time (s): cpu = 00:00:15 ; elapsed = 00:00:15 . Memory (MB): peak = 2612.238 ; gain = 950.969 ; free physical = 55289 ; free virtual = 112553
INFO: [Project 1-571] Translating synthesized netlist
Netlist sorting complete. Time (s): cpu = 00:00:00.01 ; elapsed = 00:00:00.02 . Memory (MB): peak = 2612.238 ; gain = 0.000 ; free physical = 55288 ; free virtual = 112552
INFO: [Netlist 29-17] Analyzing 16 Unisim elements for replacement
INFO: [Netlist 29-28] Unisim Transformation completed in 0 CPU seconds
INFO: [Project 1-570] Preparing netlist for logic optimization
Parsing XDC File [/home/jrq/systolic_array_edge/constraints/systolic_array.xdc]
Finished Parsing XDC File [/home/jrq/systolic_array_edge/constraints/systolic_array.xdc]
INFO: [Opt 31-138] Pushed 0 inverter(s) to 0 load pin(s).
Netlist sorting complete. Time (s): cpu = 00:00:00 ; elapsed = 00:00:00 . Memory (MB): peak = 2668.258 ; gain = 0.000 ; free physical = 55280 ; free virtual = 112545
INFO: [Project 1-111] Unisim Transformation Summary:
No Unisim elements were transformed.

Synth Design complete | Checksum: 47f014c7
INFO: [Common 17-83] Releasing license: Synthesis
18 Infos, 5 Warnings, 12 Critical Warnings and 0 Errors encountered.
synth_design completed successfully
synth_design: Time (s): cpu = 00:00:19 ; elapsed = 00:00:17 . Memory (MB): peak = 2668.258 ; gain = 1180.250 ; free physical = 55285 ; free virtual = 112549
INFO: [Common 17-2834] synth_design peak Physical Memory [PSS] (MB): overall = 2076.048; main = 2076.048; forked = 323.464
INFO: [Common 17-2834] synth_design peak Virtual Memory [VSS] (MB): overall = 3267.754; main = 2668.262; forked = 926.121
# puts "\n=============================================================================="

==============================================================================
# puts "Generating Reports..."
Generating Reports...
# puts "=============================================================================="
==============================================================================
# puts "\n1. Resource Utilization Report..."

1. Resource Utilization Report...
# report_utilization -file "$reports_dir/utilization_report.txt"
# puts "\n2. Timing Report..."

2. Timing Report...
# report_timing_summary -file "$reports_dir/timing_report.txt" -max_paths 10 -report_unconstrained
INFO: [Timing 38-35] Done setting XDC timing constraints.
INFO: [Timing 38-91] UpdateTimingParams: Speed grade: -1, Delay Type: min_max.
INFO: [Timing 38-191] Multithreading enabled for timing update using a maximum of 8 CPUs
# puts "\n3. Clock Interaction Report..."

3. Clock Interaction Report...
# report_clock_interaction -file "$reports_dir/clock_interaction.txt"
INFO: [Timing 38-91] UpdateTimingParams: Speed grade: -1, Delay Type: max.
INFO: [Timing 38-191] Multithreading enabled for timing update using a maximum of 8 CPUs
# puts "\n4. Power Report..."

4. Power Report...
# report_power -file "$reports_dir/power_report.txt"
Command: report_power -file /home/jrq/systolic_array_edge/reports/power_report.txt
Running Vector-less Activity Propagation...

Finished Running Vector-less Activity Propagation
0 Infos, 0 Warnings, 0 Critical Warnings and 0 Errors encountered.
report_power completed successfully
# puts "\n5. DRC Report..."

5. DRC Report...
# report_drc -file "$reports_dir/drc.txt"
Command: report_drc -file /home/jrq/systolic_array_edge/reports/drc.txt
INFO: [IP_Flow 19-234] Refreshing IP repositories
INFO: [IP_Flow 19-1704] No user IP repositories specified
INFO: [IP_Flow 19-2313] Loaded Vivado IP repository '/home/app/Vivado/2024.2/data/ip'.
INFO: [DRC 23-27] Running DRC with 8 threads
INFO: [Vivado_Tcl 2-168] The results of DRC are in file /home/jrq/systolic_array_edge/reports/drc.txt.
report_drc completed successfully
# puts "\nSaving checkpoint..."

Saving checkpoint...
# write_checkpoint -force "$project_dir/vivado_project/systolic_array_synth.dcp"
INFO: [Timing 38-480] Writing timing data to binary archive.
Write ShapeDB Complete: Time (s): cpu = 00:00:00.01 ; elapsed = 00:00:00 . Memory (MB): peak = 3044.285 ; gain = 0.000 ; free physical = 55099 ; free virtual = 112363
INFO: [Common 17-1381] The checkpoint '/home/jrq/systolic_array_edge/vivado_project/systolic_array_synth.dcp' has been generated.
# puts "Writing netlist..."
Writing netlist...
# write_verilog -force "$project_dir/vivado_project/systolic_array_syn.v"
# puts "\nClosing project..."

Closing project...
# close_project
# puts "\n=============================================================================="

==============================================================================
# puts "Synthesis Complete!"
Synthesis Complete!
# puts "=============================================================================="
==============================================================================
# puts "\nReports generated in: $reports_dir"

Reports generated in: /home/jrq/systolic_array_edge/reports
# puts "  - utilization_report.txt"
  - utilization_report.txt
# puts "  - timing_report.txt"
  - timing_report.txt
# puts "  - power_report.txt"
  - power_report.txt
# puts {}

# return 0
INFO: [Common 17-206] Exiting Vivado at Fri Jan 30 10:39:17 2026...
