Information: Updating design information... (UID-85)
Warning: Design 'ws_core_top_4x4' contains 1 high-fanout nets. A fanout number of 1000 will be used for delay calculations involving these nets. (TIM-134)
 
****************************************
Report : qor
Design : ws_core_top_4x4
Version: O-2018.06-SP1
Date   : Tue Apr 21 12:49:13 2026
****************************************


  Timing Path Group 'clk'
  -----------------------------------
  Levels of Logic:              42.00
  Critical Path Length:          4.85
  Critical Path Slack:           0.00
  Critical Path Clk Period:      5.00
  Total Negative Slack:          0.00
  No. of Violating Paths:        0.00
  Worst Hold Violation:          0.00
  Total Hold Violation:          0.00
  No. of Hold Violations:        0.00
  -----------------------------------


  Cell Count
  -----------------------------------
  Hierarchical Cell Count:         73
  Hierarchical Port Count:       6760
  Leaf Cell Count:              18443
  Buf/Inv Cell Count:            1660
  Buf Cell Count:                 389
  Inv Cell Count:                1271
  CT Buf/Inv Cell Count:            0
  Combinational Cell Count:     15729
  Sequential Cell Count:         2714
  Macro Count:                      0
  -----------------------------------


  Area
  -----------------------------------
  Combinational Area:   173339.815344
  Noncombinational Area: 43989.927092
  Buf/Inv Area:           4799.491316
  Total Buffer Area:          1143.07
  Total Inverter Area:        3656.42
  Macro/Black Box Area:      0.000000
  Net Area:                  0.000000
  -----------------------------------
  Cell Area:            217329.742435
  Design Area:          217329.742435


  Design Rules
  -----------------------------------
  Total Number of Nets:         22720
  Nets With Violations:             0
  Max Trans Violations:             0
  Max Cap Violations:               0
  -----------------------------------


  Hostname: IC_EDA

  Compile CPU Statistics
  -----------------------------------------
  Resource Sharing:                    7.95
  Logic Optimization:                  9.90
  Mapping Optimization:               76.55
  -----------------------------------------
  Overall Compile Time:               97.50
  Overall Compile Wall Clock Time:   102.11

  --------------------------------------------------------------------

  Design  WNS: 0.00  TNS: 0.00  Number of Violating Paths: 0


  Design (Hold)  WNS: 0.00  TNS: 0.00  Number of Violating Paths: 0

  --------------------------------------------------------------------


1
