 
****************************************
Report : timing
        -path full
        -delay max
        -max_paths 1
Design : ws_core_top_4x4
Version: O-2018.06-SP1
Date   : Tue Apr 21 18:13:39 2026
****************************************

 # A fanout number of 1000 was used for high fanout net computations.

Operating Conditions: slow   Library: slow
Wire Load Model Mode: top

  Startpoint: u_ws_array/gen_row[2].gen_col[0].pe_inst/stored_weight_reg[8]
              (rising edge-triggered flip-flop clocked by clk)
  Endpoint: u_ws_array/gen_row[2].gen_col[0].pe_inst/accumulator_reg[31]
            (rising edge-triggered flip-flop clocked by clk)
  Path Group: clk
  Path Type: max

  Point                                                   Incr       Path
  --------------------------------------------------------------------------
  clock clk (rise edge)                                   0.00       0.00
  clock network delay (ideal)                             0.00       0.00
  u_ws_array/gen_row[2].gen_col[0].pe_inst/stored_weight_reg[8]/CK (DFFRQX2)
                                                          0.00 #     0.00 r
  u_ws_array/gen_row[2].gen_col[0].pe_inst/stored_weight_reg[8]/Q (DFFRQX2)
                                                          0.28       0.28 f
  u_ws_array/gen_row[2].gen_col[0].pe_inst/mult_212/B[8] (pe_DATA_WIDTH16_WEIGHT_WIDTH16_ACC_WIDTH32_8_DW02_mult_0)
                                                          0.00       0.28 f
  u_ws_array/gen_row[2].gen_col[0].pe_inst/mult_212/U112/Y (CLKINVX8)
                                                          0.06       0.34 r
  u_ws_array/gen_row[2].gen_col[0].pe_inst/mult_212/U382/Y (NOR2X1)
                                                          0.05       0.38 f
  u_ws_array/gen_row[2].gen_col[0].pe_inst/mult_212/S0_7/CO (ADDFHX2)
                                                          0.22       0.60 f
  u_ws_array/gen_row[2].gen_col[0].pe_inst/mult_212/U114/Y (NAND2XL)
                                                          0.07       0.67 r
  u_ws_array/gen_row[2].gen_col[0].pe_inst/mult_212/U86/Y (NAND3X4)
                                                          0.10       0.77 f
  u_ws_array/gen_row[2].gen_col[0].pe_inst/mult_212/S2_3_7/CO (ADDFHX4)
                                                          0.18       0.95 f
  u_ws_array/gen_row[2].gen_col[0].pe_inst/mult_212/S2_4_7/CO (ADDFHX4)
                                                          0.16       1.11 f
  u_ws_array/gen_row[2].gen_col[0].pe_inst/mult_212/S2_5_7/CO (ADDFHX4)
                                                          0.16       1.28 f
  u_ws_array/gen_row[2].gen_col[0].pe_inst/mult_212/S2_6_7/CO (ADDFHX4)
                                                          0.16       1.44 f
  u_ws_array/gen_row[2].gen_col[0].pe_inst/mult_212/S2_7_7/CO (ADDFHX4)
                                                          0.16       1.61 f
  u_ws_array/gen_row[2].gen_col[0].pe_inst/mult_212/S2_8_7/S (ADDFHX4)
                                                          0.15       1.76 f
  u_ws_array/gen_row[2].gen_col[0].pe_inst/mult_212/U14/Y (XNOR2X4)
                                                          0.06       1.82 r
  u_ws_array/gen_row[2].gen_col[0].pe_inst/mult_212/U91/Y (XNOR2X4)
                                                          0.09       1.91 r
  u_ws_array/gen_row[2].gen_col[0].pe_inst/mult_212/S2_10_5/S (ADDFHX4)
                                                          0.16       2.07 r
  u_ws_array/gen_row[2].gen_col[0].pe_inst/mult_212/S2_11_4/S (ADDFHX1)
                                                          0.18       2.25 f
  u_ws_array/gen_row[2].gen_col[0].pe_inst/mult_212/S2_12_3/CO (ADDFHX4)
                                                          0.14       2.39 f
  u_ws_array/gen_row[2].gen_col[0].pe_inst/mult_212/S2_13_3/CO (ADDFHX4)
                                                          0.16       2.55 f
  u_ws_array/gen_row[2].gen_col[0].pe_inst/mult_212/S2_14_3/CO (ADDFHX4)
                                                          0.15       2.71 f
  u_ws_array/gen_row[2].gen_col[0].pe_inst/mult_212/S4_3/S (ADDFHX2)
                                                          0.17       2.87 f
  u_ws_array/gen_row[2].gen_col[0].pe_inst/mult_212/S14_18/S (ADDFHX4)
                                                          0.15       3.02 f
  u_ws_array/gen_row[2].gen_col[0].pe_inst/mult_212/FS_1/A[16] (pe_DATA_WIDTH16_WEIGHT_WIDTH16_ACC_WIDTH32_8_DW01_add_1)
                                                          0.00       3.02 f
  u_ws_array/gen_row[2].gen_col[0].pe_inst/mult_212/FS_1/U32/Y (AND2X4)
                                                          0.07       3.08 f
  u_ws_array/gen_row[2].gen_col[0].pe_inst/mult_212/FS_1/U66/Y (NOR2X2)
                                                          0.06       3.14 r
  u_ws_array/gen_row[2].gen_col[0].pe_inst/mult_212/FS_1/U71/Y (INVX2)
                                                          0.04       3.18 f
  u_ws_array/gen_row[2].gen_col[0].pe_inst/mult_212/FS_1/U69/Y (CLKNAND2X4)
                                                          0.04       3.22 r
  u_ws_array/gen_row[2].gen_col[0].pe_inst/mult_212/FS_1/U34/Y (NAND2X8)
                                                          0.04       3.26 f
  u_ws_array/gen_row[2].gen_col[0].pe_inst/mult_212/FS_1/SUM[16] (pe_DATA_WIDTH16_WEIGHT_WIDTH16_ACC_WIDTH32_8_DW01_add_1)
                                                          0.00       3.26 f
  u_ws_array/gen_row[2].gen_col[0].pe_inst/mult_212/PRODUCT[18] (pe_DATA_WIDTH16_WEIGHT_WIDTH16_ACC_WIDTH32_8_DW02_mult_0)
                                                          0.00       3.26 f
  u_ws_array/gen_row[2].gen_col[0].pe_inst/add_215/B[18] (pe_DATA_WIDTH16_WEIGHT_WIDTH16_ACC_WIDTH32_8_DW01_add_0)
                                                          0.00       3.26 f
  u_ws_array/gen_row[2].gen_col[0].pe_inst/add_215/U1_18/CO (ADDFHX4)
                                                          0.14       3.40 f
  u_ws_array/gen_row[2].gen_col[0].pe_inst/add_215/U1_19/CO (ADDFHX4)
                                                          0.11       3.51 f
  u_ws_array/gen_row[2].gen_col[0].pe_inst/add_215/U1_20/CO (ADDFHX4)
                                                          0.11       3.62 f
  u_ws_array/gen_row[2].gen_col[0].pe_inst/add_215/U1_21/CO (ADDFHX4)
                                                          0.11       3.73 f
  u_ws_array/gen_row[2].gen_col[0].pe_inst/add_215/U1_22/CO (ADDFHX4)
                                                          0.11       3.83 f
  u_ws_array/gen_row[2].gen_col[0].pe_inst/add_215/U1_23/CO (ADDFHX4)
                                                          0.11       3.94 f
  u_ws_array/gen_row[2].gen_col[0].pe_inst/add_215/U1_24/CO (ADDFHX4)
                                                          0.11       4.05 f
  u_ws_array/gen_row[2].gen_col[0].pe_inst/add_215/U1_25/CO (ADDFHX4)
                                                          0.12       4.17 f
  u_ws_array/gen_row[2].gen_col[0].pe_inst/add_215/U12/Y (CLKNAND2X4)
                                                          0.04       4.20 r
  u_ws_array/gen_row[2].gen_col[0].pe_inst/add_215/U13/Y (NAND3X6)
                                                          0.06       4.27 f
  u_ws_array/gen_row[2].gen_col[0].pe_inst/add_215/U3/Y (CLKNAND2X4)
                                                          0.04       4.30 r
  u_ws_array/gen_row[2].gen_col[0].pe_inst/add_215/U8/Y (NAND3X4)
                                                          0.05       4.36 f
  u_ws_array/gen_row[2].gen_col[0].pe_inst/add_215/U1_28/CO (ADDFHX4)
                                                          0.11       4.47 f
  u_ws_array/gen_row[2].gen_col[0].pe_inst/add_215/U1_29/CO (ADDFHX4)
                                                          0.11       4.57 f
  u_ws_array/gen_row[2].gen_col[0].pe_inst/add_215/U1_30/CO (ADDFHX4)
                                                          0.10       4.68 f
  u_ws_array/gen_row[2].gen_col[0].pe_inst/add_215/U1_31/Y (XOR3X4)
                                                          0.10       4.78 r
  u_ws_array/gen_row[2].gen_col[0].pe_inst/add_215/SUM[31] (pe_DATA_WIDTH16_WEIGHT_WIDTH16_ACC_WIDTH32_8_DW01_add_0)
                                                          0.00       4.78 r
  u_ws_array/gen_row[2].gen_col[0].pe_inst/U7/Y (AO22X4)
                                                          0.07       4.85 r
  u_ws_array/gen_row[2].gen_col[0].pe_inst/accumulator_reg[31]/D (DFFRXL)
                                                          0.00       4.85 r
  data arrival time                                                  4.85

  clock clk (rise edge)                                   5.00       5.00
  clock network delay (ideal)                             0.00       5.00
  u_ws_array/gen_row[2].gen_col[0].pe_inst/accumulator_reg[31]/CK (DFFRXL)
                                                          0.00       5.00 r
  library setup time                                     -0.15       4.85
  data required time                                                 4.85
  --------------------------------------------------------------------------
  data required time                                                 4.85
  data arrival time                                                 -4.85
  --------------------------------------------------------------------------
  slack (MET)                                                        0.00


1
