 
****************************************
Report : area
Design : ws_core_std_top_4x4
Version: O-2018.06-SP1
Date   : Tue Apr 21 21:24:13 2026
****************************************

Library(s) Used:

    slow (File: /home/ic_libs/TSMC.90/aci/sc-x/synopsys/slow.db)

Number of ports:                         5798
Number of nets:                         26279
Number of cells:                        17949
Number of combinational cells:          16394
Number of sequential cells:              1498
Number of macros/black boxes:               0
Number of buf/inv:                       2202
Number of references:                       1

Combinational area:             149800.293282
Buf/Inv area:                     5696.308958
Noncombinational area:           23006.793763
Macro/Black Box area:                0.000000
Net Interconnect area:      undefined  (No wire load specified)

Total cell area:                172807.087045
Total area:                 undefined
1
