Loading db file '/home/ic_libs/TSMC.90/aci/sc-x/synopsys/slow.db'
Information: Propagating switching activity (low effort zero delay simulation). (PWR-6)
Warning: Design has unannotated primary inputs. (PWR-414)
Warning: Design has unannotated sequential cell outputs. (PWR-415)
 
****************************************
Report : power
        -analysis_effort low
Design : ws_core_std_top_4x4
Version: O-2018.06-SP1
Date   : Tue Apr 21 21:24:15 2026
****************************************


Library(s) Used:

    slow (File: /home/ic_libs/TSMC.90/aci/sc-x/synopsys/slow.db)


Operating Conditions: slow   Library: slow
Wire Load Model Mode: top


Global Operating Voltage = 0.9  
Power-specific unit information :
    Voltage Units = 1V
    Capacitance Units = 1.000000pf
    Time Units = 1ns
    Dynamic Power Units = 1mW    (derived from V,C,T units)
    Leakage Power Units = 1pW


  Cell Internal Power  =   3.4353 mW   (95%)
  Net Switching Power  = 165.1152 uW    (5%)
                         ---------
Total Dynamic Power    =   3.6005 mW  (100%)

Cell Leakage Power     =   1.0024 mW


                 Internal         Switching           Leakage            Total
Power Group      Power            Power               Power              Power   (   %    )  Attrs
--------------------------------------------------------------------------------------------------
io_pad             0.0000            0.0000            0.0000            0.0000  (   0.00%)
memory             0.0000            0.0000            0.0000            0.0000  (   0.00%)
black_box          0.0000            0.0000            0.0000            0.0000  (   0.00%)
clock_network      0.0000            0.0000            0.0000            0.0000  (   0.00%)
register           3.2055        1.2192e-02        5.2319e+07            3.2700  (  71.04%)
sequential         0.0000            0.0000            0.0000            0.0000  (   0.00%)
combinational      0.2298            0.1529        9.5007e+08            1.3328  (  28.96%)
--------------------------------------------------------------------------------------------------
Total              3.4354 mW         0.1651 mW     1.0024e+09 pW         4.6029 mW
1
