 
****************************************
Report : area
Design : is_core_std_top_4x4
Version: O-2018.06-SP1
Date   : Tue Apr 21 21:25:54 2026
****************************************

Library(s) Used:

    slow (File: /home/ic_libs/TSMC.90/aci/sc-x/synopsys/slow.db)

Number of ports:                         5798
Number of nets:                         26321
Number of cells:                        17970
Number of combinational cells:          16422
Number of sequential cells:              1491
Number of macros/black boxes:               0
Number of buf/inv:                       2337
Number of references:                       1

Combinational area:             157878.707821
Buf/Inv area:                     6380.740960
Noncombinational area:           23257.987393
Macro/Black Box area:                0.000000
Net Interconnect area:      undefined  (No wire load specified)

Total cell area:                181136.695214
Total area:                 undefined
1
