 
****************************************
Report : timing
        -path full
        -delay max
        -max_paths 1
Design : is_core_std_top_4x4
Version: O-2018.06-SP1
Date   : Tue Apr 21 21:25:54 2026
****************************************

 # A fanout number of 1000 was used for high fanout net computations.

Operating Conditions: slow   Library: slow
Wire Load Model Mode: top

  Startpoint: weight_data_vec[26]
              (input port clocked by clk)
  Endpoint: u_is_std_array/psum_pipe_reg[0][1][30]
            (rising edge-triggered flip-flop clocked by clk)
  Path Group: clk
  Path Type: max

  Point                                                   Incr       Path
  --------------------------------------------------------------------------
  clock clk (rise edge)                                   0.00       0.00
  clock network delay (ideal)                             0.00       0.00
  input external delay                                    1.00       1.00 f
  weight_data_vec[26] (in)                                0.00       1.00 f
  u_is_std_array/weight_data_vec[26] (standard_is_array_4x4_DATA_WIDTH16_WEIGHT_WIDTH16_ACC_WIDTH32_ARRAY_SIZE4)
                                                          0.00       1.00 f
  u_is_std_array/mult_133_I2_I1/B[10] (standard_is_array_4x4_DATA_WIDTH16_WEIGHT_WIDTH16_ACC_WIDTH32_ARRAY_SIZE4_DW02_mult_14)
                                                          0.00       1.00 f
  u_is_std_array/mult_133_I2_I1/U53/Y (INVX8)             0.04       1.04 r
  u_is_std_array/mult_133_I2_I1/U39/Y (NOR2X1)            0.05       1.10 f
  u_is_std_array/mult_133_I2_I1/U74/Y (AND2X2)            0.12       1.21 f
  u_is_std_array/mult_133_I2_I1/S2_2_9/CO (ADDFHX2)       0.17       1.39 f
  u_is_std_array/mult_133_I2_I1/S2_3_9/CO (ADDFHX2)       0.18       1.56 f
  u_is_std_array/mult_133_I2_I1/S2_4_9/CO (ADDFHX2)       0.20       1.76 f
  u_is_std_array/mult_133_I2_I1/S2_5_9/CO (ADDFHX4)       0.17       1.93 f
  u_is_std_array/mult_133_I2_I1/S2_6_9/CO (ADDFHX4)       0.16       2.10 f
  u_is_std_array/mult_133_I2_I1/S2_7_9/CO (ADDFHX4)       0.16       2.26 f
  u_is_std_array/mult_133_I2_I1/S2_8_9/CO (ADDFHX4)       0.15       2.42 f
  u_is_std_array/mult_133_I2_I1/S2_9_9/CO (ADDFHX2)       0.17       2.59 f
  u_is_std_array/mult_133_I2_I1/S2_10_9/CO (ADDFHX2)      0.18       2.77 f
  u_is_std_array/mult_133_I2_I1/S2_11_9/CO (ADDFHX2)      0.18       2.94 f
  u_is_std_array/mult_133_I2_I1/S2_12_9/CO (ADDFHX2)      0.18       3.12 f
  u_is_std_array/mult_133_I2_I1/S2_13_9/S (ADDFHX2)       0.16       3.28 f
  u_is_std_array/mult_133_I2_I1/S2_14_8/S (ADDFHX2)       0.15       3.43 r
  u_is_std_array/mult_133_I2_I1/S4_7/S (ADDFHX2)          0.16       3.59 r
  u_is_std_array/mult_133_I2_I1/U41/Y (XOR2X3)            0.09       3.68 f
  u_is_std_array/mult_133_I2_I1/FS_1/A[20] (standard_is_array_4x4_DATA_WIDTH16_WEIGHT_WIDTH16_ACC_WIDTH32_ARRAY_SIZE4_DW01_add_37)
                                                          0.00       3.68 f
  u_is_std_array/mult_133_I2_I1/FS_1/U68/Y (OR2X4)        0.08       3.76 f
  u_is_std_array/mult_133_I2_I1/FS_1/U55/Y (NAND2BX2)     0.04       3.80 r
  u_is_std_array/mult_133_I2_I1/FS_1/U4/Y (INVX3)         0.03       3.83 f
  u_is_std_array/mult_133_I2_I1/FS_1/U3/Y (NOR2X4)        0.05       3.88 r
  u_is_std_array/mult_133_I2_I1/FS_1/U56/Y (OAI21X4)      0.05       3.93 f
  u_is_std_array/mult_133_I2_I1/FS_1/U37/Y (AOI21X4)      0.07       4.00 r
  u_is_std_array/mult_133_I2_I1/FS_1/U54/Y (OAI21X4)      0.05       4.05 f
  u_is_std_array/mult_133_I2_I1/FS_1/U70/Y (AO21X2)       0.13       4.18 f
  u_is_std_array/mult_133_I2_I1/FS_1/U29/Y (CLKINVX2)     0.03       4.21 r
  u_is_std_array/mult_133_I2_I1/FS_1/U77/Y (NAND2X2)      0.03       4.24 f
  u_is_std_array/mult_133_I2_I1/FS_1/U78/Y (CLKNAND2X2)
                                                          0.03       4.27 r
  u_is_std_array/mult_133_I2_I1/FS_1/SUM[24] (standard_is_array_4x4_DATA_WIDTH16_WEIGHT_WIDTH16_ACC_WIDTH32_ARRAY_SIZE4_DW01_add_37)
                                                          0.00       4.27 r
  u_is_std_array/mult_133_I2_I1/PRODUCT[26] (standard_is_array_4x4_DATA_WIDTH16_WEIGHT_WIDTH16_ACC_WIDTH32_ARRAY_SIZE4_DW02_mult_14)
                                                          0.00       4.27 r
  u_is_std_array/mult_add_133_I2_I1_aco/A[26] (standard_is_array_4x4_DATA_WIDTH16_WEIGHT_WIDTH16_ACC_WIDTH32_ARRAY_SIZE4_DW02_mult_27)
                                                          0.00       4.27 r
  u_is_std_array/mult_add_133_I2_I1_aco/U14/Y (AND2X4)
                                                          0.07       4.34 r
  u_is_std_array/mult_add_133_I2_I1_aco/PRODUCT[26] (standard_is_array_4x4_DATA_WIDTH16_WEIGHT_WIDTH16_ACC_WIDTH32_ARRAY_SIZE4_DW02_mult_27)
                                                          0.00       4.34 r
  u_is_std_array/add_133_I2_I1_aco/B[26] (standard_is_array_4x4_DATA_WIDTH16_WEIGHT_WIDTH16_ACC_WIDTH32_ARRAY_SIZE4_DW01_add_45)
                                                          0.00       4.34 r
  u_is_std_array/add_133_I2_I1_aco/U41/Y (OR2X4)          0.06       4.41 r
  u_is_std_array/add_133_I2_I1_aco/U36/Y (NAND2X2)        0.04       4.44 f
  u_is_std_array/add_133_I2_I1_aco/U12/Y (NAND2BX4)       0.08       4.52 f
  u_is_std_array/add_133_I2_I1_aco/U6/Y (CLKINVX2)        0.03       4.55 r
  u_is_std_array/add_133_I2_I1_aco/U16/Y (NAND2X2)        0.04       4.59 f
  u_is_std_array/add_133_I2_I1_aco/U61/Y (NAND2X4)        0.04       4.63 r
  u_is_std_array/add_133_I2_I1_aco/U50/Y (CLKNAND2X4)     0.04       4.67 f
  u_is_std_array/add_133_I2_I1_aco/U49/Y (NAND2X4)        0.03       4.70 r
  u_is_std_array/add_133_I2_I1_aco/U47/Y (NAND2X2)        0.04       4.74 f
  u_is_std_array/add_133_I2_I1_aco/U67/Y (CLKNAND2X2)     0.04       4.77 r
  u_is_std_array/add_133_I2_I1_aco/SUM[30] (standard_is_array_4x4_DATA_WIDTH16_WEIGHT_WIDTH16_ACC_WIDTH32_ARRAY_SIZE4_DW01_add_45)
                                                          0.00       4.77 r
  u_is_std_array/U165/Y (AO2B2X4)                         0.08       4.86 r
  u_is_std_array/psum_pipe_reg[0][1][30]/D (DFFRQX1)      0.00       4.86 r
  data arrival time                                                  4.86

  clock clk (rise edge)                                   5.00       5.00
  clock network delay (ideal)                             0.00       5.00
  u_is_std_array/psum_pipe_reg[0][1][30]/CK (DFFRQX1)     0.00       5.00 r
  library setup time                                     -0.14       4.86
  data required time                                                 4.86
  --------------------------------------------------------------------------
  data required time                                                 4.86
  data arrival time                                                 -4.86
  --------------------------------------------------------------------------
  slack (MET)                                                        0.00


1
