 
****************************************
Report : area
Design : is_core_top_4x4
Version: O-2018.06-SP1
Date   : Tue Apr 21 12:51:09 2026
****************************************

Library(s) Used:

    slow (File: /home/ic_libs/TSMC.90/aci/sc-x/synopsys/slow.db)

Number of ports:                         6940
Number of nets:                         29084
Number of cells:                        18614
Number of combinational cells:          15717
Number of sequential cells:              2824
Number of macros/black boxes:               0
Number of buf/inv:                       1627
Number of references:                       1

Combinational area:             174585.905003
Buf/Inv area:                     4552.531322
Noncombinational area:           44117.640674
Macro/Black Box area:                0.000000
Net Interconnect area:      undefined  (No wire load specified)

Total cell area:                218703.545677
Total area:                 undefined
1
