 
****************************************
Report : timing
        -path full
        -delay max
        -max_paths 1
Design : is_core_top_4x4
Version: O-2018.06-SP1
Date   : Tue Apr 21 18:15:38 2026
****************************************

 # A fanout number of 1000 was used for high fanout net computations.

Operating Conditions: slow   Library: slow
Wire Load Model Mode: top

  Startpoint: u_is_array/gen_row[1].gen_col[0].pe_inst/weight_reg_reg[0]
              (rising edge-triggered flip-flop clocked by clk)
  Endpoint: u_is_array/gen_row[1].gen_col[0].pe_inst/accumulator_reg[31]
            (rising edge-triggered flip-flop clocked by clk)
  Path Group: clk
  Path Type: max

  Point                                                   Incr       Path
  --------------------------------------------------------------------------
  clock clk (rise edge)                                   0.00       0.00
  clock network delay (ideal)                             0.00       0.00
  u_is_array/gen_row[1].gen_col[0].pe_inst/weight_reg_reg[0]/CK (DFFRX4)
                                                          0.00 #     0.00 r
  u_is_array/gen_row[1].gen_col[0].pe_inst/weight_reg_reg[0]/Q (DFFRX4)
                                                          0.27       0.27 r
  u_is_array/gen_row[1].gen_col[0].pe_inst/mult_208/A[0] (is_pe_DATA_WIDTH16_WEIGHT_WIDTH16_ACC_WIDTH32_PE_ID4_DW02_mult_0)
                                                          0.00       0.27 r
  u_is_array/gen_row[1].gen_col[0].pe_inst/mult_208/U6/Y (INVX8)
                                                          0.04       0.31 f
  u_is_array/gen_row[1].gen_col[0].pe_inst/mult_208/U107/Y (NOR2XL)
                                                          0.08       0.40 r
  u_is_array/gen_row[1].gen_col[0].pe_inst/mult_208/U8/Y (INVXL)
                                                          0.05       0.45 f
  u_is_array/gen_row[1].gen_col[0].pe_inst/mult_208/U51/Y (XNOR2X1)
                                                          0.10       0.54 f
  u_is_array/gen_row[1].gen_col[0].pe_inst/mult_208/S2_2_2/CO (ADDFHX2)
                                                          0.15       0.69 f
  u_is_array/gen_row[1].gen_col[0].pe_inst/mult_208/S2_3_2/CO (ADDFHX2)
                                                          0.20       0.89 f
  u_is_array/gen_row[1].gen_col[0].pe_inst/mult_208/S2_4_2/CO (ADDFHX4)
                                                          0.17       1.07 f
  u_is_array/gen_row[1].gen_col[0].pe_inst/mult_208/S2_5_2/CO (ADDFHX4)
                                                          0.16       1.23 f
  u_is_array/gen_row[1].gen_col[0].pe_inst/mult_208/S2_6_2/CO (ADDFHX4)
                                                          0.16       1.39 f
  u_is_array/gen_row[1].gen_col[0].pe_inst/mult_208/S2_7_2/CO (ADDFHX4)
                                                          0.16       1.56 f
  u_is_array/gen_row[1].gen_col[0].pe_inst/mult_208/S2_8_2/CO (ADDFHX4)
                                                          0.16       1.72 f
  u_is_array/gen_row[1].gen_col[0].pe_inst/mult_208/S2_9_2/CO (ADDFHX4)
                                                          0.16       1.89 f
  u_is_array/gen_row[1].gen_col[0].pe_inst/mult_208/S2_10_2/CO (ADDFHX4)
                                                          0.16       2.05 f
  u_is_array/gen_row[1].gen_col[0].pe_inst/mult_208/S2_11_2/CO (ADDFHX4)
                                                          0.16       2.22 f
  u_is_array/gen_row[1].gen_col[0].pe_inst/mult_208/S2_12_2/CO (ADDFHX4)
                                                          0.16       2.38 f
  u_is_array/gen_row[1].gen_col[0].pe_inst/mult_208/S2_13_2/CO (ADDFHX4)
                                                          0.16       2.55 f
  u_is_array/gen_row[1].gen_col[0].pe_inst/mult_208/S2_14_2/CO (ADDFHX4)
                                                          0.16       2.71 f
  u_is_array/gen_row[1].gen_col[0].pe_inst/mult_208/S4_2/CO (ADDFHX4)
                                                          0.16       2.88 f
  u_is_array/gen_row[1].gen_col[0].pe_inst/mult_208/S14_18/S (ADDFHX4)
                                                          0.16       3.04 f
  u_is_array/gen_row[1].gen_col[0].pe_inst/mult_208/FS_1/A[16] (is_pe_DATA_WIDTH16_WEIGHT_WIDTH16_ACC_WIDTH32_PE_ID4_DW01_add_1)
                                                          0.00       3.04 f
  u_is_array/gen_row[1].gen_col[0].pe_inst/mult_208/FS_1/U43/Y (CLKAND2X12)
                                                          0.08       3.12 f
  u_is_array/gen_row[1].gen_col[0].pe_inst/mult_208/FS_1/U42/Y (NOR2X8)
                                                          0.05       3.17 r
  u_is_array/gen_row[1].gen_col[0].pe_inst/mult_208/FS_1/U63/Y (XOR2X8)
                                                          0.09       3.27 f
  u_is_array/gen_row[1].gen_col[0].pe_inst/mult_208/FS_1/SUM[16] (is_pe_DATA_WIDTH16_WEIGHT_WIDTH16_ACC_WIDTH32_PE_ID4_DW01_add_1)
                                                          0.00       3.27 f
  u_is_array/gen_row[1].gen_col[0].pe_inst/mult_208/PRODUCT[18] (is_pe_DATA_WIDTH16_WEIGHT_WIDTH16_ACC_WIDTH32_PE_ID4_DW02_mult_0)
                                                          0.00       3.27 f
  u_is_array/gen_row[1].gen_col[0].pe_inst/add_211/B[18] (is_pe_DATA_WIDTH16_WEIGHT_WIDTH16_ACC_WIDTH32_PE_ID4_DW01_add_0)
                                                          0.00       3.27 f
  u_is_array/gen_row[1].gen_col[0].pe_inst/add_211/U1_18/CO (ADDFHX4)
                                                          0.15       3.41 f
  u_is_array/gen_row[1].gen_col[0].pe_inst/add_211/U1_19/CO (ADDFHX4)
                                                          0.11       3.52 f
  u_is_array/gen_row[1].gen_col[0].pe_inst/add_211/U1_20/CO (ADDFHX4)
                                                          0.12       3.63 f
  u_is_array/gen_row[1].gen_col[0].pe_inst/add_211/U1/Y (CLKNAND2X2)
                                                          0.04       3.68 r
  u_is_array/gen_row[1].gen_col[0].pe_inst/add_211/U8/Y (NAND3X4)
                                                          0.05       3.72 f
  u_is_array/gen_row[1].gen_col[0].pe_inst/add_211/U1_22/CO (ADDFHX4)
                                                          0.11       3.83 f
  u_is_array/gen_row[1].gen_col[0].pe_inst/add_211/U1_23/CO (ADDFHX4)
                                                          0.11       3.94 f
  u_is_array/gen_row[1].gen_col[0].pe_inst/add_211/U1_24/CO (ADDFHX4)
                                                          0.11       4.05 f
  u_is_array/gen_row[1].gen_col[0].pe_inst/add_211/U1_25/CO (ADDFHX4)
                                                          0.11       4.16 f
  u_is_array/gen_row[1].gen_col[0].pe_inst/add_211/U1_26/CO (ADDFHX4)
                                                          0.11       4.26 f
  u_is_array/gen_row[1].gen_col[0].pe_inst/add_211/U1_27/CO (ADDFHX4)
                                                          0.11       4.37 f
  u_is_array/gen_row[1].gen_col[0].pe_inst/add_211/U1_28/CO (ADDFHX4)
                                                          0.11       4.48 f
  u_is_array/gen_row[1].gen_col[0].pe_inst/add_211/U1_29/CO (ADDFHX4)
                                                          0.11       4.58 f
  u_is_array/gen_row[1].gen_col[0].pe_inst/add_211/U1_30/CO (ADDFHX4)
                                                          0.10       4.69 f
  u_is_array/gen_row[1].gen_col[0].pe_inst/add_211/U1_31/Y (XOR3X4)
                                                          0.11       4.80 r
  u_is_array/gen_row[1].gen_col[0].pe_inst/add_211/SUM[31] (is_pe_DATA_WIDTH16_WEIGHT_WIDTH16_ACC_WIDTH32_PE_ID4_DW01_add_0)
                                                          0.00       4.80 r
  u_is_array/gen_row[1].gen_col[0].pe_inst/U4/Y (NAND2X4)
                                                          0.03       4.83 f
  u_is_array/gen_row[1].gen_col[0].pe_inst/U3/Y (CLKNAND2X2)
                                                          0.02       4.85 r
  u_is_array/gen_row[1].gen_col[0].pe_inst/accumulator_reg[31]/D (DFFRXL)
                                                          0.00       4.85 r
  data arrival time                                                  4.85

  clock clk (rise edge)                                   5.00       5.00
  clock network delay (ideal)                             0.00       5.00
  u_is_array/gen_row[1].gen_col[0].pe_inst/accumulator_reg[31]/CK (DFFRXL)
                                                          0.00       5.00 r
  library setup time                                     -0.15       4.85
  data required time                                                 4.85
  --------------------------------------------------------------------------
  data required time                                                 4.85
  data arrival time                                                 -4.85
  --------------------------------------------------------------------------
  slack (MET)                                                        0.00


1
