 
****************************************
Report : area
Design : dip_core_std_top_4x4
Version: O-2018.06-SP1
Date   : Tue Apr 21 20:26:53 2026
****************************************

Information: Updating design information... (UID-85)
Warning: Design 'dip_core_std_top_4x4' contains 1 high-fanout nets. A fanout number of 1000 will be used for delay calculations involving these nets. (TIM-134)
Warning: A non-unate path in clock network for clock 'clk'
 from pin 'u_dip_std_array/u_stream_dip/clk_gate_loaded_weight_rows_reg_0/latch/CKcheckpin1' is detected. (TIM-052)
Library(s) Used:

    slow (File: /home/ic_libs/TSMC.90/aci/sc-x/synopsys/slow.db)

Number of ports:                         8662
Number of nets:                         29105
Number of cells:                        17975
Number of combinational cells:          15997
Number of sequential cells:              1886
Number of macros/black boxes:               0
Number of buf/inv:                       1220
Number of references:                       1

Combinational area:             150623.728645
Buf/Inv area:                     3128.630486
Noncombinational area:           28652.299398
Macro/Black Box area:                0.000000
Net Interconnect area:      undefined  (No wire load specified)

Total cell area:                179276.028044
Total area:                 undefined
1
