Loading db file '/home/ic_libs/TSMC.90/aci/sc-x/synopsys/slow.db'
Information: Propagating switching activity (low effort zero delay simulation). (PWR-6)
Warning: Design has unannotated primary inputs. (PWR-414)
Warning: Design has unannotated sequential cell outputs. (PWR-415)
 
****************************************
Report : power
        -analysis_effort low
Design : dip_core_std_top_4x4
Version: O-2018.06-SP1
Date   : Tue Apr 21 20:26:55 2026
****************************************


Library(s) Used:

    slow (File: /home/ic_libs/TSMC.90/aci/sc-x/synopsys/slow.db)


Operating Conditions: slow   Library: slow
Wire Load Model Mode: top


Global Operating Voltage = 0.9  
Power-specific unit information :
    Voltage Units = 1V
    Capacitance Units = 1.000000pf
    Time Units = 1ns
    Dynamic Power Units = 1mW    (derived from V,C,T units)
    Leakage Power Units = 1pW


  Cell Internal Power  =   2.9662 mW   (93%)
  Net Switching Power  = 212.5503 uW    (7%)
                         ---------
Total Dynamic Power    =   3.1787 mW  (100%)

Cell Leakage Power     =   1.0210 mW


                 Internal         Switching           Leakage            Total
Power Group      Power            Power               Power              Power   (   %    )  Attrs
--------------------------------------------------------------------------------------------------
io_pad             0.0000            0.0000            0.0000            0.0000  (   0.00%)
memory             0.0000            0.0000            0.0000            0.0000  (   0.00%)
black_box          0.0000            0.0000            0.0000            0.0000  (   0.00%)
clock_network  2.5228e-02            0.1075        5.2102e+05            0.1333  (   3.17%)
register           2.7781        6.4402e-03        6.2920e+07            2.8475  (  67.80%)
sequential         0.0000            0.0000            0.0000            0.0000  (   0.00%)
combinational      0.1628        9.8571e-02        9.5757e+08            1.2190  (  29.02%)
--------------------------------------------------------------------------------------------------
Total              2.9662 mW         0.2125 mW     1.0210e+09 pW         4.1997 mW
1
