 
****************************************
Report : timing
        -path full
        -delay max
        -max_paths 1
Design : dip_core_std_top_4x4
Version: O-2018.06-SP1
Date   : Tue Apr 21 20:26:55 2026
****************************************

 # A fanout number of 1000 was used for high fanout net computations.

Operating Conditions: slow   Library: slow
Wire Load Model Mode: top

  Startpoint: u_dip_std_array/u_stream_dip/gen_rows[0].gen_cols[3].u_dip_pe/data_out_reg_reg[6]
              (rising edge-triggered flip-flop clocked by clk)
  Endpoint: u_dip_std_array/u_stream_dip/gen_rows[1].gen_cols[2].u_dip_pe/psum_out_reg_reg[31]
            (rising edge-triggered flip-flop clocked by clk)
  Path Group: clk
  Path Type: max

  Point                                                   Incr       Path
  --------------------------------------------------------------------------
  clock clk (rise edge)                                   0.00       0.00
  clock network delay (ideal)                             0.00       0.00
  u_dip_std_array/u_stream_dip/gen_rows[0].gen_cols[3].u_dip_pe/data_out_reg_reg[6]/CK (DFFRQX2)
                                                          0.00       0.00 r
  u_dip_std_array/u_stream_dip/gen_rows[0].gen_cols[3].u_dip_pe/data_out_reg_reg[6]/Q (DFFRQX2)
                                                          0.28       0.28 f
  u_dip_std_array/u_stream_dip/gen_rows[0].gen_cols[3].u_dip_pe/data_out[6] (dip_pe_DATA_WIDTH16_WEIGHT_WIDTH16_ACC_WIDTH32_13)
                                                          0.00       0.28 f
  u_dip_std_array/u_stream_dip/gen_rows[1].gen_cols[2].u_dip_pe/data_in[6] (dip_pe_DATA_WIDTH16_WEIGHT_WIDTH16_ACC_WIDTH32_10)
                                                          0.00       0.28 f
  u_dip_std_array/u_stream_dip/gen_rows[1].gen_cols[2].u_dip_pe/U39/Y (NOR4X2)
                                                          0.14       0.42 r
  u_dip_std_array/u_stream_dip/gen_rows[1].gen_cols[2].u_dip_pe/U37/Y (NAND4X2)
                                                          0.09       0.51 f
  u_dip_std_array/u_stream_dip/gen_rows[1].gen_cols[2].u_dip_pe/U3/Y (AND3X2)
                                                          0.23       0.75 f
  u_dip_std_array/u_stream_dip/gen_rows[1].gen_cols[2].u_dip_pe/mult_add_32_aco/B[0] (dip_pe_DATA_WIDTH16_WEIGHT_WIDTH16_ACC_WIDTH32_10_DW02_mult_1)
                                                          0.00       0.75 f
  u_dip_std_array/u_stream_dip/gen_rows[1].gen_cols[2].u_dip_pe/mult_add_32_aco/U37/Y (CLKAND2X2)
                                                          0.14       0.88 f
  u_dip_std_array/u_stream_dip/gen_rows[1].gen_cols[2].u_dip_pe/mult_add_32_aco/PRODUCT[0] (dip_pe_DATA_WIDTH16_WEIGHT_WIDTH16_ACC_WIDTH32_10_DW02_mult_1)
                                                          0.00       0.88 f
  u_dip_std_array/u_stream_dip/gen_rows[1].gen_cols[2].u_dip_pe/add_32_aco/B[0] (dip_pe_DATA_WIDTH16_WEIGHT_WIDTH16_ACC_WIDTH32_10_DW01_add_0)
                                                          0.00       0.88 f
  u_dip_std_array/u_stream_dip/gen_rows[1].gen_cols[2].u_dip_pe/add_32_aco/U67/Y (NAND2X2)
                                                          0.04       0.93 r
  u_dip_std_array/u_stream_dip/gen_rows[1].gen_cols[2].u_dip_pe/add_32_aco/U113/Y (INVX2)
                                                          0.03       0.96 f
  u_dip_std_array/u_stream_dip/gen_rows[1].gen_cols[2].u_dip_pe/add_32_aco/U69/Y (NOR2X2)
                                                          0.05       1.01 r
  u_dip_std_array/u_stream_dip/gen_rows[1].gen_cols[2].u_dip_pe/add_32_aco/U24/Y (OAI2BB2X2)
                                                          0.07       1.08 f
  u_dip_std_array/u_stream_dip/gen_rows[1].gen_cols[2].u_dip_pe/add_32_aco/U20/Y (NAND2X2)
                                                          0.04       1.12 r
  u_dip_std_array/u_stream_dip/gen_rows[1].gen_cols[2].u_dip_pe/add_32_aco/U45/Y (NAND3XL)
                                                          0.13       1.25 f
  u_dip_std_array/u_stream_dip/gen_rows[1].gen_cols[2].u_dip_pe/add_32_aco/U35/Y (NOR2X1)
                                                          0.08       1.33 r
  u_dip_std_array/u_stream_dip/gen_rows[1].gen_cols[2].u_dip_pe/add_32_aco/U72/Y (OAI21X1)
                                                          0.09       1.42 f
  u_dip_std_array/u_stream_dip/gen_rows[1].gen_cols[2].u_dip_pe/add_32_aco/U33/Y (NOR2X1)
                                                          0.07       1.49 r
  u_dip_std_array/u_stream_dip/gen_rows[1].gen_cols[2].u_dip_pe/add_32_aco/U74/Y (OAI21X1)
                                                          0.10       1.59 f
  u_dip_std_array/u_stream_dip/gen_rows[1].gen_cols[2].u_dip_pe/add_32_aco/U80/Y (NOR2X2)
                                                          0.07       1.66 r
  u_dip_std_array/u_stream_dip/gen_rows[1].gen_cols[2].u_dip_pe/add_32_aco/U77/Y (OAI21X1)
                                                          0.09       1.75 f
  u_dip_std_array/u_stream_dip/gen_rows[1].gen_cols[2].u_dip_pe/add_32_aco/U83/Y (OAI21X1)
                                                          0.09       1.84 r
  u_dip_std_array/u_stream_dip/gen_rows[1].gen_cols[2].u_dip_pe/add_32_aco/U81/Y (NAND2X2)
                                                          0.07       1.90 f
  u_dip_std_array/u_stream_dip/gen_rows[1].gen_cols[2].u_dip_pe/add_32_aco/U86/Y (NOR2X2)
                                                          0.06       1.96 r
  u_dip_std_array/u_stream_dip/gen_rows[1].gen_cols[2].u_dip_pe/add_32_aco/U46/Y (OAI21X1)
                                                          0.09       2.05 f
  u_dip_std_array/u_stream_dip/gen_rows[1].gen_cols[2].u_dip_pe/add_32_aco/U34/Y (NOR2X1)
                                                          0.07       2.12 r
  u_dip_std_array/u_stream_dip/gen_rows[1].gen_cols[2].u_dip_pe/add_32_aco/U87/Y (OAI21X1)
                                                          0.09       2.21 f
  u_dip_std_array/u_stream_dip/gen_rows[1].gen_cols[2].u_dip_pe/add_32_aco/U92/Y (OAI21X1)
                                                          0.09       2.30 r
  u_dip_std_array/u_stream_dip/gen_rows[1].gen_cols[2].u_dip_pe/add_32_aco/U90/Y (NAND2X2)
                                                          0.07       2.37 f
  u_dip_std_array/u_stream_dip/gen_rows[1].gen_cols[2].u_dip_pe/add_32_aco/U95/Y (NOR2X2)
                                                          0.06       2.43 r
  u_dip_std_array/u_stream_dip/gen_rows[1].gen_cols[2].u_dip_pe/add_32_aco/U17/Y (OAI21X1)
                                                          0.09       2.52 f
  u_dip_std_array/u_stream_dip/gen_rows[1].gen_cols[2].u_dip_pe/add_32_aco/U47/Y (NOR2X2)
                                                          0.07       2.59 r
  u_dip_std_array/u_stream_dip/gen_rows[1].gen_cols[2].u_dip_pe/add_32_aco/U96/Y (OAI21X1)
                                                          0.09       2.68 f
  u_dip_std_array/u_stream_dip/gen_rows[1].gen_cols[2].u_dip_pe/add_32_aco/U31/Y (NOR2X1)
                                                          0.07       2.75 r
  u_dip_std_array/u_stream_dip/gen_rows[1].gen_cols[2].u_dip_pe/add_32_aco/U99/Y (OAI21X1)
                                                          0.10       2.85 f
  u_dip_std_array/u_stream_dip/gen_rows[1].gen_cols[2].u_dip_pe/add_32_aco/U105/Y (NOR2X2)
                                                          0.07       2.92 r
  u_dip_std_array/u_stream_dip/gen_rows[1].gen_cols[2].u_dip_pe/add_32_aco/U102/Y (OAI21X1)
                                                          0.09       3.01 f
  u_dip_std_array/u_stream_dip/gen_rows[1].gen_cols[2].u_dip_pe/add_32_aco/U32/Y (NOR2X1)
                                                          0.07       3.08 r
  u_dip_std_array/u_stream_dip/gen_rows[1].gen_cols[2].u_dip_pe/add_32_aco/U18/Y (OAI21X1)
                                                          0.09       3.17 f
  u_dip_std_array/u_stream_dip/gen_rows[1].gen_cols[2].u_dip_pe/add_32_aco/U37/Y (CLKINVX2)
                                                          0.04       3.21 r
  u_dip_std_array/u_stream_dip/gen_rows[1].gen_cols[2].u_dip_pe/add_32_aco/U50/Y (NOR2X2)
                                                          0.02       3.23 f
  u_dip_std_array/u_stream_dip/gen_rows[1].gen_cols[2].u_dip_pe/add_32_aco/U49/Y (AOI21X1)
                                                          0.06       3.29 r
  u_dip_std_array/u_stream_dip/gen_rows[1].gen_cols[2].u_dip_pe/add_32_aco/U48/Y (NAND2X2)
                                                          0.06       3.35 f
  u_dip_std_array/u_stream_dip/gen_rows[1].gen_cols[2].u_dip_pe/add_32_aco/U52/Y (NAND2X2)
                                                          0.05       3.41 r
  u_dip_std_array/u_stream_dip/gen_rows[1].gen_cols[2].u_dip_pe/add_32_aco/U51/Y (NAND3X4)
                                                          0.06       3.47 f
  u_dip_std_array/u_stream_dip/gen_rows[1].gen_cols[2].u_dip_pe/add_32_aco/U39/Y (NAND2BX2)
                                                          0.05       3.52 r
  u_dip_std_array/u_stream_dip/gen_rows[1].gen_cols[2].u_dip_pe/add_32_aco/U13/Y (NAND3X4)
                                                          0.06       3.58 f
  u_dip_std_array/u_stream_dip/gen_rows[1].gen_cols[2].u_dip_pe/add_32_aco/U181/Y (OAI2B1X4)
                                                          0.04       3.62 r
  u_dip_std_array/u_stream_dip/gen_rows[1].gen_cols[2].u_dip_pe/add_32_aco/U172/Y (NAND2X4)
                                                          0.05       3.67 f
  u_dip_std_array/u_stream_dip/gen_rows[1].gen_cols[2].u_dip_pe/add_32_aco/U5/Y (OAI21X8)
                                                          0.04       3.71 r
  u_dip_std_array/u_stream_dip/gen_rows[1].gen_cols[2].u_dip_pe/add_32_aco/U168/Y (NAND2X8)
                                                          0.04       3.75 f
  u_dip_std_array/u_stream_dip/gen_rows[1].gen_cols[2].u_dip_pe/add_32_aco/U22/Y (NAND2X2)
                                                          0.03       3.78 r
  u_dip_std_array/u_stream_dip/gen_rows[1].gen_cols[2].u_dip_pe/add_32_aco/U23/Y (INVX2)
                                                          0.03       3.81 f
  u_dip_std_array/u_stream_dip/gen_rows[1].gen_cols[2].u_dip_pe/add_32_aco/U15/Y (AOI21X4)
                                                          0.06       3.86 r
  u_dip_std_array/u_stream_dip/gen_rows[1].gen_cols[2].u_dip_pe/add_32_aco/U58/Y (NAND2X4)
                                                          0.04       3.91 f
  u_dip_std_array/u_stream_dip/gen_rows[1].gen_cols[2].u_dip_pe/add_32_aco/U56/Y (OAI21X4)
                                                          0.03       3.94 r
  u_dip_std_array/u_stream_dip/gen_rows[1].gen_cols[2].u_dip_pe/add_32_aco/U57/Y (NAND2X4)
                                                          0.05       3.99 f
  u_dip_std_array/u_stream_dip/gen_rows[1].gen_cols[2].u_dip_pe/add_32_aco/U11/Y (OAI2B1X4)
                                                          0.03       4.02 r
  u_dip_std_array/u_stream_dip/gen_rows[1].gen_cols[2].u_dip_pe/add_32_aco/U178/Y (OAI2BB1X4)
                                                          0.05       4.07 f
  u_dip_std_array/u_stream_dip/gen_rows[1].gen_cols[2].u_dip_pe/add_32_aco/U182/Y (OAI2B1X4)
                                                          0.03       4.10 r
  u_dip_std_array/u_stream_dip/gen_rows[1].gen_cols[2].u_dip_pe/add_32_aco/U60/Y (NAND2X4)
                                                          0.05       4.15 f
  u_dip_std_array/u_stream_dip/gen_rows[1].gen_cols[2].u_dip_pe/add_32_aco/U3/Y (NAND2X4)
                                                          0.04       4.19 r
  u_dip_std_array/u_stream_dip/gen_rows[1].gen_cols[2].u_dip_pe/add_32_aco/U2/Y (NAND2X4)
                                                          0.03       4.22 f
  u_dip_std_array/u_stream_dip/gen_rows[1].gen_cols[2].u_dip_pe/add_32_aco/U8/Y (INVX3)
                                                          0.03       4.25 r
  u_dip_std_array/u_stream_dip/gen_rows[1].gen_cols[2].u_dip_pe/add_32_aco/U12/Y (OAI21X4)
                                                          0.04       4.29 f
  u_dip_std_array/u_stream_dip/gen_rows[1].gen_cols[2].u_dip_pe/add_32_aco/U44/Y (INVX4)
                                                          0.04       4.33 r
  u_dip_std_array/u_stream_dip/gen_rows[1].gen_cols[2].u_dip_pe/add_32_aco/U4/Y (OAI21X8)
                                                          0.03       4.36 f
  u_dip_std_array/u_stream_dip/gen_rows[1].gen_cols[2].u_dip_pe/add_32_aco/U66/Y (OAI21X4)
                                                          0.03       4.40 r
  u_dip_std_array/u_stream_dip/gen_rows[1].gen_cols[2].u_dip_pe/add_32_aco/U179/Y (OAI2BB1X4)
                                                          0.05       4.44 f
  u_dip_std_array/u_stream_dip/gen_rows[1].gen_cols[2].u_dip_pe/add_32_aco/U10/Y (INVX3)
                                                          0.03       4.47 r
  u_dip_std_array/u_stream_dip/gen_rows[1].gen_cols[2].u_dip_pe/add_32_aco/U9/Y (OAI21X4)
                                                          0.03       4.51 f
  u_dip_std_array/u_stream_dip/gen_rows[1].gen_cols[2].u_dip_pe/add_32_aco/U109/Y (OAI21X2)
                                                          0.03       4.54 r
  u_dip_std_array/u_stream_dip/gen_rows[1].gen_cols[2].u_dip_pe/add_32_aco/U108/Y (OAI2BB1X2)
                                                          0.05       4.59 f
  u_dip_std_array/u_stream_dip/gen_rows[1].gen_cols[2].u_dip_pe/add_32_aco/U165/Y (OAI2BB1X4)
                                                          0.09       4.68 f
  u_dip_std_array/u_stream_dip/gen_rows[1].gen_cols[2].u_dip_pe/add_32_aco/U177/Y (XNOR2X4)
                                                          0.08       4.76 r
  u_dip_std_array/u_stream_dip/gen_rows[1].gen_cols[2].u_dip_pe/add_32_aco/SUM[31] (dip_pe_DATA_WIDTH16_WEIGHT_WIDTH16_ACC_WIDTH32_10_DW01_add_0)
                                                          0.00       4.76 r
  u_dip_std_array/u_stream_dip/gen_rows[1].gen_cols[2].u_dip_pe/U9/Y (AO22X4)
                                                          0.10       4.85 r
  u_dip_std_array/u_stream_dip/gen_rows[1].gen_cols[2].u_dip_pe/psum_out_reg_reg[31]/D (DFFRQX1)
                                                          0.00       4.85 r
  data arrival time                                                  4.85

  clock clk (rise edge)                                   5.00       5.00
  clock network delay (ideal)                             0.00       5.00
  u_dip_std_array/u_stream_dip/gen_rows[1].gen_cols[2].u_dip_pe/psum_out_reg_reg[31]/CK (DFFRQX1)
                                                          0.00       5.00 r
  library setup time                                     -0.15       4.85
  data required time                                                 4.85
  --------------------------------------------------------------------------
  data required time                                                 4.85
  data arrival time                                                 -4.85
  --------------------------------------------------------------------------
  slack (MET)                                                        0.00


1
