
Power Net Detected:
    Voltage	    Name
    0.00V	    VSS
    0.90V	    VDD
Using Power View: view_default.
Load RC corner of view view_default

Begin Power Analysis

    0.00V	    VSS
    0.90V	    VDD

Begin Processing Timing Library for Power Calculation

Begin Processing Timing Library for Power Calculation



Begin Processing Power Net/Grid for Power Calculation

Ended Processing Power Net/Grid for Power Calculation: (cpu=0:00:00, real=0:00:00, mem(process/total/peak)=1286.18MB/2383.63MB/1384.14MB)

Begin Processing Timing Window Data for Power Calculation

clk(200MHz) CK: assigning clock clk to net clk
Ended Processing Timing Window Data for Power Calculation: (cpu=0:00:00, real=0:00:00, mem(process/total/peak)=1287.14MB/2383.63MB/1384.14MB)

Begin Processing User Attributes

Ended Processing User Attributes: (cpu=0:00:00, real=0:00:00, mem(process/total/peak)=1287.20MB/2383.63MB/1384.14MB)

Begin Processing Signal Activity


Starting Levelizing
2026-Apr-26 15:48:25 (2026-Apr-26 07:48:25 GMT)
2026-Apr-26 15:48:25 (2026-Apr-26 07:48:25 GMT): 10%
2026-Apr-26 15:48:25 (2026-Apr-26 07:48:25 GMT): 20%
2026-Apr-26 15:48:25 (2026-Apr-26 07:48:25 GMT): 30%
2026-Apr-26 15:48:25 (2026-Apr-26 07:48:25 GMT): 40%
2026-Apr-26 15:48:25 (2026-Apr-26 07:48:25 GMT): 50%
2026-Apr-26 15:48:25 (2026-Apr-26 07:48:25 GMT): 60%
2026-Apr-26 15:48:25 (2026-Apr-26 07:48:25 GMT): 70%
2026-Apr-26 15:48:25 (2026-Apr-26 07:48:25 GMT): 80%
2026-Apr-26 15:48:25 (2026-Apr-26 07:48:25 GMT): 90%

Finished Levelizing
2026-Apr-26 15:48:25 (2026-Apr-26 07:48:25 GMT)

Starting Activity Propagation
2026-Apr-26 15:48:25 (2026-Apr-26 07:48:25 GMT)
** INFO:  (VOLTUS_POWR-1356): No default input activity has been set. Defaulting to 0.2.
Use 'set_default_switching_activity -input_activity' command to change the default activity value.

2026-Apr-26 15:48:26 (2026-Apr-26 07:48:26 GMT): 10%
2026-Apr-26 15:48:26 (2026-Apr-26 07:48:26 GMT): 20%

Finished Activity Propagation
2026-Apr-26 15:48:26 (2026-Apr-26 07:48:26 GMT)
Ended Processing Signal Activity: (cpu=0:00:01, real=0:00:01, mem(process/total/peak)=1287.79MB/2383.63MB/1384.14MB)

Begin Power Computation

      ----------------------------------------------------------
      # of cell(s) missing both power/leakage table: 0
      # of cell(s) missing power table: 1
      # of cell(s) missing leakage table: 0
      # of MSMV cell(s) missing power_level: 0
      ----------------------------------------------------------
CellName                                  Missing Table(s)
TIELBWP12T40P140                          internal power, 



Starting Calculating power
2026-Apr-26 15:48:26 (2026-Apr-26 07:48:26 GMT)
 ... Calculating switching power
2026-Apr-26 15:48:26 (2026-Apr-26 07:48:26 GMT): 10%
2026-Apr-26 15:48:26 (2026-Apr-26 07:48:26 GMT): 20%
2026-Apr-26 15:48:26 (2026-Apr-26 07:48:26 GMT): 30%
2026-Apr-26 15:48:26 (2026-Apr-26 07:48:26 GMT): 40%
2026-Apr-26 15:48:26 (2026-Apr-26 07:48:26 GMT): 50%
 ... Calculating internal and leakage power
2026-Apr-26 15:48:27 (2026-Apr-26 07:48:27 GMT): 60%
2026-Apr-26 15:48:28 (2026-Apr-26 07:48:28 GMT): 70%
2026-Apr-26 15:48:29 (2026-Apr-26 07:48:29 GMT): 80%
2026-Apr-26 15:48:30 (2026-Apr-26 07:48:30 GMT): 90%

Finished Calculating power
2026-Apr-26 15:48:31 (2026-Apr-26 07:48:31 GMT)
Ended Power Computation: (cpu=0:00:04, real=0:00:05, mem(process/total/peak)=1288.23MB/2383.63MB/1384.14MB)

Begin Processing User Attributes

Ended Processing User Attributes: (cpu=0:00:00, real=0:00:00, mem(process/total/peak)=1288.23MB/2383.63MB/1384.14MB)

Ended Power Analysis: (cpu=0:00:06, real=0:00:06, mem(process/total/peak)=1288.24MB/2383.63MB/1384.14MB)

Begin Static Power Report Generation
*----------------------------------------------------------------------------------------
*	Innovus 18.10-p002_1 (64bit) 05/29/2018 19:19 (Linux 2.6.18-194.el5)
*	
*
* 	Date & Time:	2026-Apr-26 15:48:31 (2026-Apr-26 07:48:31 GMT)
*
*----------------------------------------------------------------------------------------
*
*	Design: dip_core_std_top_4x4
*
*	Liberty Libraries used:
*	        view_default: /home/host_1/systolic_array_edge/asic_commercial/pdk_cache/tsmc28_icc/logic/TSMCHOME/digital/Front_End/timing_power_noise/NLDM/tcbn28hpcplusbwp12t40p140_180a/tcbn28hpcplusbwp12t40p140tt0p9v25c.lib
*
*	Parasitic Files used:
*
*       Power View : view_default
*
*       User-Defined Activity : N.A.
*
*       Activity File: N.A.
*
*       Hierarchical Global Activity: N.A.
*
*       Global Activity: N.A.
*
*       Sequential Element Activity: 0.200000
*
*       Primary Input Activity: 0.200000
*
*       Default icg ratio: N.A.
*
*       Global Comb ClockGate Ratio: N.A.
*
*	Power Units = 1mW
*
*	Time Units = 1e-09 secs
*
*       report_power
*
-----------------------------------------------------------------------------------------
*



Total Power
-----------------------------------------------------------------------------------------
Total Internal Power:        2.47035347 	   59.9926%
Total Switching Power:       1.63627571 	   39.7370%
Total Leakage Power:         0.01113229 	    0.2703%
Total Power:                 4.11776147
-----------------------------------------------------------------------------------------


Group                           Internal   Switching     Leakage       Total  Percentage 
                                Power      Power         Power         Power  (%)        
-----------------------------------------------------------------------------------------
Sequential                         1.075      0.1152     0.00372       1.194       28.99
Macro                                  0           0           0           0           0
IO                                     0           0    8.05e-08    8.05e-08   1.955e-06
Combinational                        1.3       1.336    0.007216       2.643       64.18
Clock (Combinational)            0.07211       0.165   0.0001535      0.2373       5.763
Clock (Sequential)               0.02388     0.02028   4.341e-05      0.0442       1.073
-----------------------------------------------------------------------------------------
Total                               2.47       1.636     0.01113       4.118         100
-----------------------------------------------------------------------------------------


Rail                  Voltage   Internal   Switching     Leakage       Total  Percentage 
                                Power      Power         Power         Power  (%)        
-----------------------------------------------------------------------------------------
VDD                       0.9       2.47       1.636     0.01113       4.118         100


Clock                           Internal   Switching     Leakage       Total  Percentage 
                                Power      Power         Power         Power  (%)        
-----------------------------------------------------------------------------------------
clk                              0.09599      0.1853   0.0001969      0.2815       6.836
-----------------------------------------------------------------------------------------
Total                            0.09599      0.1853   0.0001969      0.2815       6.836
-----------------------------------------------------------------------------------------
Clock: clk
Clock Period: 0.005000 usec 
Clock Toggle Rate:   400.0000 Mhz 
Clock Static Probability:  0.5000
  
 
 
-----------------------------------------------------------------------------------------
*	Power Distribution Summary: 
*              Highest Average Power: u_dip_std_array_u_stream_dip/CTS_ccl_a_buf_00017 (BUFFD16BWP12T40P140):          0.01361
*              Highest Leakage Power: u_dip_std_array_u_stream_dip/CTS_ccl_a_buf_00054 (BUFFD16BWP12T40P140):         7.24e-06
*                Total Cap:      5.84007e-11 F
*                Total instances in design: 13059
*                Total instances in design with no power:     0
*                Total instances in design with no activty:     0

*                Total Fillers and Decap:     0
-----------------------------------------------------------------------------------------
 
Ended Static Power Report Generation: (cpu=0:00:00, real=0:00:00,
mem(process/total/peak)=1292.37MB/2383.63MB/1384.14MB)

