###############################################################
#  Generated by:      Cadence Innovus 18.10-p002_1
#  OS:                Linux x86_64(Host ID IC_EDA)
#  Generated on:      Sun Apr 26 15:48:16 2026
#  Design:            dip_core_std_top_4x4
#  Command:           report_timing
###############################################################
#################################################################################
# Design Stage: PostRoute
# Design Name: dip_core_std_top_4x4
# Design Mode: 28nm
# Analysis Mode: MMMC Non-OCV 
# Parasitics Mode: SPEF/RCDB
# Signoff Settings: SI Off 
#################################################################################
AAE_INFO: 1 threads acquired from CTE.
Calculate delays in Single mode...
Start delay calculation (fullDC) (1 T). (MEM=1434.09)
Reading RCDB with compressed RC data.
AAE_INFO: 1 threads acquired from CTE.
Total number of fetched objects 15316
AAE_INFO: Total number of nets for which stage creation was skipped for all views 0
End delay calculation. (MEM=1514.11 CPU=0:00:05.5 REAL=0:00:06.0)
End delay calculation (fullDC). (MEM=1514.11 CPU=0:00:06.7 REAL=0:00:07.0)
Path 1: MET Setup Check with Pin u_dip_std_array_u_stream_dip/gen_rows_0__gen_
cols_2__u_dip_pe_psum_out_reg_reg_30_/CP 
Endpoint:   u_dip_std_array_u_stream_dip/gen_rows_0__gen_cols_2__u_dip_pe_psum_
out_reg_reg_30_/D (^) checked with  leading edge of 'clk'
Beginpoint: input_row_valid                                                     
(^) triggered by  leading edge of 'clk'
Path Groups: {clk}
Analysis View: view_default
Other End Arrival Time         -0.001
- Setup                         0.021
+ Phase Shift                   5.000
- Uncertainty                   0.050
= Required Time                 4.928
- Arrival Time                  2.890
= Slack Time                    2.038
     Clock Rise Edge                      0.000
     + Input Delay                        1.000
     = Beginpoint Arrival Time            1.000
     +-----------------------------------------------------------------------------------------------------------------------------+ 
     |                      Instance                      |        Arc        |         Cell          | Delay | Arrival | Required | 
     |                                                    |                   |                       |       |  Time   |   Time   | 
     |----------------------------------------------------+-------------------+-----------------------+-------+---------+----------| 
     |                                                    | input_row_valid ^ |                       |       |   1.000 |    3.038 | 
     | u_dip_std_array_u_stream_dip/U4439                 | A2 ^ -> ZN v      | ND2D0BWP12T40P140     | 0.020 |   1.020 |    3.058 | 
     | u_dip_std_array_u_stream_dip/U4077                 | A3 v -> ZN ^      | NR3D0BWP12T40P140     | 0.023 |   1.043 |    3.081 | 
     | u_dip_std_array_u_stream_dip/FE_OFC72_n6193        | I ^ -> Z ^        | BUFFD1BWP12T40P140    | 0.123 |   1.166 |    3.204 | 
     | u_dip_std_array_u_stream_dip/U5418                 | B1 ^ -> ZN v      | AOI22D0BWP12T40P140   | 0.145 |   1.311 |    3.349 | 
     | u_dip_std_array_u_stream_dip/U2897                 | A1 v -> ZN ^      | NR2D0BWP12T40P140     | 0.155 |   1.467 |    3.504 | 
     | u_dip_std_array_u_stream_dip/U2385                 | I ^ -> ZN v       | INVD0BWP12T40P140     | 0.114 |   1.580 |    3.618 | 
     | u_dip_std_array_u_stream_dip/U8649                 | B2 v -> ZN ^      | AOI22D0BWP12T40P140   | 0.053 |   1.633 |    3.671 | 
     | u_dip_std_array_u_stream_dip/U1718                 | B2 ^ -> ZN v      | OAI22D0BWP12T40P140   | 0.035 |   1.668 |    3.706 | 
     | u_dip_std_array_u_stream_dip/U1041                 | A1 v -> ZN ^      | ND2D0BWP12T40P140     | 0.031 |   1.699 |    3.737 | 
     | u_dip_std_array_u_stream_dip/U824                  | B ^ -> ZN v       | OAI21D0BWP12T40P140   | 0.039 |   1.738 |    3.776 | 
     | u_dip_std_array_u_stream_dip/U739                  | A v -> CO v       | FA1D1BWP12T40P140     | 0.048 |   1.786 |    3.824 | 
     | u_dip_std_array_u_stream_dip/U614                  | CI v -> S v       | FA1D1BWP12T40P140     | 0.052 |   1.838 |    3.876 | 
     | u_dip_std_array_u_stream_dip/intadd_30_U3          | A v -> CO v       | FA1D1BWP12T40P140     | 0.040 |   1.878 |    3.916 | 
     | u_dip_std_array_u_stream_dip/intadd_30_U2          | CI v -> CO v      | FA1D1BWP12T40P140     | 0.035 |   1.913 |    3.951 | 
     | u_dip_std_array_u_stream_dip/U426                  | A1 v -> ZN ^      | ND2D0BWP12T40P140     | 0.015 |   1.927 |    3.965 | 
     | u_dip_std_array_u_stream_dip/U412                  | A1 ^ -> ZN v      | AOI21D0BWP12T40P140   | 0.032 |   1.960 |    3.998 | 
     | u_dip_std_array_u_stream_dip/intadd_53_U4          | A v -> CO v       | FA1D1BWP12T40P140     | 0.048 |   2.008 |    4.045 | 
     | u_dip_std_array_u_stream_dip/intadd_53_U3          | CI v -> CO v      | FA1D1BWP12T40P140     | 0.035 |   2.043 |    4.081 | 
     | u_dip_std_array_u_stream_dip/intadd_53_U2          | CI v -> CO v      | FA1D1BWP12T40P140     | 0.039 |   2.081 |    4.119 | 
     | u_dip_std_array_u_stream_dip/U347                  | A1 v -> ZN ^      | ND2D0BWP12T40P140     | 0.018 |   2.099 |    4.137 | 
     | u_dip_std_array_u_stream_dip/U341                  | B ^ -> ZN v       | OAI21D0BWP12T40P140   | 0.037 |   2.136 |    4.174 | 
     | u_dip_std_array_u_stream_dip/intadd_135_U2         | A v -> CO v       | FA1D1BWP12T40P140     | 0.046 |   2.182 |    4.220 | 
     | u_dip_std_array_u_stream_dip/U293                  | A1 v -> ZN ^      | NR2D0BWP12T40P140     | 0.021 |   2.203 |    4.241 | 
     | u_dip_std_array_u_stream_dip/U271                  | A1 ^ -> ZN v      | OAI21D0BWP12T40P140   | 0.029 |   2.232 |    4.270 | 
     | u_dip_std_array_u_stream_dip/U235                  | C v -> ZN ^       | MAOI222D0BWP12T40P140 | 0.039 |   2.271 |    4.309 | 
     | u_dip_std_array_u_stream_dip/U212                  | B1 ^ -> ZN v      | IND2D1BWP12T40P140    | 0.022 |   2.293 |    4.331 | 
     | u_dip_std_array_u_stream_dip/U208                  | A2 v -> ZN v      | IOA21D0BWP12T40P140   | 0.038 |   2.332 |    4.370 | 
     | u_dip_std_array_u_stream_dip/intadd_14_U4          | B v -> CO v       | FA1D1BWP12T40P140     | 0.044 |   2.376 |    4.413 | 
     | u_dip_std_array_u_stream_dip/intadd_14_U3          | CI v -> CO v      | FA1D1BWP12T40P140     | 0.034 |   2.410 |    4.447 | 
     | u_dip_std_array_u_stream_dip/intadd_14_U2          | CI v -> CO v      | FA1D1BWP12T40P140     | 0.033 |   2.443 |    4.481 | 
     | u_dip_std_array_u_stream_dip/U151                  | A1 v -> ZN ^      | ND2D0BWP12T40P140     | 0.014 |   2.457 |    4.495 | 
     | u_dip_std_array_u_stream_dip/U135                  | B ^ -> ZN v       | OAI21D0BWP12T40P140   | 0.035 |   2.492 |    4.530 | 
     | u_dip_std_array_u_stream_dip/intadd_1_U9           | A v -> CO v       | FA1D1BWP12T40P140     | 0.048 |   2.540 |    4.578 | 
     | u_dip_std_array_u_stream_dip/intadd_1_U8           | CI v -> CO v      | FA1D1BWP12T40P140     | 0.037 |   2.577 |    4.615 | 
     | u_dip_std_array_u_stream_dip/intadd_1_U7           | CI v -> CO v      | FA1D1BWP12T40P140     | 0.035 |   2.613 |    4.650 | 
     | u_dip_std_array_u_stream_dip/intadd_1_U6           | CI v -> CO v      | FA1D1BWP12T40P140     | 0.034 |   2.647 |    4.684 | 
     | u_dip_std_array_u_stream_dip/intadd_1_U5           | CI v -> CO v      | FA1D1BWP12T40P140     | 0.034 |   2.680 |    4.718 | 
     | u_dip_std_array_u_stream_dip/intadd_1_U4           | CI v -> CO v      | FA1D1BWP12T40P140     | 0.034 |   2.714 |    4.752 | 
     | u_dip_std_array_u_stream_dip/intadd_1_U3           | CI v -> CO v      | FA1D1BWP12T40P140     | 0.034 |   2.748 |    4.786 | 
     | u_dip_std_array_u_stream_dip/intadd_1_U2           | CI v -> CO v      | FA1D1BWP12T40P140     | 0.034 |   2.781 |    4.819 | 
     | u_dip_std_array_u_stream_dip/U55                   | A2 v -> ZN ^      | ND2D0BWP12T40P140     | 0.015 |   2.797 |    4.834 | 
     | u_dip_std_array_u_stream_dip/U40                   | B ^ -> ZN v       | OAI21D0BWP12T40P140   | 0.029 |   2.826 |    4.863 | 
     | u_dip_std_array_u_stream_dip/U38                   | CI v -> S v       | FA1D1BWP12T40P140     | 0.049 |   2.874 |    4.912 | 
     | u_dip_std_array_u_stream_dip/U22                   | A1 v -> ZN ^      | NR2D0BWP12T40P140     | 0.015 |   2.890 |    4.928 | 
     | u_dip_std_array_u_stream_dip/gen_rows_0__gen_cols_ | D ^               | DFCNQD1BWP12T40P140   | 0.000 |   2.890 |    4.928 | 
     | 2__u_dip_pe_psum_out_reg_reg_30_                   |                   |                       |       |         |          | 
     +-----------------------------------------------------------------------------------------------------------------------------+ 

