 
****************************************
Report : area
Design : dip_core_top_4x4
Version: O-2018.06-SP1
Date   : Tue Apr 21 12:01:47 2026
****************************************

Library(s) Used:

    slow (File: /home/ic_libs/TSMC.90/aci/sc-x/synopsys/slow.db)

Number of ports:                         7728
Number of nets:                         33987
Number of cells:                        24022
Number of combinational cells:          22420
Number of sequential cells:              1486
Number of macros/black boxes:               0
Number of buf/inv:                       3466
Number of references:                       1

Combinational area:             207117.594226
Buf/Inv area:                     9823.363439
Noncombinational area:           21170.116884
Macro/Black Box area:                0.000000
Net Interconnect area:      undefined  (No wire load specified)

Total cell area:                228287.711110
Total area:                 undefined
1
