Loading db file '/home/ic_libs/TSMC.90/aci/sc-x/synopsys/slow.db'
Information: Propagating switching activity (low effort zero delay simulation). (PWR-6)
Warning: Design has unannotated primary inputs. (PWR-414)
Warning: Design has unannotated sequential cell outputs. (PWR-415)
 
****************************************
Report : power
        -analysis_effort low
Design : dip_core_top_4x4
Version: O-2018.06-SP1
Date   : Tue Apr 21 12:58:24 2026
****************************************


Library(s) Used:

    slow (File: /home/ic_libs/TSMC.90/aci/sc-x/synopsys/slow.db)


Operating Conditions: slow   Library: slow
Wire Load Model Mode: top


Global Operating Voltage = 0.9  
Power-specific unit information :
    Voltage Units = 1V
    Capacitance Units = 1.000000pf
    Time Units = 1ns
    Dynamic Power Units = 1mW    (derived from V,C,T units)
    Leakage Power Units = 1pW


  Cell Internal Power  =   1.9466 mW   (83%)
  Net Switching Power  = 390.1312 uW   (17%)
                         ---------
Total Dynamic Power    =   2.3367 mW  (100%)

Cell Leakage Power     =   1.4186 mW


                 Internal         Switching           Leakage            Total
Power Group      Power            Power               Power              Power   (   %    )  Attrs
--------------------------------------------------------------------------------------------------
io_pad             0.0000            0.0000            0.0000            0.0000  (   0.00%)
memory             0.0000            0.0000            0.0000            0.0000  (   0.00%)
black_box          0.0000            0.0000            0.0000            0.0000  (   0.00%)
clock_network  7.2690e-02            0.1153        1.7390e+06            0.1897  (   5.05%)
register           1.2422        7.8365e-03        4.4654e+07            1.2947  (  34.48%)
sequential         0.0000            0.0000            0.0000            0.0000  (   0.00%)
combinational      0.6317            0.2670        1.3722e+09            2.2709  (  60.47%)
--------------------------------------------------------------------------------------------------
Total              1.9466 mW         0.3901 mW     1.4186e+09 pW         3.7553 mW
1
