Information: Updating design information... (UID-85)
Warning: Design 'dip_core_top_4x4' contains 1 high-fanout nets. A fanout number of 1000 will be used for delay calculations involving these nets. (TIM-134)
Warning: A non-unate path in clock network for clock 'clk'
 from pin 'u_dip_array/gen_rows[0].gen_cols[0].u_dip_pe/clk_gate_stored_weight_reg/latch/CKcheckpin1' is detected. (TIM-052)
 
****************************************
Report : qor
Design : dip_core_top_4x4
Version: O-2018.06-SP1
Date   : Tue Apr 21 12:58:22 2026
****************************************


  Timing Path Group 'clk'
  -----------------------------------
  Levels of Logic:              49.00
  Critical Path Length:          3.90
  Critical Path Slack:           0.00
  Critical Path Clk Period:      5.00
  Total Negative Slack:          0.00
  No. of Violating Paths:        0.00
  Worst Hold Violation:          0.00
  Total Hold Violation:          0.00
  No. of Hold Violations:        0.00
  -----------------------------------


  Cell Count
  -----------------------------------
  Hierarchical Cell Count:        115
  Hierarchical Port Count:       7458
  Leaf Cell Count:              22553
  Buf/Inv Cell Count:            2597
  Buf Cell Count:                  57
  Inv Cell Count:                2540
  CT Buf/Inv Cell Count:            0
  Combinational Cell Count:     21203
  Sequential Cell Count:         1350
  Macro Count:                      0
  -----------------------------------


  Area
  -----------------------------------
  Combinational Area:   190293.267653
  Noncombinational Area: 21187.051322
  Buf/Inv Area:           6496.459388
  Total Buffer Area:           280.83
  Total Inverter Area:        6215.63
  Macro/Black Box Area:      0.000000
  Net Area:                  0.000000
  -----------------------------------
  Cell Area:            211480.318974
  Design Area:          211480.318974


  Design Rules
  -----------------------------------
  Total Number of Nets:         25567
  Nets With Violations:             0
  Max Trans Violations:             0
  Max Cap Violations:               0
  -----------------------------------


  Hostname: IC_EDA

  Compile CPU Statistics
  -----------------------------------------
  Resource Sharing:                    9.20
  Logic Optimization:                 39.07
  Mapping Optimization:              258.90
  -----------------------------------------
  Overall Compile Time:              310.46
  Overall Compile Wall Clock Time:   312.85

  --------------------------------------------------------------------

  Design  WNS: 0.00  TNS: 0.00  Number of Violating Paths: 0


  Design (Hold)  WNS: 0.00  TNS: 0.00  Number of Violating Paths: 0

  --------------------------------------------------------------------


1
