Information: Updating design information... (UID-85)
Warning: Design 'dip_core_top_4x4' contains 2 high-fanout nets. A fanout number of 1000 will be used for delay calculations involving these nets. (TIM-134)
Warning: A non-unate path in clock network for clock 'clk'
 from pin 'u_dip_array/clk_gate_output_row_data_reg_reg/latch/CKcheckpin1' is detected. (TIM-052)
 
****************************************
Report : qor
Design : dip_core_top_4x4
Version: O-2018.06-SP1
Date   : Tue Apr 21 18:23:32 2026
****************************************


  Timing Path Group 'clk'
  -----------------------------------
  Levels of Logic:              43.00
  Critical Path Length:          3.91
  Critical Path Slack:           0.00
  Critical Path Clk Period:      5.00
  Total Negative Slack:          0.00
  No. of Violating Paths:        0.00
  Worst Hold Violation:          0.00
  Total Hold Violation:          0.00
  No. of Hold Violations:        0.00
  -----------------------------------


  Cell Count
  -----------------------------------
  Hierarchical Cell Count:         82
  Hierarchical Port Count:       7326
  Leaf Cell Count:              22962
  Buf/Inv Cell Count:            2765
  Buf Cell Count:                  79
  Inv Cell Count:                2686
  CT Buf/Inv Cell Count:            0
  Combinational Cell Count:     21774
  Sequential Cell Count:         1188
  Macro Count:                      0
  -----------------------------------


  Area
  -----------------------------------
  Combinational Area:   191259.234058
  Noncombinational Area: 18991.224195
  Buf/Inv Area:           6787.166600
  Total Buffer Area:           421.24
  Total Inverter Area:        6365.92
  Macro/Black Box Area:      0.000000
  Net Area:                  0.000000
  -----------------------------------
  Cell Area:            210250.458253
  Design Area:          210250.458253


  Design Rules
  -----------------------------------
  Total Number of Nets:         25879
  Nets With Violations:             0
  Max Trans Violations:             0
  Max Cap Violations:               0
  -----------------------------------


  Hostname: IC_EDA

  Compile CPU Statistics
  -----------------------------------------
  Resource Sharing:                    8.92
  Logic Optimization:                 41.13
  Mapping Optimization:              299.71
  -----------------------------------------
  Overall Compile Time:              352.78
  Overall Compile Wall Clock Time:   351.46

  --------------------------------------------------------------------

  Design  WNS: 0.00  TNS: 0.00  Number of Violating Paths: 0


  Design (Hold)  WNS: 0.00  TNS: 0.00  Number of Violating Paths: 0

  --------------------------------------------------------------------


1
