 
****************************************
Report : timing
        -path full
        -delay max
        -max_paths 1
Design : dip_core_top_4x4
Version: O-2018.06-SP1
Date   : Tue Apr 21 12:01:47 2026
****************************************

Operating Conditions: slow   Library: slow
Wire Load Model Mode: top

  Startpoint: weight_row_idx[0]
              (input port clocked by clk)
  Endpoint: u_dip_array/gen_rows[2].gen_cols[0].u_dip_pe/psum_out_reg_reg[30]
            (rising edge-triggered flip-flop clocked by clk)
  Path Group: clk
  Path Type: max

  Point                                                   Incr       Path
  --------------------------------------------------------------------------
  clock clk (rise edge)                                   0.00       0.00
  clock network delay (ideal)                             0.00       0.00
  input external delay                                    1.00       1.00 f
  weight_row_idx[0] (in)                                  0.00       1.00 f
  u_dip_array/weight_row_idx[0] (systolic_array_dip_4x4_DATA_WIDTH16_WEIGHT_WIDTH16_ACC_WIDTH32_ARRAY_SIZE4)
                                                          0.00       1.00 f
  u_dip_array/U28/Y (CLKINVX40)                           0.01       1.01 r
  u_dip_array/U26/Y (NAND3X8)                             0.05       1.06 f
  u_dip_array/U27/Y (CLKINVX20)                           0.05       1.11 r
  u_dip_array/gen_rows[2].gen_cols[0].u_dip_pe/weight_load (dip_pe_DATA_WIDTH16_WEIGHT_WIDTH16_ACC_WIDTH32_8)
                                                          0.00       1.11 r
  u_dip_array/gen_rows[2].gen_cols[0].u_dip_pe/U34/Y (INVX6)
                                                          0.04       1.15 f
  u_dip_array/gen_rows[2].gen_cols[0].u_dip_pe/U3/Y (INVX20)
                                                          0.06       1.21 r
  u_dip_array/gen_rows[2].gen_cols[0].u_dip_pe/U24/Y (MXI2X6)
                                                          0.07       1.28 r
  u_dip_array/gen_rows[2].gen_cols[0].u_dip_pe/U13/Y (CLKINVX8)
                                                          0.05       1.33 f
  u_dip_array/gen_rows[2].gen_cols[0].u_dip_pe/mult_33/B[14] (dip_pe_DATA_WIDTH16_WEIGHT_WIDTH16_ACC_WIDTH32_8_DW02_mult_0)
                                                          0.00       1.33 f
  u_dip_array/gen_rows[2].gen_cols[0].u_dip_pe/mult_33/U241/Y (INVX12)
                                                          0.04       1.38 r
  u_dip_array/gen_rows[2].gen_cols[0].u_dip_pe/mult_33/U113/Y (NOR2X6)
                                                          0.03       1.40 f
  u_dip_array/gen_rows[2].gen_cols[0].u_dip_pe/mult_33/U4/Y (INVX6)
                                                          0.04       1.44 r
  u_dip_array/gen_rows[2].gen_cols[0].u_dip_pe/mult_33/U269/Y (XNOR2X4)
                                                          0.08       1.52 f
  u_dip_array/gen_rows[2].gen_cols[0].u_dip_pe/mult_33/S2_2_12/CO (ADDFHX4)
                                                          0.14       1.66 f
  u_dip_array/gen_rows[2].gen_cols[0].u_dip_pe/mult_33/S2_3_12/CO (ADDFHX4)
                                                          0.16       1.82 f
  u_dip_array/gen_rows[2].gen_cols[0].u_dip_pe/mult_33/S2_4_12/CO (ADDFHX4)
                                                          0.16       1.99 f
  u_dip_array/gen_rows[2].gen_cols[0].u_dip_pe/mult_33/S2_5_12/CO (ADDFHX4)
                                                          0.16       2.15 f
  u_dip_array/gen_rows[2].gen_cols[0].u_dip_pe/mult_33/S2_6_12/CO (ADDFHX4)
                                                          0.16       2.32 f
  u_dip_array/gen_rows[2].gen_cols[0].u_dip_pe/mult_33/S2_7_12/CO (ADDFHX4)
                                                          0.16       2.48 f
  u_dip_array/gen_rows[2].gen_cols[0].u_dip_pe/mult_33/S2_8_12/CO (ADDFHX4)
                                                          0.16       2.65 f
  u_dip_array/gen_rows[2].gen_cols[0].u_dip_pe/mult_33/S2_9_12/CO (ADDFHX4)
                                                          0.16       2.81 f
  u_dip_array/gen_rows[2].gen_cols[0].u_dip_pe/mult_33/S2_10_12/CO (ADDFHX4)
                                                          0.16       2.97 f
  u_dip_array/gen_rows[2].gen_cols[0].u_dip_pe/mult_33/S2_11_12/CO (ADDFHX4)
                                                          0.16       3.14 f
  u_dip_array/gen_rows[2].gen_cols[0].u_dip_pe/mult_33/S2_12_12/CO (ADDFHX4)
                                                          0.16       3.30 f
  u_dip_array/gen_rows[2].gen_cols[0].u_dip_pe/mult_33/S2_13_12/S (ADDFHX4)
                                                          0.15       3.45 f
  u_dip_array/gen_rows[2].gen_cols[0].u_dip_pe/mult_33/S2_14_11/S (ADDFHX4)
                                                          0.14       3.60 r
  u_dip_array/gen_rows[2].gen_cols[0].u_dip_pe/mult_33/S4_10/S (ADDFHX4)
                                                          0.15       3.75 r
  u_dip_array/gen_rows[2].gen_cols[0].u_dip_pe/mult_33/U164/Y (INVX3)
                                                          0.03       3.77 f
  u_dip_array/gen_rows[2].gen_cols[0].u_dip_pe/mult_33/U185/Y (CLKNAND2X4)
                                                          0.03       3.80 r
  u_dip_array/gen_rows[2].gen_cols[0].u_dip_pe/mult_33/U316/Y (NAND2X4)
                                                          0.04       3.84 f
  u_dip_array/gen_rows[2].gen_cols[0].u_dip_pe/mult_33/FS_1/A[23] (dip_pe_DATA_WIDTH16_WEIGHT_WIDTH16_ACC_WIDTH32_8_DW01_add_6)
                                                          0.00       3.84 f
  u_dip_array/gen_rows[2].gen_cols[0].u_dip_pe/mult_33/FS_1/U124/Y (OR2X8)
                                                          0.09       3.93 f
  u_dip_array/gen_rows[2].gen_cols[0].u_dip_pe/mult_33/FS_1/U6/Y (NAND2X6)
                                                          0.04       3.97 r
  u_dip_array/gen_rows[2].gen_cols[0].u_dip_pe/mult_33/FS_1/U88/Y (INVX4)
                                                          0.02       3.99 f
  u_dip_array/gen_rows[2].gen_cols[0].u_dip_pe/mult_33/FS_1/U43/Y (AND2X6)
                                                          0.06       4.05 f
  u_dip_array/gen_rows[2].gen_cols[0].u_dip_pe/mult_33/FS_1/U87/Y (AOI21X4)
                                                          0.05       4.11 r
  u_dip_array/gen_rows[2].gen_cols[0].u_dip_pe/mult_33/FS_1/U130/Y (NAND2X2)
                                                          0.05       4.15 f
  u_dip_array/gen_rows[2].gen_cols[0].u_dip_pe/mult_33/FS_1/U5/Y (CLKINVX4)
                                                          0.03       4.18 r
  u_dip_array/gen_rows[2].gen_cols[0].u_dip_pe/mult_33/FS_1/U66/Y (NAND3X4)
                                                          0.05       4.23 f
  u_dip_array/gen_rows[2].gen_cols[0].u_dip_pe/mult_33/FS_1/U131/Y (XOR2X4)
                                                          0.07       4.31 f
  u_dip_array/gen_rows[2].gen_cols[0].u_dip_pe/mult_33/FS_1/SUM[25] (dip_pe_DATA_WIDTH16_WEIGHT_WIDTH16_ACC_WIDTH32_8_DW01_add_6)
                                                          0.00       4.31 f
  u_dip_array/gen_rows[2].gen_cols[0].u_dip_pe/mult_33/PRODUCT[27] (dip_pe_DATA_WIDTH16_WEIGHT_WIDTH16_ACC_WIDTH32_8_DW02_mult_0)
                                                          0.00       4.31 f
  u_dip_array/gen_rows[2].gen_cols[0].u_dip_pe/mult_add_33_aco/A[27] (dip_pe_DATA_WIDTH16_WEIGHT_WIDTH16_ACC_WIDTH32_8_DW02_mult_1)
                                                          0.00       4.31 f
  u_dip_array/gen_rows[2].gen_cols[0].u_dip_pe/mult_add_33_aco/U35/Y (AND2X8)
                                                          0.08       4.39 f
  u_dip_array/gen_rows[2].gen_cols[0].u_dip_pe/mult_add_33_aco/PRODUCT[27] (dip_pe_DATA_WIDTH16_WEIGHT_WIDTH16_ACC_WIDTH32_8_DW02_mult_1)
                                                          0.00       4.39 f
  u_dip_array/gen_rows[2].gen_cols[0].u_dip_pe/add_33_aco/B[27] (dip_pe_DATA_WIDTH16_WEIGHT_WIDTH16_ACC_WIDTH32_8_DW01_add_5)
                                                          0.00       4.39 f
  u_dip_array/gen_rows[2].gen_cols[0].u_dip_pe/add_33_aco/U57/Y (INVX12)
                                                          0.03       4.42 r
  u_dip_array/gen_rows[2].gen_cols[0].u_dip_pe/add_33_aco/U37/Y (NAND2X4)
                                                          0.03       4.45 f
  u_dip_array/gen_rows[2].gen_cols[0].u_dip_pe/add_33_aco/U47/Y (CLKAND2X8)
                                                          0.07       4.52 f
  u_dip_array/gen_rows[2].gen_cols[0].u_dip_pe/add_33_aco/U48/Y (AOI21X4)
                                                          0.06       4.58 r
  u_dip_array/gen_rows[2].gen_cols[0].u_dip_pe/add_33_aco/U176/Y (OAI211X2)
                                                          0.07       4.65 f
  u_dip_array/gen_rows[2].gen_cols[0].u_dip_pe/add_33_aco/U95/Y (OAI2BB1X4)
                                                          0.09       4.74 f
  u_dip_array/gen_rows[2].gen_cols[0].u_dip_pe/add_33_aco/U89/Y (XOR2X4)
                                                          0.05       4.79 r
  u_dip_array/gen_rows[2].gen_cols[0].u_dip_pe/add_33_aco/SUM[30] (dip_pe_DATA_WIDTH16_WEIGHT_WIDTH16_ACC_WIDTH32_8_DW01_add_5)
                                                          0.00       4.79 r
  u_dip_array/gen_rows[2].gen_cols[0].u_dip_pe/U33/Y (NOR2BX4)
                                                          0.08       4.87 r
  u_dip_array/gen_rows[2].gen_cols[0].u_dip_pe/psum_out_reg_reg[30]/D (DFFSRX4)
                                                          0.00       4.87 r
  data arrival time                                                  4.87

  clock clk (rise edge)                                   5.00       5.00
  clock network delay (ideal)                             0.00       5.00
  u_dip_array/gen_rows[2].gen_cols[0].u_dip_pe/psum_out_reg_reg[30]/CK (DFFSRX4)
                                                          0.00       5.00 r
  library setup time                                     -0.13       4.87
  data required time                                                 4.87
  --------------------------------------------------------------------------
  data required time                                                 4.87
  data arrival time                                                 -4.87
  --------------------------------------------------------------------------
  slack (MET)                                                        0.00


1
