#-----------------------------------------------------------
# Vivado v2024.2 (64-bit)
# SW Build 5239630 on Fri Nov 08 22:34:34 MST 2024
# IP Build 5239520 on Sun Nov 10 16:12:51 MST 2024
# SharedData Build 5239561 on Fri Nov 08 14:39:27 MST 2024
# Start of session at: Fri Jan 30 10:45:42 2026
# Process ID         : 766465
# Current directory  : /home/jrq/systolic_array_edge
# Command line       : vivado -mode batch -source /home/jrq/systolic_array_edge/script/optimize_synthesis.tcl -nojournal -log /home/jrq/systolic_array_edge/reports/vivado_opt.log
# Log file           : /home/jrq/systolic_array_edge/reports/vivado_opt.log
# Journal file       : 
# Running On         : curry-GTR-Pro
# Platform           : Ubuntu
# Operating System   : Ubuntu 24.04.3 LTS
# Processor Detail   : AMD RYZEN AI MAX+ 395 w/ Radeon 8060S
# CPU Frequency      : 5079.997 MHz
# CPU Physical cores : 16
# CPU Logical cores  : 32
# Host memory        : 130460 MB
# Swap memory        : 2147 MB
# Total Virtual      : 132607 MB
# Available Virtual  : 119646 MB
#-----------------------------------------------------------
source /home/jrq/systolic_array_edge/script/optimize_synthesis.tcl
# set project_dir [file dirname [file dirname [info script]]]
# set src_dir "$project_dir/src"
# set constraints_dir "$project_dir/constraints"
# set reports_dir "$project_dir/reports"
# file mkdir $reports_dir
# puts "=============================================================================="
==============================================================================
# puts "Systolic Array - Synthesis Optimization"
Systolic Array - Synthesis Optimization
# puts "=============================================================================="
==============================================================================
# puts "\nCreating project..."

Creating project...
# create_project -force systolic_array_opt "$project_dir/vivado_project_opt" -part xc7a35tcpkg236-1
WARNING: [Device 21-436] No parts matched 'xc7a35tcpkg236-1'
ERROR: [Coretcl 2-106] Specified part could not be found.
INFO: [Common 17-206] Exiting Vivado at Fri Jan 30 10:45:44 2026...
