#-----------------------------------------------------------
# Vivado v2024.2 (64-bit)
# SW Build 5239630 on Fri Nov 08 22:34:34 MST 2024
# IP Build 5239520 on Sun Nov 10 16:12:51 MST 2024
# SharedData Build 5239561 on Fri Nov 08 14:39:27 MST 2024
# Start of session at: Fri Jan 30 20:05:00 2026
# Process ID         : 1342723
# Current directory  : /home/jrq/systolic_array_edge/os
# Command line       : vivado -mode batch -source synthesize_os.tcl
# Log file           : /home/jrq/systolic_array_edge/os/vivado.log
# Journal file       : /home/jrq/systolic_array_edge/os/vivado.jou
# Running On         : curry-GTR-Pro
# Platform           : Ubuntu
# Operating System   : Ubuntu 24.04.3 LTS
# Processor Detail   : AMD RYZEN AI MAX+ 395 w/ Radeon 8060S
# CPU Frequency      : 5034.268 MHz
# CPU Physical cores : 16
# CPU Logical cores  : 32
# Host memory        : 130460 MB
# Swap memory        : 2147 MB
# Total Virtual      : 132607 MB
# Available Virtual  : 116896 MB
#-----------------------------------------------------------
source synthesize_os.tcl
# set project_name "systolic_array_os"
# set top_module "systolic_array_os_4x4"
# set device_part "xc7a35tcpg236-1"
# file mkdir reports
# create_project $project_name ./vivado/$project_name -part $device_part -force
# set src_dir [file dirname [info script]]
# add_files -norecurse [file join $src_dir src os_pe.v]
# add_files -norecurse [file join $src_dir src systolic_array_os_4x4.v]
# add_files -norecurse [file join $src_dir src matrix_multiplier_top.v]
# set_property top $top_module [current_fileset]
# update_compile_order -fileset sources_1
# synth_design -top $top_module -part $device_part
Command: synth_design -top systolic_array_os_4x4 -part xc7a35tcpg236-1
Starting synth_design
Attempting to get a license for feature 'Synthesis' and/or device 'xc7a35t'
INFO: [Common 17-349] Got license for feature 'Synthesis' and/or device 'xc7a35t'
INFO: [Synth 8-7079] Multithreading enabled for synth_design using a maximum of 7 processes.
INFO: [Synth 8-7078] Launching helper process for spawning children vivado processes
INFO: [Synth 8-7075] Helper process launched with PID 1342922
---------------------------------------------------------------------------------
Starting Synthesize : Time (s): cpu = 00:00:02 ; elapsed = 00:00:02 . Memory (MB): peak = 1938.129 ; gain = 444.934 ; free physical = 46743 ; free virtual = 110594
---------------------------------------------------------------------------------
ERROR: [Synth 8-2577] procedural assignment to a non-register input_out_valid is not permitted, left-hand side should be reg/integer/time/genvar [/home/jrq/systolic_array_edge/os/src/os_pe.v:142]
ERROR: [Synth 8-2577] procedural assignment to a non-register input_out_valid is not permitted, left-hand side should be reg/integer/time/genvar [/home/jrq/systolic_array_edge/os/src/os_pe.v:145]
ERROR: [Synth 8-2577] procedural assignment to a non-register input_out_valid is not permitted, left-hand side should be reg/integer/time/genvar [/home/jrq/systolic_array_edge/os/src/os_pe.v:149]
ERROR: [Synth 8-2577] procedural assignment to a non-register input_out_valid is not permitted, left-hand side should be reg/integer/time/genvar [/home/jrq/systolic_array_edge/os/src/os_pe.v:151]
ERROR: [Synth 8-2577] procedural assignment to a non-register accumulator_valid is not permitted, left-hand side should be reg/integer/time/genvar [/home/jrq/systolic_array_edge/os/src/os_pe.v:240]
ERROR: [Synth 8-2577] procedural assignment to a non-register accumulator_valid is not permitted, left-hand side should be reg/integer/time/genvar [/home/jrq/systolic_array_edge/os/src/os_pe.v:242]
ERROR: [Synth 8-2577] procedural assignment to a non-register accumulator_valid is not permitted, left-hand side should be reg/integer/time/genvar [/home/jrq/systolic_array_edge/os/src/os_pe.v:246]
ERROR: [Synth 8-2577] procedural assignment to a non-register accumulator_valid is not permitted, left-hand side should be reg/integer/time/genvar [/home/jrq/systolic_array_edge/os/src/os_pe.v:248]
INFO: [Synth 8-10285] module 'os_pe' is ignored due to previous errors [/home/jrq/systolic_array_edge/os/src/os_pe.v:308]
INFO: [Synth 8-9084] Verilog file '/home/jrq/systolic_array_edge/os/src/os_pe.v' ignored due to errors
ERROR: [Synth 8-12188] Failed to read verilog '/home/jrq/systolic_array_edge/os/src/os_pe.v'
---------------------------------------------------------------------------------
Finished Synthesize : Time (s): cpu = 00:00:02 ; elapsed = 00:00:03 . Memory (MB): peak = 2006.098 ; gain = 512.902 ; free physical = 46655 ; free virtual = 110506
---------------------------------------------------------------------------------
synthesize failed
INFO: [Common 17-83] Releasing license: Synthesis
7 Infos, 0 Warnings, 0 Critical Warnings and 10 Errors encountered.
synth_design failed
ERROR: [Common 17-69] Command failed: Vivado Synthesis failed
INFO: [Common 17-206] Exiting Vivado at Fri Jan 30 20:05:08 2026...
