#% Begin checkPinAssignment (date=04/26 10:45:45, mem=833.5M)
Checking pins of top cell os_core_std_top_4x4 ... completed

=====================================================================================================================================
                                                     checkPinAssignment Summary
=====================================================================================================================================
Partition             | pads  | pins   | legal  | illegal | internal | internal illegal | FT     | FT illegal | constant | unplaced |
=====================================================================================================================================
os_core_std_top_4x4   |     0 |    654 |    654 |       0 |        0 |                0 |      0 |          0 |        0 |        0 |
=====================================================================================================================================
TOTAL                 |     0 |    654 |    654 |       0 |        0 |                0 |      0 |          0 |        0 |        0 |
=====================================================================================================================================
#% End checkPinAssignment (date=04/26 10:45:45, total cpu=0:00:00.1, real=0:00:01.0, peak res=833.8M, current mem=833.1M)
