
Power Net Detected:
    Voltage	    Name
    0.00V	    VSS
    0.90V	    VDD
Using Power View: view_default.
Load RC corner of view view_default

Begin Power Analysis

    0.00V	    VSS
    0.90V	    VDD

Begin Processing Timing Library for Power Calculation

Begin Processing Timing Library for Power Calculation



Begin Processing Power Net/Grid for Power Calculation

Ended Processing Power Net/Grid for Power Calculation: (cpu=0:00:00, real=0:00:00, mem(process/total/peak)=1243.86MB/2383.14MB/1306.58MB)

Begin Processing Timing Window Data for Power Calculation

clk(200MHz) CK: assigning clock clk to net clk
Ended Processing Timing Window Data for Power Calculation: (cpu=0:00:00, real=0:00:00, mem(process/total/peak)=1244.77MB/2383.14MB/1306.58MB)

Begin Processing User Attributes

Ended Processing User Attributes: (cpu=0:00:00, real=0:00:00, mem(process/total/peak)=1244.82MB/2383.14MB/1306.58MB)

Begin Processing Signal Activity


Starting Levelizing
2026-Apr-26 10:54:56 (2026-Apr-26 02:54:56 GMT)
2026-Apr-26 10:54:57 (2026-Apr-26 02:54:57 GMT): 10%
2026-Apr-26 10:54:57 (2026-Apr-26 02:54:57 GMT): 20%
2026-Apr-26 10:54:57 (2026-Apr-26 02:54:57 GMT): 30%
2026-Apr-26 10:54:57 (2026-Apr-26 02:54:57 GMT): 40%
2026-Apr-26 10:54:57 (2026-Apr-26 02:54:57 GMT): 50%
2026-Apr-26 10:54:57 (2026-Apr-26 02:54:57 GMT): 60%
2026-Apr-26 10:54:57 (2026-Apr-26 02:54:57 GMT): 70%
2026-Apr-26 10:54:57 (2026-Apr-26 02:54:57 GMT): 80%
2026-Apr-26 10:54:57 (2026-Apr-26 02:54:57 GMT): 90%

Finished Levelizing
2026-Apr-26 10:54:57 (2026-Apr-26 02:54:57 GMT)

Starting Activity Propagation
2026-Apr-26 10:54:57 (2026-Apr-26 02:54:57 GMT)
** INFO:  (VOLTUS_POWR-1356): No default input activity has been set. Defaulting to 0.2.
Use 'set_default_switching_activity -input_activity' command to change the default activity value.

2026-Apr-26 10:54:57 (2026-Apr-26 02:54:57 GMT): 10%
2026-Apr-26 10:54:57 (2026-Apr-26 02:54:57 GMT): 20%
2026-Apr-26 10:54:57 (2026-Apr-26 02:54:57 GMT): 30%

Finished Activity Propagation
2026-Apr-26 10:54:57 (2026-Apr-26 02:54:57 GMT)
Ended Processing Signal Activity: (cpu=0:00:00, real=0:00:00, mem(process/total/peak)=1245.68MB/2383.14MB/1306.58MB)

Begin Power Computation

      ----------------------------------------------------------
      # of cell(s) missing both power/leakage table: 0
      # of cell(s) missing power table: 0
      # of cell(s) missing leakage table: 0
      # of MSMV cell(s) missing power_level: 0
      ----------------------------------------------------------



Starting Calculating power
2026-Apr-26 10:54:57 (2026-Apr-26 02:54:57 GMT)
 ... Calculating switching power
2026-Apr-26 10:54:57 (2026-Apr-26 02:54:57 GMT): 10%
2026-Apr-26 10:54:57 (2026-Apr-26 02:54:57 GMT): 20%
2026-Apr-26 10:54:57 (2026-Apr-26 02:54:57 GMT): 30%
2026-Apr-26 10:54:57 (2026-Apr-26 02:54:57 GMT): 40%
2026-Apr-26 10:54:57 (2026-Apr-26 02:54:57 GMT): 50%
 ... Calculating internal and leakage power
2026-Apr-26 10:54:57 (2026-Apr-26 02:54:57 GMT): 60%
2026-Apr-26 10:54:57 (2026-Apr-26 02:54:57 GMT): 70%
2026-Apr-26 10:54:58 (2026-Apr-26 02:54:58 GMT): 80%
2026-Apr-26 10:54:58 (2026-Apr-26 02:54:58 GMT): 90%

Finished Calculating power
2026-Apr-26 10:54:59 (2026-Apr-26 02:54:59 GMT)
Ended Power Computation: (cpu=0:00:01, real=0:00:01, mem(process/total/peak)=1246.14MB/2383.14MB/1306.58MB)

Begin Processing User Attributes

Ended Processing User Attributes: (cpu=0:00:00, real=0:00:00, mem(process/total/peak)=1246.14MB/2383.14MB/1306.58MB)

Ended Power Analysis: (cpu=0:00:02, real=0:00:02, mem(process/total/peak)=1246.15MB/2383.14MB/1306.58MB)

Begin Static Power Report Generation
*----------------------------------------------------------------------------------------
*	Innovus 18.10-p002_1 (64bit) 05/29/2018 19:19 (Linux 2.6.18-194.el5)
*	
*
* 	Date & Time:	2026-Apr-26 10:54:59 (2026-Apr-26 02:54:59 GMT)
*
*----------------------------------------------------------------------------------------
*
*	Design: os_core_std_top_4x4
*
*	Liberty Libraries used:
*	        view_default: /home/host_1/systolic_array_edge/asic_commercial/pdk_cache/tsmc28_icc/logic/TSMCHOME/digital/Front_End/timing_power_noise/NLDM/tcbn28hpcplusbwp12t40p140_180a/tcbn28hpcplusbwp12t40p140tt0p9v25c.lib
*
*	Parasitic Files used:
*
*       Power View : view_default
*
*       User-Defined Activity : N.A.
*
*       Activity File: N.A.
*
*       Hierarchical Global Activity: N.A.
*
*       Global Activity: N.A.
*
*       Sequential Element Activity: 0.200000
*
*       Primary Input Activity: 0.200000
*
*       Default icg ratio: N.A.
*
*       Global Comb ClockGate Ratio: N.A.
*
*	Power Units = 1mW
*
*	Time Units = 1e-09 secs
*
*       report_power
*
-----------------------------------------------------------------------------------------
*



Total Power
-----------------------------------------------------------------------------------------
Total Internal Power:        4.53034733 	   60.6375%
Total Switching Power:       2.92746997 	   39.1834%
Total Leakage Power:         0.01337665 	    0.1790%
Total Power:                 7.47119394
-----------------------------------------------------------------------------------------


Group                           Internal   Switching     Leakage       Total  Percentage 
                                Power      Power         Power         Power  (%)        
-----------------------------------------------------------------------------------------
Sequential                        0.9232      0.1023    0.002137       1.028       13.75
Macro                                  0           0           0           0           0
IO                                     0           0           0           0           0
Combinational                      3.542       2.651     0.01115       6.204       83.04
Clock (Combinational)            0.06537      0.1744   8.805e-05      0.2399        3.21
Clock (Sequential)                     0           0           0           0           0
-----------------------------------------------------------------------------------------
Total                               4.53       2.927     0.01338       7.471         100
-----------------------------------------------------------------------------------------


Rail                  Voltage   Internal   Switching     Leakage       Total  Percentage 
                                Power      Power         Power         Power  (%)        
-----------------------------------------------------------------------------------------
VDD                       0.9       4.53       2.927     0.01338       7.471         100


Clock                           Internal   Switching     Leakage       Total  Percentage 
                                Power      Power         Power         Power  (%)        
-----------------------------------------------------------------------------------------
clk                              0.06537      0.1744   8.805e-05      0.2399        3.21
-----------------------------------------------------------------------------------------
Total                            0.06537      0.1744   8.805e-05      0.2399        3.21
-----------------------------------------------------------------------------------------
Clock: clk
Clock Period: 0.005000 usec 
Clock Toggle Rate:   400.0000 Mhz 
Clock Static Probability:  0.5000
  
 
 
-----------------------------------------------------------------------------------------
*	Power Distribution Summary: 
*              Highest Average Power: u_os_std_array/CTS_ccl_a_buf_00041 (BUFFD16BWP12T40P140):          0.02116
*              Highest Leakage Power: u_os_std_array/CTS_ccl_a_buf_00047 (BUFFD16BWP12T40P140):        6.938e-06
*                Total Cap:      6.48823e-11 F
*                Total instances in design: 14297
*                Total instances in design with no power:     0
*                Total instances in design with no activty:     0

*                Total Fillers and Decap:     0
-----------------------------------------------------------------------------------------
 
Ended Static Power Report Generation: (cpu=0:00:00, real=0:00:00,
mem(process/total/peak)=1249.66MB/2383.14MB/1306.58MB)

