###############################################################
#  Generated by:      Cadence Innovus 18.10-p002_1
#  OS:                Linux x86_64(Host ID IC_EDA)
#  Generated on:      Sun Apr 26 10:54:53 2026
#  Design:            os_core_std_top_4x4
#  Command:           report_timing
###############################################################
#################################################################################
# Design Stage: PostRoute
# Design Name: os_core_std_top_4x4
# Design Mode: 28nm
# Analysis Mode: MMMC Non-OCV 
# Parasitics Mode: SPEF/RCDB
# Signoff Settings: SI Off 
#################################################################################
AAE_INFO: 1 threads acquired from CTE.
Calculate delays in Single mode...
Start delay calculation (fullDC) (1 T). (MEM=1433.59)
Reading RCDB with compressed RC data.
AAE_INFO: 1 threads acquired from CTE.
Total number of fetched objects 18324
AAE_INFO: Total number of nets for which stage creation was skipped for all views 0
End delay calculation. (MEM=1513.61 CPU=0:00:02.2 REAL=0:00:02.0)
End delay calculation (fullDC). (MEM=1513.61 CPU=0:00:02.8 REAL=0:00:03.0)
Path 1: MET Setup Check with Pin u_os_std_array/acc_reg_0__1__31_/CP 
Endpoint:   u_os_std_array/acc_reg_0__1__31_/D (^) checked with  leading edge 
of 'clk'
Beginpoint: b_data[31]                         (^) triggered by  leading edge 
of 'clk'
Path Groups: {clk}
Analysis View: view_default
Other End Arrival Time         -0.003
- Setup                         0.016
+ Phase Shift                   5.000
- Uncertainty                   0.050
= Required Time                 4.930
- Arrival Time                  2.734
= Slack Time                    2.196
     Clock Rise Edge                      0.000
     + Input Delay                        1.000
     = Beginpoint Arrival Time            1.000
     +------------------------------------------------------------------------------------------------------------+ 
     |                 Instance                 |     Arc      |        Cell         | Delay | Arrival | Required | 
     |                                          |              |                     |       |  Time   |   Time   | 
     |------------------------------------------+--------------+---------------------+-------+---------+----------| 
     |                                          | b_data[31] ^ |                     |       |   1.000 |    3.196 | 
     | u_os_std_array/FE_DBTC416_b_data_31      | I ^ -> ZN v  | INVD1BWP12T40P140   | 0.059 |   1.059 |    3.255 | 
     | u_os_std_array/mult_137_I2_I1/U377       | A2 v -> ZN ^ | NR2D0BWP12T40P140   | 0.043 |   1.102 |    3.299 | 
     | u_os_std_array/mult_137_I2_I1/U36        | A2 ^ -> Z v  | XOR2D1BWP12T40P140  | 0.044 |   1.146 |    3.343 | 
     | u_os_std_array/mult_137_I2_I1/S2_2_13    | CI v -> S ^  | FA1D1BWP12T40P140   | 0.059 |   1.205 |    3.402 | 
     | u_os_std_array/mult_137_I2_I1/S2_3_12    | CI ^ -> S v  | FA1D1BWP12T40P140   | 0.058 |   1.263 |    3.460 | 
     | u_os_std_array/mult_137_I2_I1/S2_4_11    | CI v -> S ^  | FA1D1BWP12T40P140   | 0.061 |   1.324 |    3.521 | 
     | u_os_std_array/mult_137_I2_I1/S2_5_10    | CI ^ -> S v  | FA1D1BWP12T40P140   | 0.059 |   1.383 |    3.580 | 
     | u_os_std_array/mult_137_I2_I1/S2_6_9     | CI v -> S ^  | FA1D1BWP12T40P140   | 0.060 |   1.443 |    3.640 | 
     | u_os_std_array/mult_137_I2_I1/S2_7_8     | CI ^ -> S v  | FA1D1BWP12T40P140   | 0.059 |   1.502 |    3.698 | 
     | u_os_std_array/mult_137_I2_I1/S2_8_7     | CI v -> S ^  | FA1D1BWP12T40P140   | 0.060 |   1.562 |    3.758 | 
     | u_os_std_array/mult_137_I2_I1/S2_9_6     | CI ^ -> S v  | FA1D1BWP12T40P140   | 0.058 |   1.620 |    3.816 | 
     | u_os_std_array/mult_137_I2_I1/S2_10_5    | CI v -> S ^  | FA1D1BWP12T40P140   | 0.061 |   1.681 |    3.877 | 
     | u_os_std_array/mult_137_I2_I1/S2_11_4    | CI ^ -> S v  | FA1D1BWP12T40P140   | 0.059 |   1.740 |    3.937 | 
     | u_os_std_array/mult_137_I2_I1/S2_12_3    | CI v -> S ^  | FA1D1BWP12T40P140   | 0.062 |   1.802 |    3.998 | 
     | u_os_std_array/mult_137_I2_I1/S2_13_2    | CI ^ -> S v  | FA1D1BWP12T40P140   | 0.059 |   1.860 |    4.057 | 
     | u_os_std_array/mult_137_I2_I1/S2_14_1    | CI v -> S ^  | FA1D1BWP12T40P140   | 0.060 |   1.921 |    4.117 | 
     | u_os_std_array/mult_137_I2_I1/S4_0       | CI ^ -> S v  | FA1D1BWP12T40P140   | 0.059 |   1.980 |    4.176 | 
     | u_os_std_array/mult_137_I2_I1/S14_15_0   | CI v -> CO v | FA1D1BWP12T40P140   | 0.034 |   2.014 |    4.211 | 
     | u_os_std_array/mult_137_I2_I1/FS_1/U78   | A1 v -> ZN ^ | CKND2D0BWP12T40P140 | 0.020 |   2.034 |    4.231 | 
     | u_os_std_array/mult_137_I2_I1/FS_1/U72   | A2 ^ -> ZN v | OAI21D0BWP12T40P140 | 0.032 |   2.066 |    4.262 | 
     | u_os_std_array/mult_137_I2_I1/FS_1/U64   | A2 v -> ZN ^ | AOI21D0BWP12T40P140 | 0.035 |   2.101 |    4.297 | 
     | u_os_std_array/mult_137_I2_I1/FS_1/U62   | A2 ^ -> ZN v | OAI21D0BWP12T40P140 | 0.036 |   2.136 |    4.333 | 
     | u_os_std_array/mult_137_I2_I1/FS_1/U54   | A2 v -> ZN ^ | AOI21D0BWP12T40P140 | 0.036 |   2.172 |    4.369 | 
     | u_os_std_array/mult_137_I2_I1/FS_1/U52   | A2 ^ -> ZN v | OAI21D0BWP12T40P140 | 0.038 |   2.210 |    4.407 | 
     | u_os_std_array/mult_137_I2_I1/FS_1/U44   | A2 v -> ZN ^ | AOI21D0BWP12T40P140 | 0.039 |   2.250 |    4.446 | 
     | u_os_std_array/mult_137_I2_I1/FS_1/U42   | A2 ^ -> ZN v | OAI21D0BWP12T40P140 | 0.038 |   2.287 |    4.484 | 
     | u_os_std_array/mult_137_I2_I1/FS_1/U34   | A2 v -> ZN ^ | AOI21D0BWP12T40P140 | 0.036 |   2.323 |    4.520 | 
     | u_os_std_array/mult_137_I2_I1/FS_1/U32   | A2 ^ -> ZN v | OAI21D0BWP12T40P140 | 0.035 |   2.358 |    4.555 | 
     | u_os_std_array/mult_137_I2_I1/FS_1/U24   | A2 v -> ZN ^ | AOI21D0BWP12T40P140 | 0.034 |   2.392 |    4.589 | 
     | u_os_std_array/mult_137_I2_I1/FS_1/U22   | A2 ^ -> ZN v | OAI21D0BWP12T40P140 | 0.036 |   2.428 |    4.625 | 
     | u_os_std_array/mult_137_I2_I1/FS_1/U14   | A2 v -> ZN ^ | AOI21D0BWP12T40P140 | 0.034 |   2.462 |    4.659 | 
     | u_os_std_array/mult_137_I2_I1/FS_1/U12   | A2 ^ -> ZN v | OAI21D0BWP12T40P140 | 0.036 |   2.499 |    4.695 | 
     | u_os_std_array/mult_137_I2_I1/FS_1/U10   | A2 v -> Z v  | OR2D0BWP12T40P140   | 0.030 |   2.529 |    4.725 | 
     | u_os_std_array/mult_137_I2_I1/FS_1/U9    | A1 v -> Z v  | AO22D0BWP12T40P140  | 0.024 |   2.552 |    4.749 | 
     | u_os_std_array/mult_137_I2_I1/FS_1/U8    | A3 v -> Z ^  | XOR3D0BWP12T40P140  | 0.056 |   2.608 |    4.805 | 
     | u_os_std_array/mult_add_137_I2_I1_aco/U3 | A1 ^ -> Z ^  | AN2D1BWP12T40P140   | 0.045 |   2.654 |    4.850 | 
     | u_os_std_array/add_137_I2_I1_aco/U1_31   | A2 ^ -> Z ^  | XOR3D1BWP12T40P140  | 0.051 |   2.705 |    4.901 | 
     | u_os_std_array/U1142                     | B1 ^ -> Z ^  | AO22D0BWP12T40P140  | 0.029 |   2.734 |    4.930 | 
     | u_os_std_array/acc_reg_0__1__31_         | D ^          | DFCNQD1BWP12T40P140 | 0.000 |   2.734 |    4.930 | 
     +------------------------------------------------------------------------------------------------------------+ 

