Depth  Name                                     #Inst  Area (um^2) 
-------------------------------------------------------------------
0      os_core_std_top_4x4                      14297  20107.92    
1      u_os_std_array                           14297  20107.92    
2      u_os_std_array/mult_137_I4               638    861.504     
2      u_os_std_array/add_137_I2_I4_aco         35     90.72       
2      u_os_std_array/mult_137_I2_I4            638    861.504     
2      u_os_std_array/add_137_I3_aco            35     90.72       
2      u_os_std_array/add_137_I2_I1_aco         35     90.72       
2      u_os_std_array/mult_add_137_I3_I4_aco    32     21.504      
2      u_os_std_array/mult_137_I2               638    861.504     
2      u_os_std_array/mult_add_137_I2_I3_aco    32     21.504      
2      u_os_std_array/add_137_I2_I2_aco         35     90.72       
2      u_os_std_array/mult_add_137_I4_aco       32     21.504      
2      u_os_std_array/mult_137_I4_I2            638    861.504     
2      u_os_std_array/mult_137_I4_I4            638    861.504     
2      u_os_std_array/mult_add_137_I4_I1_aco    32     21.504      
2      u_os_std_array/add_137_I4_I4_aco         35     90.72       
2      u_os_std_array/add_137_I3_I3_aco         35     90.72       
2      u_os_std_array/mult_137                  638    861.504     
2      u_os_std_array/mult_add_137_I3_I2_aco    32     21.504      
2      u_os_std_array/add_137_I4_I2_aco         35     90.72       
2      u_os_std_array/mult_add_137_I2_I4_aco    32     21.504      
2      u_os_std_array/mult_137_I2_I3            638    861.504     
2      u_os_std_array/add_137_I3_I1_aco         35     90.72       
2      u_os_std_array/mult_137_I3_I2            638    861.504     
2      u_os_std_array/mult_add_137_I2_I1_aco    32     21.504      
2      u_os_std_array/mult_137_I3_I4            638    861.504     
2      u_os_std_array/add_137_I4_aco            35     90.72       
2      u_os_std_array/mult_137_I4_I3            638    861.504     
2      u_os_std_array/add_137_aco               35     90.72       
2      u_os_std_array/mult_add_137_I3_I3_aco    32     21.504      
2      u_os_std_array/add_137_I2_aco            35     90.72       
2      u_os_std_array/mult_137_I2_I2            638    861.504     
2      u_os_std_array/mult_add_137_aco          32     21.504      
2      u_os_std_array/add_137_I3_I4_aco         35     90.72       
2      u_os_std_array/mult_137_I3_I3            638    861.504     
2      u_os_std_array/add_137_I2_I3_aco         35     90.72       
2      u_os_std_array/mult_137_I3               638    861.504     
2      u_os_std_array/mult_add_137_I4_I2_aco    32     21.504      
2      u_os_std_array/add_137_I3_I2_aco         35     90.72       
2      u_os_std_array/mult_add_137_I3_aco       32     21.504      
2      u_os_std_array/mult_add_137_I3_I1_aco    32     21.504      
2      u_os_std_array/mult_add_137_I2_aco       32     21.504      
2      u_os_std_array/mult_137_I3_I1            638    861.504     
2      u_os_std_array/add_137_I4_I3_aco         35     90.72       
2      u_os_std_array/mult_add_137_I2_I2_aco    32     21.504      
2      u_os_std_array/mult_add_137_I4_I3_aco    32     21.504      
2      u_os_std_array/add_137_I4_I1_aco         35     90.72       
2      u_os_std_array/mult_add_137_I4_I4_aco    32     21.504      
2      u_os_std_array/mult_137_I4_I1            638    861.504     
2      u_os_std_array/mult_137_I2_I1            638    861.504     
3      u_os_std_array/mult_137_I3_I3/FS_1       77     58.128      
3      u_os_std_array/mult_137_I3/FS_1          77     58.128      
3      u_os_std_array/mult_137_I2/FS_1          77     58.128      
3      u_os_std_array/mult_137_I4_I1/FS_1       77     58.128      
3      u_os_std_array/mult_137_I2_I1/FS_1       77     58.128      
3      u_os_std_array/mult_137_I4/FS_1          77     58.128      
3      u_os_std_array/mult_137_I2_I4/FS_1       77     58.128      
3      u_os_std_array/mult_137_I4_I2/FS_1       77     58.128      
3      u_os_std_array/mult_137_I3_I1/FS_1       77     58.128      
3      u_os_std_array/mult_137_I4_I4/FS_1       77     58.128      
3      u_os_std_array/mult_137/FS_1             77     58.128      
3      u_os_std_array/mult_137_I2_I3/FS_1       77     58.128      
3      u_os_std_array/mult_137_I3_I2/FS_1       77     58.128      
3      u_os_std_array/mult_137_I3_I4/FS_1       77     58.128      
3      u_os_std_array/mult_137_I4_I3/FS_1       77     58.128      
3      u_os_std_array/mult_137_I2_I2/FS_1       77     58.128      
