#-----------------------------------------------------------
# Vivado v2024.2 (64-bit)
# SW Build 5239630 on Fri Nov 08 22:34:34 MST 2024
# IP Build 5239520 on Sun Nov 10 16:12:51 MST 2024
# SharedData Build 5239561 on Fri Nov 08 14:39:27 MST 2024
# Start of session at: Fri Jan 30 10:27:59 2026
# Process ID         : 744343
# Current directory  : /home/jrq/systolic_array_edge
# Command line       : vivado -mode batch -source /home/jrq/systolic_array_edge/script/synthesize.tcl -nojournal -log /home/jrq/systolic_array_edge/reports/vivado.log
# Log file           : /home/jrq/systolic_array_edge/reports/vivado.log
# Journal file       : 
# Running On         : curry-GTR-Pro
# Platform           : Ubuntu
# Operating System   : Ubuntu 24.04.3 LTS
# Processor Detail   : AMD RYZEN AI MAX+ 395 w/ Radeon 8060S
# CPU Frequency      : 5106.103 MHz
# CPU Physical cores : 16
# CPU Logical cores  : 32
# Host memory        : 130460 MB
# Swap memory        : 2147 MB
# Total Virtual      : 132607 MB
# Available Virtual  : 121170 MB
#-----------------------------------------------------------
source /home/jrq/systolic_array_edge/script/synthesize.tcl
# set project_dir [file dirname [file dirname [info script]]]
# set src_dir "$project_dir/src"
# set reports_dir "$project_dir/reports"
# file mkdir $reports_dir
# puts "Creating Vivado project..."
Creating Vivado project...
# create_project -force systolic_array "$project_dir/vivado_project" -part xc7a35tcpg236-1
# puts "\nAdding source files..."

Adding source files...
# add_files [glob "$src_dir/*.v"]
# set_property top systolic_array_4x4 [current_fileset]
# update_compile_order -fileset sources_1
# puts "Source files added successfully"
Source files added successfully
# puts "\n=============================================================================="

==============================================================================
# puts "Running Synthesis..."
Running Synthesis...
# puts "=============================================================================="
==============================================================================
# synth_design -top systolic_array_4x4 -part xc7a35tcpg236-1
Command: synth_design -top systolic_array_4x4 -part xc7a35tcpg236-1
Starting synth_design
Attempting to get a license for feature 'Synthesis' and/or device 'xc7a35t'
INFO: [Common 17-349] Got license for feature 'Synthesis' and/or device 'xc7a35t'
INFO: [Synth 8-7079] Multithreading enabled for synth_design using a maximum of 7 processes.
INFO: [Synth 8-7078] Launching helper process for spawning children vivado processes
INFO: [Synth 8-7075] Helper process launched with PID 744447
---------------------------------------------------------------------------------
Starting Synthesize : Time (s): cpu = 00:00:02 ; elapsed = 00:00:02 . Memory (MB): peak = 1938.645 ; gain = 445.672 ; free physical = 57898 ; free virtual = 114659
---------------------------------------------------------------------------------
ERROR: [Synth 8-9917] port 'output_data' must not be declared to be an array [/home/jrq/systolic_array_edge/src/systolic_array_4x4.v:49]
ERROR: [Synth 8-10976] multiple packed dimensions are not allowed in this mode of Verilog [/home/jrq/systolic_array_edge/src/systolic_array_4x4.v:70]
ERROR: [Synth 8-10976] multiple packed dimensions are not allowed in this mode of Verilog [/home/jrq/systolic_array_edge/src/systolic_array_4x4.v:71]
ERROR: [Synth 8-10976] multiple packed dimensions are not allowed in this mode of Verilog [/home/jrq/systolic_array_edge/src/systolic_array_4x4.v:72]
ERROR: [Synth 8-10976] multiple packed dimensions are not allowed in this mode of Verilog [/home/jrq/systolic_array_edge/src/systolic_array_4x4.v:78]
ERROR: [Synth 8-10976] multiple packed dimensions are not allowed in this mode of Verilog [/home/jrq/systolic_array_edge/src/systolic_array_4x4.v:79]
ERROR: [Synth 8-10976] multiple packed dimensions are not allowed in this mode of Verilog [/home/jrq/systolic_array_edge/src/systolic_array_4x4.v:81]
ERROR: [Synth 8-10976] multiple packed dimensions are not allowed in this mode of Verilog [/home/jrq/systolic_array_edge/src/systolic_array_4x4.v:82]
ERROR: [Synth 8-10976] multiple packed dimensions are not allowed in this mode of Verilog [/home/jrq/systolic_array_edge/src/systolic_array_4x4.v:88]
ERROR: [Synth 8-10976] multiple packed dimensions are not allowed in this mode of Verilog [/home/jrq/systolic_array_edge/src/systolic_array_4x4.v:89]
ERROR: [Synth 8-10976] multiple packed dimensions are not allowed in this mode of Verilog [/home/jrq/systolic_array_edge/src/systolic_array_4x4.v:91]
ERROR: [Synth 8-10976] multiple packed dimensions are not allowed in this mode of Verilog [/home/jrq/systolic_array_edge/src/systolic_array_4x4.v:92]
ERROR: [Synth 8-10976] multiple packed dimensions are not allowed in this mode of Verilog [/home/jrq/systolic_array_edge/src/systolic_array_4x4.v:97]
ERROR: [Synth 8-8915] 'weight_valid_mesh' is not a memory [/home/jrq/systolic_array_edge/src/systolic_array_4x4.v:116]
ERROR: [Synth 8-8915] 'weight_load_mesh' is not a memory [/home/jrq/systolic_array_edge/src/systolic_array_4x4.v:118]
ERROR: [Synth 8-8915] 'input_valid_mesh' is not a memory [/home/jrq/systolic_array_edge/src/systolic_array_4x4.v:154]
ERROR: [Synth 8-8915] 'input_valid_mesh' is not a memory [/home/jrq/systolic_array_edge/src/systolic_array_4x4.v:159]
ERROR: [Synth 8-8915] 'input_out_valid_mesh' is not a memory [/home/jrq/systolic_array_edge/src/systolic_array_4x4.v:159]
ERROR: [Synth 8-8915] 'input_out_ready_mesh' is not a memory [/home/jrq/systolic_array_edge/src/systolic_array_4x4.v:160]
ERROR: [Synth 8-12188] Failed to read verilog '/home/jrq/systolic_array_edge/src/systolic_array_4x4.v'
---------------------------------------------------------------------------------
Finished Synthesize : Time (s): cpu = 00:00:02 ; elapsed = 00:00:03 . Memory (MB): peak = 2006.613 ; gain = 513.641 ; free physical = 57835 ; free virtual = 114597
---------------------------------------------------------------------------------
synthesize failed
INFO: [Common 17-83] Releasing license: Synthesis
5 Infos, 0 Warnings, 0 Critical Warnings and 21 Errors encountered.
synth_design failed
ERROR: [Common 17-69] Command failed: Vivado Synthesis failed
INFO: [Common 17-206] Exiting Vivado at Fri Jan 30 10:28:08 2026...
