#-----------------------------------------------------------
# Vivado v2024.2 (64-bit)
# SW Build 5239630 on Fri Nov 08 22:34:34 MST 2024
# IP Build 5239520 on Sun Nov 10 16:12:51 MST 2024
# SharedData Build 5239561 on Fri Nov 08 14:39:27 MST 2024
# Start of session at: Fri Jan 30 10:43:57 2026
# Process ID         : 764040
# Current directory  : /home/jrq/systolic_array_edge
# Command line       : vivado -mode batch -source /home/jrq/systolic_array_edge/script/implement.tcl -nojournal -log /home/jrq/systolic_array_edge/reports/vivado_impl.log
# Log file           : /home/jrq/systolic_array_edge/reports/vivado_impl.log
# Journal file       : 
# Running On         : curry-GTR-Pro
# Platform           : Ubuntu
# Operating System   : Ubuntu 24.04.3 LTS
# Processor Detail   : AMD RYZEN AI MAX+ 395 w/ Radeon 8060S
# CPU Frequency      : 2000.000 MHz
# CPU Physical cores : 16
# CPU Logical cores  : 32
# Host memory        : 130460 MB
# Swap memory        : 2147 MB
# Total Virtual      : 132607 MB
# Available Virtual  : 119557 MB
#-----------------------------------------------------------
source /home/jrq/systolic_array_edge/script/implement.tcl
# set project_dir [file dirname [file dirname [info script]]]
# set src_dir "$project_dir/src"
# set constraints_dir "$project_dir/constraints"
# set reports_dir "$project_dir/reports"
# file mkdir $reports_dir
# puts "=============================================================================="
==============================================================================
# puts "Systolic Array - Implementation"
Systolic Array - Implementation
# puts "=============================================================================="
==============================================================================
# puts "\nCreating Vivado project..."

Creating Vivado project...
# create_project -force systolic_array_impl "$project_dir/vivado_project_impl" -part xc7a35tcpg236-1
# puts "\nAdding source files..."

Adding source files...
# add_files [glob "$src_dir/*.v"]
# puts "\nAdding constraint files..."

Adding constraint files...
# add_files -fileset constrs_1 -force [glob "$constraints_dir/*.xdc"]
# set_property top systolic_array_4x4 [current_fileset]
# update_compile_order -fileset sources_1
# puts "\n=============================================================================="

==============================================================================
# puts "Running Synthesis..."
Running Synthesis...
# puts "=============================================================================="
==============================================================================
# set_property strategy Flow_PerfOptimized_high [get_runs synth_1]
# synth_design -top systolic_array_4x4 -part xc7a35tcpg236-1 \
#     -fanout_limit 400 \
#     -fsm_extraction one_hot \
#     -resource_sharing auto \
#     -max_bram -1 \
#     -max_dsp -1 \
#     -keep_equivalent_registers \
#     -no_lc
Command: synth_design -top systolic_array_4x4 -part xc7a35tcpg236-1 -fanout_limit 400 -fsm_extraction one_hot -resource_sharing auto -max_bram -1 -max_dsp -1 -keep_equivalent_registers -no_lc
Starting synth_design
Attempting to get a license for feature 'Synthesis' and/or device 'xc7a35t'
INFO: [Common 17-349] Got license for feature 'Synthesis' and/or device 'xc7a35t'
INFO: [Device 21-403] Loading part xc7a35tcpg236-1
INFO: [Synth 8-7079] Multithreading enabled for synth_design using a maximum of 7 processes.
INFO: [Synth 8-7078] Launching helper process for spawning children vivado processes
INFO: [Synth 8-7075] Helper process launched with PID 764162
---------------------------------------------------------------------------------
Starting RTL Elaboration : Time (s): cpu = 00:00:02 ; elapsed = 00:00:02 . Memory (MB): peak = 2085.773 ; gain = 426.832 ; free physical = 55862 ; free virtual = 113110
---------------------------------------------------------------------------------
INFO: [Synth 8-6157] synthesizing module 'systolic_array_4x4' [/home/jrq/systolic_array_edge/src/systolic_array_4x4.v:16]
INFO: [Synth 8-6157] synthesizing module 'pe' [/home/jrq/systolic_array_edge/src/pe.v:15]
	Parameter DATA_WIDTH bound to: 16 - type: integer 
	Parameter WEIGHT_WIDTH bound to: 16 - type: integer 
	Parameter ACC_WIDTH bound to: 32 - type: integer 
INFO: [Synth 8-6155] done synthesizing module 'pe' (0#1) [/home/jrq/systolic_array_edge/src/pe.v:15]
INFO: [Synth 8-6155] done synthesizing module 'systolic_array_4x4' (0#1) [/home/jrq/systolic_array_edge/src/systolic_array_4x4.v:16]
WARNING: [Synth 8-6014] Unused sequential element weight_valid_reg_reg was removed.  [/home/jrq/systolic_array_edge/src/pe.v:137]
WARNING: [Synth 8-6014] Unused sequential element partial_out_reg_reg was removed.  [/home/jrq/systolic_array_edge/src/pe.v:251]
WARNING: [Synth 8-7129] Port clk_enable in module pe is either unconnected or has no load
---------------------------------------------------------------------------------
Finished RTL Elaboration : Time (s): cpu = 00:00:03 ; elapsed = 00:00:03 . Memory (MB): peak = 2159.711 ; gain = 500.770 ; free physical = 55821 ; free virtual = 113067
---------------------------------------------------------------------------------
---------------------------------------------------------------------------------
Start Handling Custom Attributes
---------------------------------------------------------------------------------
---------------------------------------------------------------------------------
Finished Handling Custom Attributes : Time (s): cpu = 00:00:03 ; elapsed = 00:00:03 . Memory (MB): peak = 2174.555 ; gain = 515.613 ; free physical = 55824 ; free virtual = 113070
---------------------------------------------------------------------------------
---------------------------------------------------------------------------------
Finished RTL Optimization Phase 1 : Time (s): cpu = 00:00:03 ; elapsed = 00:00:03 . Memory (MB): peak = 2174.555 ; gain = 515.613 ; free physical = 55824 ; free virtual = 113070
---------------------------------------------------------------------------------
Netlist sorting complete. Time (s): cpu = 00:00:00.02 ; elapsed = 00:00:00.01 . Memory (MB): peak = 2174.555 ; gain = 0.000 ; free physical = 55825 ; free virtual = 113071
INFO: [Project 1-570] Preparing netlist for logic optimization

Processing XDC Constraints
Initializing timing engine
Parsing XDC File [/home/jrq/systolic_array_edge/constraints/systolic_array.xdc]
Finished Parsing XDC File [/home/jrq/systolic_array_edge/constraints/systolic_array.xdc]
Completed Processing XDC Constraints

Netlist sorting complete. Time (s): cpu = 00:00:00 ; elapsed = 00:00:00 . Memory (MB): peak = 2332.305 ; gain = 0.000 ; free physical = 55825 ; free virtual = 113071
INFO: [Project 1-111] Unisim Transformation Summary:
No Unisim elements were transformed.

Constraint Validation Runtime : Time (s): cpu = 00:00:00.04 ; elapsed = 00:00:00.01 . Memory (MB): peak = 2332.305 ; gain = 0.000 ; free physical = 55825 ; free virtual = 113071
---------------------------------------------------------------------------------
Finished Constraint Validation : Time (s): cpu = 00:00:06 ; elapsed = 00:00:06 . Memory (MB): peak = 2332.305 ; gain = 673.363 ; free physical = 55661 ; free virtual = 112908
---------------------------------------------------------------------------------
---------------------------------------------------------------------------------
Start Loading Part and Timing Information
---------------------------------------------------------------------------------
Loading part: xc7a35tcpg236-1
---------------------------------------------------------------------------------
Finished Loading Part and Timing Information : Time (s): cpu = 00:00:06 ; elapsed = 00:00:06 . Memory (MB): peak = 2340.309 ; gain = 681.367 ; free physical = 55661 ; free virtual = 112908
---------------------------------------------------------------------------------
---------------------------------------------------------------------------------
Start Applying 'set_property' XDC Constraints
---------------------------------------------------------------------------------
---------------------------------------------------------------------------------
Finished applying 'set_property' XDC Constraints : Time (s): cpu = 00:00:06 ; elapsed = 00:00:06 . Memory (MB): peak = 2340.309 ; gain = 681.367 ; free physical = 55659 ; free virtual = 112905
---------------------------------------------------------------------------------
---------------------------------------------------------------------------------
Finished RTL Optimization Phase 2 : Time (s): cpu = 00:00:06 ; elapsed = 00:00:06 . Memory (MB): peak = 2340.309 ; gain = 681.367 ; free physical = 55608 ; free virtual = 112855
---------------------------------------------------------------------------------
---------------------------------------------------------------------------------
Start RTL Component Statistics 
---------------------------------------------------------------------------------
Detailed RTL Component Info : 
+---Registers : 
	               32 Bit    Registers := 48    
	               16 Bit    Registers := 48    
	                1 Bit    Registers := 100   
+---Muxes : 
	   2 Input   32 Bit        Muxes := 48    
	   2 Input   16 Bit        Muxes := 32    
	   2 Input    1 Bit        Muxes := 192   
---------------------------------------------------------------------------------
Finished RTL Component Statistics 
---------------------------------------------------------------------------------
---------------------------------------------------------------------------------
Start Part Resource Summary
---------------------------------------------------------------------------------
Part Resources:
DSPs: 90 (col length:60)
BRAMs: 100 (col length: RAMB18 60 RAMB36 30)
---------------------------------------------------------------------------------
Finished Part Resource Summary
---------------------------------------------------------------------------------
---------------------------------------------------------------------------------
Start Cross Boundary and Area Optimization
---------------------------------------------------------------------------------
WARNING: [Synth 8-7080] Parallel synthesis criteria is not met
DSP Report: Generating DSP signed_mac_result, operation Mode is: C+A*B.
DSP Report: operator signed_mac_result is absorbed into DSP signed_mac_result.
DSP Report: operator multiplier_out is absorbed into DSP signed_mac_result.
DSP Report: Generating DSP signed_mac_result, operation Mode is: C+A*B.
DSP Report: operator signed_mac_result is absorbed into DSP signed_mac_result.
DSP Report: operator multiplier_out is absorbed into DSP signed_mac_result.
DSP Report: Generating DSP signed_mac_result, operation Mode is: C+A*B.
DSP Report: operator signed_mac_result is absorbed into DSP signed_mac_result.
DSP Report: operator multiplier_out is absorbed into DSP signed_mac_result.
DSP Report: Generating DSP signed_mac_result, operation Mode is: C+A*B.
DSP Report: operator signed_mac_result is absorbed into DSP signed_mac_result.
DSP Report: operator multiplier_out is absorbed into DSP signed_mac_result.
DSP Report: Generating DSP signed_mac_result, operation Mode is: C+A*B.
DSP Report: operator signed_mac_result is absorbed into DSP signed_mac_result.
DSP Report: operator multiplier_out is absorbed into DSP signed_mac_result.
DSP Report: Generating DSP signed_mac_result, operation Mode is: C+A*B.
DSP Report: operator signed_mac_result is absorbed into DSP signed_mac_result.
DSP Report: operator multiplier_out is absorbed into DSP signed_mac_result.
DSP Report: Generating DSP signed_mac_result, operation Mode is: C+A*B.
DSP Report: operator signed_mac_result is absorbed into DSP signed_mac_result.
DSP Report: operator multiplier_out is absorbed into DSP signed_mac_result.
DSP Report: Generating DSP signed_mac_result, operation Mode is: C+A*B.
DSP Report: operator signed_mac_result is absorbed into DSP signed_mac_result.
DSP Report: operator multiplier_out is absorbed into DSP signed_mac_result.
DSP Report: Generating DSP signed_mac_result, operation Mode is: C+A*B.
DSP Report: operator signed_mac_result is absorbed into DSP signed_mac_result.
DSP Report: operator multiplier_out is absorbed into DSP signed_mac_result.
DSP Report: Generating DSP signed_mac_result, operation Mode is: C+A*B.
DSP Report: operator signed_mac_result is absorbed into DSP signed_mac_result.
DSP Report: operator multiplier_out is absorbed into DSP signed_mac_result.
DSP Report: Generating DSP signed_mac_result, operation Mode is: C+A*B.
DSP Report: operator signed_mac_result is absorbed into DSP signed_mac_result.
DSP Report: operator multiplier_out is absorbed into DSP signed_mac_result.
DSP Report: Generating DSP signed_mac_result, operation Mode is: C+A*B.
DSP Report: operator signed_mac_result is absorbed into DSP signed_mac_result.
DSP Report: operator multiplier_out is absorbed into DSP signed_mac_result.
DSP Report: Generating DSP signed_mac_result, operation Mode is: C+A*B.
DSP Report: operator signed_mac_result is absorbed into DSP signed_mac_result.
DSP Report: operator multiplier_out is absorbed into DSP signed_mac_result.
DSP Report: Generating DSP signed_mac_result, operation Mode is: C+A*B.
DSP Report: operator signed_mac_result is absorbed into DSP signed_mac_result.
DSP Report: operator multiplier_out is absorbed into DSP signed_mac_result.
DSP Report: Generating DSP signed_mac_result, operation Mode is: C+A*B.
DSP Report: operator signed_mac_result is absorbed into DSP signed_mac_result.
DSP Report: operator multiplier_out is absorbed into DSP signed_mac_result.
DSP Report: Generating DSP signed_mac_result, operation Mode is: C+A*B.
DSP Report: operator signed_mac_result is absorbed into DSP signed_mac_result.
DSP Report: operator multiplier_out is absorbed into DSP signed_mac_result.
WARNING: [Synth 8-7129] Port clk_enable in module pe is either unconnected or has no load
CRITICAL WARNING: [Synth 8-6859] multi-driven net on pin partial_in_ready with 1st driver pin 'gen_row[0].gen_col[0].pe_inst/can_accept_partial_inferred/can_accept_partial' [/home/jrq/systolic_array_edge/src/pe.v:109]
CRITICAL WARNING: [Synth 8-6859] multi-driven net on pin partial_in_ready with 2nd driver pin 'VCC' [/home/jrq/systolic_array_edge/src/pe.v:109]
CRITICAL WARNING: [Synth 8-6858] multi-driven net partial_in_ready is connected to at least one constant driver which has been preserved, other driver is ignored [/home/jrq/systolic_array_edge/src/pe.v:109]
CRITICAL WARNING: [Synth 8-6859] multi-driven net on pin partial_in_ready with 1st driver pin 'gen_row[0].gen_col[1].pe_inst/can_accept_partial_inferred/can_accept_partial' [/home/jrq/systolic_array_edge/src/pe.v:109]
CRITICAL WARNING: [Synth 8-6859] multi-driven net on pin partial_in_ready with 2nd driver pin 'VCC' [/home/jrq/systolic_array_edge/src/pe.v:109]
CRITICAL WARNING: [Synth 8-6858] multi-driven net partial_in_ready is connected to at least one constant driver which has been preserved, other driver is ignored [/home/jrq/systolic_array_edge/src/pe.v:109]
CRITICAL WARNING: [Synth 8-6859] multi-driven net on pin partial_in_ready with 1st driver pin 'gen_row[0].gen_col[2].pe_inst/can_accept_partial_inferred/can_accept_partial' [/home/jrq/systolic_array_edge/src/pe.v:109]
CRITICAL WARNING: [Synth 8-6859] multi-driven net on pin partial_in_ready with 2nd driver pin 'VCC' [/home/jrq/systolic_array_edge/src/pe.v:109]
CRITICAL WARNING: [Synth 8-6858] multi-driven net partial_in_ready is connected to at least one constant driver which has been preserved, other driver is ignored [/home/jrq/systolic_array_edge/src/pe.v:109]
CRITICAL WARNING: [Synth 8-6859] multi-driven net on pin partial_in_ready with 1st driver pin 'gen_row[0].gen_col[3].pe_inst/can_accept_partial_inferred/can_accept_partial' [/home/jrq/systolic_array_edge/src/pe.v:109]
CRITICAL WARNING: [Synth 8-6859] multi-driven net on pin partial_in_ready with 2nd driver pin 'VCC' [/home/jrq/systolic_array_edge/src/pe.v:109]
CRITICAL WARNING: [Synth 8-6858] multi-driven net partial_in_ready is connected to at least one constant driver which has been preserved, other driver is ignored [/home/jrq/systolic_array_edge/src/pe.v:109]
CRITICAL WARNING: [Synth 8-6859] multi-driven net on pin Q with 1st driver pin 'weight_ready_reg_reg/Q' [/home/jrq/systolic_array_edge/src/systolic_array_4x4.v:282]
CRITICAL WARNING: [Synth 8-6859] multi-driven net on pin Q with 2nd driver pin 'GND' [/home/jrq/systolic_array_edge/src/systolic_array_4x4.v:282]
CRITICAL WARNING: [Synth 8-6858] multi-driven net Q is connected to at least one constant driver which has been preserved, other driver is ignored [/home/jrq/systolic_array_edge/src/systolic_array_4x4.v:282]
---------------------------------------------------------------------------------
Finished Cross Boundary and Area Optimization : Time (s): cpu = 00:00:08 ; elapsed = 00:00:08 . Memory (MB): peak = 2340.309 ; gain = 681.367 ; free physical = 55524 ; free virtual = 112775
---------------------------------------------------------------------------------
 Sort Area is  signed_mac_result_0 : 0 0 : 2041 2041 : Used 1 time 0
 Sort Area is  signed_mac_result_10 : 0 0 : 2041 2041 : Used 1 time 0
 Sort Area is  signed_mac_result_2 : 0 0 : 2041 2041 : Used 1 time 0
 Sort Area is  signed_mac_result_3 : 0 0 : 2041 2041 : Used 1 time 0
 Sort Area is  signed_mac_result_4 : 0 0 : 2041 2041 : Used 1 time 0
 Sort Area is  signed_mac_result_5 : 0 0 : 2041 2041 : Used 1 time 0
 Sort Area is  signed_mac_result_6 : 0 0 : 2041 2041 : Used 1 time 0
 Sort Area is  signed_mac_result_7 : 0 0 : 2041 2041 : Used 1 time 0
 Sort Area is  signed_mac_result_8 : 0 0 : 2041 2041 : Used 1 time 0
 Sort Area is  signed_mac_result_9 : 0 0 : 2041 2041 : Used 1 time 0
 Sort Area is  signed_mac_result_a : 0 0 : 2041 2041 : Used 1 time 0
 Sort Area is  signed_mac_result_b : 0 0 : 2041 2041 : Used 1 time 0
 Sort Area is  signed_mac_result_c : 0 0 : 2041 2041 : Used 1 time 0
 Sort Area is  signed_mac_result_d : 0 0 : 2041 2041 : Used 1 time 0
 Sort Area is  signed_mac_result_e : 0 0 : 2041 2041 : Used 1 time 0
 Sort Area is  signed_mac_result_f : 0 0 : 2041 2041 : Used 1 time 0
---------------------------------------------------------------------------------
Start ROM, RAM, DSP, Shift Register and Retiming Reporting
---------------------------------------------------------------------------------

DSP: Preliminary Mapping Report (see note below. The ' indicates corresponding REG is set)
+------------+-------------+--------+--------+--------+--------+--------+------+------+------+------+-------+------+------+
|Module Name | DSP Mapping | A Size | B Size | C Size | D Size | P Size | AREG | BREG | CREG | DREG | ADREG | MREG | PREG | 
+------------+-------------+--------+--------+--------+--------+--------+------+------+------+------+-------+------+------+
|pe          | C+A*B       | 16     | 16     | 32     | -      | 32     | 0    | 0    | 0    | -    | -     | 0    | 0    | 
|pe          | C+A*B       | 16     | 16     | 32     | -      | 32     | 0    | 0    | 0    | -    | -     | 0    | 0    | 
|pe          | C+A*B       | 16     | 16     | 32     | -      | 32     | 0    | 0    | 0    | -    | -     | 0    | 0    | 
|pe          | C+A*B       | 16     | 16     | 32     | -      | 32     | 0    | 0    | 0    | -    | -     | 0    | 0    | 
|pe          | C+A*B       | 16     | 16     | 32     | -      | 32     | 0    | 0    | 0    | -    | -     | 0    | 0    | 
|pe          | C+A*B       | 16     | 16     | 32     | -      | 32     | 0    | 0    | 0    | -    | -     | 0    | 0    | 
|pe          | C+A*B       | 16     | 16     | 32     | -      | 32     | 0    | 0    | 0    | -    | -     | 0    | 0    | 
|pe          | C+A*B       | 16     | 16     | 32     | -      | 32     | 0    | 0    | 0    | -    | -     | 0    | 0    | 
|pe          | C+A*B       | 16     | 16     | 32     | -      | 32     | 0    | 0    | 0    | -    | -     | 0    | 0    | 
|pe          | C+A*B       | 16     | 16     | 32     | -      | 32     | 0    | 0    | 0    | -    | -     | 0    | 0    | 
|pe          | C+A*B       | 16     | 16     | 32     | -      | 32     | 0    | 0    | 0    | -    | -     | 0    | 0    | 
|pe          | C+A*B       | 16     | 16     | 32     | -      | 32     | 0    | 0    | 0    | -    | -     | 0    | 0    | 
|pe          | C+A*B       | 16     | 16     | 32     | -      | 32     | 0    | 0    | 0    | -    | -     | 0    | 0    | 
|pe          | C+A*B       | 16     | 16     | 32     | -      | 32     | 0    | 0    | 0    | -    | -     | 0    | 0    | 
|pe          | C+A*B       | 16     | 16     | 32     | -      | 32     | 0    | 0    | 0    | -    | -     | 0    | 0    | 
|pe          | C+A*B       | 16     | 16     | 32     | -      | 32     | 0    | 0    | 0    | -    | -     | 0    | 0    | 
+------------+-------------+--------+--------+--------+--------+--------+------+------+------+------+-------+------+------+

Note: The table above is a preliminary report that shows the DSPs inferred at the current stage of the synthesis flow. Some DSP may be reimplemented as non DSP primitives later in the synthesis flow. Multiple instantiated DSPs are reported only once.
---------------------------------------------------------------------------------
Finished ROM, RAM, DSP, Shift Register and Retiming Reporting
---------------------------------------------------------------------------------
---------------------------------------------------------------------------------
Start Applying XDC Timing Constraints
---------------------------------------------------------------------------------
---------------------------------------------------------------------------------
Finished Applying XDC Timing Constraints : Time (s): cpu = 00:00:11 ; elapsed = 00:00:11 . Memory (MB): peak = 2403.309 ; gain = 744.367 ; free physical = 55430 ; free virtual = 112682
---------------------------------------------------------------------------------
---------------------------------------------------------------------------------
Start Timing Optimization
---------------------------------------------------------------------------------
---------------------------------------------------------------------------------
Finished Timing Optimization : Time (s): cpu = 00:00:11 ; elapsed = 00:00:11 . Memory (MB): peak = 2424.324 ; gain = 765.383 ; free physical = 55412 ; free virtual = 112664
---------------------------------------------------------------------------------
---------------------------------------------------------------------------------
Start Technology Mapping
---------------------------------------------------------------------------------
---------------------------------------------------------------------------------
Finished Technology Mapping : Time (s): cpu = 00:00:11 ; elapsed = 00:00:12 . Memory (MB): peak = 2432.332 ; gain = 773.391 ; free physical = 55404 ; free virtual = 112656
---------------------------------------------------------------------------------
---------------------------------------------------------------------------------
Start IO Insertion
---------------------------------------------------------------------------------
---------------------------------------------------------------------------------
Start Flattening Before IO Insertion
---------------------------------------------------------------------------------
---------------------------------------------------------------------------------
Finished Flattening Before IO Insertion
---------------------------------------------------------------------------------
---------------------------------------------------------------------------------
Start Final Netlist Cleanup
---------------------------------------------------------------------------------
WARNING: synth_design option "-fanout_limit" is deprecated.
---------------------------------------------------------------------------------
Finished Final Netlist Cleanup
---------------------------------------------------------------------------------
---------------------------------------------------------------------------------
Finished IO Insertion : Time (s): cpu = 00:00:13 ; elapsed = 00:00:13 . Memory (MB): peak = 2576.145 ; gain = 917.203 ; free physical = 55264 ; free virtual = 112516
---------------------------------------------------------------------------------
---------------------------------------------------------------------------------
Start Renaming Generated Instances
---------------------------------------------------------------------------------
---------------------------------------------------------------------------------
Finished Renaming Generated Instances : Time (s): cpu = 00:00:13 ; elapsed = 00:00:13 . Memory (MB): peak = 2576.145 ; gain = 917.203 ; free physical = 55264 ; free virtual = 112516
---------------------------------------------------------------------------------
---------------------------------------------------------------------------------
Start Rebuilding User Hierarchy
---------------------------------------------------------------------------------
---------------------------------------------------------------------------------
Finished Rebuilding User Hierarchy : Time (s): cpu = 00:00:13 ; elapsed = 00:00:13 . Memory (MB): peak = 2576.145 ; gain = 917.203 ; free physical = 55264 ; free virtual = 112516
---------------------------------------------------------------------------------
---------------------------------------------------------------------------------
Start Renaming Generated Ports
---------------------------------------------------------------------------------
---------------------------------------------------------------------------------
Finished Renaming Generated Ports : Time (s): cpu = 00:00:13 ; elapsed = 00:00:13 . Memory (MB): peak = 2576.145 ; gain = 917.203 ; free physical = 55264 ; free virtual = 112516
---------------------------------------------------------------------------------
---------------------------------------------------------------------------------
Start Handling Custom Attributes
---------------------------------------------------------------------------------
---------------------------------------------------------------------------------
Finished Handling Custom Attributes : Time (s): cpu = 00:00:13 ; elapsed = 00:00:13 . Memory (MB): peak = 2576.145 ; gain = 917.203 ; free physical = 55264 ; free virtual = 112516
---------------------------------------------------------------------------------
---------------------------------------------------------------------------------
Start Renaming Generated Nets
---------------------------------------------------------------------------------
---------------------------------------------------------------------------------
Finished Renaming Generated Nets : Time (s): cpu = 00:00:13 ; elapsed = 00:00:13 . Memory (MB): peak = 2576.145 ; gain = 917.203 ; free physical = 55264 ; free virtual = 112516
---------------------------------------------------------------------------------
---------------------------------------------------------------------------------
Start Writing Synthesis Report
---------------------------------------------------------------------------------

Report BlackBoxes: 
+-+--------------+----------+
| |BlackBox name |Instances |
+-+--------------+----------+
+-+--------------+----------+

Report Cell Usage: 
+------+-----+------+
|      |Cell |Count |
+------+-----+------+
|1     |OBUF |   135|
+------+-----+------+
---------------------------------------------------------------------------------
Finished Writing Synthesis Report : Time (s): cpu = 00:00:13 ; elapsed = 00:00:13 . Memory (MB): peak = 2576.145 ; gain = 917.203 ; free physical = 55264 ; free virtual = 112516
---------------------------------------------------------------------------------
Synthesis finished with 0 errors, 15 critical warnings and 2 warnings.
Synthesis Optimization Runtime : Time (s): cpu = 00:00:12 ; elapsed = 00:00:12 . Memory (MB): peak = 2576.145 ; gain = 759.453 ; free physical = 55264 ; free virtual = 112516
Synthesis Optimization Complete : Time (s): cpu = 00:00:13 ; elapsed = 00:00:13 . Memory (MB): peak = 2576.152 ; gain = 917.203 ; free physical = 55264 ; free virtual = 112516
INFO: [Project 1-571] Translating synthesized netlist
Netlist sorting complete. Time (s): cpu = 00:00:00 ; elapsed = 00:00:00 . Memory (MB): peak = 2576.152 ; gain = 0.000 ; free physical = 55264 ; free virtual = 112516
INFO: [Project 1-570] Preparing netlist for logic optimization
Parsing XDC File [/home/jrq/systolic_array_edge/constraints/systolic_array.xdc]
Finished Parsing XDC File [/home/jrq/systolic_array_edge/constraints/systolic_array.xdc]
INFO: [Opt 31-138] Pushed 0 inverter(s) to 0 load pin(s).
Netlist sorting complete. Time (s): cpu = 00:00:00 ; elapsed = 00:00:00 . Memory (MB): peak = 2576.152 ; gain = 0.000 ; free physical = 55450 ; free virtual = 112701
INFO: [Project 1-111] Unisim Transformation Summary:
No Unisim elements were transformed.

Synth Design complete | Checksum: 717b7fd6
INFO: [Common 17-83] Releasing license: Synthesis
16 Infos, 5 Warnings, 15 Critical Warnings and 0 Errors encountered.
synth_design completed successfully
synth_design: Time (s): cpu = 00:00:17 ; elapsed = 00:00:16 . Memory (MB): peak = 2576.152 ; gain = 1088.496 ; free physical = 55427 ; free virtual = 112678
INFO: [Common 17-2834] synth_design peak Physical Memory [PSS] (MB): overall = 2030.565; main = 2030.565; forked = 323.471
INFO: [Common 17-2834] synth_design peak Virtual Memory [VSS] (MB): overall = 3266.434; main = 2576.148; forked = 926.121
# puts "\nSynthesis complete!"

Synthesis complete!
# puts "\n=============================================================================="

==============================================================================
# puts "Running Post-Synthesis Optimization..."
Running Post-Synthesis Optimization...
# puts "=============================================================================="
==============================================================================
# opt_design -remap -resynth_area
Command: opt_design -remap -resynth_area
Attempting to get a license for feature 'Implementation' and/or device 'xc7a35t'
INFO: [Common 17-349] Got license for feature 'Implementation' and/or device 'xc7a35t'
Running DRC as a precondition to command opt_design

Starting DRC Task
INFO: [DRC 23-27] Running DRC with 8 threads
INFO: [Project 1-461] DRC finished with 0 Errors
INFO: [Project 1-462] Please refer to the DRC report (report_drc) for more information.

Time (s): cpu = 00:00:00.61 ; elapsed = 00:00:00.2 . Memory (MB): peak = 2576.152 ; gain = 0.000 ; free physical = 55461 ; free virtual = 112713

Starting Logic Optimization Task

Phase 1 Initialization

Phase 1.1 Core Generation And Design Setup
Phase 1.1 Core Generation And Design Setup | Checksum: 11539ce12

Time (s): cpu = 00:00:00 ; elapsed = 00:00:00 . Memory (MB): peak = 2576.152 ; gain = 0.000 ; free physical = 55462 ; free virtual = 112714

Phase 1.2 Setup Constraints And Sort Netlist
Phase 1.2 Setup Constraints And Sort Netlist | Checksum: 11539ce12

Time (s): cpu = 00:00:00 ; elapsed = 00:00:00 . Memory (MB): peak = 2576.152 ; gain = 0.000 ; free physical = 55462 ; free virtual = 112714
Phase 1 Initialization | Checksum: 11539ce12

Time (s): cpu = 00:00:00 ; elapsed = 00:00:00 . Memory (MB): peak = 2576.152 ; gain = 0.000 ; free physical = 55462 ; free virtual = 112714

Phase 2 Timer Update And Timing Data Collection

Phase 2.1 Timer Update
INFO: [Timing 38-35] Done setting XDC timing constraints.
Phase 2.1 Timer Update | Checksum: 11539ce12

Time (s): cpu = 00:00:03 ; elapsed = 00:00:03 . Memory (MB): peak = 3003.098 ; gain = 426.945 ; free physical = 55129 ; free virtual = 112381

Phase 2.2 Timing Data Collection
Phase 2.2 Timing Data Collection | Checksum: 11539ce12

Time (s): cpu = 00:00:03 ; elapsed = 00:00:03 . Memory (MB): peak = 3003.098 ; gain = 426.945 ; free physical = 55130 ; free virtual = 112382
Phase 2 Timer Update And Timing Data Collection | Checksum: 11539ce12

Time (s): cpu = 00:00:03 ; elapsed = 00:00:03 . Memory (MB): peak = 3003.098 ; gain = 426.945 ; free physical = 55130 ; free virtual = 112382

Phase 3 Remap
Phase 3 Remap | Checksum: 11539ce12

Time (s): cpu = 00:00:03 ; elapsed = 00:00:03 . Memory (MB): peak = 3003.098 ; gain = 426.945 ; free physical = 55130 ; free virtual = 112382
Remap | Checksum: 11539ce12
INFO: [Opt 31-389] Phase Remap created 0 cells and removed 0 cells

Phase 4 Resynthesis
INFO: [Timing 38-35] Done setting XDC timing constraints.
INFO: [Opt 31-74] Optimized 0 modules.
INFO: [Constraints 18-11670] Building netlist checker database with flags, 0x8
Done building netlist checker database: Time (s): cpu = 00:00:00 ; elapsed = 00:00:00 . Memory (MB): peak = 3007.012 ; gain = 0.000 ; free physical = 53526 ; free virtual = 110778
INFO: [Opt 31-138] Pushed 0 inverter(s) to 0 load pin(s).
INFO: [Constraints 18-11670] Building netlist checker database with flags, 0x8
Done building netlist checker database: Time (s): cpu = 00:00:00 ; elapsed = 00:00:00 . Memory (MB): peak = 3007.012 ; gain = 0.000 ; free physical = 53526 ; free virtual = 110778
Phase 4 Resynthesis | Checksum: 11539ce12

Time (s): cpu = 00:00:03 ; elapsed = 00:00:04 . Memory (MB): peak = 3007.012 ; gain = 430.859 ; free physical = 53526 ; free virtual = 110778
Resynthesis | Checksum: 11539ce12
INFO: [Opt 31-389] Phase Resynthesis created 0 cells and removed 0 cells

Phase 5 Post Processing Netlist
Phase 5 Post Processing Netlist | Checksum: 11539ce12

Time (s): cpu = 00:00:03 ; elapsed = 00:00:04 . Memory (MB): peak = 3007.012 ; gain = 430.859 ; free physical = 53522 ; free virtual = 110774
Post Processing Netlist | Checksum: 11539ce12
INFO: [Opt 31-389] Phase Post Processing Netlist created 0 cells and removed 0 cells

Phase 6 Finalization

Phase 6.1 Finalizing Design Cores and Updating Shapes
Phase 6.1 Finalizing Design Cores and Updating Shapes | Checksum: 11539ce12

Time (s): cpu = 00:00:03 ; elapsed = 00:00:04 . Memory (MB): peak = 3007.012 ; gain = 430.859 ; free physical = 53522 ; free virtual = 110774

Phase 6.2 Verifying Netlist Connectivity
Phase 6.2 Verifying Netlist Connectivity | Checksum: 11539ce12

Time (s): cpu = 00:00:03 ; elapsed = 00:00:04 . Memory (MB): peak = 3007.012 ; gain = 430.859 ; free physical = 53522 ; free virtual = 110774
Phase 6 Finalization | Checksum: 11539ce12

Time (s): cpu = 00:00:03 ; elapsed = 00:00:04 . Memory (MB): peak = 3007.012 ; gain = 430.859 ; free physical = 53522 ; free virtual = 110774
Opt_design Change Summary
=========================


---------------------------------------------------------------------------------------------------------------------
|  Phase                    |  #Cells created  |  #Cells Removed  |  #Constrained objects preventing optimizations  |
---------------------------------------------------------------------------------------------------------------------
|  Remap                    |               0  |               0  |                                              0  |
|  Resynthesis              |               0  |               0  |                                              0  |
|  Post Processing Netlist  |               0  |               0  |                                              0  |
---------------------------------------------------------------------------------------------------------------------


Ending Logic Optimization Task | Checksum: 11539ce12

Time (s): cpu = 00:00:03 ; elapsed = 00:00:04 . Memory (MB): peak = 3007.012 ; gain = 430.859 ; free physical = 53514 ; free virtual = 110766

Starting Netlist Obfuscation Task
Netlist sorting complete. Time (s): cpu = 00:00:00 ; elapsed = 00:00:00 . Memory (MB): peak = 3007.012 ; gain = 0.000 ; free physical = 54028 ; free virtual = 111280
Ending Netlist Obfuscation Task | Checksum: 11539ce12

Time (s): cpu = 00:00:00 ; elapsed = 00:00:00.01 . Memory (MB): peak = 3007.012 ; gain = 0.000 ; free physical = 54028 ; free virtual = 111280
INFO: [Common 17-83] Releasing license: Implementation
14 Infos, 0 Warnings, 0 Critical Warnings and 0 Errors encountered.
opt_design completed successfully
opt_design: Time (s): cpu = 00:00:12 ; elapsed = 00:00:05 . Memory (MB): peak = 3007.012 ; gain = 430.859 ; free physical = 54028 ; free virtual = 111280
# puts "Post-synthesis optimization complete!"
Post-synthesis optimization complete!
# puts "\n=============================================================================="

==============================================================================
# puts "Running Placement..."
Running Placement...
# puts "=============================================================================="
==============================================================================
# set_property strategy Performance_ExplorePostRoutePhysOpt [get_runs impl_1]
# place_design -directive Explore
Command: place_design -directive Explore
Attempting to get a license for feature 'Implementation' and/or device 'xc7a35t'
INFO: [Common 17-349] Got license for feature 'Implementation' and/or device 'xc7a35t'
INFO: [Common 17-83] Releasing license: Implementation
INFO: [DRC 23-27] Running DRC with 8 threads
INFO: [Vivado_Tcl 4-198] DRC finished with 0 Errors
INFO: [Vivado_Tcl 4-199] Please refer to the DRC report (report_drc) for more information.
INFO: [Vivado_Tcl 4-2302] The placer was invoked with the 'Explore' directive.
Running DRC as a precondition to command place_design
INFO: [DRC 23-27] Running DRC with 8 threads
INFO: [Vivado_Tcl 4-198] DRC finished with 0 Errors
INFO: [Vivado_Tcl 4-199] Please refer to the DRC report (report_drc) for more information.
INFO: [Place 30-611] Multithreading enabled for place_design using a maximum of 8 CPUs

Starting Placer Task

Phase 1 Placer Initialization

Phase 1.1 Placer Initialization Netlist Sorting
Netlist sorting complete. Time (s): cpu = 00:00:00 ; elapsed = 00:00:00 . Memory (MB): peak = 3007.012 ; gain = 0.000 ; free physical = 54070 ; free virtual = 111323
Phase 1.1 Placer Initialization Netlist Sorting | Checksum: a3be4e3c

Time (s): cpu = 00:00:00 ; elapsed = 00:00:00 . Memory (MB): peak = 3007.012 ; gain = 0.000 ; free physical = 54070 ; free virtual = 111323
INFO: [Timing 38-35] Done setting XDC timing constraints.
INFO: [Opt 31-138] Pushed 0 inverter(s) to 0 load pin(s).
Netlist sorting complete. Time (s): cpu = 00:00:00 ; elapsed = 00:00:00 . Memory (MB): peak = 3007.012 ; gain = 0.000 ; free physical = 54070 ; free virtual = 111323

Phase 1.2 IO Placement/ Clock Placement/ Build Placer Device
ERROR: [Place 30-415] IO Placement failed due to overutilization. This design contains 135 I/O ports
 while the target  device: 7a35t package: cpg236, contains only 106 available user I/O. The target device has 106 usable I/O pins of which 0 are already occupied by user-locked I/Os.
 To rectify this issue:
 1. Ensure you are targeting the correct device and package.  Select a larger device or different package if necessary.
 2. Check the top-level ports of the design to ensure the correct number of ports are specified.
 3. Consider design changes to reduce the number of I/Os necessary.
INFO: [Timing 38-35] Done setting XDC timing constraints.
ERROR: [Place 30-68] Instance busy_OBUF_inst (OBUF) is not placed
ERROR: [Place 30-68] Instance input_ready_OBUF_inst (OBUF) is not placed
ERROR: [Place 30-68] Instance output_data_OBUF[0]_inst (OBUF) is not placed
ERROR: [Place 30-68] Instance output_data_OBUF[100]_inst (OBUF) is not placed
ERROR: [Place 30-68] Instance output_data_OBUF[101]_inst (OBUF) is not placed
ERROR: [Place 30-68] Instance output_data_OBUF[102]_inst (OBUF) is not placed
ERROR: [Place 30-68] Instance output_data_OBUF[103]_inst (OBUF) is not placed
ERROR: [Place 30-68] Instance output_data_OBUF[104]_inst (OBUF) is not placed
ERROR: [Place 30-68] Instance output_data_OBUF[105]_inst (OBUF) is not placed
ERROR: [Place 30-68] Instance output_data_OBUF[106]_inst (OBUF) is not placed
ERROR: [Place 30-68] Instance output_data_OBUF[107]_inst (OBUF) is not placed
ERROR: [Place 30-68] Instance output_data_OBUF[108]_inst (OBUF) is not placed
ERROR: [Place 30-68] Instance output_data_OBUF[109]_inst (OBUF) is not placed
ERROR: [Place 30-68] Instance output_data_OBUF[10]_inst (OBUF) is not placed
ERROR: [Place 30-68] Instance output_data_OBUF[110]_inst (OBUF) is not placed
ERROR: [Place 30-68] Instance output_data_OBUF[111]_inst (OBUF) is not placed
ERROR: [Place 30-68] Instance output_data_OBUF[112]_inst (OBUF) is not placed
ERROR: [Place 30-68] Instance output_data_OBUF[113]_inst (OBUF) is not placed
ERROR: [Place 30-68] Instance output_data_OBUF[114]_inst (OBUF) is not placed
ERROR: [Place 30-68] Instance output_data_OBUF[115]_inst (OBUF) is not placed
ERROR: [Place 30-68] Instance output_data_OBUF[116]_inst (OBUF) is not placed
ERROR: [Place 30-68] Instance output_data_OBUF[117]_inst (OBUF) is not placed
ERROR: [Place 30-68] Instance output_data_OBUF[118]_inst (OBUF) is not placed
ERROR: [Place 30-68] Instance output_data_OBUF[119]_inst (OBUF) is not placed
ERROR: [Place 30-68] Instance output_data_OBUF[11]_inst (OBUF) is not placed
ERROR: [Place 30-68] Instance output_data_OBUF[120]_inst (OBUF) is not placed
ERROR: [Place 30-68] Instance output_data_OBUF[121]_inst (OBUF) is not placed
ERROR: [Place 30-68] Instance output_data_OBUF[122]_inst (OBUF) is not placed
ERROR: [Place 30-68] Instance output_data_OBUF[123]_inst (OBUF) is not placed
ERROR: [Place 30-68] Instance output_data_OBUF[124]_inst (OBUF) is not placed
ERROR: [Place 30-68] Instance output_data_OBUF[125]_inst (OBUF) is not placed
ERROR: [Place 30-68] Instance output_data_OBUF[126]_inst (OBUF) is not placed
ERROR: [Place 30-68] Instance output_data_OBUF[127]_inst (OBUF) is not placed
ERROR: [Place 30-68] Instance output_data_OBUF[12]_inst (OBUF) is not placed
ERROR: [Place 30-68] Instance output_data_OBUF[13]_inst (OBUF) is not placed
ERROR: [Place 30-68] Instance output_data_OBUF[14]_inst (OBUF) is not placed
ERROR: [Place 30-68] Instance output_data_OBUF[15]_inst (OBUF) is not placed
ERROR: [Place 30-68] Instance output_data_OBUF[16]_inst (OBUF) is not placed
ERROR: [Place 30-68] Instance output_data_OBUF[17]_inst (OBUF) is not placed
ERROR: [Place 30-68] Instance output_data_OBUF[18]_inst (OBUF) is not placed
ERROR: [Place 30-68] Instance output_data_OBUF[19]_inst (OBUF) is not placed
ERROR: [Place 30-68] Instance output_data_OBUF[1]_inst (OBUF) is not placed
ERROR: [Place 30-68] Instance output_data_OBUF[20]_inst (OBUF) is not placed
ERROR: [Place 30-68] Instance output_data_OBUF[21]_inst (OBUF) is not placed
ERROR: [Place 30-68] Instance output_data_OBUF[22]_inst (OBUF) is not placed
ERROR: [Place 30-68] Instance output_data_OBUF[23]_inst (OBUF) is not placed
ERROR: [Place 30-68] Instance output_data_OBUF[24]_inst (OBUF) is not placed
ERROR: [Place 30-68] Instance output_data_OBUF[25]_inst (OBUF) is not placed
ERROR: [Place 30-68] Instance output_data_OBUF[26]_inst (OBUF) is not placed
ERROR: [Place 30-68] Instance output_data_OBUF[27]_inst (OBUF) is not placed
ERROR: [Place 30-68] Instance output_data_OBUF[28]_inst (OBUF) is not placed
ERROR: [Place 30-68] Instance output_data_OBUF[29]_inst (OBUF) is not placed
ERROR: [Place 30-68] Instance output_data_OBUF[2]_inst (OBUF) is not placed
ERROR: [Place 30-68] Instance output_data_OBUF[30]_inst (OBUF) is not placed
ERROR: [Place 30-68] Instance output_data_OBUF[31]_inst (OBUF) is not placed
ERROR: [Place 30-68] Instance output_data_OBUF[32]_inst (OBUF) is not placed
ERROR: [Place 30-68] Instance output_data_OBUF[33]_inst (OBUF) is not placed
ERROR: [Place 30-68] Instance output_data_OBUF[34]_inst (OBUF) is not placed
ERROR: [Place 30-68] Instance output_data_OBUF[35]_inst (OBUF) is not placed
ERROR: [Place 30-68] Instance output_data_OBUF[36]_inst (OBUF) is not placed
ERROR: [Place 30-68] Instance output_data_OBUF[37]_inst (OBUF) is not placed
ERROR: [Place 30-68] Instance output_data_OBUF[38]_inst (OBUF) is not placed
ERROR: [Place 30-68] Instance output_data_OBUF[39]_inst (OBUF) is not placed
ERROR: [Place 30-68] Instance output_data_OBUF[3]_inst (OBUF) is not placed
ERROR: [Place 30-68] Instance output_data_OBUF[40]_inst (OBUF) is not placed
ERROR: [Place 30-68] Instance output_data_OBUF[41]_inst (OBUF) is not placed
ERROR: [Place 30-68] Instance output_data_OBUF[42]_inst (OBUF) is not placed
ERROR: [Place 30-68] Instance output_data_OBUF[43]_inst (OBUF) is not placed
ERROR: [Place 30-68] Instance output_data_OBUF[44]_inst (OBUF) is not placed
ERROR: [Place 30-68] Instance output_data_OBUF[45]_inst (OBUF) is not placed
ERROR: [Place 30-68] Instance output_data_OBUF[46]_inst (OBUF) is not placed
ERROR: [Place 30-68] Instance output_data_OBUF[47]_inst (OBUF) is not placed
ERROR: [Place 30-68] Instance output_data_OBUF[48]_inst (OBUF) is not placed
ERROR: [Place 30-68] Instance output_data_OBUF[49]_inst (OBUF) is not placed
ERROR: [Place 30-68] Instance output_data_OBUF[4]_inst (OBUF) is not placed
ERROR: [Place 30-68] Instance output_data_OBUF[50]_inst (OBUF) is not placed
ERROR: [Place 30-68] Instance output_data_OBUF[51]_inst (OBUF) is not placed
ERROR: [Place 30-68] Instance output_data_OBUF[52]_inst (OBUF) is not placed
ERROR: [Place 30-68] Instance output_data_OBUF[53]_inst (OBUF) is not placed
ERROR: [Place 30-68] Instance output_data_OBUF[54]_inst (OBUF) is not placed
ERROR: [Place 30-68] Instance output_data_OBUF[55]_inst (OBUF) is not placed
ERROR: [Place 30-68] Instance output_data_OBUF[56]_inst (OBUF) is not placed
ERROR: [Place 30-68] Instance output_data_OBUF[57]_inst (OBUF) is not placed
ERROR: [Place 30-68] Instance output_data_OBUF[58]_inst (OBUF) is not placed
ERROR: [Place 30-68] Instance output_data_OBUF[59]_inst (OBUF) is not placed
ERROR: [Place 30-68] Instance output_data_OBUF[5]_inst (OBUF) is not placed
ERROR: [Place 30-68] Instance output_data_OBUF[60]_inst (OBUF) is not placed
ERROR: [Place 30-68] Instance output_data_OBUF[61]_inst (OBUF) is not placed
ERROR: [Place 30-68] Instance output_data_OBUF[62]_inst (OBUF) is not placed
ERROR: [Place 30-68] Instance output_data_OBUF[63]_inst (OBUF) is not placed
ERROR: [Place 30-68] Instance output_data_OBUF[64]_inst (OBUF) is not placed
ERROR: [Place 30-68] Instance output_data_OBUF[65]_inst (OBUF) is not placed
ERROR: [Place 30-68] Instance output_data_OBUF[66]_inst (OBUF) is not placed
ERROR: [Place 30-68] Instance output_data_OBUF[67]_inst (OBUF) is not placed
ERROR: [Place 30-68] Instance output_data_OBUF[68]_inst (OBUF) is not placed
ERROR: [Place 30-68] Instance output_data_OBUF[69]_inst (OBUF) is not placed
ERROR: [Place 30-68] Instance output_data_OBUF[6]_inst (OBUF) is not placed
ERROR: [Place 30-68] Instance output_data_OBUF[70]_inst (OBUF) is not placed
ERROR: [Place 30-68] Instance output_data_OBUF[71]_inst (OBUF) is not placed
ERROR: [Place 30-68] Instance output_data_OBUF[72]_inst (OBUF) is not placed
INFO: [Common 17-14] Message 'Place 30-68' appears 100 times and further instances of the messages will be disabled. Use the Tcl command set_msg_config to change the current settings.
Phase 1.2 IO Placement/ Clock Placement/ Build Placer Device | Checksum: a3be4e3c

Time (s): cpu = 00:00:00.13 ; elapsed = 00:00:00.05 . Memory (MB): peak = 3091.141 ; gain = 84.129 ; free physical = 54073 ; free virtual = 111327
Phase 1 Placer Initialization | Checksum: a3be4e3c

Time (s): cpu = 00:00:00.13 ; elapsed = 00:00:00.05 . Memory (MB): peak = 3091.141 ; gain = 84.129 ; free physical = 54073 ; free virtual = 111327
ERROR: [Place 30-99] Placer failed with error: 'IO Clock Placer failed'
Please review all ERROR, CRITICAL WARNING, and WARNING messages during placement to understand the cause for failure.
Ending Placer Task | Checksum: a3be4e3c

Time (s): cpu = 00:00:00.13 ; elapsed = 00:00:00.05 . Memory (MB): peak = 3091.141 ; gain = 84.129 ; free physical = 54073 ; free virtual = 111327
14 Infos, 0 Warnings, 0 Critical Warnings and 103 Errors encountered.
place_design failed
ERROR: [Common 17-69] Command failed: Placer could not place all instances
INFO: [Common 17-206] Exiting Vivado at Fri Jan 30 10:44:24 2026...
