 
****************************************
Report : area
Design : is_core_std_top_4x4
Version: O-2018.06-SP1
Date   : Sun Apr 26 10:11:17 2026
****************************************

Library(s) Used:

    tcbn28hpcplusbwp12t40p140tt0p9v25c (File: /home/host_1/systolic_array_edge/asic_commercial/pdk_cache/tsmc28_icc/logic/TSMCHOME/digital/Front_End/timing_power_noise/NLDM/tcbn28hpcplusbwp12t40p140_180a/tcbn28hpcplusbwp12t40p140tt0p9v25c.db)

Number of ports:                         5798
Number of nets:                         24103
Number of cells:                        15297
Number of combinational cells:          13852
Number of sequential cells:              1388
Number of macros/black boxes:               0
Number of buf/inv:                       1979
Number of references:                       1

Combinational area:              17023.439813
Buf/Inv area:                      709.127994
Noncombinational area:            4396.223931
Macro/Black Box area:                0.000000
Net Interconnect area:      undefined  (Wire load has zero net area)

Total cell area:                 21419.663744
Total area:                 undefined
1
