 
****************************************
Report : area
Design : dip_core_std_top_4x4
Version: O-2018.06-SP1
Date   : Tue Apr 21 21:29:22 2026
****************************************

Library(s) Used:

    slow (File: /home/ic_libs/TSMC.90/aci/sc-x/synopsys/slow.db)

Number of ports:                         8622
Number of nets:                         30087
Number of cells:                        18829
Number of combinational cells:          16874
Number of sequential cells:              1873
Number of macros/black boxes:               0
Number of buf/inv:                       2051
Number of references:                       1

Combinational area:             165103.346528
Buf/Inv area:                     5592.585742
Noncombinational area:           28880.208227
Macro/Black Box area:                0.000000
Net Interconnect area:      undefined  (No wire load specified)

Total cell area:                193983.554755
Total area:                 undefined
1
