Loading db file '/home/ic_libs/TSMC.90/aci/sc-x/synopsys/slow.db'
Information: Propagating switching activity (low effort zero delay simulation). (PWR-6)
Warning: Design has unannotated primary inputs. (PWR-414)
Warning: Design has unannotated sequential cell outputs. (PWR-415)
 
****************************************
Report : power
        -analysis_effort low
Design : dip_core_std_top_4x4
Version: O-2018.06-SP1
Date   : Tue Apr 21 21:29:24 2026
****************************************


Library(s) Used:

    slow (File: /home/ic_libs/TSMC.90/aci/sc-x/synopsys/slow.db)


Operating Conditions: slow   Library: slow
Wire Load Model Mode: top


Global Operating Voltage = 0.9  
Power-specific unit information :
    Voltage Units = 1V
    Capacitance Units = 1.000000pf
    Time Units = 1ns
    Dynamic Power Units = 1mW    (derived from V,C,T units)
    Leakage Power Units = 1pW


  Cell Internal Power  =   4.0196 mW   (97%)
  Net Switching Power  = 127.8209 uW    (3%)
                         ---------
Total Dynamic Power    =   4.1474 mW  (100%)

Cell Leakage Power     =   1.1410 mW


                 Internal         Switching           Leakage            Total
Power Group      Power            Power               Power              Power   (   %    )  Attrs
--------------------------------------------------------------------------------------------------
io_pad             0.0000            0.0000            0.0000            0.0000  (   0.00%)
memory             0.0000            0.0000            0.0000            0.0000  (   0.00%)
black_box          0.0000            0.0000            0.0000            0.0000  (   0.00%)
clock_network      0.0000            0.0000            0.0000            0.0000  (   0.00%)
register           3.9025        3.5967e-03        6.3927e+07            3.9701  (  75.07%)
sequential         0.0000            0.0000            0.0000            0.0000  (   0.00%)
combinational      0.1171            0.1242        1.0771e+09            1.3183  (  24.93%)
--------------------------------------------------------------------------------------------------
Total              4.0196 mW         0.1278 mW     1.1410e+09 pW         5.2884 mW
1
