 
****************************************
Report : timing
        -path full
        -delay max
        -max_paths 1
Design : ws_core_std_top_4x4
Version: O-2018.06-SP1
Date   : Tue Apr 21 20:20:28 2026
****************************************

 # A fanout number of 1000 was used for high fanout net computations.

Operating Conditions: slow   Library: slow
Wire Load Model Mode: top

  Startpoint: u_ws_std_array/stored_weight_reg[1][3][11]
              (rising edge-triggered flip-flop clocked by clk)
  Endpoint: u_ws_std_array/psum_pipe_reg[1][3][31]
            (rising edge-triggered flip-flop clocked by clk)
  Path Group: clk
  Path Type: max

  Point                                                   Incr       Path
  --------------------------------------------------------------------------
  clock clk (rise edge)                                   0.00       0.00
  clock network delay (ideal)                             0.00       0.00
  u_ws_std_array/stored_weight_reg[1][3][11]/CK (DFFRQX2)
                                                          0.00 #     0.00 r
  u_ws_std_array/stored_weight_reg[1][3][11]/Q (DFFRQX2)
                                                          0.28       0.28 f
  u_ws_std_array/mult_136_I4_I2/B[11] (standard_ws_array_4x4_DATA_WIDTH16_WEIGHT_WIDTH16_ACC_WIDTH32_ARRAY_SIZE4_DW02_mult_6)
                                                          0.00       0.28 f
  u_ws_std_array/mult_136_I4_I2/U45/Y (INVX4)             0.07       0.35 r
  u_ws_std_array/mult_136_I4_I2/U106/Y (NOR2X1)           0.05       0.40 f
  u_ws_std_array/mult_136_I4_I2/U63/Y (AND2X2)            0.11       0.51 f
  u_ws_std_array/mult_136_I4_I2/S2_2_11/CO (ADDFHX2)      0.15       0.66 f
  u_ws_std_array/mult_136_I4_I2/S2_3_11/CO (ADDFX1)       0.26       0.92 f
  u_ws_std_array/mult_136_I4_I2/S2_4_11/CO (ADDFX1)       0.27       1.19 f
  u_ws_std_array/mult_136_I4_I2/S2_5_11/S (ADDFX2)        0.28       1.47 f
  u_ws_std_array/mult_136_I4_I2/S2_6_10/S (ADDFHX2)       0.16       1.62 r
  u_ws_std_array/mult_136_I4_I2/S2_7_9/S (ADDFHX2)        0.14       1.77 r
  u_ws_std_array/mult_136_I4_I2/S2_8_8/S (ADDFHX1)        0.19       1.95 f
  u_ws_std_array/mult_136_I4_I2/S2_9_7/S (ADDFHX4)        0.15       2.11 r
  u_ws_std_array/mult_136_I4_I2/S2_10_6/S (ADDFHX4)       0.14       2.25 r
  u_ws_std_array/mult_136_I4_I2/S2_11_5/S (ADDFHX4)       0.14       2.39 r
  u_ws_std_array/mult_136_I4_I2/S2_12_4/S (ADDFHX2)       0.16       2.54 f
  u_ws_std_array/mult_136_I4_I2/U204/Y (CLKNAND2X2)       0.04       2.58 r
  u_ws_std_array/mult_136_I4_I2/U202/Y (NAND3X2)          0.10       2.68 f
  u_ws_std_array/mult_136_I4_I2/S2_14_3/S (ADDFHX2)       0.18       2.86 f
  u_ws_std_array/mult_136_I4_I2/S4_2/S (ADDFHX2)          0.16       3.01 r
  u_ws_std_array/mult_136_I4_I2/S14_17/S (ADDFHX4)        0.15       3.16 f
  u_ws_std_array/mult_136_I4_I2/FS_1/A[15] (standard_ws_array_4x4_DATA_WIDTH16_WEIGHT_WIDTH16_ACC_WIDTH32_ARRAY_SIZE4_DW01_add_20)
                                                          0.00       3.16 f
  u_ws_std_array/mult_136_I4_I2/FS_1/U6/Y (NOR2X4)        0.06       3.22 r
  u_ws_std_array/mult_136_I4_I2/FS_1/U13/Y (INVX3)        0.03       3.25 f
  u_ws_std_array/mult_136_I4_I2/FS_1/U11/Y (CLKNAND2X4)
                                                          0.03       3.28 r
  u_ws_std_array/mult_136_I4_I2/FS_1/U12/Y (NAND2X4)      0.03       3.31 f
  u_ws_std_array/mult_136_I4_I2/FS_1/U16/Y (AOI2B1X4)     0.06       3.38 r
  u_ws_std_array/mult_136_I4_I2/FS_1/U82/Y (OAI21X1)      0.08       3.46 f
  u_ws_std_array/mult_136_I4_I2/FS_1/U34/Y (AOI2B1X1)     0.09       3.55 r
  u_ws_std_array/mult_136_I4_I2/FS_1/U35/Y (OAI21X1)      0.10       3.65 f
  u_ws_std_array/mult_136_I4_I2/FS_1/U9/Y (AOI2B1X2)      0.09       3.74 r
  u_ws_std_array/mult_136_I4_I2/FS_1/U8/Y (OAI21X2)       0.07       3.81 f
  u_ws_std_array/mult_136_I4_I2/FS_1/U7/Y (AOI2B1X2)      0.08       3.89 r
  u_ws_std_array/mult_136_I4_I2/FS_1/U36/Y (OAI21X1)      0.08       3.97 f
  u_ws_std_array/mult_136_I4_I2/FS_1/U25/Y (AOI2B1X2)     0.09       4.06 r
  u_ws_std_array/mult_136_I4_I2/FS_1/U27/Y (OAI21X2)      0.07       4.14 f
  u_ws_std_array/mult_136_I4_I2/FS_1/U26/Y (AOI2B1X4)     0.08       4.21 r
  u_ws_std_array/mult_136_I4_I2/FS_1/U41/Y (OAI21X1)      0.08       4.29 f
  u_ws_std_array/mult_136_I4_I2/FS_1/U56/Y (NOR2X2)       0.05       4.34 r
  u_ws_std_array/mult_136_I4_I2/FS_1/U57/Y (AO2B2X4)      0.14       4.48 f
  u_ws_std_array/mult_136_I4_I2/FS_1/U30/Y (XNOR2X2)      0.05       4.54 r
  u_ws_std_array/mult_136_I4_I2/FS_1/SUM[29] (standard_ws_array_4x4_DATA_WIDTH16_WEIGHT_WIDTH16_ACC_WIDTH32_ARRAY_SIZE4_DW01_add_20)
                                                          0.00       4.54 r
  u_ws_std_array/mult_136_I4_I2/PRODUCT[31] (standard_ws_array_4x4_DATA_WIDTH16_WEIGHT_WIDTH16_ACC_WIDTH32_ARRAY_SIZE4_DW02_mult_6)
                                                          0.00       4.54 r
  u_ws_std_array/mult_add_136_I4_I2_aco/A[31] (standard_ws_array_4x4_DATA_WIDTH16_WEIGHT_WIDTH16_ACC_WIDTH32_ARRAY_SIZE4_DW02_mult_22)
                                                          0.00       4.54 r
  u_ws_std_array/mult_add_136_I4_I2_aco/U5/Y (NAND2X2)
                                                          0.05       4.59 f
  u_ws_std_array/mult_add_136_I4_I2_aco/U4/Y (INVX2)      0.03       4.62 r
  u_ws_std_array/mult_add_136_I4_I2_aco/PRODUCT[31] (standard_ws_array_4x4_DATA_WIDTH16_WEIGHT_WIDTH16_ACC_WIDTH32_ARRAY_SIZE4_DW02_mult_22)
                                                          0.00       4.62 r
  u_ws_std_array/add_136_I4_I2_aco/B[31] (standard_ws_array_4x4_DATA_WIDTH16_WEIGHT_WIDTH16_ACC_WIDTH32_ARRAY_SIZE4_DW01_add_8)
                                                          0.00       4.62 r
  u_ws_std_array/add_136_I4_I2_aco/U2/Y (XOR2X3)          0.07       4.69 f
  u_ws_std_array/add_136_I4_I2_aco/U3/Y (XNOR2X2)         0.06       4.75 r
  u_ws_std_array/add_136_I4_I2_aco/SUM[31] (standard_ws_array_4x4_DATA_WIDTH16_WEIGHT_WIDTH16_ACC_WIDTH32_ARRAY_SIZE4_DW01_add_8)
                                                          0.00       4.75 r
  u_ws_std_array/U143/Y (AO22X4)                          0.10       4.85 r
  u_ws_std_array/psum_pipe_reg[1][3][31]/D (DFFRQX2)      0.00       4.85 r
  data arrival time                                                  4.85

  clock clk (rise edge)                                   5.00       5.00
  clock network delay (ideal)                             0.00       5.00
  u_ws_std_array/psum_pipe_reg[1][3][31]/CK (DFFRQX2)     0.00       5.00 r
  library setup time                                     -0.15       4.85
  data required time                                                 4.85
  --------------------------------------------------------------------------
  data required time                                                 4.85
  data arrival time                                                 -4.85
  --------------------------------------------------------------------------
  slack (MET)                                                        0.00


1
