 
****************************************
Report : power
        -analysis_effort low
Design : dip_core_top_4x4
Version: O-2018.06-SP1
Date   : Tue Apr 21 19:53:00 2026
****************************************


Library(s) Used:

    slow (File: /home/ic_libs/TSMC.90/aci/sc-x/synopsys/slow.db)


Operating Conditions: slow   Library: slow
Wire Load Model Mode: top


Global Operating Voltage = 0.9  
Power-specific unit information :
    Voltage Units = 1V
    Capacitance Units = 1.000000pf
    Time Units = 1ns
    Dynamic Power Units = 1mW    (derived from V,C,T units)
    Leakage Power Units = 1pW


  Cell Internal Power  =   1.5716 mW   (89%)
  Net Switching Power  = 189.1620 uW   (11%)
                         ---------
Total Dynamic Power    =   1.7608 mW  (100%)

Cell Leakage Power     = 311.8908 uW


                 Internal         Switching           Leakage            Total
Power Group      Power            Power               Power              Power   (   %    )  Attrs
--------------------------------------------------------------------------------------------------
io_pad             0.0000            0.0000            0.0000            0.0000  (   0.00%)
memory             0.0000            0.0000            0.0000            0.0000  (   0.00%)
black_box          0.0000            0.0000            0.0000            0.0000  (   0.00%)
clock_network  2.1256e-02            0.1405        4.1776e+05            0.1622  (   7.83%)
register           1.4646        7.2247e-03        2.9163e+07            1.5010  (  72.42%)
sequential         0.0000            0.0000            0.0000            0.0000  (   0.00%)
combinational  8.5825e-02        4.1404e-02        2.8231e+08            0.4095  (  19.76%)
--------------------------------------------------------------------------------------------------
Total              1.5716 mW         0.1892 mW     3.1189e+08 pW         2.0727 mW
1
