 
****************************************
Report : timing
        -path full
        -delay max
        -max_paths 1
Design : dip_core_top_4x4
Version: O-2018.06-SP1
Date   : Tue Apr 21 19:53:00 2026
****************************************

 # A fanout number of 1000 was used for high fanout net computations.

Operating Conditions: slow   Library: slow
Wire Load Model Mode: top

  Startpoint: u_dip_array/gen_rows[2].gen_cols[0].u_dip_pe/token_valid_reg_reg
              (rising edge-triggered flip-flop clocked by clk)
  Endpoint: u_dip_array/gen_rows[3].gen_cols[1].u_dip_pe/psum_out_reg_reg[31]
            (rising edge-triggered flip-flop clocked by clk)
  Path Group: clk
  Path Type: max

  Point                                                   Incr       Path
  --------------------------------------------------------------------------
  clock clk (rise edge)                                   0.00       0.00
  clock network delay (ideal)                             0.00       0.00
  u_dip_array/gen_rows[2].gen_cols[0].u_dip_pe/token_valid_reg_reg/CK (DFFRQXL)
                                                          0.00       0.00 r
  u_dip_array/gen_rows[2].gen_cols[0].u_dip_pe/token_valid_reg_reg/Q (DFFRQXL)
                                                          0.29       0.29 r
  U6142/Y (NAND2X2)                                       0.19       0.48 f
  U2085/Y (NOR2X2)                                        0.33       0.81 r
  U2034/Y (XNOR2X2)                                       0.32       1.13 r
  U6795/Y (NAND2X2)                                       0.20       1.33 f
  U2416/Y (OAI22XL)                                       0.13       1.46 r
  U1366/CO (ADDFX1)                                       0.30       1.77 r
  U5275/S (CMPR42X1)                                      0.42       2.19 f
  U5529/Y (OR2XL)                                         0.15       2.33 f
  U10408/Y (AOI21XL)                                      0.12       2.45 r
  U10463/Y (OAI21X1)                                      0.09       2.54 f
  U10505/Y (AOI21X1)                                      0.09       2.64 r
  U10582/Y (OAI21X1)                                      0.08       2.72 f
  U10677/Y (AOI21X1)                                      0.10       2.82 r
  U10701/Y (OAI21X2)                                      0.06       2.88 f
  U10741/Y (AOI21X2)                                      0.08       2.96 r
  U4300/Y (OAI21XL)                                       0.09       3.05 f
  U4296/Y (AOI21X1)                                       0.09       3.15 r
  U4294/Y (OAI21XL)                                       0.10       3.25 f
  U4289/Y (AOI21X1)                                       0.10       3.34 r
  U1553/Y (OAI21X1)                                       0.08       3.43 f
  U4283/Y (AOI21X1)                                       0.09       3.52 r
  U1542/Y (OAI21X1)                                       0.08       3.60 f
  U4279/Y (AOI21X1)                                       0.09       3.70 r
  U4277/Y (OAI21X1)                                       0.08       3.78 f
  U4189/Y (AOI21X1)                                       0.09       3.87 r
  U4187/Y (OAI21X1)                                       0.08       3.95 f
  U1505/Y (AO21X1)                                        0.17       4.11 f
  U5481/CO (ADDFHXL)                                      0.16       4.27 f
  U3830/CO (ADDFHXL)                                      0.16       4.43 f
  U1478/CO (ADDFHX1)                                      0.14       4.57 f
  U1475/CO (ADDFHX1)                                      0.13       4.70 f
  U6102/Y (XOR2X1)                                        0.06       4.76 r
  U11281/Y (AO22X2)                                       0.09       4.85 r
  u_dip_array/gen_rows[3].gen_cols[1].u_dip_pe/psum_out_reg_reg[31]/D (DFFRQXL)
                                                          0.00       4.85 r
  data arrival time                                                  4.85

  clock clk (rise edge)                                   5.00       5.00
  clock network delay (ideal)                             0.00       5.00
  u_dip_array/gen_rows[3].gen_cols[1].u_dip_pe/psum_out_reg_reg[31]/CK (DFFRQXL)
                                                          0.00       5.00 r
  library setup time                                     -0.15       4.85
  data required time                                                 4.85
  --------------------------------------------------------------------------
  data required time                                                 4.85
  data arrival time                                                 -4.85
  --------------------------------------------------------------------------
  slack (MET)                                                        0.00


1
