Information: Updating design information... (UID-85)
Warning: Design 'dip_core_std_top_4x4' contains 1 high-fanout nets. A fanout number of 1000 will be used for delay calculations involving these nets. (TIM-134)
 
****************************************
Report : qor
Design : dip_core_std_top_4x4
Version: O-2018.06-SP1
Date   : Sun Apr 26 14:20:20 2026
****************************************


  Timing Path Group 'clk'
  -----------------------------------
  Levels of Logic:              44.00
  Critical Path Length:          1.54
  Critical Path Slack:           2.38
  Critical Path Clk Period:      5.00
  Total Negative Slack:          0.00
  No. of Violating Paths:        0.00
  Worst Hold Violation:         -0.00
  Total Hold Violation:         -0.00
  No. of Hold Violations:        1.00
  -----------------------------------


  Cell Count
  -----------------------------------
  Hierarchical Cell Count:         16
  Hierarchical Port Count:        326
  Leaf Cell Count:              12972
  Buf/Inv Cell Count:            1864
  Buf Cell Count:                  10
  Inv Cell Count:                1854
  CT Buf/Inv Cell Count:            0
  Combinational Cell Count:     11253
  Sequential Cell Count:         1719
  Macro Count:                      0
  -----------------------------------


  Area
  -----------------------------------
  Combinational Area:    12176.975787
  Noncombinational Area:  5190.695879
  Buf/Inv Area:            627.983992
  Total Buffer Area:             5.04
  Total Inverter Area:         622.94
  Macro/Black Box Area:      0.000000
  Net Area:                  0.000000
  -----------------------------------
  Cell Area:             17367.671666
  Design Area:           17367.671666


  Design Rules
  -----------------------------------
  Total Number of Nets:         15214
  Nets With Violations:             0
  Max Trans Violations:             0
  Max Cap Violations:               0
  -----------------------------------


  Hostname: IC_EDA

  Compile CPU Statistics
  -----------------------------------------
  Resource Sharing:                    9.13
  Logic Optimization:                 23.12
  Mapping Optimization:              124.10
  -----------------------------------------
  Overall Compile Time:              356.34
  Overall Compile Wall Clock Time:   225.23

  --------------------------------------------------------------------

  Design  WNS: 0.00  TNS: 0.00  Number of Violating Paths: 0


  Design (Hold)  WNS: 0.00  TNS: 0.00  Number of Violating Paths: 1

  --------------------------------------------------------------------


1
