 
****************************************
Report : area
Design : dip_core_std_top_4x4
Version: O-2018.06-SP1
Date   : Fri Apr 24 11:59:47 2026
****************************************

Library(s) Used:

    sc9mc_logic0040ll_base_rvt_c40_tt_typical_max_1p10v_25c (File: /home/host_1/systolic_array_edge/SMIC40/pdk/sc9mc_base_rvt_c40/r1p1/db/sc9mc_logic0040ll_base_rvt_c40_tt_typical_max_1p10v_25c.db)

Number of ports:                         8622
Number of nets:                         27644
Number of cells:                        16136
Number of combinational cells:          14274
Number of sequential cells:              1780
Number of macros/black boxes:               0
Number of buf/inv:                       1436
Number of references:                       1

Combinational area:              25204.271434
Buf/Inv area:                      857.052017
Noncombinational area:            8948.772030
Macro/Black Box area:                0.000000
Net Interconnect area:               0.000000

Total cell area:                 34153.043464
Total area:                      34153.043464
1
