 
****************************************
Report : constraint
        -all_violators
Design : dip_core_std_top_4x4
Version: O-2018.06-SP1
Date   : Sun Apr 26 15:09:13 2026
****************************************


   min_delay/hold ('clk' group)

                             Required        Actual
   Endpoint                 Path Delay     Path Delay        Slack
   -----------------------------------------------------------------
   u_dip_std_array/captured_rows_reg[2]/D
                                0.06           0.06 f         0.00  (VIOLATED: increase significant digits)


   min_capacitance

                             Required        Actual
   Net                      Capacitance    Capacitance       Slack
   -----------------------------------------------------------------
   busy                         0.00           0.00           0.00  (VIOLATED: increase significant digits)
   result_matrix[0]             0.00           0.00           0.00  (VIOLATED: increase significant digits)
   result_matrix[1]             0.00           0.00           0.00  (VIOLATED: increase significant digits)
   result_matrix[2]             0.00           0.00           0.00  (VIOLATED: increase significant digits)
   result_matrix[3]             0.00           0.00           0.00  (VIOLATED: increase significant digits)
   result_matrix[4]             0.00           0.00           0.00  (VIOLATED: increase significant digits)
   result_matrix[5]             0.00           0.00           0.00  (VIOLATED: increase significant digits)
   result_matrix[6]             0.00           0.00           0.00  (VIOLATED: increase significant digits)
   result_matrix[7]             0.00           0.00           0.00  (VIOLATED: increase significant digits)
   result_matrix[8]             0.00           0.00           0.00  (VIOLATED: increase significant digits)
   result_matrix[9]             0.00           0.00           0.00  (VIOLATED: increase significant digits)
   result_matrix[10]            0.00           0.00           0.00  (VIOLATED: increase significant digits)
   result_matrix[11]            0.00           0.00           0.00  (VIOLATED: increase significant digits)
   result_matrix[12]            0.00           0.00           0.00  (VIOLATED: increase significant digits)
   result_matrix[13]            0.00           0.00           0.00  (VIOLATED: increase significant digits)
   result_matrix[14]            0.00           0.00           0.00  (VIOLATED: increase significant digits)
   result_matrix[15]            0.00           0.00           0.00  (VIOLATED: increase significant digits)
   result_matrix[16]            0.00           0.00           0.00  (VIOLATED: increase significant digits)
   result_matrix[17]            0.00           0.00           0.00  (VIOLATED: increase significant digits)
   result_matrix[18]            0.00           0.00           0.00  (VIOLATED: increase significant digits)
   result_matrix[19]            0.00           0.00           0.00  (VIOLATED: increase significant digits)
   result_matrix[20]            0.00           0.00           0.00  (VIOLATED: increase significant digits)
   result_matrix[21]            0.00           0.00           0.00  (VIOLATED: increase significant digits)
   result_matrix[22]            0.00           0.00           0.00  (VIOLATED: increase significant digits)
   result_matrix[23]            0.00           0.00           0.00  (VIOLATED: increase significant digits)
   result_matrix[24]            0.00           0.00           0.00  (VIOLATED: increase significant digits)
   result_matrix[25]            0.00           0.00           0.00  (VIOLATED: increase significant digits)
   result_matrix[26]            0.00           0.00           0.00  (VIOLATED: increase significant digits)
   result_matrix[27]            0.00           0.00           0.00  (VIOLATED: increase significant digits)
   result_matrix[28]            0.00           0.00           0.00  (VIOLATED: increase significant digits)
   result_matrix[29]            0.00           0.00           0.00  (VIOLATED: increase significant digits)
   result_matrix[30]            0.00           0.00           0.00  (VIOLATED: increase significant digits)
   result_matrix[31]            0.00           0.00           0.00  (VIOLATED: increase significant digits)
   result_matrix[32]            0.00           0.00           0.00  (VIOLATED: increase significant digits)
   result_matrix[33]            0.00           0.00           0.00  (VIOLATED: increase significant digits)
   result_matrix[34]            0.00           0.00           0.00  (VIOLATED: increase significant digits)
   result_matrix[35]            0.00           0.00           0.00  (VIOLATED: increase significant digits)
   result_matrix[36]            0.00           0.00           0.00  (VIOLATED: increase significant digits)
   result_matrix[37]            0.00           0.00           0.00  (VIOLATED: increase significant digits)
   result_matrix[38]            0.00           0.00           0.00  (VIOLATED: increase significant digits)
   result_matrix[39]            0.00           0.00           0.00  (VIOLATED: increase significant digits)
   result_matrix[40]            0.00           0.00           0.00  (VIOLATED: increase significant digits)
   result_matrix[41]            0.00           0.00           0.00  (VIOLATED: increase significant digits)
   result_matrix[42]            0.00           0.00           0.00  (VIOLATED: increase significant digits)
   result_matrix[43]            0.00           0.00           0.00  (VIOLATED: increase significant digits)
   result_matrix[44]            0.00           0.00           0.00  (VIOLATED: increase significant digits)
   result_matrix[45]            0.00           0.00           0.00  (VIOLATED: increase significant digits)
   result_matrix[46]            0.00           0.00           0.00  (VIOLATED: increase significant digits)
   result_matrix[47]            0.00           0.00           0.00  (VIOLATED: increase significant digits)
   result_matrix[48]            0.00           0.00           0.00  (VIOLATED: increase significant digits)
   result_matrix[49]            0.00           0.00           0.00  (VIOLATED: increase significant digits)
   result_matrix[50]            0.00           0.00           0.00  (VIOLATED: increase significant digits)
   result_matrix[51]            0.00           0.00           0.00  (VIOLATED: increase significant digits)
   result_matrix[52]            0.00           0.00           0.00  (VIOLATED: increase significant digits)
   result_matrix[53]            0.00           0.00           0.00  (VIOLATED: increase significant digits)
   result_matrix[54]            0.00           0.00           0.00  (VIOLATED: increase significant digits)
   result_matrix[55]            0.00           0.00           0.00  (VIOLATED: increase significant digits)
   result_matrix[56]            0.00           0.00           0.00  (VIOLATED: increase significant digits)
   result_matrix[57]            0.00           0.00           0.00  (VIOLATED: increase significant digits)
   result_matrix[58]            0.00           0.00           0.00  (VIOLATED: increase significant digits)
   result_matrix[59]            0.00           0.00           0.00  (VIOLATED: increase significant digits)
   result_matrix[60]            0.00           0.00           0.00  (VIOLATED: increase significant digits)
   result_matrix[61]            0.00           0.00           0.00  (VIOLATED: increase significant digits)
   result_matrix[62]            0.00           0.00           0.00  (VIOLATED: increase significant digits)
   result_matrix[63]            0.00           0.00           0.00  (VIOLATED: increase significant digits)
   result_matrix[64]            0.00           0.00           0.00  (VIOLATED: increase significant digits)
   result_matrix[65]            0.00           0.00           0.00  (VIOLATED: increase significant digits)
   result_matrix[66]            0.00           0.00           0.00  (VIOLATED: increase significant digits)
   result_matrix[67]            0.00           0.00           0.00  (VIOLATED: increase significant digits)
   result_matrix[68]            0.00           0.00           0.00  (VIOLATED: increase significant digits)
   result_matrix[69]            0.00           0.00           0.00  (VIOLATED: increase significant digits)
   result_matrix[70]            0.00           0.00           0.00  (VIOLATED: increase significant digits)
   result_matrix[71]            0.00           0.00           0.00  (VIOLATED: increase significant digits)
   result_matrix[72]            0.00           0.00           0.00  (VIOLATED: increase significant digits)
   result_matrix[73]            0.00           0.00           0.00  (VIOLATED: increase significant digits)
   result_matrix[74]            0.00           0.00           0.00  (VIOLATED: increase significant digits)
   result_matrix[75]            0.00           0.00           0.00  (VIOLATED: increase significant digits)
   result_matrix[76]            0.00           0.00           0.00  (VIOLATED: increase significant digits)
   result_matrix[77]            0.00           0.00           0.00  (VIOLATED: increase significant digits)
   result_matrix[78]            0.00           0.00           0.00  (VIOLATED: increase significant digits)
   result_matrix[79]            0.00           0.00           0.00  (VIOLATED: increase significant digits)
   result_matrix[80]            0.00           0.00           0.00  (VIOLATED: increase significant digits)
   result_matrix[81]            0.00           0.00           0.00  (VIOLATED: increase significant digits)
   result_matrix[82]            0.00           0.00           0.00  (VIOLATED: increase significant digits)
   result_matrix[83]            0.00           0.00           0.00  (VIOLATED: increase significant digits)
   result_matrix[84]            0.00           0.00           0.00  (VIOLATED: increase significant digits)
   result_matrix[85]            0.00           0.00           0.00  (VIOLATED: increase significant digits)
   result_matrix[86]            0.00           0.00           0.00  (VIOLATED: increase significant digits)
   result_matrix[87]            0.00           0.00           0.00  (VIOLATED: increase significant digits)
   result_matrix[88]            0.00           0.00           0.00  (VIOLATED: increase significant digits)
   result_matrix[89]            0.00           0.00           0.00  (VIOLATED: increase significant digits)
   result_matrix[90]            0.00           0.00           0.00  (VIOLATED: increase significant digits)
   result_matrix[91]            0.00           0.00           0.00  (VIOLATED: increase significant digits)
   result_matrix[92]            0.00           0.00           0.00  (VIOLATED: increase significant digits)
   result_matrix[93]            0.00           0.00           0.00  (VIOLATED: increase significant digits)
   result_matrix[94]            0.00           0.00           0.00  (VIOLATED: increase significant digits)
   result_matrix[95]            0.00           0.00           0.00  (VIOLATED: increase significant digits)
   result_matrix[96]            0.00           0.00           0.00  (VIOLATED: increase significant digits)
   result_matrix[97]            0.00           0.00           0.00  (VIOLATED: increase significant digits)
   result_matrix[98]            0.00           0.00           0.00  (VIOLATED: increase significant digits)
   result_matrix[99]            0.00           0.00           0.00  (VIOLATED: increase significant digits)
   result_matrix[100]           0.00           0.00           0.00  (VIOLATED: increase significant digits)
   result_matrix[101]           0.00           0.00           0.00  (VIOLATED: increase significant digits)
   result_matrix[102]           0.00           0.00           0.00  (VIOLATED: increase significant digits)
   result_matrix[103]           0.00           0.00           0.00  (VIOLATED: increase significant digits)
   result_matrix[104]           0.00           0.00           0.00  (VIOLATED: increase significant digits)
   result_matrix[105]           0.00           0.00           0.00  (VIOLATED: increase significant digits)
   result_matrix[106]           0.00           0.00           0.00  (VIOLATED: increase significant digits)
   result_matrix[107]           0.00           0.00           0.00  (VIOLATED: increase significant digits)
   result_matrix[108]           0.00           0.00           0.00  (VIOLATED: increase significant digits)
   result_matrix[109]           0.00           0.00           0.00  (VIOLATED: increase significant digits)
   result_matrix[110]           0.00           0.00           0.00  (VIOLATED: increase significant digits)
   result_matrix[111]           0.00           0.00           0.00  (VIOLATED: increase significant digits)
   result_matrix[112]           0.00           0.00           0.00  (VIOLATED: increase significant digits)
   result_matrix[113]           0.00           0.00           0.00  (VIOLATED: increase significant digits)
   result_matrix[114]           0.00           0.00           0.00  (VIOLATED: increase significant digits)
   result_matrix[115]           0.00           0.00           0.00  (VIOLATED: increase significant digits)
   result_matrix[116]           0.00           0.00           0.00  (VIOLATED: increase significant digits)
   result_matrix[117]           0.00           0.00           0.00  (VIOLATED: increase significant digits)
   result_matrix[118]           0.00           0.00           0.00  (VIOLATED: increase significant digits)
   result_matrix[119]           0.00           0.00           0.00  (VIOLATED: increase significant digits)
   result_matrix[120]           0.00           0.00           0.00  (VIOLATED: increase significant digits)
   result_matrix[121]           0.00           0.00           0.00  (VIOLATED: increase significant digits)
   result_matrix[122]           0.00           0.00           0.00  (VIOLATED: increase significant digits)
   result_matrix[123]           0.00           0.00           0.00  (VIOLATED: increase significant digits)
   result_matrix[124]           0.00           0.00           0.00  (VIOLATED: increase significant digits)
   result_matrix[125]           0.00           0.00           0.00  (VIOLATED: increase significant digits)
   result_matrix[126]           0.00           0.00           0.00  (VIOLATED: increase significant digits)
   result_matrix[127]           0.00           0.00           0.00  (VIOLATED: increase significant digits)
   result_matrix[128]           0.00           0.00           0.00  (VIOLATED: increase significant digits)
   result_matrix[129]           0.00           0.00           0.00  (VIOLATED: increase significant digits)
   result_matrix[130]           0.00           0.00           0.00  (VIOLATED: increase significant digits)
   result_matrix[131]           0.00           0.00           0.00  (VIOLATED: increase significant digits)
   result_matrix[132]           0.00           0.00           0.00  (VIOLATED: increase significant digits)
   result_matrix[133]           0.00           0.00           0.00  (VIOLATED: increase significant digits)
   result_matrix[134]           0.00           0.00           0.00  (VIOLATED: increase significant digits)
   result_matrix[135]           0.00           0.00           0.00  (VIOLATED: increase significant digits)
   result_matrix[136]           0.00           0.00           0.00  (VIOLATED: increase significant digits)
   result_matrix[137]           0.00           0.00           0.00  (VIOLATED: increase significant digits)
   result_matrix[138]           0.00           0.00           0.00  (VIOLATED: increase significant digits)
   result_matrix[139]           0.00           0.00           0.00  (VIOLATED: increase significant digits)
   result_matrix[140]           0.00           0.00           0.00  (VIOLATED: increase significant digits)
   result_matrix[141]           0.00           0.00           0.00  (VIOLATED: increase significant digits)
   result_matrix[142]           0.00           0.00           0.00  (VIOLATED: increase significant digits)
   result_matrix[143]           0.00           0.00           0.00  (VIOLATED: increase significant digits)
   result_matrix[144]           0.00           0.00           0.00  (VIOLATED: increase significant digits)
   result_matrix[145]           0.00           0.00           0.00  (VIOLATED: increase significant digits)
   result_matrix[146]           0.00           0.00           0.00  (VIOLATED: increase significant digits)
   result_matrix[147]           0.00           0.00           0.00  (VIOLATED: increase significant digits)
   result_matrix[148]           0.00           0.00           0.00  (VIOLATED: increase significant digits)
   result_matrix[149]           0.00           0.00           0.00  (VIOLATED: increase significant digits)
   result_matrix[150]           0.00           0.00           0.00  (VIOLATED: increase significant digits)
   result_matrix[151]           0.00           0.00           0.00  (VIOLATED: increase significant digits)
   result_matrix[152]           0.00           0.00           0.00  (VIOLATED: increase significant digits)
   result_matrix[153]           0.00           0.00           0.00  (VIOLATED: increase significant digits)
   result_matrix[154]           0.00           0.00           0.00  (VIOLATED: increase significant digits)
   result_matrix[155]           0.00           0.00           0.00  (VIOLATED: increase significant digits)
   result_matrix[156]           0.00           0.00           0.00  (VIOLATED: increase significant digits)
   result_matrix[157]           0.00           0.00           0.00  (VIOLATED: increase significant digits)
   result_matrix[158]           0.00           0.00           0.00  (VIOLATED: increase significant digits)
   result_matrix[159]           0.00           0.00           0.00  (VIOLATED: increase significant digits)
   result_matrix[160]           0.00           0.00           0.00  (VIOLATED: increase significant digits)
   result_matrix[161]           0.00           0.00           0.00  (VIOLATED: increase significant digits)
   result_matrix[162]           0.00           0.00           0.00  (VIOLATED: increase significant digits)
   result_matrix[163]           0.00           0.00           0.00  (VIOLATED: increase significant digits)
   result_matrix[164]           0.00           0.00           0.00  (VIOLATED: increase significant digits)
   result_matrix[165]           0.00           0.00           0.00  (VIOLATED: increase significant digits)
   result_matrix[166]           0.00           0.00           0.00  (VIOLATED: increase significant digits)
   result_matrix[167]           0.00           0.00           0.00  (VIOLATED: increase significant digits)
   result_matrix[168]           0.00           0.00           0.00  (VIOLATED: increase significant digits)
   result_matrix[169]           0.00           0.00           0.00  (VIOLATED: increase significant digits)
   result_matrix[170]           0.00           0.00           0.00  (VIOLATED: increase significant digits)
   result_matrix[171]           0.00           0.00           0.00  (VIOLATED: increase significant digits)
   result_matrix[172]           0.00           0.00           0.00  (VIOLATED: increase significant digits)
   result_matrix[173]           0.00           0.00           0.00  (VIOLATED: increase significant digits)
   result_matrix[174]           0.00           0.00           0.00  (VIOLATED: increase significant digits)
   result_matrix[175]           0.00           0.00           0.00  (VIOLATED: increase significant digits)
   result_matrix[176]           0.00           0.00           0.00  (VIOLATED: increase significant digits)
   result_matrix[177]           0.00           0.00           0.00  (VIOLATED: increase significant digits)
   result_matrix[178]           0.00           0.00           0.00  (VIOLATED: increase significant digits)
   result_matrix[179]           0.00           0.00           0.00  (VIOLATED: increase significant digits)
   result_matrix[180]           0.00           0.00           0.00  (VIOLATED: increase significant digits)
   result_matrix[181]           0.00           0.00           0.00  (VIOLATED: increase significant digits)
   result_matrix[182]           0.00           0.00           0.00  (VIOLATED: increase significant digits)
   result_matrix[183]           0.00           0.00           0.00  (VIOLATED: increase significant digits)
   result_matrix[184]           0.00           0.00           0.00  (VIOLATED: increase significant digits)
   result_matrix[185]           0.00           0.00           0.00  (VIOLATED: increase significant digits)
   result_matrix[186]           0.00           0.00           0.00  (VIOLATED: increase significant digits)
   result_matrix[187]           0.00           0.00           0.00  (VIOLATED: increase significant digits)
   result_matrix[188]           0.00           0.00           0.00  (VIOLATED: increase significant digits)
   result_matrix[189]           0.00           0.00           0.00  (VIOLATED: increase significant digits)
   result_matrix[190]           0.00           0.00           0.00  (VIOLATED: increase significant digits)
   result_matrix[191]           0.00           0.00           0.00  (VIOLATED: increase significant digits)
   result_matrix[192]           0.00           0.00           0.00  (VIOLATED: increase significant digits)
   result_matrix[193]           0.00           0.00           0.00  (VIOLATED: increase significant digits)
   result_matrix[194]           0.00           0.00           0.00  (VIOLATED: increase significant digits)
   result_matrix[195]           0.00           0.00           0.00  (VIOLATED: increase significant digits)
   result_matrix[196]           0.00           0.00           0.00  (VIOLATED: increase significant digits)
   result_matrix[197]           0.00           0.00           0.00  (VIOLATED: increase significant digits)
   result_matrix[198]           0.00           0.00           0.00  (VIOLATED: increase significant digits)
   result_matrix[199]           0.00           0.00           0.00  (VIOLATED: increase significant digits)
   result_matrix[200]           0.00           0.00           0.00  (VIOLATED: increase significant digits)
   result_matrix[201]           0.00           0.00           0.00  (VIOLATED: increase significant digits)
   result_matrix[202]           0.00           0.00           0.00  (VIOLATED: increase significant digits)
   result_matrix[203]           0.00           0.00           0.00  (VIOLATED: increase significant digits)
   result_matrix[204]           0.00           0.00           0.00  (VIOLATED: increase significant digits)
   result_matrix[205]           0.00           0.00           0.00  (VIOLATED: increase significant digits)
   result_matrix[206]           0.00           0.00           0.00  (VIOLATED: increase significant digits)
   result_matrix[207]           0.00           0.00           0.00  (VIOLATED: increase significant digits)
   result_matrix[208]           0.00           0.00           0.00  (VIOLATED: increase significant digits)
   result_matrix[209]           0.00           0.00           0.00  (VIOLATED: increase significant digits)
   result_matrix[210]           0.00           0.00           0.00  (VIOLATED: increase significant digits)
   result_matrix[211]           0.00           0.00           0.00  (VIOLATED: increase significant digits)
   result_matrix[212]           0.00           0.00           0.00  (VIOLATED: increase significant digits)
   result_matrix[213]           0.00           0.00           0.00  (VIOLATED: increase significant digits)
   result_matrix[214]           0.00           0.00           0.00  (VIOLATED: increase significant digits)
   result_matrix[215]           0.00           0.00           0.00  (VIOLATED: increase significant digits)
   result_matrix[216]           0.00           0.00           0.00  (VIOLATED: increase significant digits)
   result_matrix[217]           0.00           0.00           0.00  (VIOLATED: increase significant digits)
   result_matrix[218]           0.00           0.00           0.00  (VIOLATED: increase significant digits)
   result_matrix[219]           0.00           0.00           0.00  (VIOLATED: increase significant digits)
   result_matrix[220]           0.00           0.00           0.00  (VIOLATED: increase significant digits)
   result_matrix[221]           0.00           0.00           0.00  (VIOLATED: increase significant digits)
   result_matrix[222]           0.00           0.00           0.00  (VIOLATED: increase significant digits)
   result_matrix[223]           0.00           0.00           0.00  (VIOLATED: increase significant digits)
   result_matrix[224]           0.00           0.00           0.00  (VIOLATED: increase significant digits)
   result_matrix[225]           0.00           0.00           0.00  (VIOLATED: increase significant digits)
   result_matrix[226]           0.00           0.00           0.00  (VIOLATED: increase significant digits)
   result_matrix[227]           0.00           0.00           0.00  (VIOLATED: increase significant digits)
   result_matrix[228]           0.00           0.00           0.00  (VIOLATED: increase significant digits)
   result_matrix[229]           0.00           0.00           0.00  (VIOLATED: increase significant digits)
   result_matrix[230]           0.00           0.00           0.00  (VIOLATED: increase significant digits)
   result_matrix[231]           0.00           0.00           0.00  (VIOLATED: increase significant digits)
   result_matrix[232]           0.00           0.00           0.00  (VIOLATED: increase significant digits)
   result_matrix[233]           0.00           0.00           0.00  (VIOLATED: increase significant digits)
   result_matrix[234]           0.00           0.00           0.00  (VIOLATED: increase significant digits)
   result_matrix[235]           0.00           0.00           0.00  (VIOLATED: increase significant digits)
   result_matrix[236]           0.00           0.00           0.00  (VIOLATED: increase significant digits)
   result_matrix[237]           0.00           0.00           0.00  (VIOLATED: increase significant digits)
   result_matrix[238]           0.00           0.00           0.00  (VIOLATED: increase significant digits)
   result_matrix[239]           0.00           0.00           0.00  (VIOLATED: increase significant digits)
   result_matrix[240]           0.00           0.00           0.00  (VIOLATED: increase significant digits)
   result_matrix[241]           0.00           0.00           0.00  (VIOLATED: increase significant digits)
   result_matrix[242]           0.00           0.00           0.00  (VIOLATED: increase significant digits)
   result_matrix[243]           0.00           0.00           0.00  (VIOLATED: increase significant digits)
   result_matrix[244]           0.00           0.00           0.00  (VIOLATED: increase significant digits)
   result_matrix[245]           0.00           0.00           0.00  (VIOLATED: increase significant digits)
   result_matrix[246]           0.00           0.00           0.00  (VIOLATED: increase significant digits)
   result_matrix[247]           0.00           0.00           0.00  (VIOLATED: increase significant digits)
   result_matrix[248]           0.00           0.00           0.00  (VIOLATED: increase significant digits)
   result_matrix[249]           0.00           0.00           0.00  (VIOLATED: increase significant digits)
   result_matrix[250]           0.00           0.00           0.00  (VIOLATED: increase significant digits)
   result_matrix[251]           0.00           0.00           0.00  (VIOLATED: increase significant digits)
   result_matrix[252]           0.00           0.00           0.00  (VIOLATED: increase significant digits)
   result_matrix[253]           0.00           0.00           0.00  (VIOLATED: increase significant digits)
   result_matrix[254]           0.00           0.00           0.00  (VIOLATED: increase significant digits)
   result_matrix[255]           0.00           0.00           0.00  (VIOLATED: increase significant digits)
   result_matrix[256]           0.00           0.00           0.00  (VIOLATED: increase significant digits)
   result_matrix[257]           0.00           0.00           0.00  (VIOLATED: increase significant digits)
   result_matrix[258]           0.00           0.00           0.00  (VIOLATED: increase significant digits)
   result_matrix[259]           0.00           0.00           0.00  (VIOLATED: increase significant digits)
   result_matrix[260]           0.00           0.00           0.00  (VIOLATED: increase significant digits)
   result_matrix[261]           0.00           0.00           0.00  (VIOLATED: increase significant digits)
   result_matrix[262]           0.00           0.00           0.00  (VIOLATED: increase significant digits)
   result_matrix[263]           0.00           0.00           0.00  (VIOLATED: increase significant digits)
   result_matrix[264]           0.00           0.00           0.00  (VIOLATED: increase significant digits)
   result_matrix[265]           0.00           0.00           0.00  (VIOLATED: increase significant digits)
   result_matrix[266]           0.00           0.00           0.00  (VIOLATED: increase significant digits)
   result_matrix[267]           0.00           0.00           0.00  (VIOLATED: increase significant digits)
   result_matrix[268]           0.00           0.00           0.00  (VIOLATED: increase significant digits)
   result_matrix[269]           0.00           0.00           0.00  (VIOLATED: increase significant digits)
   result_matrix[270]           0.00           0.00           0.00  (VIOLATED: increase significant digits)
   result_matrix[271]           0.00           0.00           0.00  (VIOLATED: increase significant digits)
   result_matrix[272]           0.00           0.00           0.00  (VIOLATED: increase significant digits)
   result_matrix[273]           0.00           0.00           0.00  (VIOLATED: increase significant digits)
   result_matrix[274]           0.00           0.00           0.00  (VIOLATED: increase significant digits)
   result_matrix[275]           0.00           0.00           0.00  (VIOLATED: increase significant digits)
   result_matrix[276]           0.00           0.00           0.00  (VIOLATED: increase significant digits)
   result_matrix[277]           0.00           0.00           0.00  (VIOLATED: increase significant digits)
   result_matrix[278]           0.00           0.00           0.00  (VIOLATED: increase significant digits)
   result_matrix[279]           0.00           0.00           0.00  (VIOLATED: increase significant digits)
   result_matrix[280]           0.00           0.00           0.00  (VIOLATED: increase significant digits)
   result_matrix[281]           0.00           0.00           0.00  (VIOLATED: increase significant digits)
   result_matrix[282]           0.00           0.00           0.00  (VIOLATED: increase significant digits)
   result_matrix[283]           0.00           0.00           0.00  (VIOLATED: increase significant digits)
   result_matrix[284]           0.00           0.00           0.00  (VIOLATED: increase significant digits)
   result_matrix[285]           0.00           0.00           0.00  (VIOLATED: increase significant digits)
   result_matrix[286]           0.00           0.00           0.00  (VIOLATED: increase significant digits)
   result_matrix[287]           0.00           0.00           0.00  (VIOLATED: increase significant digits)
   result_matrix[288]           0.00           0.00           0.00  (VIOLATED: increase significant digits)
   result_matrix[289]           0.00           0.00           0.00  (VIOLATED: increase significant digits)
   result_matrix[290]           0.00           0.00           0.00  (VIOLATED: increase significant digits)
   result_matrix[291]           0.00           0.00           0.00  (VIOLATED: increase significant digits)
   result_matrix[292]           0.00           0.00           0.00  (VIOLATED: increase significant digits)
   result_matrix[293]           0.00           0.00           0.00  (VIOLATED: increase significant digits)
   result_matrix[294]           0.00           0.00           0.00  (VIOLATED: increase significant digits)
   result_matrix[295]           0.00           0.00           0.00  (VIOLATED: increase significant digits)
   result_matrix[296]           0.00           0.00           0.00  (VIOLATED: increase significant digits)
   result_matrix[297]           0.00           0.00           0.00  (VIOLATED: increase significant digits)
   result_matrix[298]           0.00           0.00           0.00  (VIOLATED: increase significant digits)
   result_matrix[299]           0.00           0.00           0.00  (VIOLATED: increase significant digits)
   result_matrix[300]           0.00           0.00           0.00  (VIOLATED: increase significant digits)
   result_matrix[301]           0.00           0.00           0.00  (VIOLATED: increase significant digits)
   result_matrix[302]           0.00           0.00           0.00  (VIOLATED: increase significant digits)
   result_matrix[303]           0.00           0.00           0.00  (VIOLATED: increase significant digits)
   result_matrix[304]           0.00           0.00           0.00  (VIOLATED: increase significant digits)
   result_matrix[305]           0.00           0.00           0.00  (VIOLATED: increase significant digits)
   result_matrix[306]           0.00           0.00           0.00  (VIOLATED: increase significant digits)
   result_matrix[307]           0.00           0.00           0.00  (VIOLATED: increase significant digits)
   result_matrix[308]           0.00           0.00           0.00  (VIOLATED: increase significant digits)
   result_matrix[309]           0.00           0.00           0.00  (VIOLATED: increase significant digits)
   result_matrix[310]           0.00           0.00           0.00  (VIOLATED: increase significant digits)
   result_matrix[311]           0.00           0.00           0.00  (VIOLATED: increase significant digits)
   result_matrix[312]           0.00           0.00           0.00  (VIOLATED: increase significant digits)
   result_matrix[313]           0.00           0.00           0.00  (VIOLATED: increase significant digits)
   result_matrix[314]           0.00           0.00           0.00  (VIOLATED: increase significant digits)
   result_matrix[315]           0.00           0.00           0.00  (VIOLATED: increase significant digits)
   result_matrix[316]           0.00           0.00           0.00  (VIOLATED: increase significant digits)
   result_matrix[317]           0.00           0.00           0.00  (VIOLATED: increase significant digits)
   result_matrix[318]           0.00           0.00           0.00  (VIOLATED: increase significant digits)
   result_matrix[319]           0.00           0.00           0.00  (VIOLATED: increase significant digits)
   result_matrix[320]           0.00           0.00           0.00  (VIOLATED: increase significant digits)
   result_matrix[321]           0.00           0.00           0.00  (VIOLATED: increase significant digits)
   result_matrix[322]           0.00           0.00           0.00  (VIOLATED: increase significant digits)
   result_matrix[323]           0.00           0.00           0.00  (VIOLATED: increase significant digits)
   result_matrix[324]           0.00           0.00           0.00  (VIOLATED: increase significant digits)
   result_matrix[325]           0.00           0.00           0.00  (VIOLATED: increase significant digits)
   result_matrix[326]           0.00           0.00           0.00  (VIOLATED: increase significant digits)
   result_matrix[327]           0.00           0.00           0.00  (VIOLATED: increase significant digits)
   result_matrix[328]           0.00           0.00           0.00  (VIOLATED: increase significant digits)
   result_matrix[329]           0.00           0.00           0.00  (VIOLATED: increase significant digits)
   result_matrix[330]           0.00           0.00           0.00  (VIOLATED: increase significant digits)
   result_matrix[331]           0.00           0.00           0.00  (VIOLATED: increase significant digits)
   result_matrix[332]           0.00           0.00           0.00  (VIOLATED: increase significant digits)
   result_matrix[333]           0.00           0.00           0.00  (VIOLATED: increase significant digits)
   result_matrix[334]           0.00           0.00           0.00  (VIOLATED: increase significant digits)
   result_matrix[335]           0.00           0.00           0.00  (VIOLATED: increase significant digits)
   result_matrix[336]           0.00           0.00           0.00  (VIOLATED: increase significant digits)
   result_matrix[337]           0.00           0.00           0.00  (VIOLATED: increase significant digits)
   result_matrix[338]           0.00           0.00           0.00  (VIOLATED: increase significant digits)
   result_matrix[339]           0.00           0.00           0.00  (VIOLATED: increase significant digits)
   result_matrix[340]           0.00           0.00           0.00  (VIOLATED: increase significant digits)
   result_matrix[341]           0.00           0.00           0.00  (VIOLATED: increase significant digits)
   result_matrix[342]           0.00           0.00           0.00  (VIOLATED: increase significant digits)
   result_matrix[343]           0.00           0.00           0.00  (VIOLATED: increase significant digits)
   result_matrix[344]           0.00           0.00           0.00  (VIOLATED: increase significant digits)
   result_matrix[345]           0.00           0.00           0.00  (VIOLATED: increase significant digits)
   result_matrix[346]           0.00           0.00           0.00  (VIOLATED: increase significant digits)
   result_matrix[347]           0.00           0.00           0.00  (VIOLATED: increase significant digits)
   result_matrix[348]           0.00           0.00           0.00  (VIOLATED: increase significant digits)
   result_matrix[349]           0.00           0.00           0.00  (VIOLATED: increase significant digits)
   result_matrix[350]           0.00           0.00           0.00  (VIOLATED: increase significant digits)
   result_matrix[351]           0.00           0.00           0.00  (VIOLATED: increase significant digits)
   result_matrix[352]           0.00           0.00           0.00  (VIOLATED: increase significant digits)
   result_matrix[353]           0.00           0.00           0.00  (VIOLATED: increase significant digits)
   result_matrix[354]           0.00           0.00           0.00  (VIOLATED: increase significant digits)
   result_matrix[355]           0.00           0.00           0.00  (VIOLATED: increase significant digits)
   result_matrix[356]           0.00           0.00           0.00  (VIOLATED: increase significant digits)
   result_matrix[357]           0.00           0.00           0.00  (VIOLATED: increase significant digits)
   result_matrix[358]           0.00           0.00           0.00  (VIOLATED: increase significant digits)
   result_matrix[359]           0.00           0.00           0.00  (VIOLATED: increase significant digits)
   result_matrix[360]           0.00           0.00           0.00  (VIOLATED: increase significant digits)
   result_matrix[361]           0.00           0.00           0.00  (VIOLATED: increase significant digits)
   result_matrix[362]           0.00           0.00           0.00  (VIOLATED: increase significant digits)
   result_matrix[363]           0.00           0.00           0.00  (VIOLATED: increase significant digits)
   result_matrix[364]           0.00           0.00           0.00  (VIOLATED: increase significant digits)
   result_matrix[365]           0.00           0.00           0.00  (VIOLATED: increase significant digits)
   result_matrix[366]           0.00           0.00           0.00  (VIOLATED: increase significant digits)
   result_matrix[367]           0.00           0.00           0.00  (VIOLATED: increase significant digits)
   result_matrix[368]           0.00           0.00           0.00  (VIOLATED: increase significant digits)
   result_matrix[369]           0.00           0.00           0.00  (VIOLATED: increase significant digits)
   result_matrix[370]           0.00           0.00           0.00  (VIOLATED: increase significant digits)
   result_matrix[371]           0.00           0.00           0.00  (VIOLATED: increase significant digits)
   result_matrix[372]           0.00           0.00           0.00  (VIOLATED: increase significant digits)
   result_matrix[373]           0.00           0.00           0.00  (VIOLATED: increase significant digits)
   result_matrix[374]           0.00           0.00           0.00  (VIOLATED: increase significant digits)
   result_matrix[375]           0.00           0.00           0.00  (VIOLATED: increase significant digits)
   result_matrix[376]           0.00           0.00           0.00  (VIOLATED: increase significant digits)
   result_matrix[377]           0.00           0.00           0.00  (VIOLATED: increase significant digits)
   result_matrix[378]           0.00           0.00           0.00  (VIOLATED: increase significant digits)
   result_matrix[379]           0.00           0.00           0.00  (VIOLATED: increase significant digits)
   result_matrix[380]           0.00           0.00           0.00  (VIOLATED: increase significant digits)
   result_matrix[381]           0.00           0.00           0.00  (VIOLATED: increase significant digits)
   result_matrix[382]           0.00           0.00           0.00  (VIOLATED: increase significant digits)
   result_matrix[383]           0.00           0.00           0.00  (VIOLATED: increase significant digits)
   result_matrix[384]           0.00           0.00           0.00  (VIOLATED: increase significant digits)
   result_matrix[385]           0.00           0.00           0.00  (VIOLATED: increase significant digits)
   result_matrix[386]           0.00           0.00           0.00  (VIOLATED: increase significant digits)
   result_matrix[387]           0.00           0.00           0.00  (VIOLATED: increase significant digits)
   result_matrix[388]           0.00           0.00           0.00  (VIOLATED: increase significant digits)
   result_matrix[389]           0.00           0.00           0.00  (VIOLATED: increase significant digits)
   result_matrix[390]           0.00           0.00           0.00  (VIOLATED: increase significant digits)
   result_matrix[391]           0.00           0.00           0.00  (VIOLATED: increase significant digits)
   result_matrix[392]           0.00           0.00           0.00  (VIOLATED: increase significant digits)
   result_matrix[393]           0.00           0.00           0.00  (VIOLATED: increase significant digits)
   result_matrix[394]           0.00           0.00           0.00  (VIOLATED: increase significant digits)
   result_matrix[395]           0.00           0.00           0.00  (VIOLATED: increase significant digits)
   result_matrix[396]           0.00           0.00           0.00  (VIOLATED: increase significant digits)
   result_matrix[397]           0.00           0.00           0.00  (VIOLATED: increase significant digits)
   result_matrix[398]           0.00           0.00           0.00  (VIOLATED: increase significant digits)
   result_matrix[399]           0.00           0.00           0.00  (VIOLATED: increase significant digits)
   result_matrix[400]           0.00           0.00           0.00  (VIOLATED: increase significant digits)
   result_matrix[401]           0.00           0.00           0.00  (VIOLATED: increase significant digits)
   result_matrix[402]           0.00           0.00           0.00  (VIOLATED: increase significant digits)
   result_matrix[403]           0.00           0.00           0.00  (VIOLATED: increase significant digits)
   result_matrix[404]           0.00           0.00           0.00  (VIOLATED: increase significant digits)
   result_matrix[405]           0.00           0.00           0.00  (VIOLATED: increase significant digits)
   result_matrix[406]           0.00           0.00           0.00  (VIOLATED: increase significant digits)
   result_matrix[407]           0.00           0.00           0.00  (VIOLATED: increase significant digits)
   result_matrix[408]           0.00           0.00           0.00  (VIOLATED: increase significant digits)
   result_matrix[409]           0.00           0.00           0.00  (VIOLATED: increase significant digits)
   result_matrix[410]           0.00           0.00           0.00  (VIOLATED: increase significant digits)
   result_matrix[411]           0.00           0.00           0.00  (VIOLATED: increase significant digits)
   result_matrix[412]           0.00           0.00           0.00  (VIOLATED: increase significant digits)
   result_matrix[413]           0.00           0.00           0.00  (VIOLATED: increase significant digits)
   result_matrix[414]           0.00           0.00           0.00  (VIOLATED: increase significant digits)
   result_matrix[415]           0.00           0.00           0.00  (VIOLATED: increase significant digits)
   result_matrix[416]           0.00           0.00           0.00  (VIOLATED: increase significant digits)
   result_matrix[417]           0.00           0.00           0.00  (VIOLATED: increase significant digits)
   result_matrix[418]           0.00           0.00           0.00  (VIOLATED: increase significant digits)
   result_matrix[419]           0.00           0.00           0.00  (VIOLATED: increase significant digits)
   result_matrix[420]           0.00           0.00           0.00  (VIOLATED: increase significant digits)
   result_matrix[421]           0.00           0.00           0.00  (VIOLATED: increase significant digits)
   result_matrix[422]           0.00           0.00           0.00  (VIOLATED: increase significant digits)
   result_matrix[423]           0.00           0.00           0.00  (VIOLATED: increase significant digits)
   result_matrix[424]           0.00           0.00           0.00  (VIOLATED: increase significant digits)
   result_matrix[425]           0.00           0.00           0.00  (VIOLATED: increase significant digits)
   result_matrix[426]           0.00           0.00           0.00  (VIOLATED: increase significant digits)
   result_matrix[427]           0.00           0.00           0.00  (VIOLATED: increase significant digits)
   result_matrix[428]           0.00           0.00           0.00  (VIOLATED: increase significant digits)
   result_matrix[429]           0.00           0.00           0.00  (VIOLATED: increase significant digits)
   result_matrix[430]           0.00           0.00           0.00  (VIOLATED: increase significant digits)
   result_matrix[431]           0.00           0.00           0.00  (VIOLATED: increase significant digits)
   result_matrix[432]           0.00           0.00           0.00  (VIOLATED: increase significant digits)
   result_matrix[433]           0.00           0.00           0.00  (VIOLATED: increase significant digits)
   result_matrix[434]           0.00           0.00           0.00  (VIOLATED: increase significant digits)
   result_matrix[435]           0.00           0.00           0.00  (VIOLATED: increase significant digits)
   result_matrix[436]           0.00           0.00           0.00  (VIOLATED: increase significant digits)
   result_matrix[437]           0.00           0.00           0.00  (VIOLATED: increase significant digits)
   result_matrix[438]           0.00           0.00           0.00  (VIOLATED: increase significant digits)
   result_matrix[439]           0.00           0.00           0.00  (VIOLATED: increase significant digits)
   result_matrix[440]           0.00           0.00           0.00  (VIOLATED: increase significant digits)
   result_matrix[441]           0.00           0.00           0.00  (VIOLATED: increase significant digits)
   result_matrix[442]           0.00           0.00           0.00  (VIOLATED: increase significant digits)
   result_matrix[443]           0.00           0.00           0.00  (VIOLATED: increase significant digits)
   result_matrix[444]           0.00           0.00           0.00  (VIOLATED: increase significant digits)
   result_matrix[445]           0.00           0.00           0.00  (VIOLATED: increase significant digits)
   result_matrix[446]           0.00           0.00           0.00  (VIOLATED: increase significant digits)
   result_matrix[447]           0.00           0.00           0.00  (VIOLATED: increase significant digits)
   result_matrix[448]           0.00           0.00           0.00  (VIOLATED: increase significant digits)
   result_matrix[449]           0.00           0.00           0.00  (VIOLATED: increase significant digits)
   result_matrix[450]           0.00           0.00           0.00  (VIOLATED: increase significant digits)
   result_matrix[451]           0.00           0.00           0.00  (VIOLATED: increase significant digits)
   result_matrix[452]           0.00           0.00           0.00  (VIOLATED: increase significant digits)
   result_matrix[453]           0.00           0.00           0.00  (VIOLATED: increase significant digits)
   result_matrix[454]           0.00           0.00           0.00  (VIOLATED: increase significant digits)
   result_matrix[455]           0.00           0.00           0.00  (VIOLATED: increase significant digits)
   result_matrix[456]           0.00           0.00           0.00  (VIOLATED: increase significant digits)
   result_matrix[457]           0.00           0.00           0.00  (VIOLATED: increase significant digits)
   result_matrix[458]           0.00           0.00           0.00  (VIOLATED: increase significant digits)
   result_matrix[459]           0.00           0.00           0.00  (VIOLATED: increase significant digits)
   result_matrix[460]           0.00           0.00           0.00  (VIOLATED: increase significant digits)
   result_matrix[461]           0.00           0.00           0.00  (VIOLATED: increase significant digits)
   result_matrix[462]           0.00           0.00           0.00  (VIOLATED: increase significant digits)
   result_matrix[463]           0.00           0.00           0.00  (VIOLATED: increase significant digits)
   result_matrix[464]           0.00           0.00           0.00  (VIOLATED: increase significant digits)
   result_matrix[465]           0.00           0.00           0.00  (VIOLATED: increase significant digits)
   result_matrix[466]           0.00           0.00           0.00  (VIOLATED: increase significant digits)
   result_matrix[467]           0.00           0.00           0.00  (VIOLATED: increase significant digits)
   result_matrix[468]           0.00           0.00           0.00  (VIOLATED: increase significant digits)
   result_matrix[469]           0.00           0.00           0.00  (VIOLATED: increase significant digits)
   result_matrix[470]           0.00           0.00           0.00  (VIOLATED: increase significant digits)
   result_matrix[471]           0.00           0.00           0.00  (VIOLATED: increase significant digits)
   result_matrix[472]           0.00           0.00           0.00  (VIOLATED: increase significant digits)
   result_matrix[473]           0.00           0.00           0.00  (VIOLATED: increase significant digits)
   result_matrix[474]           0.00           0.00           0.00  (VIOLATED: increase significant digits)
   result_matrix[475]           0.00           0.00           0.00  (VIOLATED: increase significant digits)
   result_matrix[476]           0.00           0.00           0.00  (VIOLATED: increase significant digits)
   result_matrix[477]           0.00           0.00           0.00  (VIOLATED: increase significant digits)
   result_matrix[478]           0.00           0.00           0.00  (VIOLATED: increase significant digits)
   result_matrix[479]           0.00           0.00           0.00  (VIOLATED: increase significant digits)
   result_matrix[480]           0.00           0.00           0.00  (VIOLATED: increase significant digits)
   result_matrix[481]           0.00           0.00           0.00  (VIOLATED: increase significant digits)
   result_matrix[482]           0.00           0.00           0.00  (VIOLATED: increase significant digits)
   result_matrix[483]           0.00           0.00           0.00  (VIOLATED: increase significant digits)
   result_matrix[484]           0.00           0.00           0.00  (VIOLATED: increase significant digits)
   result_matrix[485]           0.00           0.00           0.00  (VIOLATED: increase significant digits)
   result_matrix[486]           0.00           0.00           0.00  (VIOLATED: increase significant digits)
   result_matrix[487]           0.00           0.00           0.00  (VIOLATED: increase significant digits)
   result_matrix[488]           0.00           0.00           0.00  (VIOLATED: increase significant digits)
   result_matrix[489]           0.00           0.00           0.00  (VIOLATED: increase significant digits)
   result_matrix[490]           0.00           0.00           0.00  (VIOLATED: increase significant digits)
   result_matrix[491]           0.00           0.00           0.00  (VIOLATED: increase significant digits)
   result_matrix[492]           0.00           0.00           0.00  (VIOLATED: increase significant digits)
   result_matrix[493]           0.00           0.00           0.00  (VIOLATED: increase significant digits)
   result_matrix[494]           0.00           0.00           0.00  (VIOLATED: increase significant digits)
   result_matrix[495]           0.00           0.00           0.00  (VIOLATED: increase significant digits)
   result_matrix[496]           0.00           0.00           0.00  (VIOLATED: increase significant digits)
   result_matrix[497]           0.00           0.00           0.00  (VIOLATED: increase significant digits)
   result_matrix[498]           0.00           0.00           0.00  (VIOLATED: increase significant digits)
   result_matrix[499]           0.00           0.00           0.00  (VIOLATED: increase significant digits)
   result_matrix[500]           0.00           0.00           0.00  (VIOLATED: increase significant digits)
   result_matrix[501]           0.00           0.00           0.00  (VIOLATED: increase significant digits)
   result_matrix[502]           0.00           0.00           0.00  (VIOLATED: increase significant digits)
   result_matrix[503]           0.00           0.00           0.00  (VIOLATED: increase significant digits)
   result_matrix[504]           0.00           0.00           0.00  (VIOLATED: increase significant digits)
   result_matrix[505]           0.00           0.00           0.00  (VIOLATED: increase significant digits)
   result_matrix[506]           0.00           0.00           0.00  (VIOLATED: increase significant digits)
   result_matrix[507]           0.00           0.00           0.00  (VIOLATED: increase significant digits)
   result_matrix[508]           0.00           0.00           0.00  (VIOLATED: increase significant digits)
   result_matrix[509]           0.00           0.00           0.00  (VIOLATED: increase significant digits)
   result_matrix[510]           0.00           0.00           0.00  (VIOLATED: increase significant digits)
   result_matrix[511]           0.00           0.00           0.00  (VIOLATED: increase significant digits)

   -----------------------------------------------------------------
   Total                      513                -0.21  

   max_area

                             Required        Actual
   Design                      Area           Area           Slack
   -----------------------------------------------------------------
   dip_core_std_top_4x4         0.00       17373.89       -17373.89 (VIOLATED)


1
