Information: Updating design information... (UID-85)
Warning: Design 'dip_core_std_top_4x4' contains 1 high-fanout nets. A fanout number of 1000 will be used for delay calculations involving these nets. (TIM-134)
 
****************************************
Report : qor
Design : dip_core_std_top_4x4
Version: O-2018.06-SP1
Date   : Fri Apr 24 11:59:47 2026
****************************************


  Timing Path Group 'clk'
  -----------------------------------
  Levels of Logic:              55.00
  Critical Path Length:          3.92
  Critical Path Slack:           0.00
  Critical Path Clk Period:      5.00
  Total Negative Slack:          0.00
  No. of Violating Paths:        0.00
  Worst Hold Violation:          0.00
  Total Hold Violation:          0.00
  No. of Hold Violations:        0.00
  -----------------------------------


  Cell Count
  -----------------------------------
  Hierarchical Cell Count:         82
  Hierarchical Port Count:       7972
  Leaf Cell Count:              16054
  Buf/Inv Cell Count:            1436
  Buf Cell Count:                 617
  Inv Cell Count:                 819
  CT Buf/Inv Cell Count:            0
  Combinational Cell Count:     14274
  Sequential Cell Count:         1780
  Macro Count:                      0
  -----------------------------------


  Area
  -----------------------------------
  Combinational Area:    25204.271434
  Noncombinational Area:  8948.772030
  Buf/Inv Area:            857.052017
  Total Buffer Area:           444.09
  Total Inverter Area:         412.96
  Macro/Black Box Area:      0.000000
  Net Area:                  0.000000
  -----------------------------------
  Cell Area:             34153.043464
  Design Area:           34153.043464


  Design Rules
  -----------------------------------
  Total Number of Nets:         20072
  Nets With Violations:             0
  Max Trans Violations:             0
  Max Cap Violations:               0
  -----------------------------------


  Hostname: IC_EDA

  Compile CPU Statistics
  -----------------------------------------
  Resource Sharing:                   17.03
  Logic Optimization:                 30.35
  Mapping Optimization:              108.87
  -----------------------------------------
  Overall Compile Time:              161.79
  Overall Compile Wall Clock Time:    53.12

  --------------------------------------------------------------------

  Design  WNS: 0.00  TNS: 0.00  Number of Violating Paths: 0


  Design (Hold)  WNS: 0.00  TNS: 0.00  Number of Violating Paths: 0

  --------------------------------------------------------------------


1
