Information: Updating design information... (UID-85)
Warning: Design 'dip_core_top_4x4' contains 1 high-fanout nets. A fanout number of 1000 will be used for delay calculations involving these nets. (TIM-134)
Warning: A non-unate path in clock network for clock 'clk'
 from pin 'clk_gate_u_dip_array/gen_rows[2].gen_cols[3].u_dip_pe/psum_out_reg_reg/latch/CKcheckpin1' is detected. (TIM-052)
 
****************************************
Report : qor
Design : dip_core_top_4x4
Version: O-2018.06-SP1
Date   : Tue Apr 21 19:53:56 2026
****************************************


  Timing Path Group 'clk'
  -----------------------------------
  Levels of Logic:              32.00
  Critical Path Length:          4.85
  Critical Path Slack:           0.00
  Critical Path Clk Period:      5.00
  Total Negative Slack:          0.00
  No. of Violating Paths:        0.00
  Worst Hold Violation:          0.00
  Total Hold Violation:          0.00
  No. of Hold Violations:        0.00
  -----------------------------------


  Cell Count
  -----------------------------------
  Hierarchical Cell Count:          8
  Hierarchical Port Count:         32
  Leaf Cell Count:              11868
  Buf/Inv Cell Count:             997
  Buf Cell Count:                  17
  Inv Cell Count:                 980
  CT Buf/Inv Cell Count:            0
  Combinational Cell Count:     10671
  Sequential Cell Count:         1197
  Macro Count:                      0
  -----------------------------------


  Area
  -----------------------------------
  Combinational Area:    71664.970425
  Noncombinational Area: 18574.920043
  Buf/Inv Area:           2133.028870
  Total Buffer Area:            57.86
  Total Inverter Area:        2075.17
  Macro/Black Box Area:      0.000000
  Net Area:                  0.000000
  -----------------------------------
  Cell Area:             90239.890468
  Design Area:           90239.890468


  Design Rules
  -----------------------------------
  Total Number of Nets:         13973
  Nets With Violations:             0
  Max Trans Violations:             0
  Max Cap Violations:               0
  -----------------------------------


  Hostname: IC_EDA

  Compile CPU Statistics
  -----------------------------------------
  Resource Sharing:                    3.55
  Logic Optimization:                  9.45
  Mapping Optimization:               26.69
  -----------------------------------------
  Overall Compile Time:               58.83
  Overall Compile Wall Clock Time:    54.15

  --------------------------------------------------------------------

  Design  WNS: 0.00  TNS: 0.00  Number of Violating Paths: 0


  Design (Hold)  WNS: 0.00  TNS: 0.00  Number of Violating Paths: 0

  --------------------------------------------------------------------


1
