 
****************************************
Report : timing
        -path full
        -delay max
        -max_paths 1
Design : dip_core_top_4x4
Version: O-2018.06-SP1
Date   : Tue Apr 21 19:53:56 2026
****************************************

 # A fanout number of 1000 was used for high fanout net computations.

Operating Conditions: slow   Library: slow
Wire Load Model Mode: top

  Startpoint: u_dip_array/committed_weight_nonzero_rows_reg[1][2]
              (rising edge-triggered flip-flop clocked by clk)
  Endpoint: u_dip_array/gen_rows[1].gen_cols[2].u_dip_pe/psum_out_reg_reg[31]
            (rising edge-triggered flip-flop clocked by clk)
  Path Group: clk
  Path Type: max

  Point                                                   Incr       Path
  --------------------------------------------------------------------------
  clock clk (rise edge)                                   0.00       0.00
  clock network delay (ideal)                             0.00       0.00
  u_dip_array/committed_weight_nonzero_rows_reg[1][2]/CK (DFFRQXL)
                                                          0.00       0.00 r
  u_dip_array/committed_weight_nonzero_rows_reg[1][2]/Q (DFFRQXL)
                                                          0.22       0.22 r
  U5904/Y (NAND2X2)                                       0.18       0.41 f
  U1404/Y (NOR2X2)                                        0.33       0.74 r
  U5833/Y (XNOR2X1)                                       0.40       1.13 r
  U7086/Y (NAND2X2)                                       0.24       1.37 f
  U3098/Y (OAI22XL)                                       0.14       1.51 r
  U3097/S (ADDHX1)                                        0.13       1.64 r
  DP_OP_265J2_132_8326/U315/CO (CMPR42X1)                 0.38       2.02 f
  U5156/S (CMPR42X1)                                      0.37       2.39 f
  U10236/Y (OR2XL)                                        0.15       2.53 f
  U10255/Y (AOI21XL)                                      0.12       2.65 r
  U5369/Y (OAI21XL)                                       0.10       2.75 f
  U5279/Y (AOI21X1)                                       0.10       2.85 r
  U10520/Y (OAI21X1)                                      0.08       2.93 f
  U1535/Y (AOI21X1)                                       0.09       3.03 r
  U1344/Y (OAI21X1)                                       0.08       3.11 f
  U1342/Y (AOI21X1)                                       0.09       3.20 r
  U1340/Y (OAI21X1)                                       0.08       3.28 f
  U1526/Y (AOI21X1)                                       0.09       3.38 r
  U10758/Y (OAI21X1)                                      0.08       3.46 f
  U2990/Y (AOI21X1)                                       0.09       3.55 r
  U10833/Y (OAI21X1)                                      0.08       3.63 f
  U4078/Y (AOI21X1)                                       0.09       3.73 r
  U10906/Y (OAI21X1)                                      0.08       3.81 f
  U1332/Y (AOI21X1)                                       0.10       3.91 r
  U1739/Y (OAI21X2)                                       0.06       3.97 f
  U1506/Y (AO21X1)                                        0.16       4.13 f
  U5381/CO (ADDFHXL)                                      0.16       4.28 f
  U5389/CO (ADDFHXL)                                      0.16       4.45 f
  U1481/CO (ADDFHX1)                                      0.14       4.59 f
  U1689/CO (ADDFHX2)                                      0.12       4.71 f
  U5775/Y (XOR2X1)                                        0.06       4.76 r
  U11162/Y (AO22X2)                                       0.09       4.85 r
  u_dip_array/gen_rows[1].gen_cols[2].u_dip_pe/psum_out_reg_reg[31]/D (DFFRQXL)
                                                          0.00       4.85 r
  data arrival time                                                  4.85

  clock clk (rise edge)                                   5.00       5.00
  clock network delay (ideal)                             0.00       5.00
  u_dip_array/gen_rows[1].gen_cols[2].u_dip_pe/psum_out_reg_reg[31]/CK (DFFRQXL)
                                                          0.00       5.00 r
  library setup time                                     -0.15       4.85
  data required time                                                 4.85
  --------------------------------------------------------------------------
  data required time                                                 4.85
  data arrival time                                                 -4.85
  --------------------------------------------------------------------------
  slack (MET)                                                        0.00


1
