Loading db file '/home/ic_libs/TSMC.90/aci/sc-x/synopsys/slow.db'
Information: Propagating switching activity (low effort zero delay simulation). (PWR-6)
Warning: Design has unannotated primary inputs. (PWR-414)
Warning: Design has unannotated sequential cell outputs. (PWR-415)
 
****************************************
Report : power
        -analysis_effort low
Design : dip_core_top_4x4
Version: O-2018.06-SP1
Date   : Tue Apr 21 19:52:02 2026
****************************************


Library(s) Used:

    slow (File: /home/ic_libs/TSMC.90/aci/sc-x/synopsys/slow.db)


Operating Conditions: slow   Library: slow
Wire Load Model Mode: top


Global Operating Voltage = 0.9  
Power-specific unit information :
    Voltage Units = 1V
    Capacitance Units = 1.000000pf
    Time Units = 1ns
    Dynamic Power Units = 1mW    (derived from V,C,T units)
    Leakage Power Units = 1pW


  Cell Internal Power  =   2.4537 mW   (94%)
  Net Switching Power  = 152.2056 uW    (6%)
                         ---------
Total Dynamic Power    =   2.6059 mW  (100%)

Cell Leakage Power     = 986.2188 uW


                 Internal         Switching           Leakage            Total
Power Group      Power            Power               Power              Power   (   %    )  Attrs
--------------------------------------------------------------------------------------------------
io_pad             0.0000            0.0000            0.0000            0.0000  (   0.00%)
memory             0.0000            0.0000            0.0000            0.0000  (   0.00%)
black_box          0.0000            0.0000            0.0000            0.0000  (   0.00%)
clock_network  1.5121e-02        5.3894e-02        3.1276e+05        6.9328e-02  (   1.93%)
register           2.2781        6.2991e-03        4.5369e+07            2.3298  (  64.86%)
sequential         0.0000            0.0000            0.0000            0.0000  (   0.00%)
combinational      0.1605        9.2012e-02        9.4054e+08            1.1930  (  33.21%)
--------------------------------------------------------------------------------------------------
Total              2.4537 mW         0.1522 mW     9.8622e+08 pW         3.5921 mW
1
