 
****************************************
Report : timing
        -path full
        -delay max
        -max_paths 1
Design : dip_core_top_4x4
Version: O-2018.06-SP1
Date   : Tue Apr 21 19:52:02 2026
****************************************

 # A fanout number of 1000 was used for high fanout net computations.

Operating Conditions: slow   Library: slow
Wire Load Model Mode: top

  Startpoint: u_dip_array/gen_rows[1].gen_cols[3].u_dip_pe/data_out_reg_reg[15]
              (rising edge-triggered flip-flop clocked by clk)
  Endpoint: u_dip_array/gen_rows[2].gen_cols[2].u_dip_pe/psum_out_reg_reg[31]
            (rising edge-triggered flip-flop clocked by clk)
  Path Group: clk
  Path Type: max

  Point                                                   Incr       Path
  --------------------------------------------------------------------------
  clock clk (rise edge)                                   0.00       0.00
  clock network delay (ideal)                             0.00       0.00
  u_dip_array/gen_rows[1].gen_cols[3].u_dip_pe/data_out_reg_reg[15]/CK (DFFRQX4)
                                                          0.00       0.00 r
  u_dip_array/gen_rows[1].gen_cols[3].u_dip_pe/data_out_reg_reg[15]/Q (DFFRQX4)
                                                          0.27       0.27 f
  u_dip_array/gen_rows[1].gen_cols[3].u_dip_pe/data_out[15] (dip_pe_DATA_WIDTH16_WEIGHT_WIDTH16_ACC_WIDTH32_9)
                                                          0.00       0.27 f
  u_dip_array/gen_rows[2].gen_cols[2].u_dip_pe/data_in[15] (dip_pe_DATA_WIDTH16_WEIGHT_WIDTH16_ACC_WIDTH32_6)
                                                          0.00       0.27 f
  u_dip_array/gen_rows[2].gen_cols[2].u_dip_pe/U3/Y (NOR2X2)
                                                          0.06       0.33 r
  u_dip_array/gen_rows[2].gen_cols[2].u_dip_pe/U7/Y (INVX2)
                                                          0.04       0.37 f
  u_dip_array/gen_rows[2].gen_cols[2].u_dip_pe/U6/Y (NOR3X4)
                                                          0.09       0.45 r
  u_dip_array/gen_rows[2].gen_cols[2].u_dip_pe/U38/Y (NAND4X2)
                                                          0.09       0.54 f
  u_dip_array/gen_rows[2].gen_cols[2].u_dip_pe/U4/Y (AND2X4)
                                                          0.16       0.70 f
  u_dip_array/gen_rows[2].gen_cols[2].u_dip_pe/mult_add_32_aco/B[0] (dip_pe_DATA_WIDTH16_WEIGHT_WIDTH16_ACC_WIDTH32_6_DW02_mult_1)
                                                          0.00       0.70 f
  u_dip_array/gen_rows[2].gen_cols[2].u_dip_pe/mult_add_32_aco/U13/Y (AND2X2)
                                                          0.11       0.81 f
  u_dip_array/gen_rows[2].gen_cols[2].u_dip_pe/mult_add_32_aco/PRODUCT[1] (dip_pe_DATA_WIDTH16_WEIGHT_WIDTH16_ACC_WIDTH32_6_DW02_mult_1)
                                                          0.00       0.81 f
  u_dip_array/gen_rows[2].gen_cols[2].u_dip_pe/add_32_aco/B[1] (dip_pe_DATA_WIDTH16_WEIGHT_WIDTH16_ACC_WIDTH32_6_DW01_add_0)
                                                          0.00       0.81 f
  u_dip_array/gen_rows[2].gen_cols[2].u_dip_pe/add_32_aco/U1_1/CO (ADDFX1)
                                                          0.26       1.06 f
  u_dip_array/gen_rows[2].gen_cols[2].u_dip_pe/add_32_aco/U1_2/CO (ADDFX1)
                                                          0.18       1.24 f
  u_dip_array/gen_rows[2].gen_cols[2].u_dip_pe/add_32_aco/U1_3/CO (ADDFHX2)
                                                          0.12       1.36 f
  u_dip_array/gen_rows[2].gen_cols[2].u_dip_pe/add_32_aco/U1_4/CO (ADDFHXL)
                                                          0.16       1.52 f
  u_dip_array/gen_rows[2].gen_cols[2].u_dip_pe/add_32_aco/U1_5/CO (ADDFHX1)
                                                          0.14       1.66 f
  u_dip_array/gen_rows[2].gen_cols[2].u_dip_pe/add_32_aco/U1_6/CO (ADDFHX2)
                                                          0.12       1.78 f
  u_dip_array/gen_rows[2].gen_cols[2].u_dip_pe/add_32_aco/U1_7/CO (ADDFX1)
                                                          0.17       1.95 f
  u_dip_array/gen_rows[2].gen_cols[2].u_dip_pe/add_32_aco/U1_8/CO (ADDFX1)
                                                          0.18       2.13 f
  u_dip_array/gen_rows[2].gen_cols[2].u_dip_pe/add_32_aco/U1_9/CO (ADDFX1)
                                                          0.18       2.31 f
  u_dip_array/gen_rows[2].gen_cols[2].u_dip_pe/add_32_aco/U1_10/CO (ADDFX1)
                                                          0.18       2.49 f
  u_dip_array/gen_rows[2].gen_cols[2].u_dip_pe/add_32_aco/U1_11/CO (ADDFX1)
                                                          0.18       2.66 f
  u_dip_array/gen_rows[2].gen_cols[2].u_dip_pe/add_32_aco/U1_12/CO (ADDFHX2)
                                                          0.13       2.79 f
  u_dip_array/gen_rows[2].gen_cols[2].u_dip_pe/add_32_aco/U1_13/CO (ADDFX1)
                                                          0.17       2.96 f
  u_dip_array/gen_rows[2].gen_cols[2].u_dip_pe/add_32_aco/U1_14/CO (ADDFX1)
                                                          0.18       3.14 f
  u_dip_array/gen_rows[2].gen_cols[2].u_dip_pe/add_32_aco/U1_15/CO (ADDFHX2)
                                                          0.13       3.27 f
  u_dip_array/gen_rows[2].gen_cols[2].u_dip_pe/add_32_aco/U1_16/CO (ADDFHX4)
                                                          0.11       3.38 f
  u_dip_array/gen_rows[2].gen_cols[2].u_dip_pe/add_32_aco/U1_17/CO (ADDFHX4)
                                                          0.11       3.49 f
  u_dip_array/gen_rows[2].gen_cols[2].u_dip_pe/add_32_aco/U1_18/CO (ADDFHX4)
                                                          0.11       3.60 f
  u_dip_array/gen_rows[2].gen_cols[2].u_dip_pe/add_32_aco/U1_19/CO (ADDFHX4)
                                                          0.11       3.70 f
  u_dip_array/gen_rows[2].gen_cols[2].u_dip_pe/add_32_aco/U1_20/CO (ADDFHX4)
                                                          0.11       3.81 f
  u_dip_array/gen_rows[2].gen_cols[2].u_dip_pe/add_32_aco/U1_21/CO (ADDFHX4)
                                                          0.11       3.92 f
  u_dip_array/gen_rows[2].gen_cols[2].u_dip_pe/add_32_aco/U1_22/CO (ADDFHX4)
                                                          0.11       4.03 f
  u_dip_array/gen_rows[2].gen_cols[2].u_dip_pe/add_32_aco/U1_23/CO (ADDFHX4)
                                                          0.11       4.13 f
  u_dip_array/gen_rows[2].gen_cols[2].u_dip_pe/add_32_aco/U1_24/CO (ADDFHX4)
                                                          0.11       4.24 f
  u_dip_array/gen_rows[2].gen_cols[2].u_dip_pe/add_32_aco/U1_25/CO (ADDFHX4)
                                                          0.11       4.35 f
  u_dip_array/gen_rows[2].gen_cols[2].u_dip_pe/add_32_aco/U1_26/CO (ADDFHX4)
                                                          0.11       4.45 f
  u_dip_array/gen_rows[2].gen_cols[2].u_dip_pe/add_32_aco/U1_27/CO (ADDFHX4)
                                                          0.11       4.57 f
  u_dip_array/gen_rows[2].gen_cols[2].u_dip_pe/add_32_aco/U20/Y (CLKNAND2X4)
                                                          0.03       4.60 r
  u_dip_array/gen_rows[2].gen_cols[2].u_dip_pe/add_32_aco/U19/Y (NAND2X4)
                                                          0.03       4.63 f
  u_dip_array/gen_rows[2].gen_cols[2].u_dip_pe/add_32_aco/U7/Y (CLKINVX4)
                                                          0.03       4.66 r
  u_dip_array/gen_rows[2].gen_cols[2].u_dip_pe/add_32_aco/U13/Y (OAI21X4)
                                                          0.04       4.69 f
  u_dip_array/gen_rows[2].gen_cols[2].u_dip_pe/add_32_aco/U23/Y (XNOR2X4)
                                                          0.08       4.77 f
  u_dip_array/gen_rows[2].gen_cols[2].u_dip_pe/add_32_aco/SUM[31] (dip_pe_DATA_WIDTH16_WEIGHT_WIDTH16_ACC_WIDTH32_6_DW01_add_0)
                                                          0.00       4.77 f
  u_dip_array/gen_rows[2].gen_cols[2].u_dip_pe/U12/Y (AO22X4)
                                                          0.13       4.90 f
  u_dip_array/gen_rows[2].gen_cols[2].u_dip_pe/psum_out_reg_reg[31]/D (DFFSRHQX2)
                                                          0.00       4.90 f
  data arrival time                                                  4.90

  clock clk (rise edge)                                   5.00       5.00
  clock network delay (ideal)                             0.00       5.00
  u_dip_array/gen_rows[2].gen_cols[2].u_dip_pe/psum_out_reg_reg[31]/CK (DFFSRHQX2)
                                                          0.00       5.00 r
  library setup time                                     -0.10       4.90
  data required time                                                 4.90
  --------------------------------------------------------------------------
  data required time                                                 4.90
  data arrival time                                                 -4.90
  --------------------------------------------------------------------------
  slack (MET)                                                        0.00


1
