Warning: Design 'standard_dip_array_4x4' has '1' unresolved references. For more detailed information, use the "link" command. (UID-341)
 
****************************************
check_design summary:
Version:     O-2018.06-SP1
Date:        Mon Apr 20 16:21:00 2026
****************************************

                   Name                                            Total
--------------------------------------------------------------------------------
Inputs/Outputs                                                     71
    Multiply driven inputs (LINT-6)                                71

Cells                                                               1
    Cells do not drive (LINT-1)                                     1

Tristate                                                           65
    A tristate bus has a non tri-state driver (LINT-34)            65
--------------------------------------------------------------------------------

Warning: In design 'standard_dip_array_4x4', cell 'C4153' does not drive any nets. (LINT-1)
Warning: In design 'standard_dip_array_4x4', input port 'clk' drives wired logic; the port direction may have been specified incorrectly. (LINT-6)
Warning: In design 'standard_dip_array_4x4', input port 'rst_n' drives wired logic; the port direction may have been specified incorrectly. (LINT-6)
Warning: In design 'standard_dip_array_4x4', input port 'flush' drives wired logic; the port direction may have been specified incorrectly. (LINT-6)
Warning: In design 'standard_dip_array_4x4', input port 'clk_enable' drives wired logic; the port direction may have been specified incorrectly. (LINT-6)
Warning: In design 'standard_dip_array_4x4', input port 'weight_row_valid' drives wired logic; the port direction may have been specified incorrectly. (LINT-6)
Warning: In design 'standard_dip_array_4x4', input port 'weight_row_idx[1]' drives wired logic; the port direction may have been specified incorrectly. (LINT-6)
Warning: In design 'standard_dip_array_4x4', input port 'weight_row_idx[0]' drives wired logic; the port direction may have been specified incorrectly. (LINT-6)
Warning: In design 'standard_dip_array_4x4', input port 'weight_row_data[63]' drives wired logic; the port direction may have been specified incorrectly. (LINT-6)
Warning: In design 'standard_dip_array_4x4', input port 'weight_row_data[62]' drives wired logic; the port direction may have been specified incorrectly. (LINT-6)
Warning: In design 'standard_dip_array_4x4', input port 'weight_row_data[61]' drives wired logic; the port direction may have been specified incorrectly. (LINT-6)
Warning: In design 'standard_dip_array_4x4', input port 'weight_row_data[60]' drives wired logic; the port direction may have been specified incorrectly. (LINT-6)
Warning: In design 'standard_dip_array_4x4', input port 'weight_row_data[59]' drives wired logic; the port direction may have been specified incorrectly. (LINT-6)
Warning: In design 'standard_dip_array_4x4', input port 'weight_row_data[58]' drives wired logic; the port direction may have been specified incorrectly. (LINT-6)
Warning: In design 'standard_dip_array_4x4', input port 'weight_row_data[57]' drives wired logic; the port direction may have been specified incorrectly. (LINT-6)
Warning: In design 'standard_dip_array_4x4', input port 'weight_row_data[56]' drives wired logic; the port direction may have been specified incorrectly. (LINT-6)
Warning: In design 'standard_dip_array_4x4', input port 'weight_row_data[55]' drives wired logic; the port direction may have been specified incorrectly. (LINT-6)
Warning: In design 'standard_dip_array_4x4', input port 'weight_row_data[54]' drives wired logic; the port direction may have been specified incorrectly. (LINT-6)
Warning: In design 'standard_dip_array_4x4', input port 'weight_row_data[53]' drives wired logic; the port direction may have been specified incorrectly. (LINT-6)
Warning: In design 'standard_dip_array_4x4', input port 'weight_row_data[52]' drives wired logic; the port direction may have been specified incorrectly. (LINT-6)
Warning: In design 'standard_dip_array_4x4', input port 'weight_row_data[51]' drives wired logic; the port direction may have been specified incorrectly. (LINT-6)
Warning: In design 'standard_dip_array_4x4', input port 'weight_row_data[50]' drives wired logic; the port direction may have been specified incorrectly. (LINT-6)
Warning: In design 'standard_dip_array_4x4', input port 'weight_row_data[49]' drives wired logic; the port direction may have been specified incorrectly. (LINT-6)
Warning: In design 'standard_dip_array_4x4', input port 'weight_row_data[48]' drives wired logic; the port direction may have been specified incorrectly. (LINT-6)
Warning: In design 'standard_dip_array_4x4', input port 'weight_row_data[47]' drives wired logic; the port direction may have been specified incorrectly. (LINT-6)
Warning: In design 'standard_dip_array_4x4', input port 'weight_row_data[46]' drives wired logic; the port direction may have been specified incorrectly. (LINT-6)
Warning: In design 'standard_dip_array_4x4', input port 'weight_row_data[45]' drives wired logic; the port direction may have been specified incorrectly. (LINT-6)
Warning: In design 'standard_dip_array_4x4', input port 'weight_row_data[44]' drives wired logic; the port direction may have been specified incorrectly. (LINT-6)
Warning: In design 'standard_dip_array_4x4', input port 'weight_row_data[43]' drives wired logic; the port direction may have been specified incorrectly. (LINT-6)
Warning: In design 'standard_dip_array_4x4', input port 'weight_row_data[42]' drives wired logic; the port direction may have been specified incorrectly. (LINT-6)
Warning: In design 'standard_dip_array_4x4', input port 'weight_row_data[41]' drives wired logic; the port direction may have been specified incorrectly. (LINT-6)
Warning: In design 'standard_dip_array_4x4', input port 'weight_row_data[40]' drives wired logic; the port direction may have been specified incorrectly. (LINT-6)
Warning: In design 'standard_dip_array_4x4', input port 'weight_row_data[39]' drives wired logic; the port direction may have been specified incorrectly. (LINT-6)
Warning: In design 'standard_dip_array_4x4', input port 'weight_row_data[38]' drives wired logic; the port direction may have been specified incorrectly. (LINT-6)
Warning: In design 'standard_dip_array_4x4', input port 'weight_row_data[37]' drives wired logic; the port direction may have been specified incorrectly. (LINT-6)
Warning: In design 'standard_dip_array_4x4', input port 'weight_row_data[36]' drives wired logic; the port direction may have been specified incorrectly. (LINT-6)
Warning: In design 'standard_dip_array_4x4', input port 'weight_row_data[35]' drives wired logic; the port direction may have been specified incorrectly. (LINT-6)
Warning: In design 'standard_dip_array_4x4', input port 'weight_row_data[34]' drives wired logic; the port direction may have been specified incorrectly. (LINT-6)
Warning: In design 'standard_dip_array_4x4', input port 'weight_row_data[33]' drives wired logic; the port direction may have been specified incorrectly. (LINT-6)
Warning: In design 'standard_dip_array_4x4', input port 'weight_row_data[32]' drives wired logic; the port direction may have been specified incorrectly. (LINT-6)
Warning: In design 'standard_dip_array_4x4', input port 'weight_row_data[31]' drives wired logic; the port direction may have been specified incorrectly. (LINT-6)
Warning: In design 'standard_dip_array_4x4', input port 'weight_row_data[30]' drives wired logic; the port direction may have been specified incorrectly. (LINT-6)
Warning: In design 'standard_dip_array_4x4', input port 'weight_row_data[29]' drives wired logic; the port direction may have been specified incorrectly. (LINT-6)
Warning: In design 'standard_dip_array_4x4', input port 'weight_row_data[28]' drives wired logic; the port direction may have been specified incorrectly. (LINT-6)
Warning: In design 'standard_dip_array_4x4', input port 'weight_row_data[27]' drives wired logic; the port direction may have been specified incorrectly. (LINT-6)
Warning: In design 'standard_dip_array_4x4', input port 'weight_row_data[26]' drives wired logic; the port direction may have been specified incorrectly. (LINT-6)
Warning: In design 'standard_dip_array_4x4', input port 'weight_row_data[25]' drives wired logic; the port direction may have been specified incorrectly. (LINT-6)
Warning: In design 'standard_dip_array_4x4', input port 'weight_row_data[24]' drives wired logic; the port direction may have been specified incorrectly. (LINT-6)
Warning: In design 'standard_dip_array_4x4', input port 'weight_row_data[23]' drives wired logic; the port direction may have been specified incorrectly. (LINT-6)
Warning: In design 'standard_dip_array_4x4', input port 'weight_row_data[22]' drives wired logic; the port direction may have been specified incorrectly. (LINT-6)
Warning: In design 'standard_dip_array_4x4', input port 'weight_row_data[21]' drives wired logic; the port direction may have been specified incorrectly. (LINT-6)
Warning: In design 'standard_dip_array_4x4', input port 'weight_row_data[20]' drives wired logic; the port direction may have been specified incorrectly. (LINT-6)
Warning: In design 'standard_dip_array_4x4', input port 'weight_row_data[19]' drives wired logic; the port direction may have been specified incorrectly. (LINT-6)
Warning: In design 'standard_dip_array_4x4', input port 'weight_row_data[18]' drives wired logic; the port direction may have been specified incorrectly. (LINT-6)
Warning: In design 'standard_dip_array_4x4', input port 'weight_row_data[17]' drives wired logic; the port direction may have been specified incorrectly. (LINT-6)
Warning: In design 'standard_dip_array_4x4', input port 'weight_row_data[16]' drives wired logic; the port direction may have been specified incorrectly. (LINT-6)
Warning: In design 'standard_dip_array_4x4', input port 'weight_row_data[15]' drives wired logic; the port direction may have been specified incorrectly. (LINT-6)
Warning: In design 'standard_dip_array_4x4', input port 'weight_row_data[14]' drives wired logic; the port direction may have been specified incorrectly. (LINT-6)
Warning: In design 'standard_dip_array_4x4', input port 'weight_row_data[13]' drives wired logic; the port direction may have been specified incorrectly. (LINT-6)
Warning: In design 'standard_dip_array_4x4', input port 'weight_row_data[12]' drives wired logic; the port direction may have been specified incorrectly. (LINT-6)
Warning: In design 'standard_dip_array_4x4', input port 'weight_row_data[11]' drives wired logic; the port direction may have been specified incorrectly. (LINT-6)
Warning: In design 'standard_dip_array_4x4', input port 'weight_row_data[10]' drives wired logic; the port direction may have been specified incorrectly. (LINT-6)
Warning: In design 'standard_dip_array_4x4', input port 'weight_row_data[9]' drives wired logic; the port direction may have been specified incorrectly. (LINT-6)
Warning: In design 'standard_dip_array_4x4', input port 'weight_row_data[8]' drives wired logic; the port direction may have been specified incorrectly. (LINT-6)
Warning: In design 'standard_dip_array_4x4', input port 'weight_row_data[7]' drives wired logic; the port direction may have been specified incorrectly. (LINT-6)
Warning: In design 'standard_dip_array_4x4', input port 'weight_row_data[6]' drives wired logic; the port direction may have been specified incorrectly. (LINT-6)
Warning: In design 'standard_dip_array_4x4', input port 'weight_row_data[5]' drives wired logic; the port direction may have been specified incorrectly. (LINT-6)
Warning: In design 'standard_dip_array_4x4', input port 'weight_row_data[4]' drives wired logic; the port direction may have been specified incorrectly. (LINT-6)
Warning: In design 'standard_dip_array_4x4', input port 'weight_row_data[3]' drives wired logic; the port direction may have been specified incorrectly. (LINT-6)
Warning: In design 'standard_dip_array_4x4', input port 'weight_row_data[2]' drives wired logic; the port direction may have been specified incorrectly. (LINT-6)
Warning: In design 'standard_dip_array_4x4', input port 'weight_row_data[1]' drives wired logic; the port direction may have been specified incorrectly. (LINT-6)
Warning: In design 'standard_dip_array_4x4', input port 'weight_row_data[0]' drives wired logic; the port direction may have been specified incorrectly. (LINT-6)
Warning: In design 'standard_dip_array_4x4', three-state bus 'stream_input_row_data[0]' has non three-state driver 'stream_input_row_data_reg[0]/Q'. (LINT-34)
Warning: In design 'standard_dip_array_4x4', three-state bus 'stream_input_row_data[1]' has non three-state driver 'stream_input_row_data_reg[1]/Q'. (LINT-34)
Warning: In design 'standard_dip_array_4x4', three-state bus 'stream_input_row_data[2]' has non three-state driver 'stream_input_row_data_reg[2]/Q'. (LINT-34)
Warning: In design 'standard_dip_array_4x4', three-state bus 'stream_input_row_data[3]' has non three-state driver 'stream_input_row_data_reg[3]/Q'. (LINT-34)
Warning: In design 'standard_dip_array_4x4', three-state bus 'stream_input_row_data[4]' has non three-state driver 'stream_input_row_data_reg[4]/Q'. (LINT-34)
Warning: In design 'standard_dip_array_4x4', three-state bus 'stream_input_row_data[5]' has non three-state driver 'stream_input_row_data_reg[5]/Q'. (LINT-34)
Warning: In design 'standard_dip_array_4x4', three-state bus 'stream_input_row_data[6]' has non three-state driver 'stream_input_row_data_reg[6]/Q'. (LINT-34)
Warning: In design 'standard_dip_array_4x4', three-state bus 'stream_input_row_data[7]' has non three-state driver 'stream_input_row_data_reg[7]/Q'. (LINT-34)
Warning: In design 'standard_dip_array_4x4', three-state bus 'stream_input_row_data[8]' has non three-state driver 'stream_input_row_data_reg[8]/Q'. (LINT-34)
Warning: In design 'standard_dip_array_4x4', three-state bus 'stream_input_row_data[9]' has non three-state driver 'stream_input_row_data_reg[9]/Q'. (LINT-34)
Warning: In design 'standard_dip_array_4x4', three-state bus 'stream_input_row_data[10]' has non three-state driver 'stream_input_row_data_reg[10]/Q'. (LINT-34)
Warning: In design 'standard_dip_array_4x4', three-state bus 'stream_input_row_data[11]' has non three-state driver 'stream_input_row_data_reg[11]/Q'. (LINT-34)
Warning: In design 'standard_dip_array_4x4', three-state bus 'stream_input_row_data[12]' has non three-state driver 'stream_input_row_data_reg[12]/Q'. (LINT-34)
Warning: In design 'standard_dip_array_4x4', three-state bus 'stream_input_row_data[13]' has non three-state driver 'stream_input_row_data_reg[13]/Q'. (LINT-34)
Warning: In design 'standard_dip_array_4x4', three-state bus 'stream_input_row_data[14]' has non three-state driver 'stream_input_row_data_reg[14]/Q'. (LINT-34)
Warning: In design 'standard_dip_array_4x4', three-state bus 'stream_input_row_data[15]' has non three-state driver 'stream_input_row_data_reg[15]/Q'. (LINT-34)
Warning: In design 'standard_dip_array_4x4', three-state bus 'stream_input_row_data[16]' has non three-state driver 'stream_input_row_data_reg[16]/Q'. (LINT-34)
Warning: In design 'standard_dip_array_4x4', three-state bus 'stream_input_row_data[17]' has non three-state driver 'stream_input_row_data_reg[17]/Q'. (LINT-34)
Warning: In design 'standard_dip_array_4x4', three-state bus 'stream_input_row_data[18]' has non three-state driver 'stream_input_row_data_reg[18]/Q'. (LINT-34)
Warning: In design 'standard_dip_array_4x4', three-state bus 'stream_input_row_data[19]' has non three-state driver 'stream_input_row_data_reg[19]/Q'. (LINT-34)
Warning: In design 'standard_dip_array_4x4', three-state bus 'stream_input_row_data[20]' has non three-state driver 'stream_input_row_data_reg[20]/Q'. (LINT-34)
Warning: In design 'standard_dip_array_4x4', three-state bus 'stream_input_row_data[21]' has non three-state driver 'stream_input_row_data_reg[21]/Q'. (LINT-34)
Warning: In design 'standard_dip_array_4x4', three-state bus 'stream_input_row_data[22]' has non three-state driver 'stream_input_row_data_reg[22]/Q'. (LINT-34)
Warning: In design 'standard_dip_array_4x4', three-state bus 'stream_input_row_data[23]' has non three-state driver 'stream_input_row_data_reg[23]/Q'. (LINT-34)
Warning: In design 'standard_dip_array_4x4', three-state bus 'stream_input_row_data[24]' has non three-state driver 'stream_input_row_data_reg[24]/Q'. (LINT-34)
Warning: In design 'standard_dip_array_4x4', three-state bus 'stream_input_row_data[25]' has non three-state driver 'stream_input_row_data_reg[25]/Q'. (LINT-34)
Warning: In design 'standard_dip_array_4x4', three-state bus 'stream_input_row_data[26]' has non three-state driver 'stream_input_row_data_reg[26]/Q'. (LINT-34)
Warning: In design 'standard_dip_array_4x4', three-state bus 'stream_input_row_data[27]' has non three-state driver 'stream_input_row_data_reg[27]/Q'. (LINT-34)
Warning: In design 'standard_dip_array_4x4', three-state bus 'stream_input_row_data[28]' has non three-state driver 'stream_input_row_data_reg[28]/Q'. (LINT-34)
Warning: In design 'standard_dip_array_4x4', three-state bus 'stream_input_row_data[29]' has non three-state driver 'stream_input_row_data_reg[29]/Q'. (LINT-34)
Warning: In design 'standard_dip_array_4x4', three-state bus 'stream_input_row_data[30]' has non three-state driver 'stream_input_row_data_reg[30]/Q'. (LINT-34)
Warning: In design 'standard_dip_array_4x4', three-state bus 'stream_input_row_data[31]' has non three-state driver 'stream_input_row_data_reg[31]/Q'. (LINT-34)
Warning: In design 'standard_dip_array_4x4', three-state bus 'stream_input_row_data[32]' has non three-state driver 'stream_input_row_data_reg[32]/Q'. (LINT-34)
Warning: In design 'standard_dip_array_4x4', three-state bus 'stream_input_row_data[33]' has non three-state driver 'stream_input_row_data_reg[33]/Q'. (LINT-34)
Warning: In design 'standard_dip_array_4x4', three-state bus 'stream_input_row_data[34]' has non three-state driver 'stream_input_row_data_reg[34]/Q'. (LINT-34)
Warning: In design 'standard_dip_array_4x4', three-state bus 'stream_input_row_data[35]' has non three-state driver 'stream_input_row_data_reg[35]/Q'. (LINT-34)
Warning: In design 'standard_dip_array_4x4', three-state bus 'stream_input_row_data[36]' has non three-state driver 'stream_input_row_data_reg[36]/Q'. (LINT-34)
Warning: In design 'standard_dip_array_4x4', three-state bus 'stream_input_row_data[37]' has non three-state driver 'stream_input_row_data_reg[37]/Q'. (LINT-34)
Warning: In design 'standard_dip_array_4x4', three-state bus 'stream_input_row_data[38]' has non three-state driver 'stream_input_row_data_reg[38]/Q'. (LINT-34)
Warning: In design 'standard_dip_array_4x4', three-state bus 'stream_input_row_data[39]' has non three-state driver 'stream_input_row_data_reg[39]/Q'. (LINT-34)
Warning: In design 'standard_dip_array_4x4', three-state bus 'stream_input_row_data[40]' has non three-state driver 'stream_input_row_data_reg[40]/Q'. (LINT-34)
Warning: In design 'standard_dip_array_4x4', three-state bus 'stream_input_row_data[41]' has non three-state driver 'stream_input_row_data_reg[41]/Q'. (LINT-34)
Warning: In design 'standard_dip_array_4x4', three-state bus 'stream_input_row_data[42]' has non three-state driver 'stream_input_row_data_reg[42]/Q'. (LINT-34)
Warning: In design 'standard_dip_array_4x4', three-state bus 'stream_input_row_data[43]' has non three-state driver 'stream_input_row_data_reg[43]/Q'. (LINT-34)
Warning: In design 'standard_dip_array_4x4', three-state bus 'stream_input_row_data[44]' has non three-state driver 'stream_input_row_data_reg[44]/Q'. (LINT-34)
Warning: In design 'standard_dip_array_4x4', three-state bus 'stream_input_row_data[45]' has non three-state driver 'stream_input_row_data_reg[45]/Q'. (LINT-34)
Warning: In design 'standard_dip_array_4x4', three-state bus 'stream_input_row_data[46]' has non three-state driver 'stream_input_row_data_reg[46]/Q'. (LINT-34)
Warning: In design 'standard_dip_array_4x4', three-state bus 'stream_input_row_data[47]' has non three-state driver 'stream_input_row_data_reg[47]/Q'. (LINT-34)
Warning: In design 'standard_dip_array_4x4', three-state bus 'stream_input_row_data[48]' has non three-state driver 'stream_input_row_data_reg[48]/Q'. (LINT-34)
Warning: In design 'standard_dip_array_4x4', three-state bus 'stream_input_row_data[49]' has non three-state driver 'stream_input_row_data_reg[49]/Q'. (LINT-34)
Warning: In design 'standard_dip_array_4x4', three-state bus 'stream_input_row_data[50]' has non three-state driver 'stream_input_row_data_reg[50]/Q'. (LINT-34)
Warning: In design 'standard_dip_array_4x4', three-state bus 'stream_input_row_data[51]' has non three-state driver 'stream_input_row_data_reg[51]/Q'. (LINT-34)
Warning: In design 'standard_dip_array_4x4', three-state bus 'stream_input_row_data[52]' has non three-state driver 'stream_input_row_data_reg[52]/Q'. (LINT-34)
Warning: In design 'standard_dip_array_4x4', three-state bus 'stream_input_row_data[53]' has non three-state driver 'stream_input_row_data_reg[53]/Q'. (LINT-34)
Warning: In design 'standard_dip_array_4x4', three-state bus 'stream_input_row_data[54]' has non three-state driver 'stream_input_row_data_reg[54]/Q'. (LINT-34)
Warning: In design 'standard_dip_array_4x4', three-state bus 'stream_input_row_data[55]' has non three-state driver 'stream_input_row_data_reg[55]/Q'. (LINT-34)
Warning: In design 'standard_dip_array_4x4', three-state bus 'stream_input_row_data[56]' has non three-state driver 'stream_input_row_data_reg[56]/Q'. (LINT-34)
Warning: In design 'standard_dip_array_4x4', three-state bus 'stream_input_row_data[57]' has non three-state driver 'stream_input_row_data_reg[57]/Q'. (LINT-34)
Warning: In design 'standard_dip_array_4x4', three-state bus 'stream_input_row_data[58]' has non three-state driver 'stream_input_row_data_reg[58]/Q'. (LINT-34)
Warning: In design 'standard_dip_array_4x4', three-state bus 'stream_input_row_data[59]' has non three-state driver 'stream_input_row_data_reg[59]/Q'. (LINT-34)
Warning: In design 'standard_dip_array_4x4', three-state bus 'stream_input_row_data[60]' has non three-state driver 'stream_input_row_data_reg[60]/Q'. (LINT-34)
Warning: In design 'standard_dip_array_4x4', three-state bus 'stream_input_row_data[61]' has non three-state driver 'stream_input_row_data_reg[61]/Q'. (LINT-34)
Warning: In design 'standard_dip_array_4x4', three-state bus 'stream_input_row_data[62]' has non three-state driver 'stream_input_row_data_reg[62]/Q'. (LINT-34)
Warning: In design 'standard_dip_array_4x4', three-state bus 'stream_input_row_data[63]' has non three-state driver 'stream_input_row_data_reg[63]/Q'. (LINT-34)
Warning: In design 'standard_dip_array_4x4', three-state bus 'stream_input_row_valid' has non three-state driver 'stream_input_row_valid_reg/Q'. (LINT-34)
1
