 
****************************************
Report : power
        -analysis_effort low
Design : is_core_top_4x4
Version: O-2018.06-SP1
Date   : Tue Apr 21 00:05:11 2026
****************************************


Library(s) Used:

    slow (File: /home/ic_libs/TSMC.90/aci/sc-x/synopsys/slow.db)


Operating Conditions: slow   Library: slow
Wire Load Model Mode: top


Global Operating Voltage = 0.9  
Power-specific unit information :
    Voltage Units = 1V
    Capacitance Units = 1.000000pf
    Time Units = 1ns
    Dynamic Power Units = 1mW    (derived from V,C,T units)
    Leakage Power Units = 1pW


  Cell Internal Power  =  23.8217 mW   (89%)
  Net Switching Power  =   2.8539 mW   (11%)
                         ---------
Total Dynamic Power    =  26.6757 mW  (100%)

Cell Leakage Power     = 671.0076 uW


                 Internal         Switching           Leakage            Total
Power Group      Power            Power               Power              Power   (   %    )  Attrs
--------------------------------------------------------------------------------------------------
io_pad             0.0000            0.0000            0.0000            0.0000  (   0.00%)
memory             0.0000            0.0000            0.0000            0.0000  (   0.00%)
black_box          0.0000            0.0000            0.0000            0.0000  (   0.00%)
clock_network      1.1921            2.1538        5.2357e+06            3.3512  (  12.25%)
register          21.7825            0.1438        1.5283e+08           22.0791  (  80.74%)
sequential         0.0000            0.0000            0.0000            0.0000  (   0.00%)
combinational      0.8472            0.5563        5.1294e+08            1.9165  (   7.01%)
--------------------------------------------------------------------------------------------------
Total             23.8217 mW         2.8539 mW     6.7101e+08 pW        27.3467 mW
1
