 
****************************************
Report : power
        -analysis_effort low
Design : is_core_top_4x4
Version: O-2018.06-SP1
Date   : Mon Apr 20 20:38:37 2026
****************************************


Library(s) Used:

    slow (File: /home/ic_libs/TSMC.90/aci/sc-x/synopsys/slow.db)


Operating Conditions: slow   Library: slow
Wire Load Model Mode: top


Global Operating Voltage = 0.9  
Power-specific unit information :
    Voltage Units = 1V
    Capacitance Units = 1.000000pf
    Time Units = 1ns
    Dynamic Power Units = 1mW    (derived from V,C,T units)
    Leakage Power Units = 1pW


  Cell Internal Power  =  23.6871 mW   (89%)
  Net Switching Power  =   2.8055 mW   (11%)
                         ---------
Total Dynamic Power    =  26.4926 mW  (100%)

Cell Leakage Power     = 713.8638 uW


                 Internal         Switching           Leakage            Total
Power Group      Power            Power               Power              Power   (   %    )  Attrs
--------------------------------------------------------------------------------------------------
io_pad             0.0000            0.0000            0.0000            0.0000  (   0.00%)
memory             0.0000            0.0000            0.0000            0.0000  (   0.00%)
black_box          0.0000            0.0000            0.0000            0.0000  (   0.00%)
clock_network      1.0942            2.1215        4.6376e+06            3.2203  (  11.84%)
register          21.6955            0.1435        1.4744e+08           21.9865  (  80.81%)
sequential         0.0000            0.0000            0.0000            0.0000  (   0.00%)
combinational      0.8974            0.5405        5.6178e+08            1.9997  (   7.35%)
--------------------------------------------------------------------------------------------------
Total             23.6871 mW         2.8055 mW     7.1386e+08 pW        27.2065 mW
1
