 
****************************************
Report : timing
        -path full
        -delay max
        -max_paths 1
Design : is_core_top_4x4
Version: O-2018.06-SP1
Date   : Tue Apr 21 00:05:11 2026
****************************************

 # A fanout number of 1000 was used for high fanout net computations.

Operating Conditions: slow   Library: slow
Wire Load Model Mode: top

  Startpoint: output_ready[1]
              (input port clocked by clk)
  Endpoint: u_is_array/gen_row[0].gen_col[0].pe_inst/clk_gate_input_valid_reg_reg/latch
            (rising edge-triggered flip-flop clocked by clk')
  Path Group: clk
  Path Type: max

  Point                                                   Incr       Path
  --------------------------------------------------------------------------
  clock clk (rise edge)                                   0.00       0.00
  clock network delay (ideal)                             0.00       0.00
  input external delay                                    0.20       0.20 r
  output_ready[1] (in)                                    0.00       0.20 r
  U13750/Y (NOR2X8)                                       0.01       0.21 f
  U13549/Y (NOR2X8)                                       0.05       0.26 r
  U13537/Y (NAND3X8)                                      0.06       0.32 f
  U9839/Y (NAND2X4)                                       0.04       0.36 r
  U9816/Y (NAND2X4)                                       0.04       0.40 f
  U11111/Y (NAND2X4)                                      0.05       0.45 r
  U11822/Y (NAND2X8)                                      0.04       0.49 f
  U3970/Y (OAI21X6)                                       0.07       0.56 r
  U11791/Y (OAI2BB1X4)                                    0.08       0.64 r
  u_is_array/gen_row[0].gen_col[0].pe_inst/clk_gate_input_valid_reg_reg/EN (SNPS_CLOCK_GATE_HIGH_is_pe_DATA_WIDTH16_WEIGHT_WIDTH16_ACC_WIDTH32_PE_ID0_5)
                                                          0.00       0.64 r
  u_is_array/gen_row[0].gen_col[0].pe_inst/clk_gate_input_valid_reg_reg/latch/E (TLATNTSCAX2)
                                                          0.00       0.64 r
  data arrival time                                                  0.64

  clock clk' (rise edge)                                  0.50       0.50
  clock network delay (ideal)                             0.00       0.50
  u_is_array/gen_row[0].gen_col[0].pe_inst/clk_gate_input_valid_reg_reg/latch/CKcheckpin1 (TLATNTSCAX2)
                                                          0.00       0.50 r
  library setup time                                     -0.16       0.34
  data required time                                                 0.34
  --------------------------------------------------------------------------
  data required time                                                 0.34
  data arrival time                                                 -0.64
  --------------------------------------------------------------------------
  slack (VIOLATED)                                                  -0.30


1
