 
****************************************
Report : area
Design : dip_core_std_top_4x4
Version: O-2018.06-SP1
Date   : Tue Apr 21 20:27:55 2026
****************************************

Information: Updating design information... (UID-85)
Warning: Design 'dip_core_std_top_4x4' contains 1 high-fanout nets. A fanout number of 1000 will be used for delay calculations involving these nets. (TIM-134)
Warning: A non-unate path in clock network for clock 'clk'
 from pin 'clk_gate_u_dip_std_array/u_stream_dip/gen_rows[2].gen_cols[3].u_dip_pe/psum_out_reg_reg/latch/CKcheckpin1' is detected. (TIM-052)
Library(s) Used:

    slow (File: /home/ic_libs/TSMC.90/aci/sc-x/synopsys/slow.db)

Number of ports:                          698
Number of nets:                         14644
Number of cells:                        12504
Number of combinational cells:          10771
Number of sequential cells:              1721
Number of macros/black boxes:               0
Number of buf/inv:                        948
Number of references:                      96

Combinational area:              72164.535235
Buf/Inv area:                     2030.011266
Noncombinational area:           26666.035259
Macro/Black Box area:                0.000000
Net Interconnect area:      undefined  (No wire load specified)

Total cell area:                 98830.570494
Total area:                 undefined
1
