 
****************************************
Report : area
Design : os_core_top_4x4
Version: O-2018.06-SP1
Date   : Mon Apr 20 20:42:58 2026
****************************************

Library(s) Used:

    slow (File: /home/ic_libs/TSMC.90/aci/sc-x/synopsys/slow.db)

Number of ports:                          963
Number of nets:                         25373
Number of cells:                        24033
Number of combinational cells:          21524
Number of sequential cells:              2437
Number of macros/black boxes:               0
Number of buf/inv:                       3902
Number of references:                     260

Combinational area:             158235.036428
Buf/Inv area:                    11393.323492
Noncombinational area:           50043.268845
Macro/Black Box area:                0.000000
Net Interconnect area:      undefined  (No wire load specified)

Total cell area:                208278.305273
Total area:                 undefined
1
