 
****************************************
check_design summary:
Version:     O-2018.06-SP1
Date:        Mon Apr 20 20:38:39 2026
****************************************

                   Name                                            Total
--------------------------------------------------------------------------------
Inputs/Outputs                                                      3
    Unconnected ports (LINT-28)                                     3

Cells                                                              27
    Connected to power or ground (LINT-32)                          8
    Nets connected to multiple pins on same cell (LINT-33)          1
    Leaf pins connected to undriven nets (LINT-58)                  6
    Cells have undriven hier pins (LINT-59)                        12

Nets                                                              148
    Unloaded nets (LINT-2)                                        136
    Undriven nets (LINT-3)                                         12
--------------------------------------------------------------------------------

Warning: In design 'os_core_top_4x4', net 'u_os_array/weight_out_valid_mesh[3]' driven by pin 'u_os_array/gen_row[0].gen_col[3].pe_inst/weight_out_valid' has no loads. (LINT-2)
Warning: In design 'os_core_top_4x4', net 'u_os_array/weight_out_mesh[48]' driven by pin 'u_os_array/gen_row[0].gen_col[3].pe_inst/weight_out[0]' has no loads. (LINT-2)
Warning: In design 'os_core_top_4x4', net 'u_os_array/weight_out_mesh[49]' driven by pin 'u_os_array/gen_row[0].gen_col[3].pe_inst/weight_out[1]' has no loads. (LINT-2)
Warning: In design 'os_core_top_4x4', net 'u_os_array/weight_out_mesh[50]' driven by pin 'u_os_array/gen_row[0].gen_col[3].pe_inst/weight_out[2]' has no loads. (LINT-2)
Warning: In design 'os_core_top_4x4', net 'u_os_array/weight_out_mesh[51]' driven by pin 'u_os_array/gen_row[0].gen_col[3].pe_inst/weight_out[3]' has no loads. (LINT-2)
Warning: In design 'os_core_top_4x4', net 'u_os_array/weight_out_mesh[52]' driven by pin 'u_os_array/gen_row[0].gen_col[3].pe_inst/weight_out[4]' has no loads. (LINT-2)
Warning: In design 'os_core_top_4x4', net 'u_os_array/weight_out_mesh[53]' driven by pin 'u_os_array/gen_row[0].gen_col[3].pe_inst/weight_out[5]' has no loads. (LINT-2)
Warning: In design 'os_core_top_4x4', net 'u_os_array/weight_out_mesh[54]' driven by pin 'u_os_array/gen_row[0].gen_col[3].pe_inst/weight_out[6]' has no loads. (LINT-2)
Warning: In design 'os_core_top_4x4', net 'u_os_array/weight_out_mesh[55]' driven by pin 'u_os_array/gen_row[0].gen_col[3].pe_inst/weight_out[7]' has no loads. (LINT-2)
Warning: In design 'os_core_top_4x4', net 'u_os_array/weight_out_mesh[56]' driven by pin 'u_os_array/gen_row[0].gen_col[3].pe_inst/weight_out[8]' has no loads. (LINT-2)
Warning: In design 'os_core_top_4x4', net 'u_os_array/weight_out_mesh[57]' driven by pin 'u_os_array/gen_row[0].gen_col[3].pe_inst/weight_out[9]' has no loads. (LINT-2)
Warning: In design 'os_core_top_4x4', net 'u_os_array/weight_out_mesh[58]' driven by pin 'u_os_array/gen_row[0].gen_col[3].pe_inst/weight_out[10]' has no loads. (LINT-2)
Warning: In design 'os_core_top_4x4', net 'u_os_array/weight_out_mesh[59]' driven by pin 'u_os_array/gen_row[0].gen_col[3].pe_inst/weight_out[11]' has no loads. (LINT-2)
Warning: In design 'os_core_top_4x4', net 'u_os_array/weight_out_mesh[60]' driven by pin 'u_os_array/gen_row[0].gen_col[3].pe_inst/weight_out[12]' has no loads. (LINT-2)
Warning: In design 'os_core_top_4x4', net 'u_os_array/weight_out_mesh[61]' driven by pin 'u_os_array/gen_row[0].gen_col[3].pe_inst/weight_out[13]' has no loads. (LINT-2)
Warning: In design 'os_core_top_4x4', net 'u_os_array/weight_out_mesh[62]' driven by pin 'u_os_array/gen_row[0].gen_col[3].pe_inst/weight_out[14]' has no loads. (LINT-2)
Warning: In design 'os_core_top_4x4', net 'u_os_array/weight_out_mesh[63]' driven by pin 'u_os_array/gen_row[0].gen_col[3].pe_inst/weight_out[15]' has no loads. (LINT-2)
Warning: In design 'os_core_top_4x4', net 'u_os_array/weight_out_valid_mesh[7]' driven by pin 'u_os_array/gen_row[1].gen_col[3].pe_inst/weight_out_valid' has no loads. (LINT-2)
Warning: In design 'os_core_top_4x4', net 'u_os_array/weight_out_mesh[112]' driven by pin 'u_os_array/gen_row[1].gen_col[3].pe_inst/weight_out[0]' has no loads. (LINT-2)
Warning: In design 'os_core_top_4x4', net 'u_os_array/weight_out_mesh[113]' driven by pin 'u_os_array/gen_row[1].gen_col[3].pe_inst/weight_out[1]' has no loads. (LINT-2)
Warning: In design 'os_core_top_4x4', net 'u_os_array/weight_out_mesh[114]' driven by pin 'u_os_array/gen_row[1].gen_col[3].pe_inst/weight_out[2]' has no loads. (LINT-2)
Warning: In design 'os_core_top_4x4', net 'u_os_array/weight_out_mesh[115]' driven by pin 'u_os_array/gen_row[1].gen_col[3].pe_inst/weight_out[3]' has no loads. (LINT-2)
Warning: In design 'os_core_top_4x4', net 'u_os_array/weight_out_mesh[116]' driven by pin 'u_os_array/gen_row[1].gen_col[3].pe_inst/weight_out[4]' has no loads. (LINT-2)
Warning: In design 'os_core_top_4x4', net 'u_os_array/weight_out_mesh[117]' driven by pin 'u_os_array/gen_row[1].gen_col[3].pe_inst/weight_out[5]' has no loads. (LINT-2)
Warning: In design 'os_core_top_4x4', net 'u_os_array/weight_out_mesh[118]' driven by pin 'u_os_array/gen_row[1].gen_col[3].pe_inst/weight_out[6]' has no loads. (LINT-2)
Warning: In design 'os_core_top_4x4', net 'u_os_array/weight_out_mesh[119]' driven by pin 'u_os_array/gen_row[1].gen_col[3].pe_inst/weight_out[7]' has no loads. (LINT-2)
Warning: In design 'os_core_top_4x4', net 'u_os_array/weight_out_mesh[120]' driven by pin 'u_os_array/gen_row[1].gen_col[3].pe_inst/weight_out[8]' has no loads. (LINT-2)
Warning: In design 'os_core_top_4x4', net 'u_os_array/weight_out_mesh[121]' driven by pin 'u_os_array/gen_row[1].gen_col[3].pe_inst/weight_out[9]' has no loads. (LINT-2)
Warning: In design 'os_core_top_4x4', net 'u_os_array/weight_out_mesh[122]' driven by pin 'u_os_array/gen_row[1].gen_col[3].pe_inst/weight_out[10]' has no loads. (LINT-2)
Warning: In design 'os_core_top_4x4', net 'u_os_array/weight_out_mesh[123]' driven by pin 'u_os_array/gen_row[1].gen_col[3].pe_inst/weight_out[11]' has no loads. (LINT-2)
Warning: In design 'os_core_top_4x4', net 'u_os_array/weight_out_mesh[124]' driven by pin 'u_os_array/gen_row[1].gen_col[3].pe_inst/weight_out[12]' has no loads. (LINT-2)
Warning: In design 'os_core_top_4x4', net 'u_os_array/weight_out_mesh[125]' driven by pin 'u_os_array/gen_row[1].gen_col[3].pe_inst/weight_out[13]' has no loads. (LINT-2)
Warning: In design 'os_core_top_4x4', net 'u_os_array/weight_out_mesh[126]' driven by pin 'u_os_array/gen_row[1].gen_col[3].pe_inst/weight_out[14]' has no loads. (LINT-2)
Warning: In design 'os_core_top_4x4', net 'u_os_array/weight_out_mesh[127]' driven by pin 'u_os_array/gen_row[1].gen_col[3].pe_inst/weight_out[15]' has no loads. (LINT-2)
Warning: In design 'os_core_top_4x4', net 'u_os_array/weight_out_valid_mesh[11]' driven by pin 'u_os_array/gen_row[2].gen_col[3].pe_inst/weight_out_valid' has no loads. (LINT-2)
Warning: In design 'os_core_top_4x4', net 'u_os_array/weight_out_mesh[176]' driven by pin 'u_os_array/gen_row[2].gen_col[3].pe_inst/weight_out[0]' has no loads. (LINT-2)
Warning: In design 'os_core_top_4x4', net 'u_os_array/weight_out_mesh[177]' driven by pin 'u_os_array/gen_row[2].gen_col[3].pe_inst/weight_out[1]' has no loads. (LINT-2)
Warning: In design 'os_core_top_4x4', net 'u_os_array/weight_out_mesh[178]' driven by pin 'u_os_array/gen_row[2].gen_col[3].pe_inst/weight_out[2]' has no loads. (LINT-2)
Warning: In design 'os_core_top_4x4', net 'u_os_array/weight_out_mesh[179]' driven by pin 'u_os_array/gen_row[2].gen_col[3].pe_inst/weight_out[3]' has no loads. (LINT-2)
Warning: In design 'os_core_top_4x4', net 'u_os_array/weight_out_mesh[180]' driven by pin 'u_os_array/gen_row[2].gen_col[3].pe_inst/weight_out[4]' has no loads. (LINT-2)
Warning: In design 'os_core_top_4x4', net 'u_os_array/weight_out_mesh[181]' driven by pin 'u_os_array/gen_row[2].gen_col[3].pe_inst/weight_out[5]' has no loads. (LINT-2)
Warning: In design 'os_core_top_4x4', net 'u_os_array/weight_out_mesh[182]' driven by pin 'u_os_array/gen_row[2].gen_col[3].pe_inst/weight_out[6]' has no loads. (LINT-2)
Warning: In design 'os_core_top_4x4', net 'u_os_array/weight_out_mesh[183]' driven by pin 'u_os_array/gen_row[2].gen_col[3].pe_inst/weight_out[7]' has no loads. (LINT-2)
Warning: In design 'os_core_top_4x4', net 'u_os_array/weight_out_mesh[184]' driven by pin 'u_os_array/gen_row[2].gen_col[3].pe_inst/weight_out[8]' has no loads. (LINT-2)
Warning: In design 'os_core_top_4x4', net 'u_os_array/weight_out_mesh[185]' driven by pin 'u_os_array/gen_row[2].gen_col[3].pe_inst/weight_out[9]' has no loads. (LINT-2)
Warning: In design 'os_core_top_4x4', net 'u_os_array/weight_out_mesh[186]' driven by pin 'u_os_array/gen_row[2].gen_col[3].pe_inst/weight_out[10]' has no loads. (LINT-2)
Warning: In design 'os_core_top_4x4', net 'u_os_array/weight_out_mesh[187]' driven by pin 'u_os_array/gen_row[2].gen_col[3].pe_inst/weight_out[11]' has no loads. (LINT-2)
Warning: In design 'os_core_top_4x4', net 'u_os_array/weight_out_mesh[188]' driven by pin 'u_os_array/gen_row[2].gen_col[3].pe_inst/weight_out[12]' has no loads. (LINT-2)
Warning: In design 'os_core_top_4x4', net 'u_os_array/weight_out_mesh[189]' driven by pin 'u_os_array/gen_row[2].gen_col[3].pe_inst/weight_out[13]' has no loads. (LINT-2)
Warning: In design 'os_core_top_4x4', net 'u_os_array/weight_out_mesh[190]' driven by pin 'u_os_array/gen_row[2].gen_col[3].pe_inst/weight_out[14]' has no loads. (LINT-2)
Warning: In design 'os_core_top_4x4', net 'u_os_array/weight_out_mesh[191]' driven by pin 'u_os_array/gen_row[2].gen_col[3].pe_inst/weight_out[15]' has no loads. (LINT-2)
Warning: In design 'os_core_top_4x4', net 'u_os_array/input_out_valid_mesh[12]' driven by pin 'u_os_array/gen_row[3].gen_col[0].pe_inst/input_out_valid' has no loads. (LINT-2)
Warning: In design 'os_core_top_4x4', net 'u_os_array/input_out_mesh[192]' driven by pin 'u_os_array/gen_row[3].gen_col[0].pe_inst/input_out[0]' has no loads. (LINT-2)
Warning: In design 'os_core_top_4x4', net 'u_os_array/input_out_mesh[193]' driven by pin 'u_os_array/gen_row[3].gen_col[0].pe_inst/input_out[1]' has no loads. (LINT-2)
Warning: In design 'os_core_top_4x4', net 'u_os_array/input_out_mesh[194]' driven by pin 'u_os_array/gen_row[3].gen_col[0].pe_inst/input_out[2]' has no loads. (LINT-2)
Warning: In design 'os_core_top_4x4', net 'u_os_array/input_out_mesh[195]' driven by pin 'u_os_array/gen_row[3].gen_col[0].pe_inst/input_out[3]' has no loads. (LINT-2)
Warning: In design 'os_core_top_4x4', net 'u_os_array/input_out_mesh[196]' driven by pin 'u_os_array/gen_row[3].gen_col[0].pe_inst/input_out[4]' has no loads. (LINT-2)
Warning: In design 'os_core_top_4x4', net 'u_os_array/input_out_mesh[197]' driven by pin 'u_os_array/gen_row[3].gen_col[0].pe_inst/input_out[5]' has no loads. (LINT-2)
Warning: In design 'os_core_top_4x4', net 'u_os_array/input_out_mesh[198]' driven by pin 'u_os_array/gen_row[3].gen_col[0].pe_inst/input_out[6]' has no loads. (LINT-2)
Warning: In design 'os_core_top_4x4', net 'u_os_array/input_out_mesh[199]' driven by pin 'u_os_array/gen_row[3].gen_col[0].pe_inst/input_out[7]' has no loads. (LINT-2)
Warning: In design 'os_core_top_4x4', net 'u_os_array/input_out_mesh[200]' driven by pin 'u_os_array/gen_row[3].gen_col[0].pe_inst/input_out[8]' has no loads. (LINT-2)
Warning: In design 'os_core_top_4x4', net 'u_os_array/input_out_mesh[201]' driven by pin 'u_os_array/gen_row[3].gen_col[0].pe_inst/input_out[9]' has no loads. (LINT-2)
Warning: In design 'os_core_top_4x4', net 'u_os_array/input_out_mesh[202]' driven by pin 'u_os_array/gen_row[3].gen_col[0].pe_inst/input_out[10]' has no loads. (LINT-2)
Warning: In design 'os_core_top_4x4', net 'u_os_array/input_out_mesh[203]' driven by pin 'u_os_array/gen_row[3].gen_col[0].pe_inst/input_out[11]' has no loads. (LINT-2)
Warning: In design 'os_core_top_4x4', net 'u_os_array/input_out_mesh[204]' driven by pin 'u_os_array/gen_row[3].gen_col[0].pe_inst/input_out[12]' has no loads. (LINT-2)
Warning: In design 'os_core_top_4x4', net 'u_os_array/input_out_mesh[205]' driven by pin 'u_os_array/gen_row[3].gen_col[0].pe_inst/input_out[13]' has no loads. (LINT-2)
Warning: In design 'os_core_top_4x4', net 'u_os_array/input_out_mesh[206]' driven by pin 'u_os_array/gen_row[3].gen_col[0].pe_inst/input_out[14]' has no loads. (LINT-2)
Warning: In design 'os_core_top_4x4', net 'u_os_array/input_out_mesh[207]' driven by pin 'u_os_array/gen_row[3].gen_col[0].pe_inst/input_out[15]' has no loads. (LINT-2)
Warning: In design 'os_core_top_4x4', net 'u_os_array/input_out_valid_mesh[13]' driven by pin 'u_os_array/gen_row[3].gen_col[1].pe_inst/input_out_valid' has no loads. (LINT-2)
Warning: In design 'os_core_top_4x4', net 'u_os_array/input_out_mesh[208]' driven by pin 'u_os_array/gen_row[3].gen_col[1].pe_inst/input_out[0]' has no loads. (LINT-2)
Warning: In design 'os_core_top_4x4', net 'u_os_array/input_out_mesh[209]' driven by pin 'u_os_array/gen_row[3].gen_col[1].pe_inst/input_out[1]' has no loads. (LINT-2)
Warning: In design 'os_core_top_4x4', net 'u_os_array/input_out_mesh[210]' driven by pin 'u_os_array/gen_row[3].gen_col[1].pe_inst/input_out[2]' has no loads. (LINT-2)
Warning: In design 'os_core_top_4x4', net 'u_os_array/input_out_mesh[211]' driven by pin 'u_os_array/gen_row[3].gen_col[1].pe_inst/input_out[3]' has no loads. (LINT-2)
Warning: In design 'os_core_top_4x4', net 'u_os_array/input_out_mesh[212]' driven by pin 'u_os_array/gen_row[3].gen_col[1].pe_inst/input_out[4]' has no loads. (LINT-2)
Warning: In design 'os_core_top_4x4', net 'u_os_array/input_out_mesh[213]' driven by pin 'u_os_array/gen_row[3].gen_col[1].pe_inst/input_out[5]' has no loads. (LINT-2)
Warning: In design 'os_core_top_4x4', net 'u_os_array/input_out_mesh[214]' driven by pin 'u_os_array/gen_row[3].gen_col[1].pe_inst/input_out[6]' has no loads. (LINT-2)
Warning: In design 'os_core_top_4x4', net 'u_os_array/input_out_mesh[215]' driven by pin 'u_os_array/gen_row[3].gen_col[1].pe_inst/input_out[7]' has no loads. (LINT-2)
Warning: In design 'os_core_top_4x4', net 'u_os_array/input_out_mesh[216]' driven by pin 'u_os_array/gen_row[3].gen_col[1].pe_inst/input_out[8]' has no loads. (LINT-2)
Warning: In design 'os_core_top_4x4', net 'u_os_array/input_out_mesh[217]' driven by pin 'u_os_array/gen_row[3].gen_col[1].pe_inst/input_out[9]' has no loads. (LINT-2)
Warning: In design 'os_core_top_4x4', net 'u_os_array/input_out_mesh[218]' driven by pin 'u_os_array/gen_row[3].gen_col[1].pe_inst/input_out[10]' has no loads. (LINT-2)
Warning: In design 'os_core_top_4x4', net 'u_os_array/input_out_mesh[219]' driven by pin 'u_os_array/gen_row[3].gen_col[1].pe_inst/input_out[11]' has no loads. (LINT-2)
Warning: In design 'os_core_top_4x4', net 'u_os_array/input_out_mesh[220]' driven by pin 'u_os_array/gen_row[3].gen_col[1].pe_inst/input_out[12]' has no loads. (LINT-2)
Warning: In design 'os_core_top_4x4', net 'u_os_array/input_out_mesh[221]' driven by pin 'u_os_array/gen_row[3].gen_col[1].pe_inst/input_out[13]' has no loads. (LINT-2)
Warning: In design 'os_core_top_4x4', net 'u_os_array/input_out_mesh[222]' driven by pin 'u_os_array/gen_row[3].gen_col[1].pe_inst/input_out[14]' has no loads. (LINT-2)
Warning: In design 'os_core_top_4x4', net 'u_os_array/input_out_mesh[223]' driven by pin 'u_os_array/gen_row[3].gen_col[1].pe_inst/input_out[15]' has no loads. (LINT-2)
Warning: In design 'os_core_top_4x4', net 'u_os_array/input_out_valid_mesh[14]' driven by pin 'u_os_array/gen_row[3].gen_col[2].pe_inst/input_out_valid' has no loads. (LINT-2)
Warning: In design 'os_core_top_4x4', net 'u_os_array/input_out_mesh[224]' driven by pin 'u_os_array/gen_row[3].gen_col[2].pe_inst/input_out[0]' has no loads. (LINT-2)
Warning: In design 'os_core_top_4x4', net 'u_os_array/input_out_mesh[225]' driven by pin 'u_os_array/gen_row[3].gen_col[2].pe_inst/input_out[1]' has no loads. (LINT-2)
Warning: In design 'os_core_top_4x4', net 'u_os_array/input_out_mesh[226]' driven by pin 'u_os_array/gen_row[3].gen_col[2].pe_inst/input_out[2]' has no loads. (LINT-2)
Warning: In design 'os_core_top_4x4', net 'u_os_array/input_out_mesh[227]' driven by pin 'u_os_array/gen_row[3].gen_col[2].pe_inst/input_out[3]' has no loads. (LINT-2)
Warning: In design 'os_core_top_4x4', net 'u_os_array/input_out_mesh[228]' driven by pin 'u_os_array/gen_row[3].gen_col[2].pe_inst/input_out[4]' has no loads. (LINT-2)
Warning: In design 'os_core_top_4x4', net 'u_os_array/input_out_mesh[229]' driven by pin 'u_os_array/gen_row[3].gen_col[2].pe_inst/input_out[5]' has no loads. (LINT-2)
Warning: In design 'os_core_top_4x4', net 'u_os_array/input_out_mesh[230]' driven by pin 'u_os_array/gen_row[3].gen_col[2].pe_inst/input_out[6]' has no loads. (LINT-2)
Warning: In design 'os_core_top_4x4', net 'u_os_array/input_out_mesh[231]' driven by pin 'u_os_array/gen_row[3].gen_col[2].pe_inst/input_out[7]' has no loads. (LINT-2)
Warning: In design 'os_core_top_4x4', net 'u_os_array/input_out_mesh[232]' driven by pin 'u_os_array/gen_row[3].gen_col[2].pe_inst/input_out[8]' has no loads. (LINT-2)
Warning: In design 'os_core_top_4x4', net 'u_os_array/input_out_mesh[233]' driven by pin 'u_os_array/gen_row[3].gen_col[2].pe_inst/input_out[9]' has no loads. (LINT-2)
Warning: In design 'os_core_top_4x4', net 'u_os_array/input_out_mesh[234]' driven by pin 'u_os_array/gen_row[3].gen_col[2].pe_inst/input_out[10]' has no loads. (LINT-2)
Warning: In design 'os_core_top_4x4', net 'u_os_array/input_out_mesh[235]' driven by pin 'u_os_array/gen_row[3].gen_col[2].pe_inst/input_out[11]' has no loads. (LINT-2)
Warning: In design 'os_core_top_4x4', net 'u_os_array/input_out_mesh[236]' driven by pin 'u_os_array/gen_row[3].gen_col[2].pe_inst/input_out[12]' has no loads. (LINT-2)
Warning: In design 'os_core_top_4x4', net 'u_os_array/input_out_mesh[237]' driven by pin 'u_os_array/gen_row[3].gen_col[2].pe_inst/input_out[13]' has no loads. (LINT-2)
Warning: In design 'os_core_top_4x4', net 'u_os_array/input_out_mesh[238]' driven by pin 'u_os_array/gen_row[3].gen_col[2].pe_inst/input_out[14]' has no loads. (LINT-2)
Warning: In design 'os_core_top_4x4', net 'u_os_array/input_out_mesh[239]' driven by pin 'u_os_array/gen_row[3].gen_col[2].pe_inst/input_out[15]' has no loads. (LINT-2)
Warning: In design 'os_core_top_4x4', net 'u_os_array/weight_out_valid_mesh[15]' driven by pin 'u_os_array/gen_row[3].gen_col[3].pe_inst/weight_out_valid' has no loads. (LINT-2)
Warning: In design 'os_core_top_4x4', net 'u_os_array/weight_out_mesh[240]' driven by pin 'u_os_array/gen_row[3].gen_col[3].pe_inst/weight_out[0]' has no loads. (LINT-2)
Warning: In design 'os_core_top_4x4', net 'u_os_array/weight_out_mesh[241]' driven by pin 'u_os_array/gen_row[3].gen_col[3].pe_inst/weight_out[1]' has no loads. (LINT-2)
Warning: In design 'os_core_top_4x4', net 'u_os_array/weight_out_mesh[242]' driven by pin 'u_os_array/gen_row[3].gen_col[3].pe_inst/weight_out[2]' has no loads. (LINT-2)
Warning: In design 'os_core_top_4x4', net 'u_os_array/weight_out_mesh[243]' driven by pin 'u_os_array/gen_row[3].gen_col[3].pe_inst/weight_out[3]' has no loads. (LINT-2)
Warning: In design 'os_core_top_4x4', net 'u_os_array/weight_out_mesh[244]' driven by pin 'u_os_array/gen_row[3].gen_col[3].pe_inst/weight_out[4]' has no loads. (LINT-2)
Warning: In design 'os_core_top_4x4', net 'u_os_array/weight_out_mesh[245]' driven by pin 'u_os_array/gen_row[3].gen_col[3].pe_inst/weight_out[5]' has no loads. (LINT-2)
Warning: In design 'os_core_top_4x4', net 'u_os_array/weight_out_mesh[246]' driven by pin 'u_os_array/gen_row[3].gen_col[3].pe_inst/weight_out[6]' has no loads. (LINT-2)
Warning: In design 'os_core_top_4x4', net 'u_os_array/weight_out_mesh[247]' driven by pin 'u_os_array/gen_row[3].gen_col[3].pe_inst/weight_out[7]' has no loads. (LINT-2)
Warning: In design 'os_core_top_4x4', net 'u_os_array/weight_out_mesh[248]' driven by pin 'u_os_array/gen_row[3].gen_col[3].pe_inst/weight_out[8]' has no loads. (LINT-2)
Warning: In design 'os_core_top_4x4', net 'u_os_array/weight_out_mesh[249]' driven by pin 'u_os_array/gen_row[3].gen_col[3].pe_inst/weight_out[9]' has no loads. (LINT-2)
Warning: In design 'os_core_top_4x4', net 'u_os_array/weight_out_mesh[250]' driven by pin 'u_os_array/gen_row[3].gen_col[3].pe_inst/weight_out[10]' has no loads. (LINT-2)
Warning: In design 'os_core_top_4x4', net 'u_os_array/weight_out_mesh[251]' driven by pin 'u_os_array/gen_row[3].gen_col[3].pe_inst/weight_out[11]' has no loads. (LINT-2)
Warning: In design 'os_core_top_4x4', net 'u_os_array/weight_out_mesh[252]' driven by pin 'u_os_array/gen_row[3].gen_col[3].pe_inst/weight_out[12]' has no loads. (LINT-2)
Warning: In design 'os_core_top_4x4', net 'u_os_array/weight_out_mesh[253]' driven by pin 'u_os_array/gen_row[3].gen_col[3].pe_inst/weight_out[13]' has no loads. (LINT-2)
Warning: In design 'os_core_top_4x4', net 'u_os_array/weight_out_mesh[254]' driven by pin 'u_os_array/gen_row[3].gen_col[3].pe_inst/weight_out[14]' has no loads. (LINT-2)
Warning: In design 'os_core_top_4x4', net 'u_os_array/weight_out_mesh[255]' driven by pin 'u_os_array/gen_row[3].gen_col[3].pe_inst/weight_out[15]' has no loads. (LINT-2)
Warning: In design 'os_core_top_4x4', net 'u_os_array/input_out_valid_mesh[15]' driven by pin 'u_os_array/gen_row[3].gen_col[3].pe_inst/input_out_valid' has no loads. (LINT-2)
Warning: In design 'os_core_top_4x4', net 'u_os_array/input_out_mesh[240]' driven by pin 'u_os_array/gen_row[3].gen_col[3].pe_inst/input_out[0]' has no loads. (LINT-2)
Warning: In design 'os_core_top_4x4', net 'u_os_array/input_out_mesh[241]' driven by pin 'u_os_array/gen_row[3].gen_col[3].pe_inst/input_out[1]' has no loads. (LINT-2)
Warning: In design 'os_core_top_4x4', net 'u_os_array/input_out_mesh[242]' driven by pin 'u_os_array/gen_row[3].gen_col[3].pe_inst/input_out[2]' has no loads. (LINT-2)
Warning: In design 'os_core_top_4x4', net 'u_os_array/input_out_mesh[243]' driven by pin 'u_os_array/gen_row[3].gen_col[3].pe_inst/input_out[3]' has no loads. (LINT-2)
Warning: In design 'os_core_top_4x4', net 'u_os_array/input_out_mesh[244]' driven by pin 'u_os_array/gen_row[3].gen_col[3].pe_inst/input_out[4]' has no loads. (LINT-2)
Warning: In design 'os_core_top_4x4', net 'u_os_array/input_out_mesh[245]' driven by pin 'u_os_array/gen_row[3].gen_col[3].pe_inst/input_out[5]' has no loads. (LINT-2)
Warning: In design 'os_core_top_4x4', net 'u_os_array/input_out_mesh[246]' driven by pin 'u_os_array/gen_row[3].gen_col[3].pe_inst/input_out[6]' has no loads. (LINT-2)
Warning: In design 'os_core_top_4x4', net 'u_os_array/input_out_mesh[247]' driven by pin 'u_os_array/gen_row[3].gen_col[3].pe_inst/input_out[7]' has no loads. (LINT-2)
Warning: In design 'os_core_top_4x4', net 'u_os_array/input_out_mesh[248]' driven by pin 'u_os_array/gen_row[3].gen_col[3].pe_inst/input_out[8]' has no loads. (LINT-2)
Warning: In design 'os_core_top_4x4', net 'u_os_array/input_out_mesh[249]' driven by pin 'u_os_array/gen_row[3].gen_col[3].pe_inst/input_out[9]' has no loads. (LINT-2)
Warning: In design 'os_core_top_4x4', net 'u_os_array/input_out_mesh[250]' driven by pin 'u_os_array/gen_row[3].gen_col[3].pe_inst/input_out[10]' has no loads. (LINT-2)
Warning: In design 'os_core_top_4x4', net 'u_os_array/input_out_mesh[251]' driven by pin 'u_os_array/gen_row[3].gen_col[3].pe_inst/input_out[11]' has no loads. (LINT-2)
Warning: In design 'os_core_top_4x4', net 'u_os_array/input_out_mesh[252]' driven by pin 'u_os_array/gen_row[3].gen_col[3].pe_inst/input_out[12]' has no loads. (LINT-2)
Warning: In design 'os_core_top_4x4', net 'u_os_array/input_out_mesh[253]' driven by pin 'u_os_array/gen_row[3].gen_col[3].pe_inst/input_out[13]' has no loads. (LINT-2)
Warning: In design 'os_core_top_4x4', net 'u_os_array/input_out_mesh[254]' driven by pin 'u_os_array/gen_row[3].gen_col[3].pe_inst/input_out[14]' has no loads. (LINT-2)
Warning: In design 'os_core_top_4x4', net 'u_os_array/input_out_mesh[255]' driven by pin 'u_os_array/gen_row[3].gen_col[3].pe_inst/input_out[15]' has no loads. (LINT-2)
Warning: In design 'os_core_top_4x4', net 'u_os_array/weight_out_ready_mesh_1' has no drivers.  Logic 0 assumed. (LINT-3)
Warning: In design 'os_core_top_4x4', net 'u_os_array/weight_out_ready_mesh_2' has no drivers.  Logic 0 assumed. (LINT-3)
Warning: In design 'os_core_top_4x4', net 'u_os_array/weight_out_ready_mesh_4' has no drivers.  Logic 0 assumed. (LINT-3)
Warning: In design 'os_core_top_4x4', net 'u_os_array/weight_out_ready_mesh_5' has no drivers.  Logic 0 assumed. (LINT-3)
Warning: In design 'os_core_top_4x4', net 'u_os_array/weight_out_ready_mesh_6' has no drivers.  Logic 0 assumed. (LINT-3)
Warning: In design 'os_core_top_4x4', net 'u_os_array/weight_out_ready_mesh_8' has no drivers.  Logic 0 assumed. (LINT-3)
Warning: In design 'os_core_top_4x4', net 'u_os_array/weight_out_ready_mesh_9' has no drivers.  Logic 0 assumed. (LINT-3)
Warning: In design 'os_core_top_4x4', net 'u_os_array/weight_out_ready_mesh_10' has no drivers.  Logic 0 assumed. (LINT-3)
Warning: In design 'os_core_top_4x4', net 'u_os_array/weight_out_ready_mesh[12]' has no drivers.  Logic 0 assumed. (LINT-3)
Warning: In design 'os_core_top_4x4', net 'u_os_array/weight_out_ready_mesh[13]' has no drivers.  Logic 0 assumed. (LINT-3)
Warning: In design 'os_core_top_4x4', net 'u_os_array/weight_out_ready_mesh[14]' has no drivers.  Logic 0 assumed. (LINT-3)
Warning: In design 'os_core_top_4x4', net 'u_os_array/weight_out_ready_mesh_0' has no drivers.  Logic 0 assumed. (LINT-3)
Warning: In design 'systolic_array_os_4x4_DATA_WIDTH16_WEIGHT_WIDTH16_ACC_WIDTH32_ARRAY_SIZE4', port 'input_row_sel[1]' is not connected to any nets. (LINT-28)
Warning: In design 'systolic_array_os_4x4_DATA_WIDTH16_WEIGHT_WIDTH16_ACC_WIDTH32_ARRAY_SIZE4', port 'input_row_sel[0]' is not connected to any nets. (LINT-28)
Warning: In design 'os_pe_DATA_WIDTH16_WEIGHT_WIDTH16_ACC_WIDTH32', port 'clk_enable' is not connected to any nets. (LINT-28)
Warning: In design 'systolic_array_os_4x4_DATA_WIDTH16_WEIGHT_WIDTH16_ACC_WIDTH32_ARRAY_SIZE4', a pin on submodule 'gen_row[0].gen_col[3].pe_inst' is connected to logic 1 or logic 0. (LINT-32)
   Pin 'weight_out_ready' is connected to logic 1. 
Warning: In design 'systolic_array_os_4x4_DATA_WIDTH16_WEIGHT_WIDTH16_ACC_WIDTH32_ARRAY_SIZE4', a pin on submodule 'gen_row[1].gen_col[3].pe_inst' is connected to logic 1 or logic 0. (LINT-32)
   Pin 'weight_out_ready' is connected to logic 1. 
Warning: In design 'systolic_array_os_4x4_DATA_WIDTH16_WEIGHT_WIDTH16_ACC_WIDTH32_ARRAY_SIZE4', a pin on submodule 'gen_row[2].gen_col[3].pe_inst' is connected to logic 1 or logic 0. (LINT-32)
   Pin 'weight_out_ready' is connected to logic 1. 
Warning: In design 'systolic_array_os_4x4_DATA_WIDTH16_WEIGHT_WIDTH16_ACC_WIDTH32_ARRAY_SIZE4', a pin on submodule 'gen_row[3].gen_col[0].pe_inst' is connected to logic 1 or logic 0. (LINT-32)
   Pin 'input_out_ready' is connected to logic 1. 
Warning: In design 'systolic_array_os_4x4_DATA_WIDTH16_WEIGHT_WIDTH16_ACC_WIDTH32_ARRAY_SIZE4', a pin on submodule 'gen_row[3].gen_col[1].pe_inst' is connected to logic 1 or logic 0. (LINT-32)
   Pin 'input_out_ready' is connected to logic 1. 
Warning: In design 'systolic_array_os_4x4_DATA_WIDTH16_WEIGHT_WIDTH16_ACC_WIDTH32_ARRAY_SIZE4', a pin on submodule 'gen_row[3].gen_col[2].pe_inst' is connected to logic 1 or logic 0. (LINT-32)
   Pin 'input_out_ready' is connected to logic 1. 
Warning: In design 'systolic_array_os_4x4_DATA_WIDTH16_WEIGHT_WIDTH16_ACC_WIDTH32_ARRAY_SIZE4', a pin on submodule 'gen_row[3].gen_col[3].pe_inst' is connected to logic 1 or logic 0. (LINT-32)
   Pin 'input_out_ready' is connected to logic 1. 
Warning: In design 'systolic_array_os_4x4_DATA_WIDTH16_WEIGHT_WIDTH16_ACC_WIDTH32_ARRAY_SIZE4', a pin on submodule 'gen_row[3].gen_col[3].pe_inst' is connected to logic 1 or logic 0. (LINT-32)
   Pin 'weight_out_ready' is connected to logic 1. 
Warning: In design 'systolic_array_os_4x4_DATA_WIDTH16_WEIGHT_WIDTH16_ACC_WIDTH32_ARRAY_SIZE4', the same net is connected to more than one pin on submodule 'gen_row[3].gen_col[3].pe_inst'. (LINT-33)
   Net '*Logic1*' is connected to pins 'input_out_ready', 'weight_out_ready''.
Warning: In design 'os_pe_DATA_WIDTH16_WEIGHT_WIDTH16_ACC_WIDTH32', input pin 'B' of leaf cell 'C853' is connected to undriven net 'weight_out_ready'.  (LINT-58)
Warning: In design 'os_pe_DATA_WIDTH16_WEIGHT_WIDTH16_ACC_WIDTH32', input pin 'A' of leaf cell 'I_4' is connected to undriven net 'weight_out_ready'.  (LINT-58)
Warning: In design 'os_pe_DATA_WIDTH16_WEIGHT_WIDTH16_ACC_WIDTH32', input pin 'B' of leaf cell 'C908' is connected to undriven net 'weight_out_ready'.  (LINT-58)
Warning: In design 'os_pe_DATA_WIDTH16_WEIGHT_WIDTH16_ACC_WIDTH32', input pin 'B' of leaf cell 'C910' is connected to undriven net 'weight_out_ready'.  (LINT-58)
Warning: In design 'os_pe_DATA_WIDTH16_WEIGHT_WIDTH16_ACC_WIDTH32', input pin 'A' of leaf cell 'C931' is connected to undriven net 'weight_out_ready'.  (LINT-58)
Warning: In design 'os_pe_DATA_WIDTH16_WEIGHT_WIDTH16_ACC_WIDTH32', input pin 'A' of leaf cell 'C935' is connected to undriven net 'weight_out_ready'.  (LINT-58)
Warning: In design 'systolic_array_os_4x4_DATA_WIDTH16_WEIGHT_WIDTH16_ACC_WIDTH32_ARRAY_SIZE4', input pin 'weight_out_ready' of hierarchical cell 'gen_row[0].gen_col[0].pe_inst' has one or more internal loads, but is not connected to any nets. 'Logic 0' is assumed. (LINT-59)
Warning: In design 'systolic_array_os_4x4_DATA_WIDTH16_WEIGHT_WIDTH16_ACC_WIDTH32_ARRAY_SIZE4', input pin 'weight_out_ready' of hierarchical cell 'gen_row[0].gen_col[1].pe_inst' has one or more internal loads, but is not connected to any nets. 'Logic 0' is assumed. (LINT-59)
Warning: In design 'systolic_array_os_4x4_DATA_WIDTH16_WEIGHT_WIDTH16_ACC_WIDTH32_ARRAY_SIZE4', input pin 'weight_out_ready' of hierarchical cell 'gen_row[0].gen_col[2].pe_inst' has one or more internal loads, but is not connected to any nets. 'Logic 0' is assumed. (LINT-59)
Warning: In design 'systolic_array_os_4x4_DATA_WIDTH16_WEIGHT_WIDTH16_ACC_WIDTH32_ARRAY_SIZE4', input pin 'weight_out_ready' of hierarchical cell 'gen_row[1].gen_col[0].pe_inst' has one or more internal loads, but is not connected to any nets. 'Logic 0' is assumed. (LINT-59)
Warning: In design 'systolic_array_os_4x4_DATA_WIDTH16_WEIGHT_WIDTH16_ACC_WIDTH32_ARRAY_SIZE4', input pin 'weight_out_ready' of hierarchical cell 'gen_row[1].gen_col[1].pe_inst' has one or more internal loads, but is not connected to any nets. 'Logic 0' is assumed. (LINT-59)
Warning: In design 'systolic_array_os_4x4_DATA_WIDTH16_WEIGHT_WIDTH16_ACC_WIDTH32_ARRAY_SIZE4', input pin 'weight_out_ready' of hierarchical cell 'gen_row[1].gen_col[2].pe_inst' has one or more internal loads, but is not connected to any nets. 'Logic 0' is assumed. (LINT-59)
Warning: In design 'systolic_array_os_4x4_DATA_WIDTH16_WEIGHT_WIDTH16_ACC_WIDTH32_ARRAY_SIZE4', input pin 'weight_out_ready' of hierarchical cell 'gen_row[2].gen_col[0].pe_inst' has one or more internal loads, but is not connected to any nets. 'Logic 0' is assumed. (LINT-59)
Warning: In design 'systolic_array_os_4x4_DATA_WIDTH16_WEIGHT_WIDTH16_ACC_WIDTH32_ARRAY_SIZE4', input pin 'weight_out_ready' of hierarchical cell 'gen_row[2].gen_col[1].pe_inst' has one or more internal loads, but is not connected to any nets. 'Logic 0' is assumed. (LINT-59)
Warning: In design 'systolic_array_os_4x4_DATA_WIDTH16_WEIGHT_WIDTH16_ACC_WIDTH32_ARRAY_SIZE4', input pin 'weight_out_ready' of hierarchical cell 'gen_row[2].gen_col[2].pe_inst' has one or more internal loads, but is not connected to any nets. 'Logic 0' is assumed. (LINT-59)
Warning: In design 'systolic_array_os_4x4_DATA_WIDTH16_WEIGHT_WIDTH16_ACC_WIDTH32_ARRAY_SIZE4', input pin 'weight_out_ready' of hierarchical cell 'gen_row[3].gen_col[0].pe_inst' has one or more internal loads, but is not connected to any nets. 'Logic 0' is assumed. (LINT-59)
Warning: In design 'systolic_array_os_4x4_DATA_WIDTH16_WEIGHT_WIDTH16_ACC_WIDTH32_ARRAY_SIZE4', input pin 'weight_out_ready' of hierarchical cell 'gen_row[3].gen_col[1].pe_inst' has one or more internal loads, but is not connected to any nets. 'Logic 0' is assumed. (LINT-59)
Warning: In design 'systolic_array_os_4x4_DATA_WIDTH16_WEIGHT_WIDTH16_ACC_WIDTH32_ARRAY_SIZE4', input pin 'weight_out_ready' of hierarchical cell 'gen_row[3].gen_col[2].pe_inst' has one or more internal loads, but is not connected to any nets. 'Logic 0' is assumed. (LINT-59)
1
