 
****************************************
Report : power
        -analysis_effort low
Design : os_core_top_4x4
Version: O-2018.06-SP1
Date   : Tue Apr 21 00:09:56 2026
****************************************


Library(s) Used:

    slow (File: /home/ic_libs/TSMC.90/aci/sc-x/synopsys/slow.db)


Operating Conditions: slow   Library: slow
Wire Load Model Mode: top


Global Operating Voltage = 0.9  
Power-specific unit information :
    Voltage Units = 1V
    Capacitance Units = 1.000000pf
    Time Units = 1ns
    Dynamic Power Units = 1mW    (derived from V,C,T units)
    Leakage Power Units = 1pW


  Cell Internal Power  =  28.5816 mW   (89%)
  Net Switching Power  =   3.3681 mW   (11%)
                         ---------
Total Dynamic Power    =  31.9497 mW  (100%)

Cell Leakage Power     =   1.2103 mW


                 Internal         Switching           Leakage            Total
Power Group      Power            Power               Power              Power   (   %    )  Attrs
--------------------------------------------------------------------------------------------------
io_pad             0.0000            0.0000            0.0000            0.0000  (   0.00%)
memory             0.0000            0.0000            0.0000            0.0000  (   0.00%)
black_box          0.0000            0.0000            0.0000            0.0000  (   0.00%)
clock_network      0.9804            2.5457        4.0652e+06            3.5301  (  10.65%)
register          26.6006            0.1949        1.7819e+08           26.9737  (  81.34%)
sequential         0.0000            0.0000            0.0000            0.0000  (   0.00%)
combinational      1.0006            0.6275        1.0280e+09            2.6562  (   8.01%)
--------------------------------------------------------------------------------------------------
Total             28.5816 mW         3.3681 mW     1.2103e+09 pW        33.1600 mW
1
