Information: Updating design information... (UID-85)
Warning: Design 'os_core_top_4x4' contains 1 high-fanout nets. A fanout number of 1000 will be used for delay calculations involving these nets. (TIM-134)
Warning: A non-unate path in clock network for clock 'clk'
 from pin 'u_os_array/gen_row[0].gen_col[0].pe_inst/clk_gate_weight_out_reg_reg/latch/CKcheckpin1' is detected. (TIM-052)
 
****************************************
Report : qor
Design : os_core_top_4x4
Version: O-2018.06-SP1
Date   : Mon Apr 20 20:42:58 2026
****************************************


  Timing Path Group 'clk'
  -----------------------------------
  Levels of Logic:              15.00
  Critical Path Length:          1.19
  Critical Path Slack:          -0.28
  Critical Path Clk Period:      1.00
  Total Negative Slack:       -224.19
  No. of Violating Paths:     1132.00
  Worst Hold Violation:          0.00
  Total Hold Violation:          0.00
  No. of Hold Violations:        0.00
  -----------------------------------


  Cell Count
  -----------------------------------
  Hierarchical Cell Count:         72
  Hierarchical Port Count:        288
  Leaf Cell Count:              23960
  Buf/Inv Cell Count:            3902
  Buf Cell Count:                 531
  Inv Cell Count:                3371
  CT Buf/Inv Cell Count:            0
  Combinational Cell Count:     21524
  Sequential Cell Count:         2436
  Macro Count:                      0
  -----------------------------------


  Area
  -----------------------------------
  Combinational Area:   158235.036428
  Noncombinational Area: 50043.268845
  Buf/Inv Area:          11393.323492
  Total Buffer Area:          2776.54
  Total Inverter Area:        8616.79
  Macro/Black Box Area:      0.000000
  Net Area:                  0.000000
  -----------------------------------
  Cell Area:            208278.305273
  Design Area:          208278.305273


  Design Rules
  -----------------------------------
  Total Number of Nets:         25085
  Nets With Violations:             0
  Max Trans Violations:             0
  Max Cap Violations:               0
  -----------------------------------


  Hostname: IC_EDA

  Compile CPU Statistics
  -----------------------------------------
  Resource Sharing:                   32.02
  Logic Optimization:                 16.36
  Mapping Optimization:              175.65
  -----------------------------------------
  Overall Compile Time:              258.67
  Overall Compile Wall Clock Time:   257.47

  --------------------------------------------------------------------

  Design  WNS: 0.28  TNS: 224.19  Number of Violating Paths: 1132


  Design (Hold)  WNS: 0.00  TNS: 0.00  Number of Violating Paths: 0

  --------------------------------------------------------------------


1
