 
****************************************
Report : timing
        -path full
        -delay max
        -max_paths 1
Design : os_core_top_4x4
Version: O-2018.06-SP1
Date   : Tue Apr 21 00:09:56 2026
****************************************

 # A fanout number of 1000 was used for high fanout net computations.

Operating Conditions: slow   Library: slow
Wire Load Model Mode: top

  Startpoint: clk_r_REG1881_S4
              (rising edge-triggered flip-flop clocked by clk)
  Endpoint: DP_OP_789J3_129_296/clk_r_REG912_S7
            (rising edge-triggered flip-flop clocked by clk)
  Path Group: clk
  Path Type: max

  Point                                                   Incr       Path
  --------------------------------------------------------------------------
  clock clk (rise edge)                                   0.00       0.00
  clock network delay (ideal)                             0.00       0.00
  clk_r_REG1881_S4/CK (DFFRHQX4)                          0.00       0.00 r
  clk_r_REG1881_S4/Q (DFFRHQX4)                           0.18       0.18 r
  U3089/Y (XNOR2X2)                                       0.13       0.31 f
  U3010/Y (OAI22X2)                                       0.13       0.44 r
  U11556/Y (OAI21X2)                                      0.06       0.50 f
  U6020/Y (OAI2BB1X2)                                     0.05       0.55 r
  U23084/S (ADDFHX4)                                      0.16       0.71 r
  U2664/Y (XOR2X4)                                        0.07       0.78 r
  U20067/Y (XOR2X8)                                       0.09       0.86 f
  U4383/Y (OAI21X2)                                       0.04       0.90 r
  U4361/Y (NAND2X2)                                       0.06       0.96 f
  U4335/Y (INVX3)                                         0.06       1.02 r
  U2020/Y (CLKNAND2X12)                                   0.05       1.07 f
  U15628/Y (INVX4)                                        0.03       1.10 r
  U15574/Y (NOR2X2)                                       0.03       1.12 f
  U13297/Y (AOI21X4)                                      0.06       1.18 r
  U20277/Y (OAI21X2)                                      0.04       1.22 f
  DP_OP_789J3_129_296/clk_r_REG912_S7/D (DFFRHQX2)        0.00       1.22 f
  data arrival time                                                  1.22

  clock clk (rise edge)                                   1.00       1.00
  clock network delay (ideal)                             0.00       1.00
  DP_OP_789J3_129_296/clk_r_REG912_S7/CK (DFFRHQX2)       0.00       1.00 r
  library setup time                                     -0.09       0.91
  data required time                                                 0.91
  --------------------------------------------------------------------------
  data required time                                                 0.91
  data arrival time                                                 -1.22
  --------------------------------------------------------------------------
  slack (VIOLATED)                                                  -0.31


1
