 
****************************************
Report : timing
        -path full
        -delay max
        -max_paths 1
Design : os_core_top_4x4
Version: O-2018.06-SP1
Date   : Mon Apr 20 20:42:58 2026
****************************************

 # A fanout number of 1000 was used for high fanout net computations.

Operating Conditions: slow   Library: slow
Wire Load Model Mode: top

  Startpoint: DP_OP_699J3_135_296/clk_r_REG363_S1
              (rising edge-triggered flip-flop clocked by clk)
  Endpoint: DP_OP_699J3_135_296/clk_r_REG190_S2
            (rising edge-triggered flip-flop clocked by clk)
  Path Group: clk
  Path Type: max

  Point                                                   Incr       Path
  --------------------------------------------------------------------------
  clock clk (rise edge)                                   0.00       0.00
  clock network delay (ideal)                             0.00       0.00
  DP_OP_699J3_135_296/clk_r_REG363_S1/CK (DFFRHQX8)       0.00       0.00 r
  DP_OP_699J3_135_296/clk_r_REG363_S1/Q (DFFRHQX8)        0.18       0.18 r
  U17965/Y (XNOR2X4)                                      0.11       0.29 f
  U17964/Y (OAI2B2X4)                                     0.12       0.41 r
  U12225/Y (XOR2X4)                                       0.11       0.51 r
  U9768/Y (XOR2X4)                                        0.09       0.60 r
  U12223/Y (XNOR2X4)                                      0.09       0.69 r
  U12222/Y (XOR2X8)                                       0.09       0.78 f
  U17974/Y (NOR2X8)                                       0.07       0.85 r
  U16338/Y (OAI21X6)                                      0.06       0.90 f
  U17540/Y (AOI21X8)                                      0.07       0.97 r
  U15802/Y (OAI21X8)                                      0.05       1.02 f
  U16098/Y (NAND2X6)                                      0.04       1.06 r
  U16469/Y (NAND2X8)                                      0.04       1.10 f
  U17058/Y (NAND2X4)                                      0.03       1.14 r
  U18201/Y (NAND2X4)                                      0.03       1.17 f
  U20970/Y (INVX3)                                        0.02       1.19 r
  DP_OP_699J3_135_296/clk_r_REG190_S2/D (DFFRHQX2)        0.00       1.19 r
  data arrival time                                                  1.19

  clock clk (rise edge)                                   1.00       1.00
  clock network delay (ideal)                             0.00       1.00
  DP_OP_699J3_135_296/clk_r_REG190_S2/CK (DFFRHQX2)       0.00       1.00 r
  library setup time                                     -0.09       0.91
  data required time                                                 0.91
  --------------------------------------------------------------------------
  data required time                                                 0.91
  data arrival time                                                 -1.19
  --------------------------------------------------------------------------
  slack (VIOLATED)                                                  -0.28


1
