Loading db file '/home/ic_libs/TSMC.90/aci/sc-x/synopsys/slow.db'
Information: Propagating switching activity (low effort zero delay simulation). (PWR-6)
Warning: Design has unannotated primary inputs. (PWR-414)
Warning: Design has unannotated sequential cell outputs. (PWR-415)
 
****************************************
Report : power
        -analysis_effort low
Design : ws_core_top_4x4
Version: O-2018.06-SP1
Date   : Mon Apr 20 20:27:09 2026
****************************************


Library(s) Used:

    slow (File: /home/ic_libs/TSMC.90/aci/sc-x/synopsys/slow.db)


Operating Conditions: slow   Library: slow
Wire Load Model Mode: top


Global Operating Voltage = 0.9  
Power-specific unit information :
    Voltage Units = 1V
    Capacitance Units = 1.000000pf
    Time Units = 1ns
    Dynamic Power Units = 1mW    (derived from V,C,T units)
    Leakage Power Units = 1pW


  Cell Internal Power  =   5.0786 mW   (98%)
  Net Switching Power  = 106.4358 uW    (2%)
                         ---------
Total Dynamic Power    =   5.1851 mW  (100%)

Cell Leakage Power     =   1.1834 mW


                 Internal         Switching           Leakage            Total
Power Group      Power            Power               Power              Power   (   %    )  Attrs
--------------------------------------------------------------------------------------------------
io_pad             0.0000            0.0000            0.0000            0.0000  (   0.00%)
memory             0.0000            0.0000            0.0000            0.0000  (   0.00%)
black_box          0.0000            0.0000            0.0000            0.0000  (   0.00%)
clock_network      0.0000            0.0000            0.0000            0.0000  (   0.00%)
register           5.0474        1.8642e-03        8.6138e+07            5.1353  (  80.64%)
sequential         0.0000            0.0000            0.0000            0.0000  (   0.00%)
combinational  3.1261e-02            0.1046        1.0973e+09            1.2331  (  19.36%)
--------------------------------------------------------------------------------------------------
Total              5.0786 mW         0.1064 mW     1.1834e+09 pW         6.3685 mW
1
