Information: Building the design 'sync_fifo' instantiated from design 'systolic_array_4x4_DATA_WIDTH16_WEIGHT_WIDTH16_ACC_WIDTH32_ARRAY_SIZE4' with
	the parameters "WIDTH=16,DEPTH=0". (HDL-193)
Warning: Cannot find the design 'sync_fifo' in the library 'WORK'. (LBR-1)
Information: Building the design 'sync_fifo' instantiated from design 'systolic_array_4x4_DATA_WIDTH16_WEIGHT_WIDTH16_ACC_WIDTH32_ARRAY_SIZE4' with
	the parameters "WIDTH=16,DEPTH=1". (HDL-193)
Warning: Cannot find the design 'sync_fifo' in the library 'WORK'. (LBR-1)
Information: Building the design 'sync_fifo' instantiated from design 'systolic_array_4x4_DATA_WIDTH16_WEIGHT_WIDTH16_ACC_WIDTH32_ARRAY_SIZE4' with
	the parameters "WIDTH=16,DEPTH=2". (HDL-193)
Warning: Cannot find the design 'sync_fifo' in the library 'WORK'. (LBR-1)
Information: Building the design 'sync_fifo' instantiated from design 'systolic_array_4x4_DATA_WIDTH16_WEIGHT_WIDTH16_ACC_WIDTH32_ARRAY_SIZE4' with
	the parameters "WIDTH=16,DEPTH=3". (HDL-193)
Warning: Cannot find the design 'sync_fifo' in the library 'WORK'. (LBR-1)
Information: Building the design 'sync_fifo' instantiated from design 'systolic_array_4x4_DATA_WIDTH16_WEIGHT_WIDTH16_ACC_WIDTH32_ARRAY_SIZE4' with
	the parameters "WIDTH=32,DEPTH=3". (HDL-193)
Warning: Cannot find the design 'sync_fifo' in the library 'WORK'. (LBR-1)
Information: Building the design 'sync_fifo' instantiated from design 'systolic_array_4x4_DATA_WIDTH16_WEIGHT_WIDTH16_ACC_WIDTH32_ARRAY_SIZE4' with
	the parameters "WIDTH=32,DEPTH=2". (HDL-193)
Warning: Cannot find the design 'sync_fifo' in the library 'WORK'. (LBR-1)
Information: Building the design 'sync_fifo' instantiated from design 'systolic_array_4x4_DATA_WIDTH16_WEIGHT_WIDTH16_ACC_WIDTH32_ARRAY_SIZE4' with
	the parameters "WIDTH=32,DEPTH=1". (HDL-193)
Warning: Cannot find the design 'sync_fifo' in the library 'WORK'. (LBR-1)
Information: Building the design 'sync_fifo' instantiated from design 'systolic_array_4x4_DATA_WIDTH16_WEIGHT_WIDTH16_ACC_WIDTH32_ARRAY_SIZE4' with
	the parameters "WIDTH=32,DEPTH=0". (HDL-193)
Warning: Cannot find the design 'sync_fifo' in the library 'WORK'. (LBR-1)
Warning: Unable to resolve reference 'sync_fifo' in 'systolic_array_4x4_DATA_WIDTH16_WEIGHT_WIDTH16_ACC_WIDTH32_ARRAY_SIZE4'. (LINK-5)
Information: Updating design information... (UID-85)
Warning: Design 'ws_core_top_4x4' contains 2 high-fanout nets. A fanout number of 1000 will be used for delay calculations involving these nets. (TIM-134)
 
****************************************
Report : qor
Design : ws_core_top_4x4
Version: O-2018.06-SP1
Date   : Mon Apr 20 22:33:01 2026
****************************************


  Timing Path Group 'clk'
  -----------------------------------
  Levels of Logic:              43.00
  Critical Path Length:          4.85
  Critical Path Slack:           0.00
  Critical Path Clk Period:      5.00
  Total Negative Slack:          0.00
  No. of Violating Paths:        0.00
  Worst Hold Violation:          0.00
  Total Hold Violation:          0.00
  No. of Hold Violations:        0.00
  -----------------------------------


  Cell Count
  -----------------------------------
  Hierarchical Cell Count:         65
  Hierarchical Port Count:       6312
  Leaf Cell Count:              17093
  Buf/Inv Cell Count:            1195
  Buf Cell Count:                  79
  Inv Cell Count:                1116
  CT Buf/Inv Cell Count:            0
  Combinational Cell Count:     14689
  Sequential Cell Count:         2404
  Macro Count:                      0
  -----------------------------------


  Area
  -----------------------------------
  Combinational Area:   169453.370441
  Noncombinational Area: 38721.917342
  Buf/Inv Area:           3582.331277
  Total Buffer Area:           304.11
  Total Inverter Area:        3278.22
  Macro/Black Box Area:      0.000000
  Net Area:                  0.000000
  -----------------------------------
  Cell Area:            208175.287783
  Design Area:          208175.287783


  Design Rules
  -----------------------------------
  Total Number of Nets:         21594
  Nets With Violations:             0
  Max Trans Violations:             0
  Max Cap Violations:               0
  -----------------------------------


  Hostname: IC_EDA

  Compile CPU Statistics
  -----------------------------------------
  Resource Sharing:                    7.79
  Logic Optimization:                  7.87
  Mapping Optimization:               73.64
  -----------------------------------------
  Overall Compile Time:               91.94
  Overall Compile Wall Clock Time:    91.34

  --------------------------------------------------------------------

  Design  WNS: 0.00  TNS: 0.00  Number of Violating Paths: 0


  Design (Hold)  WNS: 0.00  TNS: 0.00  Number of Violating Paths: 0

  --------------------------------------------------------------------


1
