 
****************************************
Report : area
Design : dip_core_top_4x4
Version: O-2018.06-SP1
Date   : Mon Apr 20 22:48:38 2026
****************************************

Library(s) Used:

    slow (File: /home/ic_libs/TSMC.90/aci/sc-x/synopsys/slow.db)

Number of ports:                          374
Number of nets:                         23795
Number of cells:                        22575
Number of combinational cells:          18133
Number of sequential cells:              4415
Number of macros/black boxes:               0
Number of buf/inv:                       2650
Number of references:                     215

Combinational area:             107141.128555
Buf/Inv area:                     6127.430587
Noncombinational area:           77105.146627
Macro/Black Box area:                0.000000
Net Interconnect area:      undefined  (No wire load specified)

Total cell area:                184246.275183
Total area:                 undefined
1
