 
****************************************
Report : power
        -analysis_effort low
Design : dip_core_top_4x4
Version: O-2018.06-SP1
Date   : Tue Apr 21 00:13:06 2026
****************************************


Library(s) Used:

    slow (File: /home/ic_libs/TSMC.90/aci/sc-x/synopsys/slow.db)


Operating Conditions: slow   Library: slow
Wire Load Model Mode: top


Global Operating Voltage = 0.9  
Power-specific unit information :
    Voltage Units = 1V
    Capacitance Units = 1.000000pf
    Time Units = 1ns
    Dynamic Power Units = 1mW    (derived from V,C,T units)
    Leakage Power Units = 1pW


  Cell Internal Power  =  35.0916 mW   (87%)
  Net Switching Power  =   5.1404 mW   (13%)
                         ---------
Total Dynamic Power    =  40.2320 mW  (100%)

Cell Leakage Power     = 827.2365 uW


                 Internal         Switching           Leakage            Total
Power Group      Power            Power               Power              Power   (   %    )  Attrs
--------------------------------------------------------------------------------------------------
io_pad             0.0000            0.0000            0.0000            0.0000  (   0.00%)
memory             0.0000            0.0000            0.0000            0.0000  (   0.00%)
black_box          0.0000            0.0000            0.0000            0.0000  (   0.00%)
clock_network      0.3464            3.2216        1.3995e+06            3.5694  (   8.69%)
register          32.1425            0.5610        2.3148e+08           32.9351  (  80.21%)
sequential         0.0000            0.0000            0.0000            0.0000  (   0.00%)
combinational      2.6026            1.3578        5.9435e+08            4.5547  (  11.09%)
--------------------------------------------------------------------------------------------------
Total             35.0916 mW         5.1404 mW     8.2724e+08 pW        41.0592 mW
1
