Information: Updating design information... (UID-85)
Warning: Design 'dip_core_top_4x4' contains 1 high-fanout nets. A fanout number of 1000 will be used for delay calculations involving these nets. (TIM-134)
Warning: A non-unate path in clock network for clock 'clk'
 from pin 'clk_gate_u_dip_array/gen_rows[0].gen_cols[1].u_dip_pe/stage1_valid_reg/latch/CKcheckpin1' is detected. (TIM-052)
 
****************************************
Report : qor
Design : dip_core_top_4x4
Version: O-2018.06-SP1
Date   : Mon Apr 20 23:50:33 2026
****************************************


  Timing Path Group 'clk'
  -----------------------------------
  Levels of Logic:               4.00
  Critical Path Length:          0.14
  Critical Path Slack:           0.00
  Critical Path Clk Period:      1.00
  Total Negative Slack:         -0.00
  No. of Violating Paths:        8.00
  Worst Hold Violation:          0.00
  Total Hold Violation:          0.00
  No. of Hold Violations:        0.00
  -----------------------------------


  Cell Count
  -----------------------------------
  Hierarchical Cell Count:         27
  Hierarchical Port Count:        108
  Leaf Cell Count:              22547
  Buf/Inv Cell Count:            2650
  Buf Cell Count:                 161
  Inv Cell Count:                2489
  CT Buf/Inv Cell Count:            0
  Combinational Cell Count:     18133
  Sequential Cell Count:         4414
  Macro Count:                      0
  -----------------------------------


  Area
  -----------------------------------
  Combinational Area:   107141.128555
  Noncombinational Area: 77105.146627
  Buf/Inv Area:           6127.430587
  Total Buffer Area:           756.40
  Total Inverter Area:        5371.03
  Macro/Black Box Area:      0.000000
  Net Area:                  0.000000
  -----------------------------------
  Cell Area:            184246.275183
  Design Area:          184246.275183


  Design Rules
  -----------------------------------
  Total Number of Nets:         23687
  Nets With Violations:             0
  Max Trans Violations:             0
  Max Cap Violations:               0
  -----------------------------------


  Hostname: IC_EDA

  Compile CPU Statistics
  -----------------------------------------
  Resource Sharing:                   39.59
  Logic Optimization:                 23.55
  Mapping Optimization:               97.22
  -----------------------------------------
  Overall Compile Time:              190.22
  Overall Compile Wall Clock Time:   190.76

  --------------------------------------------------------------------

  Design  WNS: 0.00  TNS: 0.00  Number of Violating Paths: 8


  Design (Hold)  WNS: 0.00  TNS: 0.00  Number of Violating Paths: 0

  --------------------------------------------------------------------


1
