 
****************************************
Report : timing
        -path full
        -delay max
        -max_paths 1
Design : dip_core_top_4x4
Version: O-2018.06-SP1
Date   : Mon Apr 20 22:48:38 2026
****************************************

 # A fanout number of 1000 was used for high fanout net computations.

Operating Conditions: slow   Library: slow
Wire Load Model Mode: top

  Startpoint: weight_row_idx[1]
              (input port clocked by clk)
  Endpoint: u_dip_array/gen_rows[1].gen_cols[0].u_dip_pe/clk_gate_stored_weight_reg/latch
            (rising edge-triggered flip-flop clocked by clk')
  Path Group: clk
  Path Type: max

  Point                                                   Incr       Path
  --------------------------------------------------------------------------
  clock clk (rise edge)                                   0.00       0.00
  clock network delay (ideal)                             0.00       0.00
  input external delay                                    0.20       0.20 f
  weight_row_idx[1] (in)                                  0.00       0.20 f
  U6926/Y (INVX18)                                        0.02       0.22 r
  U7133/Y (NAND2X8)                                       0.02       0.24 f
  U6899/Y (NOR2X4)                                        0.04       0.28 r
  U19608/Y (AND2X4)                                       0.06       0.34 r
  u_dip_array/gen_rows[1].gen_cols[0].u_dip_pe/clk_gate_stored_weight_reg/EN (SNPS_CLOCK_GATE_HIGH_dip_pe_DATA_WIDTH16_WEIGHT_WIDTH16_ACC_WIDTH32_34)
                                                          0.00       0.34 r
  u_dip_array/gen_rows[1].gen_cols[0].u_dip_pe/clk_gate_stored_weight_reg/latch/E (TLATNTSCAX2)
                                                          0.00       0.34 r
  data arrival time                                                  0.34

  clock clk' (rise edge)                                  0.50       0.50
  clock network delay (ideal)                             0.00       0.50
  u_dip_array/gen_rows[1].gen_cols[0].u_dip_pe/clk_gate_stored_weight_reg/latch/CKcheckpin1 (TLATNTSCAX2)
                                                          0.00       0.50 r
  library setup time                                     -0.16       0.34
  data required time                                                 0.34
  --------------------------------------------------------------------------
  data required time                                                 0.34
  data arrival time                                                 -0.34
  --------------------------------------------------------------------------
  slack (VIOLATED: increase significant digits)                      0.00


1
