Warning: Design 'standard_dip_array_4x4' has '1' unresolved references. For more detailed information, use the "link" command. (UID-341)
 
****************************************
Report : area
Design : standard_dip_array_4x4
Version: O-2018.06-SP1
Date   : Mon Apr 20 16:21:39 2026
****************************************

Library(s) Used:

    slow (File: /home/ic_libs/TSMC.90/aci/sc-x/synopsys/slow.db)

Number of ports:                          650
Number of nets:                          1695
Number of cells:                         1429
Number of combinational cells:            841
Number of sequential cells:               588
Number of macros/black boxes:               0
Number of buf/inv:                         32
Number of references:                      44

Combinational area:               4697.884809
Buf/Inv area:                      174.283200
Noncombinational area:            9187.617639
Macro/Black Box area:                0.000000
Net Interconnect area:      undefined  (No wire load specified)

Total cell area:                 13885.502447
Total area:                 undefined

Information: This design contains black box (unknown) components. (RPT-8)
1
