#-----------------------------------------------------------
# Vivado v2024.2 (64-bit)
# SW Build 5239630 on Fri Nov 08 22:34:34 MST 2024
# IP Build 5239520 on Sun Nov 10 16:12:51 MST 2024
# SharedData Build 5239561 on Fri Nov 08 14:39:27 MST 2024
# Start of session at: Fri Jan 30 19:56:52 2026
# Process ID         : 1331770
# Current directory  : /home/jrq/systolic_array_edge/is
# Command line       : vivado -mode batch -source synthesize_is.tcl
# Log file           : /home/jrq/systolic_array_edge/is/vivado.log
# Journal file       : /home/jrq/systolic_array_edge/is/vivado.jou
# Running On         : curry-GTR-Pro
# Platform           : Ubuntu
# Operating System   : Ubuntu 24.04.3 LTS
# Processor Detail   : AMD RYZEN AI MAX+ 395 w/ Radeon 8060S
# CPU Frequency      : 5055.123 MHz
# CPU Physical cores : 16
# CPU Logical cores  : 32
# Host memory        : 130460 MB
# Swap memory        : 2147 MB
# Total Virtual      : 132607 MB
# Available Virtual  : 116940 MB
#-----------------------------------------------------------
source synthesize_is.tcl
# set project_name "systolic_array_is"
# set top_module "systolic_array_is_4x4"
# set device_part "xc7a35tcpg236-1"
# file mkdir reports
# create_project $project_name ./vivado/$project_name -part $device_part -force
# set src_dir [file dirname [info script]]
# add_files -norecurse [file join $src_dir src is_pe.v]
# add_files -norecurse [file join $src_dir src systolic_array_is_4x4.v]
# add_files -norecurse [file join $src_dir src matrix_multiplier_top.v]
# set_property top $top_module [current_fileset]
# update_compile_order -fileset sources_1
# synth_design -top $top_module -part $device_part
Command: synth_design -top systolic_array_is_4x4 -part xc7a35tcpg236-1
Starting synth_design
Attempting to get a license for feature 'Synthesis' and/or device 'xc7a35t'
INFO: [Common 17-349] Got license for feature 'Synthesis' and/or device 'xc7a35t'
INFO: [Synth 8-7079] Multithreading enabled for synth_design using a maximum of 7 processes.
INFO: [Synth 8-7078] Launching helper process for spawning children vivado processes
INFO: [Synth 8-7075] Helper process launched with PID 1331940
---------------------------------------------------------------------------------
Starting Synthesize : Time (s): cpu = 00:00:02 ; elapsed = 00:00:02 . Memory (MB): peak = 1936.262 ; gain = 443.059 ; free physical = 46702 ; free virtual = 110357
---------------------------------------------------------------------------------
ERROR: [Synth 8-9315] concurrent assignment to a non-net 'weight_out_valid' is not permitted [/home/jrq/systolic_array_edge/is/src/is_pe.v:182]
INFO: [Synth 8-10285] module 'is_pe' is ignored due to previous errors [/home/jrq/systolic_array_edge/is/src/is_pe.v:323]
INFO: [Synth 8-9084] Verilog file '/home/jrq/systolic_array_edge/is/src/is_pe.v' ignored due to errors
ERROR: [Synth 8-12188] Failed to read verilog '/home/jrq/systolic_array_edge/is/src/is_pe.v'
---------------------------------------------------------------------------------
Finished Synthesize : Time (s): cpu = 00:00:02 ; elapsed = 00:00:03 . Memory (MB): peak = 2006.199 ; gain = 512.996 ; free physical = 46615 ; free virtual = 110270
---------------------------------------------------------------------------------
synthesize failed
INFO: [Common 17-83] Releasing license: Synthesis
7 Infos, 0 Warnings, 0 Critical Warnings and 3 Errors encountered.
synth_design failed
ERROR: [Common 17-69] Command failed: Vivado Synthesis failed
INFO: [Common 17-206] Exiting Vivado at Fri Jan 30 19:57:00 2026...
