#-----------------------------------------------------------
# Vivado v2024.2 (64-bit)
# SW Build 5239630 on Fri Nov 08 22:34:34 MST 2024
# IP Build 5239520 on Sun Nov 10 16:12:51 MST 2024
# SharedData Build 5239561 on Fri Nov 08 14:39:27 MST 2024
# Start of session at: Fri Jan 30 19:54:12 2026
# Process ID         : 1328346
# Current directory  : /home/jrq/systolic_array_edge/is
# Command line       : vivado -mode batch -source synthesize_is.tcl
# Log file           : /home/jrq/systolic_array_edge/is/vivado.log
# Journal file       : /home/jrq/systolic_array_edge/is/vivado.jou
# Running On         : curry-GTR-Pro
# Platform           : Ubuntu
# Operating System   : Ubuntu 24.04.3 LTS
# Processor Detail   : AMD RYZEN AI MAX+ 395 w/ Radeon 8060S
# CPU Frequency      : 5127.855 MHz
# CPU Physical cores : 16
# CPU Logical cores  : 32
# Host memory        : 130460 MB
# Swap memory        : 2147 MB
# Total Virtual      : 132607 MB
# Available Virtual  : 116993 MB
#-----------------------------------------------------------
source synthesize_is.tcl
# set project_name "systolic_array_is"
# set top_module "systolic_array_is_4x4"
# set device_part "xc7a35tcpg236-1"
# file mkdir reports
# create_project $project_name ./vivado/$project_name -part $device_part -force
# add_files -norecurse {
#     ../src/is_pe.v
#     ../src/systolic_array_is_4x4.v
#     ../src/matrix_multiplier_top.v
# }
ERROR: [Vivado 12-172] File or Directory '../src/is_pe.v' does not exist
INFO: [Common 17-206] Exiting Vivado at Fri Jan 30 19:54:16 2026...
