#-----------------------------------------------------------
# Vivado v2024.2 (64-bit)
# SW Build 5239630 on Fri Nov 08 22:34:34 MST 2024
# IP Build 5239520 on Sun Nov 10 16:12:51 MST 2024
# SharedData Build 5239561 on Fri Nov 08 14:39:27 MST 2024
# Start of session at: Fri Jan 30 20:03:26 2026
# Process ID         : 1340842
# Current directory  : /home/jrq/systolic_array_edge/is
# Command line       : vivado -mode batch -source synthesize_os.tcl
# Log file           : /home/jrq/systolic_array_edge/is/vivado.log
# Journal file       : /home/jrq/systolic_array_edge/is/vivado.jou
# Running On         : curry-GTR-Pro
# Platform           : Ubuntu
# Operating System   : Ubuntu 24.04.3 LTS
# Processor Detail   : AMD RYZEN AI MAX+ 395 w/ Radeon 8060S
# CPU Frequency      : 1709.605 MHz
# CPU Physical cores : 16
# CPU Logical cores  : 32
# Host memory        : 130460 MB
# Swap memory        : 2147 MB
# Total Virtual      : 132607 MB
# Available Virtual  : 117235 MB
#-----------------------------------------------------------
source synthesize_os.tcl
couldn't read file "synthesize_os.tcl": no such file or directory
INFO: [Common 17-206] Exiting Vivado at Fri Jan 30 20:03:28 2026...
